# Run ID: 22360966349
# Commit: 0331f16a50e85a1c57f8a850376babf89201dd22
# Job: single-node (deepseek3_2-w8a8, linux-aarch64-a3-16, tests/e2e/nightly/single_node/models/test_dee... / tests/e2e/nightly/single_node/models/test_deepseek_v3_2_w8a8.py
# Date: 2026-02-24
============================================================

ï»¿2026-02-24T23:07:49.9413562Z Current runner version: '2.330.0'
2026-02-24T23:07:49.9418244Z Runner name: 'linux-aarch64-a3-16-jl5bl-runner-w5t8d'
2026-02-24T23:07:49.9418934Z Runner group name: 'Default'
2026-02-24T23:07:49.9419600Z Machine name: 'linux-aarch64-a3-16-jl5bl-runner-w5t8d'
2026-02-24T23:07:49.9423290Z ##[group]GITHUB_TOKEN Permissions
2026-02-24T23:07:49.9425439Z Actions: write
2026-02-24T23:07:49.9425825Z ArtifactMetadata: write
2026-02-24T23:07:49.9426356Z Attestations: write
2026-02-24T23:07:49.9426766Z Checks: write
2026-02-24T23:07:49.9427148Z Contents: write
2026-02-24T23:07:49.9427489Z Deployments: write
2026-02-24T23:07:49.9427878Z Discussions: write
2026-02-24T23:07:49.9428240Z Issues: write
2026-02-24T23:07:49.9428571Z Metadata: read
2026-02-24T23:07:49.9428932Z Models: read
2026-02-24T23:07:49.9429271Z Packages: write
2026-02-24T23:07:49.9429646Z Pages: write
2026-02-24T23:07:49.9430006Z PullRequests: write
2026-02-24T23:07:49.9430489Z RepositoryProjects: write
2026-02-24T23:07:49.9431014Z SecurityEvents: write
2026-02-24T23:07:49.9431461Z Statuses: write
2026-02-24T23:07:49.9431831Z ##[endgroup]
2026-02-24T23:07:49.9433880Z Secret source: Actions
2026-02-24T23:07:49.9434353Z Prepare workflow directory
2026-02-24T23:07:50.0066627Z Prepare all required actions
2026-02-24T23:07:50.0115948Z Uses: vllm-project/vllm-ascend/.github/workflows/_e2e_nightly_single_node.yaml@refs/heads/main (0331f16a50e85a1c57f8a850376babf89201dd22)
2026-02-24T23:07:50.0119530Z ##[group] Inputs
2026-02-24T23:07:50.0119986Z   runner: linux-aarch64-a3-16
2026-02-24T23:07:50.0120628Z   image: swr.cn-southwest-2.myhuaweicloud.com/base_image/ascend-ci/vllm-ascend:nightly-a3
2026-02-24T23:07:50.0121555Z   tests: tests/e2e/nightly/single_node/models/test_deepseek_v3_2_w8a8.py
2026-02-24T23:07:50.0122400Z   name: deepseek3_2-w8a8
2026-02-24T23:07:50.0122784Z ##[endgroup]
2026-02-24T23:07:50.0123934Z Complete job name: single-node (deepseek3_2-w8a8, linux-aarch64-a3-16, tests/e2e/nightly/single_node/models/test_dee... / tests/e2e/nightly/single_node/models/test_deepseek_v3_2_w8a8.py
2026-02-24T23:07:50.0609513Z ##[group]Run '/home/runner/k8s/index.js'
2026-02-24T23:07:50.0616672Z shell: /home/runner/externals/node20/bin/node {0}
2026-02-24T23:07:50.0617457Z ##[endgroup]
2026-02-24T23:08:21.5867242Z (node:52) [DEP0005] DeprecationWarning: Buffer() is deprecated due to security and usability issues. Please use the Buffer.alloc(), Buffer.allocUnsafe(), or Buffer.from() methods instead.
2026-02-24T23:08:21.5868127Z (Use `node --trace-deprecation ...` to show where the warning was created)
2026-02-24T23:08:22.1148045Z ##[group]Run npu-smi info
2026-02-24T23:08:22.1148445Z [36;1mnpu-smi info[0m
2026-02-24T23:08:22.1149062Z [36;1mcat /usr/local/Ascend/ascend-toolkit/latest/"$(uname -i)"-linux/ascend_toolkit_install.info[0m
2026-02-24T23:08:22.1149866Z shell: bash -el {0}
2026-02-24T23:08:22.1150112Z env:
2026-02-24T23:08:22.1150328Z   HF_HUB_OFFLINE: 1
2026-02-24T23:08:22.1150587Z   VLLM_USE_MODELSCOPE: true
2026-02-24T23:08:22.1150941Z ##[endgroup]
2026-02-24T23:08:22.1292730Z ##[group]Run '/home/runner/k8s/index.js'
2026-02-24T23:08:22.1293825Z shell: /home/runner/externals/node20/bin/node {0}
2026-02-24T23:08:22.1294139Z ##[endgroup]
2026-02-24T23:08:22.4842946Z (node:78) [DEP0005] DeprecationWarning: Buffer() is deprecated due to security and usability issues. Please use the Buffer.alloc(), Buffer.allocUnsafe(), or Buffer.from() methods instead.
2026-02-24T23:08:22.4843811Z (Use `node --trace-deprecation ...` to show where the warning was created)
2026-02-24T23:08:25.2051863Z +------------------------------------------------------------------------------------------------+
2026-02-24T23:08:25.2052555Z | npu-smi 25.5.0                   Version: 25.5.0                                               |
2026-02-24T23:08:25.2053045Z +---------------------------+---------------+----------------------------------------------------+
2026-02-24T23:08:25.2053501Z | NPU   Name                | Health        | Power(W)    Temp(C)           Hugepages-Usage(page)|
2026-02-24T23:08:25.2055172Z | Chip  Phy-ID              | Bus-Id        | AICore(%)   Memory-Usage(MB)  HBM-Usage(MB)        |
2026-02-24T23:08:25.2055637Z +===========================+===============+====================================================+
2026-02-24T23:08:25.2056072Z | 0     Ascend910           | OK            | 166.3       37                0    / 0             |
2026-02-24T23:08:25.2056455Z | 0     0                   | 0000:9D:00.0  | 0           0    / 0          3152 / 65536         |
2026-02-24T23:08:25.2056859Z +------------------------------------------------------------------------------------------------+
2026-02-24T23:08:25.2057346Z | 0     Ascend910           | OK            | -           37                0    / 0             |
2026-02-24T23:08:25.2057722Z | 1     1                   | 0000:9F:00.0  | 0           0    / 0          2893 / 65536         |
2026-02-24T23:08:25.2058125Z +===========================+===============+====================================================+
2026-02-24T23:08:25.2058501Z | 1     Ascend910           | OK            | 171.7       34                0    / 0             |
2026-02-24T23:08:25.2058864Z | 0     2                   | 0000:99:00.0  | 0           0    / 0          3161 / 65536         |
2026-02-24T23:08:25.2059325Z +------------------------------------------------------------------------------------------------+
2026-02-24T23:08:25.2059809Z | 1     Ascend910           | OK            | -           36                0    / 0             |
2026-02-24T23:08:25.2060177Z | 1     3                   | 0000:9B:00.0  | 0           0    / 0          2881 / 65536         |
2026-02-24T23:08:25.2060552Z +===========================+===============+====================================================+
2026-02-24T23:08:25.2060903Z | 2     Ascend910           | OK            | 170.5       36                0    / 0             |
2026-02-24T23:08:25.2061292Z | 0     4                   | 0000:95:00.0  | 0           0    / 0          3162 / 65536         |
2026-02-24T23:08:25.2061805Z +------------------------------------------------------------------------------------------------+
2026-02-24T23:08:25.2062356Z | 2     Ascend910           | OK            | -           36                0    / 0             |
2026-02-24T23:08:25.2062809Z | 1     5                   | 0000:97:00.0  | 0           0    / 0          2880 / 65536         |
2026-02-24T23:08:25.2063147Z +===========================+===============+====================================================+
2026-02-24T23:08:25.2063677Z | 3     Ascend910           | OK            | 163.8       36                0    / 0             |
2026-02-24T23:08:25.2064090Z | 0     6                   | 0000:91:00.0  | 0           0    / 0          3148 / 65536         |
2026-02-24T23:08:25.2064460Z +------------------------------------------------------------------------------------------------+
2026-02-24T23:08:25.2064924Z | 3     Ascend910           | OK            | -           36                0    / 0             |
2026-02-24T23:08:25.2065286Z | 1     7                   | 0000:93:00.0  | 0           0    / 0          2894 / 65536         |
2026-02-24T23:08:25.2065644Z +===========================+===============+====================================================+
2026-02-24T23:08:25.2066029Z | 4     Ascend910           | OK            | 162.6       36                0    / 0             |
2026-02-24T23:08:25.2066441Z | 0     8                   | 0000:8D:00.0  | 0           0    / 0          3162 / 65536         |
2026-02-24T23:08:25.2066842Z +------------------------------------------------------------------------------------------------+
2026-02-24T23:08:25.2067339Z | 4     Ascend910           | OK            | -           35                0    / 0             |
2026-02-24T23:08:25.2067724Z | 1     9                   | 0000:8F:00.0  | 0           0    / 0          2880 / 65536         |
2026-02-24T23:08:25.2068084Z +===========================+===============+====================================================+
2026-02-24T23:08:25.2068506Z | 5     Ascend910           | OK            | 168.3       37                0    / 0             |
2026-02-24T23:08:25.2068907Z | 0     10                  | 0000:89:00.0  | 0           0    / 0          3149 / 65536         |
2026-02-24T23:08:25.2069300Z +------------------------------------------------------------------------------------------------+
2026-02-24T23:08:25.2069726Z | 5     Ascend910           | OK            | -           36                0    / 0             |
2026-02-24T23:08:25.2070109Z | 1     11                  | 0000:8B:00.0  | 0           0    / 0          2893 / 65536         |
2026-02-24T23:08:25.5081848Z +===========================+===============+====================================================+
2026-02-24T23:08:25.5082462Z | 6     Ascend910           | OK            | 175.3       36                0    / 0             |
2026-02-24T23:08:25.5082849Z | 0     12                  | 0000:85:00.0  | 0           0    / 0          3147 / 65536         |
2026-02-24T23:08:25.5083275Z +------------------------------------------------------------------------------------------------+
2026-02-24T23:08:25.5083672Z | 6     Ascend910           | OK            | -           36                0    / 0             |
2026-02-24T23:08:25.5084092Z | 1     13                  | 0000:87:00.0  | 0           0    / 0          2893 / 65536         |
2026-02-24T23:08:25.5084413Z +===========================+===============+====================================================+
2026-02-24T23:08:25.5084766Z | 7     Ascend910           | OK            | 169.2       36                0    / 0             |
2026-02-24T23:08:25.5085137Z | 0     14                  | 0000:81:00.0  | 0           0    / 0          3146 / 65536         |
2026-02-24T23:08:25.5085494Z +------------------------------------------------------------------------------------------------+
2026-02-24T23:08:25.5086174Z | 7     Ascend910           | OK            | -           36                0    / 0             |
2026-02-24T23:08:25.5086540Z | 1     15                  | 0000:83:00.0  | 0           0    / 0          2890 / 65536         |
2026-02-24T23:08:25.5087096Z +===========================+===============+====================================================+
2026-02-24T23:08:25.5087475Z +---------------------------+---------------+----------------------------------------------------+
2026-02-24T23:08:25.5087875Z | NPU     Chip              | Process id    | Process name             | Process memory(MB)      |
2026-02-24T23:08:25.5088477Z +===========================+===============+====================================================+
2026-02-24T23:08:25.5088915Z | No running processes found in NPU 0                                                            |
2026-02-24T23:08:25.5089272Z +===========================+===============+====================================================+
2026-02-24T23:08:25.5089690Z | No running processes found in NPU 1                                                            |
2026-02-24T23:08:25.5090031Z +===========================+===============+====================================================+
2026-02-24T23:08:25.5090421Z | No running processes found in NPU 2                                                            |
2026-02-24T23:08:25.5090794Z +===========================+===============+====================================================+
2026-02-24T23:08:25.5091129Z | No running processes found in NPU 3                                                            |
2026-02-24T23:08:25.5091526Z +===========================+===============+====================================================+
2026-02-24T23:08:25.5092067Z | No running processes found in NPU 4                                                            |
2026-02-24T23:08:25.5092452Z +===========================+===============+====================================================+
2026-02-24T23:08:25.5092845Z | No running processes found in NPU 5                                                            |
2026-02-24T23:08:25.5093268Z +===========================+===============+====================================================+
2026-02-24T23:08:25.5093636Z | No running processes found in NPU 6                                                            |
2026-02-24T23:08:25.5094086Z +===========================+===============+====================================================+
2026-02-24T23:08:25.5094483Z | No running processes found in NPU 7                                                            |
2026-02-24T23:08:25.5094869Z +===========================+===============+====================================================+
2026-02-24T23:08:25.5133097Z package_name=Ascend-cann-toolkit
2026-02-24T23:08:25.5133374Z version=8.5.0
2026-02-24T23:08:25.5133627Z innerversion=V100R001C25SPC001B232
2026-02-24T23:08:25.5133993Z compatible_version=[V100R001C15],[V100R001C18],[V100R001C19],[V100R001C20],[V100R001C21],[V100R001C23]
2026-02-24T23:08:25.5134400Z arch=aarch64
2026-02-24T23:08:25.5134562Z os=linux
2026-02-24T23:08:25.5134839Z path=/usr/local/Ascend/cann-8.5.0
2026-02-24T23:08:25.9234873Z ##[group]Run echo "Installed vLLM-related Python packages:"
2026-02-24T23:08:25.9235316Z [36;1mecho "Installed vLLM-related Python packages:"[0m
2026-02-24T23:08:25.9235687Z [36;1mpip list | grep vllm || echo "No vllm packages found."[0m
2026-02-24T23:08:25.9235981Z [36;1m[0m
2026-02-24T23:08:25.9236150Z [36;1mecho ""[0m
2026-02-24T23:08:25.9236383Z [36;1mecho "============================"[0m
2026-02-24T23:08:25.9236631Z [36;1mecho "vLLM Git information"[0m
2026-02-24T23:08:25.9236900Z [36;1mecho "============================"[0m
2026-02-24T23:08:25.9237146Z [36;1mcd vllm[0m
2026-02-24T23:08:25.9237379Z [36;1mif [ -d .git ]; then[0m
2026-02-24T23:08:25.9237690Z [36;1m  echo "Branch:      $(git rev-parse --abbrev-ref HEAD)"[0m
2026-02-24T23:08:25.9238049Z [36;1m  echo "Commit hash: $(git rev-parse HEAD)"[0m
2026-02-24T23:08:25.9238401Z [36;1m  echo "Author:      $(git log -1 --pretty=format:'%an <%ae>')"[0m
2026-02-24T23:08:25.9238916Z [36;1m  echo "Date:        $(git log -1 --pretty=format:'%ad' --date=iso)"[0m
2026-02-24T23:08:25.9239253Z [36;1m  echo "Message:     $(git log -1 --pretty=format:'%s')"[0m
2026-02-24T23:08:25.9239609Z [36;1m  echo "Tags:        $(git tag --points-at HEAD || echo 'None')"[0m
2026-02-24T23:08:25.9239956Z [36;1m  echo "Remote:      $(git remote -v | head -n1)"[0m
2026-02-24T23:08:25.9240234Z [36;1m  echo ""[0m
2026-02-24T23:08:25.9240424Z [36;1melse[0m
2026-02-24T23:08:25.9240659Z [36;1m  echo "No .git directory found in vllm"[0m
2026-02-24T23:08:25.9240893Z [36;1mfi[0m
2026-02-24T23:08:25.9241097Z [36;1mcd ..[0m
2026-02-24T23:08:25.9241263Z [36;1m[0m
2026-02-24T23:08:25.9241487Z [36;1mecho ""[0m
2026-02-24T23:08:25.9241676Z [36;1mecho "============================"[0m
2026-02-24T23:08:25.9242134Z [36;1mecho "vLLM-Ascend Git information"[0m
2026-02-24T23:08:25.9242417Z [36;1mecho "============================"[0m
2026-02-24T23:08:25.9242643Z [36;1mcd vllm-ascend[0m
2026-02-24T23:08:25.9242887Z [36;1mif [ -d .git ]; then[0m
2026-02-24T23:08:25.9243156Z [36;1m  echo "Branch:      $(git rev-parse --abbrev-ref HEAD)"[0m
2026-02-24T23:08:25.9243494Z [36;1m  echo "Commit hash: $(git rev-parse HEAD)"[0m
2026-02-24T23:08:25.9243779Z [36;1m  echo "Author:      $(git log -1 --pretty=format:'%an <%ae>')"[0m
2026-02-24T23:08:25.9244171Z [36;1m  echo "Date:        $(git log -1 --pretty=format:'%ad' --date=iso)"[0m
2026-02-24T23:08:25.9244524Z [36;1m  echo "Message:     $(git log -1 --pretty=format:'%s')"[0m
2026-02-24T23:08:25.9244824Z [36;1m  echo "Tags:        $(git tag --points-at HEAD || echo 'None')"[0m
2026-02-24T23:08:25.9245240Z [36;1m  echo "Remote:      $(git remote -v | head -n1)"[0m
2026-02-24T23:08:25.9245487Z [36;1m  echo ""[0m
2026-02-24T23:08:25.9245681Z [36;1melse[0m
2026-02-24T23:08:25.9245949Z [36;1m  echo "No .git directory found in vllm-ascend"[0m
2026-02-24T23:08:25.9246191Z [36;1mfi[0m
2026-02-24T23:08:25.9246376Z [36;1mcd ..[0m
2026-02-24T23:08:25.9246881Z shell: bash -el {0}
2026-02-24T23:08:25.9247077Z env:
2026-02-24T23:08:25.9247247Z   HF_HUB_OFFLINE: 1
2026-02-24T23:08:25.9247474Z   VLLM_USE_MODELSCOPE: true
2026-02-24T23:08:25.9247674Z ##[endgroup]
2026-02-24T23:08:25.9324461Z ##[group]Run '/home/runner/k8s/index.js'
2026-02-24T23:08:25.9325325Z shell: /home/runner/externals/node20/bin/node {0}
2026-02-24T23:08:25.9325576Z ##[endgroup]
2026-02-24T23:08:26.2981957Z (node:113) [DEP0005] DeprecationWarning: Buffer() is deprecated due to security and usability issues. Please use the Buffer.alloc(), Buffer.allocUnsafe(), or Buffer.from() methods instead.
2026-02-24T23:08:26.2982823Z (Use `node --trace-deprecation ...` to show where the warning was created)
2026-02-24T23:08:27.1555676Z Installed vLLM-related Python packages:
2026-02-24T23:08:28.3183262Z ais_bench_benchmark               3.0.20250930                /vllm-workspace/vllm-ascend/benchmark
2026-02-24T23:08:28.3183819Z vllm                              0.15.0+empty                /vllm-workspace/vllm
2026-02-24T23:08:28.3184543Z vllm_ascend                       0.14.0rc2.dev176+ga8e951e6f /vllm-workspace/vllm-ascend
2026-02-24T23:08:28.3184877Z 
2026-02-24T23:08:28.3184950Z ============================
2026-02-24T23:08:28.3185230Z vLLM Git information
2026-02-24T23:08:28.3185421Z ============================
2026-02-24T23:08:28.3400668Z Branch:      HEAD
2026-02-24T23:08:28.3421708Z Commit hash: f176443446f659dbab5315e056e605d8984fd976
2026-02-24T23:08:28.3502544Z Author:      TJian <tunjian.tan@embeddedllm.com>
2026-02-24T23:08:28.3526656Z Date:        2026-01-29 14:45:42 +0800
2026-02-24T23:08:28.3550018Z Message:     [Release] [CI] Optim release pipeline (#33156)
2026-02-24T23:08:28.3573562Z Tags:        v0.15.0
2026-02-24T23:08:28.3601154Z Remote:      origin	https://gh-proxy.test.osinfra.cn/https://github.com/vllm-project/vllm.git (fetch)
2026-02-24T23:08:28.3601527Z 
2026-02-24T23:08:28.3601533Z 
2026-02-24T23:08:28.3601619Z ============================
2026-02-24T23:08:28.3601906Z vLLM-Ascend Git information
2026-02-24T23:08:28.3602209Z ============================
2026-02-24T23:08:28.3664519Z Branch:      main
2026-02-24T23:08:28.3685501Z Commit hash: a8e951e6f557514bcda0d7db6e7710fb90a2474d
2026-02-24T23:08:28.3763640Z Author:      pu-zhe <zpuaa@outlook.com>
2026-02-24T23:08:28.3787725Z Date:        2026-02-24 16:48:05 +0800
2026-02-24T23:08:28.3810635Z Message:     [Feat] 310p supports PrefillCacheHit State (#6756)
2026-02-24T23:08:28.4094394Z Tags:        
2026-02-24T23:08:28.4121262Z Remote:      origin	https://gh-proxy.test.osinfra.cn/https://github.com/vllm-project/vllm-ascend (fetch)
2026-02-24T23:08:28.4121611Z 
2026-02-24T23:08:28.8324612Z ##[group]Run apt-get update && apt-get -y install clang-15
2026-02-24T23:08:28.8325057Z [36;1mapt-get update && apt-get -y install clang-15[0m
2026-02-24T23:08:28.8325456Z [36;1mupdate-alternatives --install /usr/bin/clang clang /usr/bin/clang-15 20[0m
2026-02-24T23:08:28.8325941Z [36;1mupdate-alternatives --install /usr/bin/clang++ clang++ /usr/bin/clang++-15 20[0m
2026-02-24T23:08:28.8326492Z shell: bash -l {0}
2026-02-24T23:08:28.8326679Z env:
2026-02-24T23:08:28.8326879Z   HF_HUB_OFFLINE: 1
2026-02-24T23:08:28.8327080Z   VLLM_USE_MODELSCOPE: true
2026-02-24T23:08:28.8327320Z ##[endgroup]
2026-02-24T23:08:28.8428593Z ##[group]Run '/home/runner/k8s/index.js'
2026-02-24T23:08:28.8429463Z shell: /home/runner/externals/node20/bin/node {0}
2026-02-24T23:08:28.8429718Z ##[endgroup]
2026-02-24T23:08:29.1961142Z (node:156) [DEP0005] DeprecationWarning: Buffer() is deprecated due to security and usability issues. Please use the Buffer.alloc(), Buffer.allocUnsafe(), or Buffer.from() methods instead.
2026-02-24T23:08:29.1961907Z (Use `node --trace-deprecation ...` to show where the warning was created)
2026-02-24T23:08:30.8087201Z Get:1 http://ports.ubuntu.com/ubuntu-ports jammy InRelease [270 kB]
2026-02-24T23:08:32.5146749Z Get:2 http://ports.ubuntu.com/ubuntu-ports jammy-updates InRelease [128 kB]
2026-02-24T23:08:32.9304630Z Get:3 http://ports.ubuntu.com/ubuntu-ports jammy-backports InRelease [127 kB]
2026-02-24T23:08:33.3441146Z Get:4 http://ports.ubuntu.com/ubuntu-ports jammy-security InRelease [129 kB]
2026-02-24T23:08:33.7612328Z Get:5 http://ports.ubuntu.com/ubuntu-ports jammy/universe arm64 Packages [17.2 MB]
2026-02-24T23:08:36.3628255Z Get:6 http://ports.ubuntu.com/ubuntu-ports jammy/restricted arm64 Packages [24.2 kB]
2026-02-24T23:08:36.3628990Z Get:7 http://ports.ubuntu.com/ubuntu-ports jammy/multiverse arm64 Packages [224 kB]
2026-02-24T23:08:36.3689377Z Get:8 http://ports.ubuntu.com/ubuntu-ports jammy/main arm64 Packages [1758 kB]
2026-02-24T23:08:36.5288942Z Get:9 http://ports.ubuntu.com/ubuntu-ports jammy-updates/restricted arm64 Packages [6648 kB]
2026-02-24T23:08:37.1909071Z Get:10 http://ports.ubuntu.com/ubuntu-ports jammy-updates/main arm64 Packages [3868 kB]
2026-02-24T23:08:37.5708118Z Get:11 http://ports.ubuntu.com/ubuntu-ports jammy-updates/universe arm64 Packages [1659 kB]
2026-02-24T23:08:37.7327086Z Get:12 http://ports.ubuntu.com/ubuntu-ports jammy-updates/multiverse arm64 Packages [47.7 kB]
2026-02-24T23:08:37.7359220Z Get:13 http://ports.ubuntu.com/ubuntu-ports jammy-backports/universe arm64 Packages [35.3 kB]
2026-02-24T23:08:37.7395208Z Get:14 http://ports.ubuntu.com/ubuntu-ports jammy-backports/main arm64 Packages [83.5 kB]
2026-02-24T23:08:37.7479542Z Get:15 http://ports.ubuntu.com/ubuntu-ports jammy-security/main arm64 Packages [3549 kB]
2026-02-24T23:08:38.0949390Z Get:16 http://ports.ubuntu.com/ubuntu-ports jammy-security/universe arm64 Packages [1355 kB]
2026-02-24T23:08:38.2314798Z Get:17 http://ports.ubuntu.com/ubuntu-ports jammy-security/multiverse arm64 Packages [41.2 kB]
2026-02-24T23:08:38.2355118Z Get:18 http://ports.ubuntu.com/ubuntu-ports jammy-security/restricted arm64 Packages [6456 kB]
2026-02-24T23:08:39.1189418Z Fetched 43.6 MB in 9s (4861 kB/s)
2026-02-24T23:08:40.0921908Z Reading package lists...
2026-02-24T23:08:41.0314305Z Reading package lists...
2026-02-24T23:08:41.2238984Z Building dependency tree...
2026-02-24T23:08:41.2245682Z Reading state information...
2026-02-24T23:08:41.4611243Z clang-15 is already the newest version (1:15.0.7-0ubuntu0.22.04.3).
2026-02-24T23:08:41.4611676Z The following packages were automatically installed and are no longer required:
2026-02-24T23:08:41.4613966Z   autoconf automake autotools-dev file javascript-common libboost-atomic-dev
2026-02-24T23:08:41.4614445Z   libboost-atomic1.74-dev libboost-atomic1.74.0 libboost-chrono-dev
2026-02-24T23:08:41.4614821Z   libboost-chrono1.74-dev libboost-chrono1.74.0 libboost-container-dev
2026-02-24T23:08:41.4615577Z   libboost-container1.74-dev libboost-container1.74.0 libboost-context-dev
2026-02-24T23:08:41.4616041Z   libboost-context1.74-dev libboost-context1.74.0 libboost-coroutine-dev
2026-02-24T23:08:41.4616485Z   libboost-coroutine1.74-dev libboost-coroutine1.74.0 libboost-date-time-dev
2026-02-24T23:08:41.4616934Z   libboost-date-time1.74-dev libboost-date-time1.74.0 libboost-dev
2026-02-24T23:08:41.4617325Z   libboost-exception-dev libboost-exception1.74-dev libboost-fiber-dev
2026-02-24T23:08:41.4617755Z   libboost-fiber1.74-dev libboost-fiber1.74.0 libboost-filesystem-dev
2026-02-24T23:08:41.4618152Z   libboost-filesystem1.74-dev libboost-filesystem1.74.0 libboost-graph-dev
2026-02-24T23:08:41.4618590Z   libboost-graph-parallel-dev libboost-graph-parallel1.74-dev
2026-02-24T23:08:41.4618984Z   libboost-graph-parallel1.74.0 libboost-graph1.74-dev libboost-graph1.74.0
2026-02-24T23:08:41.4619441Z   libboost-iostreams-dev libboost-iostreams1.74-dev libboost-iostreams1.74.0
2026-02-24T23:08:41.4619886Z   libboost-locale-dev libboost-locale1.74-dev libboost-locale1.74.0
2026-02-24T23:08:41.4620281Z   libboost-log-dev libboost-log1.74-dev libboost-log1.74.0 libboost-math-dev
2026-02-24T23:08:41.4620695Z   libboost-math1.74-dev libboost-math1.74.0 libboost-mpi1.74.0
2026-02-24T23:08:41.4621071Z   libboost-nowide-dev libboost-nowide1.74-dev libboost-nowide1.74.0
2026-02-24T23:08:41.4621473Z   libboost-numpy-dev libboost-numpy1.74-dev libboost-numpy1.74.0
2026-02-24T23:08:41.4622066Z   libboost-program-options-dev libboost-program-options1.74-dev
2026-02-24T23:08:41.4622499Z   libboost-program-options1.74.0 libboost-python-dev libboost-python1.74-dev
2026-02-24T23:08:41.4622934Z   libboost-python1.74.0 libboost-random-dev libboost-random1.74-dev
2026-02-24T23:08:41.4623284Z   libboost-random1.74.0 libboost-regex-dev libboost-regex1.74-dev
2026-02-24T23:08:41.4623662Z   libboost-regex1.74.0 libboost-serialization-dev
2026-02-24T23:08:41.4623992Z   libboost-serialization1.74-dev libboost-serialization1.74.0
2026-02-24T23:08:41.4624582Z   libboost-stacktrace-dev libboost-stacktrace1.74-dev
2026-02-24T23:08:41.4624989Z   libboost-stacktrace1.74.0 libboost-system-dev libboost-system1.74-dev
2026-02-24T23:08:41.4625357Z   libboost-system1.74.0 libboost-test-dev libboost-test1.74-dev
2026-02-24T23:08:41.4625734Z   libboost-test1.74.0 libboost-thread-dev libboost-thread1.74-dev
2026-02-24T23:08:41.4626222Z   libboost-thread1.74.0 libboost-timer-dev libboost-timer1.74-dev
2026-02-24T23:08:41.4626621Z   libboost-timer1.74.0 libboost-tools-dev libboost-type-erasure-dev
2026-02-24T23:08:41.4627037Z   libboost-type-erasure1.74-dev libboost-type-erasure1.74.0 libboost-wave-dev
2026-02-24T23:08:41.4627432Z   libboost-wave1.74-dev libboost-wave1.74.0 libboost1.74-dev
2026-02-24T23:08:41.4627838Z   libboost1.74-tools-dev libcaf-openmpi-3 libcoarrays-dev libevent-2.1-7
2026-02-24T23:08:41.4628245Z   libevent-core-2.1-7 libevent-dev libevent-extra-2.1-7 libevent-openssl-2.1-7
2026-02-24T23:08:41.4628692Z   libevent-pthreads-2.1-7 libhwloc-dev libjs-jquery libjs-jquery-ui
2026-02-24T23:08:41.4629120Z   libjs-sphinxdoc libjs-underscore libltdl-dev libltdl7 libmagic-mgc libmagic1
2026-02-24T23:08:41.4629505Z   libopenmpi3 libpmix-dev libpmix2 libsigsegv2 libtool libucx0 m4
2026-02-24T23:08:41.4631741Z   openmpi-common python3-dev python3-distutils python3-lib2to3 python3.10-dev
2026-02-24T23:08:41.4632207Z Use 'apt autoremove' to remove them.
2026-02-24T23:08:41.4921229Z 0 upgraded, 0 newly installed, 0 to remove and 10 not upgraded.
2026-02-24T23:08:41.9343633Z ##[group]Run # ignore test_dispatch_ffn_combine until the test is fixed
2026-02-24T23:08:41.9344149Z [36;1m# ignore test_dispatch_ffn_combine until the test is fixed[0m
2026-02-24T23:08:41.9344588Z [36;1mpytest -sv tests/e2e/nightly/single_node/models/test_deepseek_v3_2_w8a8.py \[0m
2026-02-24T23:08:41.9345046Z [36;1m--ignore=tests/e2e/nightly/single_node/ops/singlecard_ops/test_fused_moe.py[0m
2026-02-24T23:08:41.9345585Z shell: bash -el {0}
2026-02-24T23:08:41.9345778Z env:
2026-02-24T23:08:41.9346089Z   HF_HUB_OFFLINE: 1
2026-02-24T23:08:41.9346339Z   VLLM_USE_MODELSCOPE: true
2026-02-24T23:08:41.9346563Z   VLLM_WORKER_MULTIPROC_METHOD: spawn
2026-02-24T23:08:41.9346858Z   VLLM_CI_RUNNER: linux-aarch64-a3-16
2026-02-24T23:08:41.9347127Z   BENCHMARK_HOME: /vllm-workspace/vllm-ascend/benchmark
2026-02-24T23:08:41.9347436Z ##[endgroup]
2026-02-24T23:08:41.9436861Z ##[group]Run '/home/runner/k8s/index.js'
2026-02-24T23:08:41.9437821Z shell: /home/runner/externals/node20/bin/node {0}
2026-02-24T23:08:41.9438111Z ##[endgroup]
2026-02-24T23:08:42.3090898Z (node:211) [DEP0005] DeprecationWarning: Buffer() is deprecated due to security and usability issues. Please use the Buffer.alloc(), Buffer.allocUnsafe(), or Buffer.from() methods instead.
2026-02-24T23:08:42.3091682Z (Use `node --trace-deprecation ...` to show where the warning was created)
2026-02-24T23:08:57.1327247Z INFO 02-24 23:08:57 [__init__.py:43] Available plugins for group vllm.platform_plugins:
2026-02-24T23:08:57.1327737Z INFO 02-24 23:08:57 [__init__.py:45] - ascend -> vllm_ascend:register
2026-02-24T23:08:57.1328321Z INFO 02-24 23:08:57 [__init__.py:48] All plugins in this group will be loaded. Set `VLLM_PLUGINS` to control which plugins to load.
2026-02-24T23:08:57.1795596Z INFO 02-24 23:08:57 [__init__.py:217] Platform plugin ascend is activated
2026-02-24T23:09:04.1899358Z ============================= test session starts ==============================
2026-02-24T23:09:04.1900172Z platform linux -- Python 3.11.14, pytest-8.4.2, pluggy-1.6.0 -- /usr/local/python3.11.14/bin/python3
2026-02-24T23:09:04.1900766Z cachedir: .pytest_cache
2026-02-24T23:09:04.1901002Z rootdir: /vllm-workspace/vllm-ascend
2026-02-24T23:09:04.1901295Z configfile: pyproject.toml
2026-02-24T23:09:04.1901604Z plugins: asyncio-1.3.0, mock-3.15.1, cov-7.0.0, anyio-4.12.1
2026-02-24T23:09:04.1902250Z asyncio: mode=Mode.STRICT, debug=False, asyncio_default_fixture_loop_scope=None, asyncio_default_test_loop_scope=function
2026-02-24T23:09:04.9751571Z collecting ... collected 1 item
2026-02-24T23:09:04.9751909Z 
2026-02-24T23:09:04.9767821Z [2026-02-24 23:09:04] INFO conftest.py:241: Starting server with command: vllm serve vllm-ascend/DeepSeek-V3.2-W8A8 --enable-expert-parallel --tensor-parallel-size 8 --data-parallel-size 2 --port 34337 --max-model-len 8192 --max-num-batched-tokens 8192 --max-num-seqs 4 --trust-remote-code --quantization ascend --gpu-memory-utilization 0.92 --compilation-config {"cudagraph_capture_sizes":[3, 6, 9, 12], "cudagraph_mode":"FULL_DECODE_ONLY"} --speculative-config {"num_speculative_tokens": 2, "method":"deepseek_mtp"} --additional-config {"layer_sharding": ["q_b_proj", "o_proj"]} --reasoning-parser deepseek_v3 --tokenizer_mode deepseek_v32
2026-02-24T23:09:09.2359177Z tests/e2e/nightly/single_node/models/test_deepseek_v3_2_w8a8.py::test_models[2-8-vllm-ascend/DeepSeek-V3.2-W8A8] INFO 02-24 23:09:09 [__init__.py:43] Available plugins for group vllm.platform_plugins:
2026-02-24T23:09:09.2359891Z INFO 02-24 23:09:09 [__init__.py:45] - ascend -> vllm_ascend:register
2026-02-24T23:09:09.2360404Z INFO 02-24 23:09:09 [__init__.py:48] All plugins in this group will be loaded. Set `VLLM_PLUGINS` to control which plugins to load.
2026-02-24T23:09:09.2426755Z INFO 02-24 23:09:09 [__init__.py:217] Platform plugin ascend is activated
2026-02-24T23:09:15.2087510Z 2026-02-24 23:09:15,207 - 983 - vllmProfiler - INFO - VLLM_USE_V1 not set, auto-detected via vLLM 0.15.0+empty: default 1
2026-02-24T23:09:15.2394539Z INFO 02-24 23:09:15 [__init__.py:108] Registered model loader `<class 'vllm_ascend.model_loader.netloader.netloader.ModelNetLoaderElastic'>` with load format `netloader`
2026-02-24T23:09:15.3805838Z INFO 02-24 23:09:15 [serve.py:100] Defaulting api_server_count to data_parallel_size (2).
2026-02-24T23:09:15.3806304Z INFO 02-24 23:09:15 [utils.py:325] 
2026-02-24T23:09:15.3881163Z INFO 02-24 23:09:15 [utils.py:325]        â–ˆ     â–ˆ     â–ˆâ–„   â–„â–ˆ
2026-02-24T23:09:15.3883063Z INFO 02-24 23:09:15 [utils.py:325]  â–„â–„ â–„â–ˆ â–ˆ     â–ˆ     â–ˆ â–€â–„â–€ â–ˆ  version 0.15.0
2026-02-24T23:09:15.3883601Z INFO 02-24 23:09:15 [utils.py:325]   â–ˆâ–„â–ˆâ–€ â–ˆ     â–ˆ     â–ˆ     â–ˆ  model   vllm-ascend/DeepSeek-V3.2-W8A8
2026-02-24T23:09:15.3884035Z INFO 02-24 23:09:15 [utils.py:325]    â–€â–€  â–€â–€â–€â–€â–€ â–€â–€â–€â–€â–€ â–€     â–€
2026-02-24T23:09:15.3884334Z INFO 02-24 23:09:15 [utils.py:325] 
2026-02-24T23:09:15.3888096Z INFO 02-24 23:09:15 [utils.py:261] non-default args: {'model_tag': 'vllm-ascend/DeepSeek-V3.2-W8A8', 'api_server_count': 2, 'port': 34337, 'model': 'vllm-ascend/DeepSeek-V3.2-W8A8', 'tokenizer_mode': 'deepseek_v32', 'trust_remote_code': True, 'max_model_len': 8192, 'quantization': 'ascend', 'reasoning_parser': 'deepseek_v3', 'tensor_parallel_size': 8, 'data_parallel_size': 2, 'enable_expert_parallel': True, 'gpu_memory_utilization': 0.92, 'max_num_batched_tokens': 8192, 'max_num_seqs': 4, 'speculative_config': {'num_speculative_tokens': 2, 'method': 'deepseek_mtp'}, 'compilation_config': {'level': None, 'mode': None, 'debug_dump_path': None, 'cache_dir': '', 'compile_cache_save_format': 'binary', 'backend': 'vllm_ascend.compilation.compiler_interface.AscendCompiler', 'custom_ops': [], 'splitting_ops': None, 'compile_mm_encoder': False, 'compile_sizes': None, 'compile_ranges_split_points': None, 'inductor_compile_config': {'enable_auto_functionalized_v2': False, 'combo_kernels': True, 'benchmark_combo_kernel': True}, 'inductor_passes': {}, 'cudagraph_mode': <CUDAGraphMode.FULL_DECODE_ONLY: (2, 0)>, 'cudagraph_num_of_warmups': 0, 'cudagraph_capture_sizes': [3, 6, 9, 12], 'cudagraph_copy_inputs': False, 'cudagraph_specialize_lora': True, 'use_inductor_graph_partition': None, 'pass_config': {}, 'max_cudagraph_capture_size': None, 'dynamic_shapes_config': {'type': <DynamicShapesType.BACKED: 'backed'>, 'evaluate_guards': False, 'assume_32_bit_indexing': True}, 'local_cache_dir': None}, 'additional_config': {'layer_sharding': ['q_b_proj', 'o_proj']}}
2026-02-24T23:09:15.4289812Z 2026-02-24 23:09:15,428 - modelscope - WARNING - We can not confirm the cached file is for revision: master
2026-02-24T23:09:15.4344222Z INFO 02-24 23:09:15 [arg_utils.py:602] HF_HUB_OFFLINE is True, replace model_id [vllm-ascend/DeepSeek-V3.2-W8A8] to model_path [/root/.cache/modelscope/hub/models/vllm-ascend/DeepSeek-V3___2-W8A8]
2026-02-24T23:09:15.4350998Z The argument `trust_remote_code` is to be used with Auto classes. It has no effect here and is ignored.
2026-02-24T23:09:15.4351711Z [2026-02-24 23:09:15] WARNING configuration_utils.py:697: The argument `trust_remote_code` is to be used with Auto classes. It has no effect here and is ignored.
2026-02-24T23:09:15.4405195Z The argument `trust_remote_code` is to be used with Auto classes. It has no effect here and is ignored.
2026-02-24T23:09:15.4405825Z [2026-02-24 23:09:15] WARNING configuration_utils.py:697: The argument `trust_remote_code` is to be used with Auto classes. It has no effect here and is ignored.
2026-02-24T23:09:15.4414305Z The argument `trust_remote_code` is to be used with Auto classes. It has no effect here and is ignored.
2026-02-24T23:09:15.4414928Z [2026-02-24 23:09:15] WARNING configuration_utils.py:697: The argument `trust_remote_code` is to be used with Auto classes. It has no effect here and is ignored.
2026-02-24T23:09:15.4421385Z You are using a model of type deepseek_v32 to instantiate a model of type deepseek_v3. This is not supported for all configurations of models and can yield errors.
2026-02-24T23:09:15.4422581Z [2026-02-24 23:09:15] WARNING configuration_utils.py:635: You are using a model of type deepseek_v32 to instantiate a model of type deepseek_v3. This is not supported for all configurations of models and can yield errors.
2026-02-24T23:09:15.4674246Z INFO 02-24 23:09:15 [model.py:541] Resolved architecture: DeepseekV32ForCausalLM
2026-02-24T23:09:15.4674645Z INFO 02-24 23:09:15 [model.py:1561] Using max model len 8192
2026-02-24T23:09:15.7119895Z WARNING 02-24 23:09:15 [speculative.py:270] method `deepseek_mtp` is deprecated and replaced with mtp.
2026-02-24T23:09:15.7121388Z The argument `trust_remote_code` is to be used with Auto classes. It has no effect here and is ignored.
2026-02-24T23:09:15.7122130Z [2026-02-24 23:09:15] WARNING configuration_utils.py:697: The argument `trust_remote_code` is to be used with Auto classes. It has no effect here and is ignored.
2026-02-24T23:09:15.7130930Z The argument `trust_remote_code` is to be used with Auto classes. It has no effect here and is ignored.
2026-02-24T23:09:15.7131618Z [2026-02-24 23:09:15] WARNING configuration_utils.py:697: The argument `trust_remote_code` is to be used with Auto classes. It has no effect here and is ignored.
2026-02-24T23:09:15.7139089Z You are using a model of type deepseek_v32 to instantiate a model of type deepseek_v3. This is not supported for all configurations of models and can yield errors.
2026-02-24T23:09:15.7139979Z [2026-02-24 23:09:15] WARNING configuration_utils.py:635: You are using a model of type deepseek_v32 to instantiate a model of type deepseek_v3. This is not supported for all configurations of models and can yield errors.
2026-02-24T23:09:15.7232304Z INFO 02-24 23:09:15 [model.py:541] Resolved architecture: DeepSeekMTPModel
2026-02-24T23:09:15.7234793Z INFO 02-24 23:09:15 [model.py:1561] Using max model len 163840
2026-02-24T23:09:15.7235420Z WARNING 02-24 23:09:15 [speculative.py:388] Enabling num_speculative_tokens > 1 will runmultiple times of forward on same MTP layer,which may result in lower acceptance rate
2026-02-24T23:09:15.7237266Z INFO 02-24 23:09:15 [scheduler.py:226] Chunked prefill is enabled with max_num_batched_tokens=8192.
2026-02-24T23:09:16.0534890Z INFO 02-24 23:09:16 [vllm.py:624] Asynchronous scheduling is enabled.
2026-02-24T23:09:16.0535524Z INFO 02-24 23:09:16 [vllm.py:634] Disabling NCCL for DP synchronization when using async scheduling.
2026-02-24T23:09:16.0536214Z WARNING 02-24 23:09:16 [platform.py:730] Speculative quantization is set but Ascend automatically uses the main model's quantization method. Resetting to None.
2026-02-24T23:09:16.0537057Z WARNING 02-24 23:09:16 [platform.py:771] Ignored parameter 'use_trtllm_ragged_deepseek_prefill'. This is a GPU-specific feature not supported on Ascend. Resetting to False.
2026-02-24T23:09:16.0537636Z INFO 02-24 23:09:16 [ascend_config.py:412] Dynamic EPLB is False
2026-02-24T23:09:16.0538284Z INFO 02-24 23:09:16 [ascend_config.py:413] The number of redundant experts is 0
2026-02-24T23:09:16.0539090Z INFO 02-24 23:09:16 [ascend_config.py:54] Linear layer sharding enabled with config: ['q_b_proj', 'o_proj']. Note: This feature works optimally with FLASHCOMM2 and DSA-CP enabled; using it without these features may result in significant performance degradation.
2026-02-24T23:09:16.0540093Z WARNING 02-24 23:09:16 [vllm.py:1062] Batch sizes [3, 6, 9, 12] are removed because they are not multiple of tp_size 8 when sequence parallelism is enabled
2026-02-24T23:09:16.0555462Z Traceback (most recent call last):
2026-02-24T23:09:16.0555788Z   File "/usr/local/python3.11.14/bin/vllm", line 7, in <module>
2026-02-24T23:09:16.0556060Z     sys.exit(main())
2026-02-24T23:09:16.0556286Z              ^^^^^^
2026-02-24T23:09:16.0556567Z   File "/vllm-workspace/vllm/vllm/entrypoints/cli/main.py", line 73, in main
2026-02-24T23:09:16.0556913Z     args.dispatch_function(args)
2026-02-24T23:09:16.0557254Z   File "/vllm-workspace/vllm/vllm/entrypoints/cli/serve.py", line 108, in cmd
2026-02-24T23:09:16.0558468Z     run_multi_api_server(args)
2026-02-24T23:09:16.0558842Z   File "/vllm-workspace/vllm/vllm/entrypoints/cli/serve.py", line 232, in run_multi_api_server
2026-02-24T23:09:16.0559490Z     vllm_config = engine_args.create_engine_config(usage_context=usage_context)
2026-02-24T23:09:16.0559864Z                   ^^^^^^^^^^^^^^^^^^^^^^^^^^^^^^^^^^^^^^^^^^^^^^^^^^^^^^^^^^^^^
2026-02-24T23:09:16.0560246Z   File "/vllm-workspace/vllm/vllm/engine/arg_utils.py", line 1754, in create_engine_config
2026-02-24T23:09:16.0562353Z     config = VllmConfig(
2026-02-24T23:09:16.0562590Z              ^^^^^^^^^^^
2026-02-24T23:09:16.0562966Z   File "/usr/local/python3.11.14/lib/python3.11/site-packages/pydantic/_internal/_dataclasses.py", line 121, in __init__
2026-02-24T23:09:16.0573543Z     s.__pydantic_validator__.validate_python(ArgsKwargs(args, kwargs), self_instance=s)
2026-02-24T23:09:16.0593046Z pydantic_core._pydantic_core.ValidationError: 1 validation error for VllmConfig
2026-02-24T23:09:16.0593784Z   Assertion failed, cudagraph_capture_sizes [3, 6, 9, 12] does not containvalues that are multiples of tp_size 8 [type=assertion_error, input_value=ArgsKwargs((), {'model_co...timizationLevel.O2: 2>}), input_type=ArgsKwargs]
2026-02-24T23:09:16.0594609Z     For further information visit https://errors.pydantic.dev/2.12/v/assertion_error
2026-02-24T23:09:16.1121762Z [ERROR] 2026-02-24-23:09:16 (PID:983, Device:-1, RankID:-1) ERR99999 UNKNOWN applicaiton exception
2026-02-24T23:09:16.3778417Z sys:1: DeprecationWarning: builtin type swigvarlink has no __module__ attribute
2026-02-24T23:09:21.4019282Z FAILED
2026-02-24T23:09:21.4019571Z 
2026-02-24T23:09:21.4019722Z =================================== FAILURES ===================================
2026-02-24T23:09:21.4020137Z _______________ test_models[2-8-vllm-ascend/DeepSeek-V3.2-W8A8] ________________
2026-02-24T23:09:21.4020374Z 
2026-02-24T23:09:21.4020577Z model = 'vllm-ascend/DeepSeek-V3.2-W8A8', tp_size = 8, dp_size = 2
2026-02-24T23:09:21.4020784Z 
2026-02-24T23:09:21.4020859Z     @pytest.mark.asyncio
2026-02-24T23:09:21.4021142Z     @pytest.mark.parametrize("model", MODELS)
2026-02-24T23:09:21.4021679Z     @pytest.mark.parametrize("tp_size", TENSOR_PARALLELS)
2026-02-24T23:09:21.4022196Z     @pytest.mark.parametrize("dp_size", DATA_PARALLELS)
2026-02-24T23:09:21.4023862Z     async def test_models(model: str, tp_size: int, dp_size: int) -> None:
2026-02-24T23:09:21.4024198Z         port = get_open_port()
2026-02-24T23:09:21.4024421Z         env_dict = {
2026-02-24T23:09:21.4024643Z             "HCCL_OP_EXPANSION_MODE": "AIV",
2026-02-24T23:09:21.4024914Z             "OMP_PROC_BIND": "false",
2026-02-24T23:09:21.4025131Z             "OMP_NUM_THREADS": "1",
2026-02-24T23:09:21.4025424Z             "HCCL_BUFFSIZE": "1024",
2026-02-24T23:09:21.4025657Z             "VLLM_ASCEND_ENABLE_MLAPO": "1",
2026-02-24T23:09:21.4025957Z             "PYTORCH_NPU_ALLOC_CONF": "expandable_segments:True",
2026-02-24T23:09:21.4026274Z             "VLLM_ASCEND_ENABLE_FLASHCOMM1": "1",
2026-02-24T23:09:21.4026500Z         }
2026-02-24T23:09:21.4026768Z     
2026-02-24T23:09:21.4026942Z         server_args = [
2026-02-24T23:09:21.4027259Z             "--enable-expert-parallel", "--tensor-parallel-size",
2026-02-24T23:09:21.4027552Z             str(tp_size), "--data-parallel-size",
2026-02-24T23:09:21.4027812Z             str(dp_size), "--port",
2026-02-24T23:09:21.4028107Z             str(port), "--max-model-len", "8192", "--max-num-batched-tokens",
2026-02-24T23:09:21.4028499Z             "8192", "--max-num-seqs", "4", "--trust-remote-code", "--quantization",
2026-02-24T23:09:21.4029011Z             "ascend", "--gpu-memory-utilization", "0.92", "--compilation-config",
2026-02-24T23:09:21.4029421Z             '{"cudagraph_capture_sizes":[3, 6, 9, 12], "cudagraph_mode":"FULL_DECODE_ONLY"}',
2026-02-24T23:09:21.4029773Z             "--speculative-config",
2026-02-24T23:09:21.4030035Z             '{"num_speculative_tokens": 2, "method":"deepseek_mtp"}',
2026-02-24T23:09:21.4030360Z             "--additional-config",
2026-02-24T23:09:21.4030630Z             '{"layer_sharding": ["q_b_proj", "o_proj"]}',
2026-02-24T23:09:21.4031076Z             "--reasoning-parser", "deepseek_v3", "--tokenizer_mode", "deepseek_v32"
2026-02-24T23:09:21.4031426Z         ]
2026-02-24T23:09:21.4031617Z         request_keyword_args: dict[str, Any] = {
2026-02-24T23:09:21.4031881Z             **api_keyword_args,
2026-02-24T23:09:21.4032260Z         }
2026-02-24T23:09:21.4032484Z >       with RemoteOpenAIServer(model,
2026-02-24T23:09:21.4032727Z                                 server_args,
2026-02-24T23:09:21.4033003Z                                 server_port=port,
2026-02-24T23:09:21.4033285Z                                 env_dict=env_dict,
2026-02-24T23:09:21.4033568Z                                 auto_port=False) as server:
2026-02-24T23:09:21.4033757Z 
2026-02-24T23:09:21.4033924Z tests/e2e/nightly/single_node/models/test_deepseek_v3_2_w8a8.py:95: 
2026-02-24T23:09:21.4034245Z _ _ _ _ _ _ _ _ _ _ _ _ _ _ _ _ _ _ _ _ _ _ _ _ _ _ _ _ _ _ _ _ _ _ _ _ _ _ _ _ 
2026-02-24T23:09:21.4034554Z tests/e2e/conftest.py:306: in __init__
2026-02-24T23:09:21.4034820Z     self._wait_for_multiple_servers(
2026-02-24T23:09:21.4035078Z _ _ _ _ _ _ _ _ _ _ _ _ _ _ _ _ _ _ _ _ _ _ _ _ _ _ _ _ _ _ _ _ _ _ _ _ _ _ _ _ 
2026-02-24T23:09:21.4035256Z 
2026-02-24T23:09:21.4035452Z self = <tests.e2e.conftest.RemoteOpenAIServer object at 0xfffefedd5790>
2026-02-24T23:09:21.4035977Z targets = [('0.0.0.0', 'http://0.0.0.0:34337/health')], timeout = 2800
2026-02-24T23:09:21.4036306Z log_interval = 30.0
2026-02-24T23:09:21.4036414Z 
2026-02-24T23:09:21.4036507Z     def _wait_for_multiple_servers(self,
2026-02-24T23:09:21.4036846Z                                    targets,
2026-02-24T23:09:21.4037125Z                                    timeout: float,
2026-02-24T23:09:21.4037406Z                                    log_interval: float = 30.0):
2026-02-24T23:09:21.4037657Z         """
2026-02-24T23:09:21.4037851Z         targets: List[(node_ip, url)]
2026-02-24T23:09:21.4038089Z         log_interval
2026-02-24T23:09:21.4038252Z         """
2026-02-24T23:09:21.4038570Z         start = time.time()
2026-02-24T23:09:21.4038768Z         client = requests
2026-02-24T23:09:21.4038968Z     
2026-02-24T23:09:21.4039217Z         ready = {node_ip: False for node_ip, _ in targets}
2026-02-24T23:09:21.4039455Z     
2026-02-24T23:09:21.4039633Z         last_log_time = 0.0
2026-02-24T23:09:21.4039840Z     
2026-02-24T23:09:21.4040086Z         while True:
2026-02-24T23:09:21.4040374Z             now = time.time()
2026-02-24T23:09:21.4040598Z             all_ready = True
2026-02-24T23:09:21.4040875Z             should_log = (now - last_log_time) >= log_interval
2026-02-24T23:09:21.4041121Z     
2026-02-24T23:09:21.4041320Z             for node_ip, url in targets:
2026-02-24T23:09:21.4041537Z                 if ready[node_ip]:
2026-02-24T23:09:21.4041782Z                     continue
2026-02-24T23:09:21.4041959Z     
2026-02-24T23:09:21.4042261Z                 try:
2026-02-24T23:09:21.4042491Z                     resp = client.get(url)
2026-02-24T23:09:21.4042725Z                     if resp.status_code == 200:
2026-02-24T23:09:21.4043041Z                         ready[node_ip] = True
2026-02-24T23:09:21.4043314Z                         logger.info(f"[READY] Node {node_ip} is ready.")
2026-02-24T23:09:21.4043606Z                 except RequestException:
2026-02-24T23:09:21.4043924Z                     all_ready = False
2026-02-24T23:09:21.4044175Z                     if should_log:
2026-02-24T23:09:21.4044443Z                         logger.debug(f"[WAIT] {url}: connection failed")
2026-02-24T23:09:21.4044698Z     
2026-02-24T23:09:21.4044900Z                     # check unexpected exit
2026-02-24T23:09:21.4045110Z                     result = self._poll()
2026-02-24T23:09:21.4045395Z                     if result is not None and result != 0:
2026-02-24T23:09:21.4045646Z >                       raise RuntimeError(
2026-02-24T23:09:21.4045921Z                             f"Server at {node_ip} exited unexpectedly."
2026-02-24T23:09:21.4046244Z                         ) from None
2026-02-24T23:09:21.4046647Z E                       RuntimeError: Server at 0.0.0.0 exited unexpectedly.
2026-02-24T23:09:21.4046919Z 
2026-02-24T23:09:21.4047031Z tests/e2e/conftest.py:399: RuntimeError
2026-02-24T23:09:21.4047390Z ------------------------------ Captured log call -------------------------------
2026-02-24T23:09:21.4049162Z INFO     tests.e2e.conftest:conftest.py:241 Starting server with command: vllm serve vllm-ascend/DeepSeek-V3.2-W8A8 --enable-expert-parallel --tensor-parallel-size 8 --data-parallel-size 2 --port 34337 --max-model-len 8192 --max-num-batched-tokens 8192 --max-num-seqs 4 --trust-remote-code --quantization ascend --gpu-memory-utilization 0.92 --compilation-config {"cudagraph_capture_sizes":[3, 6, 9, 12], "cudagraph_mode":"FULL_DECODE_ONLY"} --speculative-config {"num_speculative_tokens": 2, "method":"deepseek_mtp"} --additional-config {"layer_sharding": ["q_b_proj", "o_proj"]} --reasoning-parser deepseek_v3 --tokenizer_mode deepseek_v32
2026-02-24T23:09:21.4050882Z =============================== warnings summary ===============================
2026-02-24T23:09:21.4051215Z <frozen importlib._bootstrap>:241
2026-02-24T23:09:21.4051606Z   <frozen importlib._bootstrap>:241: DeprecationWarning: builtin type SwigPyPacked has no __module__ attribute
2026-02-24T23:09:21.4051924Z 
2026-02-24T23:09:21.4052118Z <frozen importlib._bootstrap>:241
2026-02-24T23:09:21.4052528Z   <frozen importlib._bootstrap>:241: DeprecationWarning: builtin type SwigPyObject has no __module__ attribute
2026-02-24T23:09:21.4052873Z 
2026-02-24T23:09:21.4053132Z ../../usr/local/python3.11.14/lib/python3.11/site-packages/transformers/models/auto/image_processing_auto.py:647
2026-02-24T23:09:21.4054109Z   /usr/local/python3.11.14/lib/python3.11/site-packages/transformers/models/auto/image_processing_auto.py:647: FutureWarning: The image_processor_class argument is deprecated and will be removed in v4.42. Please use `slow_image_processor_class`, or `fast_image_processor_class` instead
2026-02-24T23:09:21.4054973Z     warnings.warn(
2026-02-24T23:09:21.4055181Z 
2026-02-24T23:09:21.4055397Z ../../usr/local/python3.11.14/lib/python3.11/site-packages/torch_npu/dynamo/torchair/__init__.py:8
2026-02-24T23:09:21.4056196Z   /usr/local/python3.11.14/lib/python3.11/site-packages/torch_npu/dynamo/torchair/__init__.py:8: DeprecationWarning: pkg_resources is deprecated as an API. See https://setuptools.pypa.io/en/latest/pkg_resources.html
2026-02-24T23:09:21.4056960Z     import pkg_resources
2026-02-24T23:09:21.4057114Z 
2026-02-24T23:09:21.4057282Z -- Docs: https://docs.pytest.org/en/stable/how-to/capture-warnings.html
2026-02-24T23:09:21.4057739Z =========================== short test summary info ============================
2026-02-24T23:09:21.4058429Z FAILED tests/e2e/nightly/single_node/models/test_deepseek_v3_2_w8a8.py::test_models[2-8-vllm-ascend/DeepSeek-V3.2-W8A8] - RuntimeError: Server at 0.0.0.0 exited unexpectedly.
2026-02-24T23:09:21.4059038Z ======================== 1 failed, 4 warnings in 15.98s ========================
2026-02-24T23:09:23.1812258Z ##[error]Error: failed to run script step: Error: command terminated with non-zero exit code: command terminated with exit code 1
2026-02-24T23:09:23.1848506Z ##[error]Process completed with exit code 1.
2026-02-24T23:09:23.1943795Z ##[error]Executing the custom container implementation failed. Please contact your self hosted runner administrator.
2026-02-24T23:09:23.1991098Z ##[group]Run '/home/runner/k8s/index.js'
2026-02-24T23:09:23.1992119Z shell: /home/runner/externals/node20/bin/node {0}
2026-02-24T23:09:23.1992450Z ##[endgroup]
2026-02-24T23:09:23.5905043Z Cleaning up orphan processes
