# Run ID: 21801287662
# Commit: e5f0e0eaf78601e1e2a793c4040c359cd5a201f3
# Job: multi-node (multi-node-dpsk3.2-2node, DeepSeek-V3_2-W8A8-A3-dual-nodes.yaml, 2) / DeepSeek-V3_2-W8A8-A3-dual-nodes.yaml
# Date: 2026-02-08
============================================================

ï»¿2026-02-08T18:04:35.1861440Z Current runner version: '2.330.0'
2026-02-08T18:04:35.1866360Z Runner name: 'linux-aarch64-a3-0-wgt9d-runner-2l64w'
2026-02-08T18:04:35.1867128Z Runner group name: 'Default'
2026-02-08T18:04:35.1867852Z Machine name: 'linux-aarch64-a3-0-wgt9d-runner-2l64w'
2026-02-08T18:04:35.1871242Z ##[group]GITHUB_TOKEN Permissions
2026-02-08T18:04:35.1873414Z Actions: write
2026-02-08T18:04:35.1873984Z ArtifactMetadata: write
2026-02-08T18:04:35.1874425Z Attestations: write
2026-02-08T18:04:35.1874797Z Checks: write
2026-02-08T18:04:35.1875223Z Contents: write
2026-02-08T18:04:35.1875629Z Deployments: write
2026-02-08T18:04:35.1875995Z Discussions: write
2026-02-08T18:04:35.1876415Z Issues: write
2026-02-08T18:04:35.1876880Z Metadata: read
2026-02-08T18:04:35.1877226Z Models: read
2026-02-08T18:04:35.1877636Z Packages: write
2026-02-08T18:04:35.1878011Z Pages: write
2026-02-08T18:04:35.1878392Z PullRequests: write
2026-02-08T18:04:35.1878831Z RepositoryProjects: write
2026-02-08T18:04:35.1879386Z SecurityEvents: write
2026-02-08T18:04:35.1879853Z Statuses: write
2026-02-08T18:04:35.1880251Z ##[endgroup]
2026-02-08T18:04:35.1881957Z Secret source: Actions
2026-02-08T18:04:35.1882686Z Prepare workflow directory
2026-02-08T18:04:35.2467547Z Prepare all required actions
2026-02-08T18:04:35.2498763Z Getting action download info
2026-02-08T18:04:36.5587583Z Download action repository 'actions/checkout@v6' (SHA:de0fac2e4500dabe0009e67214ff5f5447ce83dd)
2026-02-08T18:04:41.1980589Z Download action repository 'actions/upload-artifact@v6' (SHA:b7c566a772e6b6bfb58ed0dc250532a479d7789f)
2026-02-08T18:04:48.7449538Z Uses: vllm-project/vllm-ascend/.github/workflows/_e2e_nightly_multi_node.yaml@refs/heads/main (e5f0e0eaf78601e1e2a793c4040c359cd5a201f3)
2026-02-08T18:04:48.7452695Z ##[group] Inputs
2026-02-08T18:04:48.7452995Z   soc_version: a3
2026-02-08T18:04:48.7453267Z   runner: linux-aarch64-a3-0
2026-02-08T18:04:48.7453685Z   image: swr.cn-southwest-2.myhuaweicloud.com/base_image/ascend-ci/vllm-ascend:nightly-a3
2026-02-08T18:04:48.7454120Z   config_file_path: DeepSeek-V3_2-W8A8-A3-dual-nodes.yaml
2026-02-08T18:04:48.7454443Z   replicas: 1
2026-02-08T18:04:48.7454659Z   size: 2
2026-02-08T18:04:48.7454842Z   vllm_version: v0.15.0
2026-02-08T18:04:48.7455284Z   vllm_ascend_remote_url: https://github.com/vllm-project/vllm-ascend.git
2026-02-08T18:04:48.7455641Z   vllm_ascend_ref: main
2026-02-08T18:04:48.7455862Z ##[endgroup]
2026-02-08T18:04:48.7456366Z Complete job name: multi-node (multi-node-dpsk3.2-2node, DeepSeek-V3_2-W8A8-A3-dual-nodes.yaml, 2) / DeepSeek-V3_2-W8A8-A3-dual-nodes.yaml
2026-02-08T18:04:48.8214657Z ##[group]Run '/home/runner/k8s/index.js'
2026-02-08T18:04:48.8217226Z shell: /home/runner/externals/node20/bin/node {0}
2026-02-08T18:04:48.8217713Z ##[endgroup]
2026-02-08T18:05:04.3802815Z (node:68) [DEP0005] DeprecationWarning: Buffer() is deprecated due to security and usability issues. Please use the Buffer.alloc(), Buffer.allocUnsafe(), or Buffer.from() methods instead.
2026-02-08T18:05:04.3803695Z (Use `node --trace-deprecation ...` to show where the warning was created)
2026-02-08T18:05:30.7382825Z ##[group]Run # Decode and save kubeconfig
2026-02-08T18:05:30.7383286Z [36;1m# Decode and save kubeconfig[0m
2026-02-08T18:05:30.7417123Z [36;1mecho "***" | base64 -d > "$KUBECONFIG"[0m
2026-02-08T18:05:30.7417721Z shell: bash -el {0}
2026-02-08T18:05:30.7417940Z ##[endgroup]
2026-02-08T18:05:30.7544283Z ##[group]Run '/home/runner/k8s/index.js'
2026-02-08T18:05:30.7545256Z shell: /home/runner/externals/node20/bin/node {0}
2026-02-08T18:05:30.7545603Z ##[endgroup]
2026-02-08T18:05:31.1048934Z (node:5680) [DEP0005] DeprecationWarning: Buffer() is deprecated due to security and usability issues. Please use the Buffer.alloc(), Buffer.allocUnsafe(), or Buffer.from() methods instead.
2026-02-08T18:05:31.1050230Z (Use `node --trace-deprecation ...` to show where the warning was created)
2026-02-08T18:06:07.0742569Z ##[group]Run actions/checkout@v6
2026-02-08T18:06:07.0743019Z with:
2026-02-08T18:06:07.0743267Z   repository: vllm-project/vllm-ascend
2026-02-08T18:06:07.0743919Z   token: ***
2026-02-08T18:06:07.0744150Z   ssh-strict: true
2026-02-08T18:06:07.0744368Z   ssh-user: git
2026-02-08T18:06:07.0744600Z   persist-credentials: true
2026-02-08T18:06:07.0744845Z   clean: true
2026-02-08T18:06:07.0745075Z   sparse-checkout-cone-mode: true
2026-02-08T18:06:07.0745348Z   fetch-depth: 1
2026-02-08T18:06:07.0745526Z   fetch-tags: false
2026-02-08T18:06:07.0745784Z   show-progress: true
2026-02-08T18:06:07.0746096Z   lfs: false
2026-02-08T18:06:07.0746264Z   submodules: false
2026-02-08T18:06:07.0746524Z   set-safe-directory: true
2026-02-08T18:06:07.0746808Z ##[endgroup]
2026-02-08T18:06:07.0834784Z ##[group]Run '/home/runner/k8s/index.js'
2026-02-08T18:06:07.0835655Z shell: /home/runner/externals/node20/bin/node {0}
2026-02-08T18:06:07.0835968Z ##[endgroup]
2026-02-08T18:06:07.4315749Z (node:6106) [DEP0005] DeprecationWarning: Buffer() is deprecated due to security and usability issues. Please use the Buffer.alloc(), Buffer.allocUnsafe(), or Buffer.from() methods instead.
2026-02-08T18:06:07.4316626Z (Use `node --trace-deprecation ...` to show where the warning was created)
2026-02-08T18:06:25.7372370Z Syncing repository: vllm-project/vllm-ascend
2026-02-08T18:06:25.7373590Z ##[group]Getting Git version info
2026-02-08T18:06:25.7373977Z Working directory is '/__w/vllm-ascend/vllm-ascend'
2026-02-08T18:06:25.7374502Z [command]/usr/bin/git version
2026-02-08T18:06:25.7524446Z git version 2.34.1
2026-02-08T18:06:25.7541233Z ##[endgroup]
2026-02-08T18:06:25.7550052Z Copying '/root/.gitconfig' to '/__w/_temp/d53eea3f-dd94-42d3-9971-b7480f907ad9/.gitconfig'
2026-02-08T18:06:25.7560905Z Temporarily overriding HOME='/__w/_temp/d53eea3f-dd94-42d3-9971-b7480f907ad9' before making global git config changes
2026-02-08T18:06:25.7561551Z Adding repository directory to the temporary git global config as a safe directory
2026-02-08T18:06:25.7564426Z [command]/usr/bin/git config --global --add safe.directory /__w/vllm-ascend/vllm-ascend
2026-02-08T18:06:25.7599897Z Deleting the contents of '/__w/vllm-ascend/vllm-ascend'
2026-02-08T18:06:25.7603018Z ##[group]Initializing the repository
2026-02-08T18:06:25.7607260Z [command]/usr/bin/git init /__w/vllm-ascend/vllm-ascend
2026-02-08T18:06:25.7728501Z hint: Using 'master' as the name for the initial branch. This default branch name
2026-02-08T18:06:25.7728969Z hint: is subject to change. To configure the initial branch name to use in all
2026-02-08T18:06:25.7729391Z hint: of your new repositories, which will suppress this warning, call:
2026-02-08T18:06:25.7729726Z hint: 
2026-02-08T18:06:25.7730026Z hint: 	git config --global init.defaultBranch <name>
2026-02-08T18:06:25.7730306Z hint: 
2026-02-08T18:06:25.7730595Z hint: Names commonly chosen instead of 'master' are 'main', 'trunk' and
2026-02-08T18:06:25.7731045Z hint: 'development'. The just-created branch can be renamed via this command:
2026-02-08T18:06:25.7731365Z hint: 
2026-02-08T18:06:25.7731659Z hint: 	git branch -m <name>
2026-02-08T18:06:25.7734982Z Initialized empty Git repository in /__w/vllm-ascend/vllm-ascend/.git/
2026-02-08T18:06:25.7743010Z [command]/usr/bin/git remote add origin https://github.com/vllm-project/vllm-ascend
2026-02-08T18:06:25.7795195Z ##[endgroup]
2026-02-08T18:06:25.7795603Z ##[group]Disabling automatic garbage collection
2026-02-08T18:06:25.7798626Z [command]/usr/bin/git config --local gc.auto 0
2026-02-08T18:06:25.7826056Z ##[endgroup]
2026-02-08T18:06:25.7826484Z ##[group]Setting up auth
2026-02-08T18:06:25.7827586Z Removing SSH command configuration
2026-02-08T18:06:25.7832345Z [command]/usr/bin/git config --local --name-only --get-regexp core\.sshCommand
2026-02-08T18:06:25.7856922Z [command]/usr/bin/git submodule foreach --recursive sh -c "git config --local --name-only --get-regexp 'core\.sshCommand' && git config --local --unset-all 'core.sshCommand' || :"
2026-02-08T18:06:25.8322999Z Removing HTTP extra header
2026-02-08T18:06:25.8326134Z [command]/usr/bin/git config --local --name-only --get-regexp http\.https\:\/\/github\.com\/\.extraheader
2026-02-08T18:06:25.8351374Z [command]/usr/bin/git submodule foreach --recursive sh -c "git config --local --name-only --get-regexp 'http\.https\:\/\/github\.com\/\.extraheader' && git config --local --unset-all 'http.https://github.com/.extraheader' || :"
2026-02-08T18:06:25.8538263Z Removing includeIf entries pointing to credentials config files
2026-02-08T18:06:25.8542273Z [command]/usr/bin/git config --local --name-only --get-regexp ^includeIf\.gitdir:
2026-02-08T18:06:25.8566436Z [command]/usr/bin/git submodule foreach --recursive git config --local --show-origin --name-only --get-regexp remote.origin.url
2026-02-08T18:06:25.8754373Z [command]/usr/bin/git config --file /__w/_temp/git-credentials-b1dfa2ba-4aed-4f7a-9024-5dbe685bc81e.config http.https://github.com/.extraheader AUTHORIZATION: basic ***
2026-02-08T18:06:25.8784798Z [command]/usr/bin/git config --local includeIf.gitdir:/__w/vllm-ascend/vllm-ascend/.git.path /__w/_temp/git-credentials-b1dfa2ba-4aed-4f7a-9024-5dbe685bc81e.config
2026-02-08T18:06:25.8809692Z [command]/usr/bin/git config --local includeIf.gitdir:/__w/vllm-ascend/vllm-ascend/.git/worktrees/*.path /__w/_temp/git-credentials-b1dfa2ba-4aed-4f7a-9024-5dbe685bc81e.config
2026-02-08T18:06:25.8833260Z [command]/usr/bin/git config --local includeIf.gitdir:/github/workspace/.git.path /github/runner_temp/git-credentials-b1dfa2ba-4aed-4f7a-9024-5dbe685bc81e.config
2026-02-08T18:06:25.8858868Z [command]/usr/bin/git config --local includeIf.gitdir:/github/workspace/.git/worktrees/*.path /github/runner_temp/git-credentials-b1dfa2ba-4aed-4f7a-9024-5dbe685bc81e.config
2026-02-08T18:06:25.8881454Z ##[endgroup]
2026-02-08T18:06:25.8881863Z ##[group]Fetching the repository
2026-02-08T18:06:25.8888517Z [command]/usr/bin/git -c protocol.version=2 fetch --no-tags --prune --no-recurse-submodules --depth=1 origin +e5f0e0eaf78601e1e2a793c4040c359cd5a201f3:refs/remotes/origin/main
2026-02-08T18:06:27.5367642Z From https://gh-proxy.test.osinfra.cn/https://github.com/vllm-project/vllm-ascend
2026-02-08T18:06:27.5368185Z  * [new ref]         e5f0e0eaf78601e1e2a793c4040c359cd5a201f3 -> origin/main
2026-02-08T18:06:27.5395685Z [command]/usr/bin/git branch --list --remote origin/main
2026-02-08T18:06:27.5416762Z   origin/main
2026-02-08T18:06:27.5423546Z [command]/usr/bin/git rev-parse refs/remotes/origin/main
2026-02-08T18:06:27.5442576Z e5f0e0eaf78601e1e2a793c4040c359cd5a201f3
2026-02-08T18:06:27.5446723Z ##[endgroup]
2026-02-08T18:06:27.5447218Z ##[group]Determining the checkout info
2026-02-08T18:06:27.5447643Z ##[endgroup]
2026-02-08T18:06:27.5451149Z [command]/usr/bin/git sparse-checkout disable
2026-02-08T18:06:27.5493442Z [command]/usr/bin/git config --local --unset-all extensions.worktreeConfig
2026-02-08T18:06:27.5524202Z ##[group]Checking out the ref
2026-02-08T18:06:27.5528642Z [command]/usr/bin/git checkout --progress --force -B main refs/remotes/origin/main
2026-02-08T18:06:27.6396915Z Switched to a new branch 'main'
2026-02-08T18:06:27.6397251Z Branch 'main' set up to track remote branch 'main' from 'origin'.
2026-02-08T18:06:27.6408294Z ##[endgroup]
2026-02-08T18:06:27.6448244Z [command]/usr/bin/git log -1 --format=%H
2026-02-08T18:06:27.6468737Z e5f0e0eaf78601e1e2a793c4040c359cd5a201f3
2026-02-08T18:06:45.6154425Z ##[group]Run # prepare for lws entrypoint scripts
2026-02-08T18:06:45.6154833Z [36;1m# prepare for lws entrypoint scripts[0m
2026-02-08T18:06:45.6155260Z [36;1minstall -D tests/e2e/nightly/multi_node/scripts/run.sh /root/.cache/tests/run.sh[0m
2026-02-08T18:06:45.6155753Z shell: bash -el {0}
2026-02-08T18:06:45.6155989Z ##[endgroup]
2026-02-08T18:06:45.6239771Z ##[group]Run '/home/runner/k8s/index.js'
2026-02-08T18:06:45.6240637Z shell: /home/runner/externals/node20/bin/node {0}
2026-02-08T18:06:45.6240935Z ##[endgroup]
2026-02-08T18:06:45.9707998Z (node:6698) [DEP0005] DeprecationWarning: Buffer() is deprecated due to security and usability issues. Please use the Buffer.alloc(), Buffer.allocUnsafe(), or Buffer.from() methods instead.
2026-02-08T18:06:45.9708817Z (Use `node --trace-deprecation ...` to show where the warning was created)
2026-02-08T18:07:25.1613481Z ##[group]Run set -euo pipefail
2026-02-08T18:07:25.1613858Z [36;1mset -euo pipefail[0m
2026-02-08T18:07:25.1614124Z [36;1m[0m
2026-02-08T18:07:25.1614314Z [36;1mCRD_NAME="${CRD_NAME:-vllm}"[0m
2026-02-08T18:07:25.1614613Z [36;1mTIMEOUT=${TIMEOUT:-120}[0m
2026-02-08T18:07:25.1614883Z [36;1mSLEEP_INTERVAL=2[0m
2026-02-08T18:07:25.1615084Z [36;1m[0m
2026-02-08T18:07:25.1615421Z [36;1mecho "Deleting leaderworkerset [$CRD_NAME] in namespace [$NAMESPACE]..."[0m
2026-02-08T18:07:25.1615917Z [36;1mkubectl delete leaderworkerset "$CRD_NAME" -n "$NAMESPACE" --ignore-not-found[0m
2026-02-08T18:07:25.1616255Z [36;1m[0m
2026-02-08T18:07:25.1616560Z [36;1mecho "Waiting for all pods starting with 'vllm' to be deleted..."[0m
2026-02-08T18:07:25.1616877Z [36;1mSTART_TIME=$(date +%s)[0m
2026-02-08T18:07:25.1617166Z [36;1m[0m
2026-02-08T18:07:25.1617403Z [36;1mwhile true; do[0m
2026-02-08T18:07:25.1617619Z [36;1m  NOW=$(date +%s)[0m
2026-02-08T18:07:25.1618005Z [36;1m  ELAPSED=$((NOW - START_TIME))[0m
2026-02-08T18:07:25.1618246Z [36;1m[0m
2026-02-08T18:07:25.1618586Z [36;1m  if [[ $ELAPSED -ge $TIMEOUT ]]; then[0m
2026-02-08T18:07:25.1618990Z [36;1m    echo "Timeout reached ($TIMEOUT seconds), some pods still exist:"[0m
2026-02-08T18:07:25.1619363Z [36;1m    kubectl get pods -n "$NAMESPACE" | grep '^vllm' || true[0m
2026-02-08T18:07:25.1619683Z [36;1m    exit 1[0m
2026-02-08T18:07:25.1619932Z [36;1m  fi[0m
2026-02-08T18:07:25.1620111Z [36;1m[0m
2026-02-08T18:07:25.1620591Z [36;1m  PODS_EXIST=$(kubectl get pods -n "$NAMESPACE" -o jsonpath='{.items[*].metadata.name}' 2>/dev/null | tr ' ' '\n' | grep '^vllm' || true)[0m
2026-02-08T18:07:25.1621087Z [36;1m[0m
2026-02-08T18:07:25.1621280Z [36;1m  if [[ -z "$PODS_EXIST" ]]; then[0m
2026-02-08T18:07:25.1621562Z [36;1m    echo "All vllm pods deleted."[0m
2026-02-08T18:07:25.1621850Z [36;1m    break[0m
2026-02-08T18:07:25.1622167Z [36;1m  else[0m
2026-02-08T18:07:25.1622452Z [36;1m    echo "Waiting for pods to be deleted: $PODS_EXIST"[0m
2026-02-08T18:07:25.1622794Z [36;1m    sleep $SLEEP_INTERVAL[0m
2026-02-08T18:07:25.1623019Z [36;1m  fi[0m
2026-02-08T18:07:25.1623274Z [36;1mdone[0m
2026-02-08T18:07:25.1623640Z shell: bash -el {0}
2026-02-08T18:07:25.1623837Z ##[endgroup]
2026-02-08T18:07:25.1707531Z ##[group]Run '/home/runner/k8s/index.js'
2026-02-08T18:07:25.1708279Z shell: /home/runner/externals/node20/bin/node {0}
2026-02-08T18:07:25.1708663Z ##[endgroup]
2026-02-08T18:07:25.5192485Z (node:7481) [DEP0005] DeprecationWarning: Buffer() is deprecated due to security and usability issues. Please use the Buffer.alloc(), Buffer.allocUnsafe(), or Buffer.from() methods instead.
2026-02-08T18:07:25.5193295Z (Use `node --trace-deprecation ...` to show where the warning was created)
2026-02-08T18:07:43.8797433Z Deleting leaderworkerset [vllm] in namespace [vllm-project]...
2026-02-08T18:07:44.2031494Z Waiting for all pods starting with 'vllm' to be deleted...
2026-02-08T18:07:44.3036344Z All vllm pods deleted.
2026-02-08T18:08:02.4988183Z ##[group]Run set -e
2026-02-08T18:08:02.4988577Z [36;1mset -e[0m
2026-02-08T18:08:02.4988819Z [36;1m[0m
2026-02-08T18:08:02.4989035Z [36;1msize="2"[0m
2026-02-08T18:08:02.4989212Z [36;1mreplicas="1"[0m
2026-02-08T18:08:02.4989627Z [36;1mimage="swr.cn-southwest-2.myhuaweicloud.com/base_image/ascend-ci/vllm-ascend:nightly-a3"[0m
2026-02-08T18:08:02.4990186Z [36;1mconfig_file_path="DeepSeek-V3_2-W8A8-A3-dual-nodes.yaml"[0m
2026-02-08T18:08:02.4990529Z [36;1mfail_tag=FAIL_TAG_"DeepSeek-V3_2-W8A8-A3-dual-nodes.yaml"[0m
2026-02-08T18:08:02.4990901Z [36;1mecho "FAIL_TAG=${fail_tag}" >> "$GITHUB_ENV"[0m
2026-02-08T18:08:02.4991176Z [36;1m[0m
2026-02-08T18:08:02.4991415Z [36;1mrequired_params=("size" "replicas" "image" "config_file_path")[0m
2026-02-08T18:08:02.4991843Z [36;1mfor param in "${required_params[@]}"; do[0m
2026-02-08T18:08:02.4992250Z [36;1m  if [ -z "${!param}" ]; then[0m
2026-02-08T18:08:02.4992802Z [36;1m    echo "Error: Parameter '$param' is required but empty"[0m
2026-02-08T18:08:02.4993083Z [36;1m    exit 1[0m
2026-02-08T18:08:02.4993310Z [36;1m  fi[0m
2026-02-08T18:08:02.4993532Z [36;1mdone[0m
2026-02-08T18:08:02.4993802Z [36;1m[0m
2026-02-08T18:08:02.4993983Z [36;1mif [ "a3" = "a3" ]; then[0m
2026-02-08T18:08:02.4994252Z [36;1m  npu_per_node=16[0m
2026-02-08T18:08:02.4994590Z [36;1m  TEMPLATE_FILE="tests/e2e/nightly/multi_node/scripts/lws.yaml.jinja2"[0m
2026-02-08T18:08:02.4994916Z [36;1melse[0m
2026-02-08T18:08:02.4995141Z [36;1m  npu_per_node=8[0m
2026-02-08T18:08:02.4995445Z [36;1m  TEMPLATE_FILE="tests/e2e/nightly/multi_node/scripts/lws-a2.yaml.jinja2"[0m
2026-02-08T18:08:02.4995808Z [36;1mfi[0m
2026-02-08T18:08:02.4996017Z [36;1m[0m
2026-02-08T18:08:02.4996199Z [36;1mjinja2 $TEMPLATE_FILE \[0m
2026-02-08T18:08:02.4996471Z [36;1m  -D size="$size" \[0m
2026-02-08T18:08:02.4996803Z [36;1m  -D replicas="$replicas" \[0m
2026-02-08T18:08:02.4997040Z [36;1m  -D image="$image" \[0m
2026-02-08T18:08:02.4997341Z [36;1m  -D config_file_path="$config_file_path" \[0m
2026-02-08T18:08:02.4997651Z [36;1m  -D npu_per_node="$npu_per_node" \[0m
2026-02-08T18:08:02.4997901Z [36;1m  -D fail_tag="$fail_tag" \[0m
2026-02-08T18:08:02.4998174Z [36;1m  --outfile lws.yaml[0m
2026-02-08T18:08:02.4998497Z [36;1m[0m
2026-02-08T18:08:02.4998683Z [36;1mkubectl apply -f ./lws.yaml[0m
2026-02-08T18:08:02.4999085Z shell: bash -el {0}
2026-02-08T18:08:02.4999273Z ##[endgroup]
2026-02-08T18:08:02.5088147Z ##[group]Run '/home/runner/k8s/index.js'
2026-02-08T18:08:02.5089004Z shell: /home/runner/externals/node20/bin/node {0}
2026-02-08T18:08:02.5089383Z ##[endgroup]
2026-02-08T18:08:02.8579861Z (node:8448) [DEP0005] DeprecationWarning: Buffer() is deprecated due to security and usability issues. Please use the Buffer.alloc(), Buffer.allocUnsafe(), or Buffer.from() methods instead.
2026-02-08T18:08:02.8580619Z (Use `node --trace-deprecation ...` to show where the warning was created)
2026-02-08T18:08:21.7428701Z leaderworkerset.leaderworkerset.x-k8s.io/vllm created
2026-02-08T18:08:21.7571249Z service/vllm-leader created
2026-02-08T18:08:40.1277723Z ##[group]Run POD_PREFIX="${POD_PREFIX:-vllm-0}"
2026-02-08T18:08:40.1278032Z [36;1mPOD_PREFIX="${POD_PREFIX:-vllm-0}"[0m
2026-02-08T18:08:40.1278241Z [36;1mSIZE="2"[0m
2026-02-08T18:08:40.1278537Z [36;1mTIMEOUT=1200  # default timeout 20 minutes[0m
2026-02-08T18:08:40.1278756Z [36;1m[0m
2026-02-08T18:08:40.1279064Z [36;1mecho "Waiting for Pods in namespace [$NAMESPACE] to become Running and Ready (timeout ${TIMEOUT}s)..."[0m
2026-02-08T18:08:40.1279412Z [36;1m[0m
2026-02-08T18:08:40.1279557Z [36;1mSTART_TIME=$(date +%s)[0m
2026-02-08T18:08:40.1279728Z [36;1m[0m
2026-02-08T18:08:40.1279870Z [36;1mwhile true; do[0m
2026-02-08T18:08:40.1280088Z [36;1m  NOW=$(date +%s)[0m
2026-02-08T18:08:40.1280270Z [36;1m  ELAPSED=$((NOW - START_TIME))[0m
2026-02-08T18:08:40.1280491Z [36;1m  if [[ $ELAPSED -ge $TIMEOUT ]]; then[0m
2026-02-08T18:08:40.1280745Z [36;1m    echo "Timeout reached after ${ELAPSED}s"[0m
2026-02-08T18:08:40.1281024Z [36;1m    echo "Dumping pod status for debugging:"[0m
2026-02-08T18:08:40.1281253Z [36;1m    kubectl get pods -n "$NAMESPACE"[0m
2026-02-08T18:08:40.1281507Z [36;1m    kubectl describe pod "$LEADER_POD" -n "$NAMESPACE"[0m
2026-02-08T18:08:40.1281747Z [36;1m    exit 1[0m
2026-02-08T18:08:40.1281891Z [36;1m  fi[0m
2026-02-08T18:08:40.1282151Z [36;1m[0m
2026-02-08T18:08:40.1282303Z [36;1m  # 1) check follower pods[0m
2026-02-08T18:08:40.1282492Z [36;1m  ALL_FOLLOWERS_READY=true[0m
2026-02-08T18:08:40.1282685Z [36;1m  for ((i=1; i<SIZE; i++)); do[0m
2026-02-08T18:08:40.1282874Z [36;1m    POD="${POD_PREFIX}-${i}"[0m
2026-02-08T18:08:40.1283245Z [36;1m    PHASE=$(kubectl get pod "$POD" -n "$NAMESPACE" -o jsonpath='{.status.phase}' 2>/dev/null || echo "NotFound")[0m
2026-02-08T18:08:40.1283787Z [36;1m    READY=$(kubectl get pod "$POD" -n "$NAMESPACE" -o jsonpath='{.status.containerStatuses[*].ready}' 2>/dev/null)[0m
2026-02-08T18:08:40.1284311Z [36;1m[0m
2026-02-08T18:08:40.1284496Z [36;1m    echo "Follower [$POD] phase=$PHASE ready=$READY"[0m
2026-02-08T18:08:40.1284727Z [36;1m[0m
2026-02-08T18:08:40.1284908Z [36;1m    if [[ "$PHASE" != "Running" || "$READY" != "true" ]]; then[0m
2026-02-08T18:08:40.1285183Z [36;1m      echo "Follower [$POD] not Ready yet..."[0m
2026-02-08T18:08:40.1285416Z [36;1m      ALL_FOLLOWERS_READY=false[0m
2026-02-08T18:08:40.1285598Z [36;1m      break[0m
2026-02-08T18:08:40.1285748Z [36;1m    fi[0m
2026-02-08T18:08:40.1285887Z [36;1m  done[0m
2026-02-08T18:08:40.1286017Z [36;1m[0m
2026-02-08T18:08:40.1286155Z [36;1m  # 2) check leader pod[0m
2026-02-08T18:08:40.1286536Z [36;1m  LEADER_PHASE=$(kubectl get pod "$LEADER_POD" -n "$NAMESPACE" -o jsonpath='{.status.phase}' 2>/dev/null || echo "NotFound")[0m
2026-02-08T18:08:40.1287132Z [36;1m  LEADER_READY=$(kubectl get pod "$LEADER_POD" -n "$NAMESPACE" -o jsonpath='{.status.containerStatuses[*].ready}' 2>/dev/null)[0m
2026-02-08T18:08:40.1287527Z [36;1m[0m
2026-02-08T18:08:40.1287743Z [36;1m  echo "Leader [$LEADER_POD] phase=$LEADER_PHASE ready=$LEADER_READY"[0m
2026-02-08T18:08:40.1287999Z [36;1m[0m
2026-02-08T18:08:40.1288207Z [36;1m  if [[ "$LEADER_PHASE" != "Running" || "$LEADER_READY" != "true" ]]; then[0m
2026-02-08T18:08:40.1288572Z [36;1m    echo "Leader not Ready yet..."[0m
2026-02-08T18:08:40.1288774Z [36;1m    ALL_FOLLOWERS_READY=false[0m
2026-02-08T18:08:40.1288958Z [36;1m  fi[0m
2026-02-08T18:08:40.1289085Z [36;1m[0m
2026-02-08T18:08:40.1289254Z [36;1m  if [[ "$ALL_FOLLOWERS_READY" == "true" ]]; then[0m
2026-02-08T18:08:40.1289571Z [36;1m    echo "All follower pods and leader pod are Running and Ready â€” continuing."[0m
2026-02-08T18:08:40.1289848Z [36;1m    break[0m
2026-02-08T18:08:40.1289992Z [36;1m  fi[0m
2026-02-08T18:08:40.1290127Z [36;1m[0m
2026-02-08T18:08:40.1290252Z [36;1m  sleep 2[0m
2026-02-08T18:08:40.1290396Z [36;1mdone[0m
2026-02-08T18:08:40.1290676Z shell: bash -el {0}
2026-02-08T18:08:40.1290816Z env:
2026-02-08T18:08:40.1291145Z   FAIL_TAG: FAIL_TAG_DeepSeek-V3_2-W8A8-A3-dual-nodes.yaml
2026-02-08T18:08:40.1291371Z ##[endgroup]
2026-02-08T18:08:40.1380655Z ##[group]Run '/home/runner/k8s/index.js'
2026-02-08T18:08:40.1381281Z shell: /home/runner/externals/node20/bin/node {0}
2026-02-08T18:08:40.1381486Z ##[endgroup]
2026-02-08T18:08:40.5018326Z (node:9591) [DEP0005] DeprecationWarning: Buffer() is deprecated due to security and usability issues. Please use the Buffer.alloc(), Buffer.allocUnsafe(), or Buffer.from() methods instead.
2026-02-08T18:08:40.5019160Z (Use `node --trace-deprecation ...` to show where the warning was created)
2026-02-08T18:08:58.8354894Z Waiting for Pods in namespace [vllm-project] to become Running and Ready (timeout 1200s)...
2026-02-08T18:08:58.9556368Z Follower [vllm-0-1] phase=Running ready=false
2026-02-08T18:08:58.9556710Z Follower [vllm-0-1] not Ready yet...
2026-02-08T18:08:59.0723817Z Leader [vllm-0] phase=Running ready=false
2026-02-08T18:08:59.0724205Z Leader not Ready yet...
2026-02-08T18:09:01.1854145Z Follower [vllm-0-1] phase=Running ready=false
2026-02-08T18:09:01.1854637Z Follower [vllm-0-1] not Ready yet...
2026-02-08T18:09:01.3004798Z Leader [vllm-0] phase=Running ready=false
2026-02-08T18:09:01.3005114Z Leader not Ready yet...
2026-02-08T18:09:03.4104471Z Follower [vllm-0-1] phase=Running ready=false
2026-02-08T18:09:03.4104883Z Follower [vllm-0-1] not Ready yet...
2026-02-08T18:09:03.5234331Z Leader [vllm-0] phase=Running ready=false
2026-02-08T18:09:03.5234742Z Leader not Ready yet...
2026-02-08T18:09:05.6349544Z Follower [vllm-0-1] phase=Running ready=false
2026-02-08T18:09:05.6349894Z Follower [vllm-0-1] not Ready yet...
2026-02-08T18:09:05.7471752Z Leader [vllm-0] phase=Running ready=false
2026-02-08T18:09:05.7472154Z Leader not Ready yet...
2026-02-08T18:09:07.8621768Z Follower [vllm-0-1] phase=Running ready=false
2026-02-08T18:09:07.8622220Z Follower [vllm-0-1] not Ready yet...
2026-02-08T18:09:07.9780388Z Leader [vllm-0] phase=Running ready=false
2026-02-08T18:09:07.9780807Z Leader not Ready yet...
2026-02-08T18:09:10.1124583Z Follower [vllm-0-1] phase=Running ready=false
2026-02-08T18:09:10.1124901Z Follower [vllm-0-1] not Ready yet...
2026-02-08T18:09:10.2339673Z Leader [vllm-0] phase=Running ready=false
2026-02-08T18:09:10.2339991Z Leader not Ready yet...
2026-02-08T18:09:12.3512763Z Follower [vllm-0-1] phase=Running ready=false
2026-02-08T18:09:12.3513155Z Follower [vllm-0-1] not Ready yet...
2026-02-08T18:09:12.4711601Z Leader [vllm-0] phase=Running ready=false
2026-02-08T18:09:12.4711935Z Leader not Ready yet...
2026-02-08T18:09:14.5838060Z Follower [vllm-0-1] phase=Running ready=false
2026-02-08T18:09:14.5838435Z Follower [vllm-0-1] not Ready yet...
2026-02-08T18:09:14.7063969Z Leader [vllm-0] phase=Running ready=false
2026-02-08T18:09:14.7064355Z Leader not Ready yet...
2026-02-08T18:09:16.8355527Z Follower [vllm-0-1] phase=Running ready=false
2026-02-08T18:09:16.8355920Z Follower [vllm-0-1] not Ready yet...
2026-02-08T18:09:16.9693619Z Leader [vllm-0] phase=Running ready=false
2026-02-08T18:09:16.9693951Z Leader not Ready yet...
2026-02-08T18:09:19.0903817Z Follower [vllm-0-1] phase=Running ready=false
2026-02-08T18:09:19.0904167Z Follower [vllm-0-1] not Ready yet...
2026-02-08T18:09:19.2195972Z Leader [vllm-0] phase=Running ready=false
2026-02-08T18:09:19.2196316Z Leader not Ready yet...
2026-02-08T18:09:21.3510541Z Follower [vllm-0-1] phase=Running ready=false
2026-02-08T18:09:21.3510904Z Follower [vllm-0-1] not Ready yet...
2026-02-08T18:09:21.4836553Z Leader [vllm-0] phase=Running ready=false
2026-02-08T18:09:21.4836953Z Leader not Ready yet...
2026-02-08T18:09:23.6153464Z Follower [vllm-0-1] phase=Running ready=false
2026-02-08T18:09:23.6153756Z Follower [vllm-0-1] not Ready yet...
2026-02-08T18:09:23.7436800Z Leader [vllm-0] phase=Running ready=false
2026-02-08T18:09:23.7437099Z Leader not Ready yet...
2026-02-08T18:09:25.8932206Z Follower [vllm-0-1] phase=Running ready=false
2026-02-08T18:09:26.0187210Z Follower [vllm-0-1] not Ready yet...
2026-02-08T18:09:26.0187618Z Leader [vllm-0] phase=Running ready=false
2026-02-08T18:09:26.0188124Z Leader not Ready yet...
2026-02-08T18:09:28.1508385Z Follower [vllm-0-1] phase=Running ready=false
2026-02-08T18:09:28.1508718Z Follower [vllm-0-1] not Ready yet...
2026-02-08T18:09:28.2792473Z Leader [vllm-0] phase=Running ready=false
2026-02-08T18:09:28.2792806Z Leader not Ready yet...
2026-02-08T18:09:30.4304234Z Follower [vllm-0-1] phase=Running ready=false
2026-02-08T18:09:30.4304685Z Follower [vllm-0-1] not Ready yet...
2026-02-08T18:09:30.5554237Z Leader [vllm-0] phase=Running ready=false
2026-02-08T18:09:30.5554578Z Leader not Ready yet...
2026-02-08T18:09:32.6752172Z Follower [vllm-0-1] phase=Running ready=false
2026-02-08T18:09:32.6752587Z Follower [vllm-0-1] not Ready yet...
2026-02-08T18:09:32.7855819Z Leader [vllm-0] phase=Running ready=false
2026-02-08T18:09:32.7856163Z Leader not Ready yet...
2026-02-08T18:09:34.9038976Z Follower [vllm-0-1] phase=Running ready=false
2026-02-08T18:09:34.9039338Z Follower [vllm-0-1] not Ready yet...
2026-02-08T18:09:35.0288627Z Leader [vllm-0] phase=Running ready=false
2026-02-08T18:09:35.0289056Z Leader not Ready yet...
2026-02-08T18:09:37.1667760Z Follower [vllm-0-1] phase=Running ready=false
2026-02-08T18:09:37.1668189Z Follower [vllm-0-1] not Ready yet...
2026-02-08T18:09:37.2886451Z Leader [vllm-0] phase=Running ready=false
2026-02-08T18:09:37.2886794Z Leader not Ready yet...
2026-02-08T18:09:39.4071195Z Follower [vllm-0-1] phase=Running ready=false
2026-02-08T18:09:39.4071538Z Follower [vllm-0-1] not Ready yet...
2026-02-08T18:09:39.5288863Z Leader [vllm-0] phase=Running ready=false
2026-02-08T18:09:39.5289167Z Leader not Ready yet...
2026-02-08T18:09:41.6506292Z Follower [vllm-0-1] phase=Running ready=false
2026-02-08T18:09:41.6506650Z Follower [vllm-0-1] not Ready yet...
2026-02-08T18:09:41.7791179Z Leader [vllm-0] phase=Running ready=false
2026-02-08T18:09:41.7791546Z Leader not Ready yet...
2026-02-08T18:09:43.9034303Z Follower [vllm-0-1] phase=Running ready=false
2026-02-08T18:09:44.0156720Z Follower [vllm-0-1] not Ready yet...
2026-02-08T18:09:44.0157060Z Leader [vllm-0] phase=Running ready=false
2026-02-08T18:09:44.0157353Z Leader not Ready yet...
2026-02-08T18:09:46.1366956Z Follower [vllm-0-1] phase=Running ready=false
2026-02-08T18:09:46.1367411Z Follower [vllm-0-1] not Ready yet...
2026-02-08T18:09:46.2536652Z Leader [vllm-0] phase=Running ready=false
2026-02-08T18:09:46.2536952Z Leader not Ready yet...
2026-02-08T18:09:48.3686198Z Follower [vllm-0-1] phase=Running ready=false
2026-02-08T18:09:48.3686721Z Follower [vllm-0-1] not Ready yet...
2026-02-08T18:09:48.4776404Z Leader [vllm-0] phase=Running ready=false
2026-02-08T18:09:50.5964753Z Leader not Ready yet...
2026-02-08T18:09:50.5965068Z Follower [vllm-0-1] phase=Running ready=false
2026-02-08T18:09:50.5965347Z Follower [vllm-0-1] not Ready yet...
2026-02-08T18:09:50.7112839Z Leader [vllm-0] phase=Running ready=false
2026-02-08T18:09:50.7113111Z Leader not Ready yet...
2026-02-08T18:09:52.8387179Z Follower [vllm-0-1] phase=Running ready=false
2026-02-08T18:09:52.8387484Z Follower [vllm-0-1] not Ready yet...
2026-02-08T18:09:52.9667321Z Leader [vllm-0] phase=Running ready=false
2026-02-08T18:09:52.9667546Z Leader not Ready yet...
2026-02-08T18:09:55.0898141Z Follower [vllm-0-1] phase=Running ready=false
2026-02-08T18:09:55.0898505Z Follower [vllm-0-1] not Ready yet...
2026-02-08T18:09:55.2059008Z Leader [vllm-0] phase=Running ready=false
2026-02-08T18:09:55.2059229Z Leader not Ready yet...
2026-02-08T18:09:57.3271802Z Follower [vllm-0-1] phase=Running ready=false
2026-02-08T18:09:57.3272166Z Follower [vllm-0-1] not Ready yet...
2026-02-08T18:09:57.4447522Z Leader [vllm-0] phase=Running ready=false
2026-02-08T18:09:57.4447766Z Leader not Ready yet...
2026-02-08T18:09:59.5603624Z Follower [vllm-0-1] phase=Running ready=false
2026-02-08T18:09:59.5603914Z Follower [vllm-0-1] not Ready yet...
2026-02-08T18:09:59.6742274Z Leader [vllm-0] phase=Running ready=false
2026-02-08T18:09:59.6742536Z Leader not Ready yet...
2026-02-08T18:10:01.8101505Z Follower [vllm-0-1] phase=Running ready=false
2026-02-08T18:10:01.8102195Z Follower [vllm-0-1] not Ready yet...
2026-02-08T18:10:01.9766760Z Leader [vllm-0] phase=Running ready=false
2026-02-08T18:10:01.9767061Z Leader not Ready yet...
2026-02-08T18:10:04.3520519Z Follower [vllm-0-1] phase=Running ready=false
2026-02-08T18:10:04.3520882Z Follower [vllm-0-1] not Ready yet...
2026-02-08T18:10:04.4681217Z Leader [vllm-0] phase=Running ready=false
2026-02-08T18:10:04.4681437Z Leader not Ready yet...
2026-02-08T18:10:06.6870370Z Follower [vllm-0-1] phase=Running ready=false
2026-02-08T18:10:06.6870655Z Follower [vllm-0-1] not Ready yet...
2026-02-08T18:10:06.8075219Z Leader [vllm-0] phase=Running ready=false
2026-02-08T18:10:06.8075455Z Leader not Ready yet...
2026-02-08T18:10:08.9269566Z Follower [vllm-0-1] phase=Running ready=false
2026-02-08T18:10:08.9269840Z Follower [vllm-0-1] not Ready yet...
2026-02-08T18:10:09.0406532Z Leader [vllm-0] phase=Running ready=false
2026-02-08T18:10:09.0406775Z Leader not Ready yet...
2026-02-08T18:10:11.1563459Z Follower [vllm-0-1] phase=Running ready=false
2026-02-08T18:10:11.1563735Z Follower [vllm-0-1] not Ready yet...
2026-02-08T18:10:11.2665228Z Leader [vllm-0] phase=Running ready=false
2026-02-08T18:10:11.2665460Z Leader not Ready yet...
2026-02-08T18:10:13.3840068Z Follower [vllm-0-1] phase=Running ready=false
2026-02-08T18:10:13.3840358Z Follower [vllm-0-1] not Ready yet...
2026-02-08T18:10:13.4989386Z Leader [vllm-0] phase=Running ready=false
2026-02-08T18:10:13.4989633Z Leader not Ready yet...
2026-02-08T18:10:15.6262730Z Follower [vllm-0-1] phase=Running ready=false
2026-02-08T18:10:15.6263004Z Follower [vllm-0-1] not Ready yet...
2026-02-08T18:10:15.7421550Z Leader [vllm-0] phase=Running ready=false
2026-02-08T18:10:15.7423224Z Leader not Ready yet...
2026-02-08T18:10:17.8717449Z Follower [vllm-0-1] phase=Running ready=false
2026-02-08T18:10:17.8717720Z Follower [vllm-0-1] not Ready yet...
2026-02-08T18:10:17.9955411Z Leader [vllm-0] phase=Running ready=false
2026-02-08T18:10:17.9955633Z Leader not Ready yet...
2026-02-08T18:10:20.1281629Z Follower [vllm-0-1] phase=Running ready=false
2026-02-08T18:10:20.1281889Z Follower [vllm-0-1] not Ready yet...
2026-02-08T18:10:20.2434555Z Leader [vllm-0] phase=Running ready=false
2026-02-08T18:10:20.2434764Z Leader not Ready yet...
2026-02-08T18:10:22.3692577Z Follower [vllm-0-1] phase=Running ready=false
2026-02-08T18:10:22.3692877Z Follower [vllm-0-1] not Ready yet...
2026-02-08T18:10:22.4889763Z Leader [vllm-0] phase=Running ready=false
2026-02-08T18:10:22.4890030Z Leader not Ready yet...
2026-02-08T18:10:24.6052389Z Follower [vllm-0-1] phase=Running ready=false
2026-02-08T18:10:24.6052673Z Follower [vllm-0-1] not Ready yet...
2026-02-08T18:10:24.7245496Z Leader [vllm-0] phase=Running ready=false
2026-02-08T18:10:24.7245727Z Leader not Ready yet...
2026-02-08T18:10:26.8523055Z Follower [vllm-0-1] phase=Running ready=false
2026-02-08T18:10:26.8523363Z Follower [vllm-0-1] not Ready yet...
2026-02-08T18:10:26.9717790Z Leader [vllm-0] phase=Running ready=false
2026-02-08T18:10:26.9718061Z Leader not Ready yet...
2026-02-08T18:10:29.3304378Z Follower [vllm-0-1] phase=Running ready=false
2026-02-08T18:10:29.3304668Z Follower [vllm-0-1] not Ready yet...
2026-02-08T18:10:29.4511243Z Leader [vllm-0] phase=Running ready=false
2026-02-08T18:10:29.4511530Z Leader not Ready yet...
2026-02-08T18:10:31.5640749Z Follower [vllm-0-1] phase=Running ready=false
2026-02-08T18:10:31.5641028Z Follower [vllm-0-1] not Ready yet...
2026-02-08T18:10:31.6833349Z Leader [vllm-0] phase=Running ready=false
2026-02-08T18:10:31.6833615Z Leader not Ready yet...
2026-02-08T18:10:33.8023908Z Follower [vllm-0-1] phase=Running ready=false
2026-02-08T18:10:33.8024222Z Follower [vllm-0-1] not Ready yet...
2026-02-08T18:10:33.9357233Z Leader [vllm-0] phase=Running ready=false
2026-02-08T18:10:33.9357466Z Leader not Ready yet...
2026-02-08T18:10:36.0732626Z Follower [vllm-0-1] phase=Running ready=false
2026-02-08T18:10:36.0732935Z Follower [vllm-0-1] not Ready yet...
2026-02-08T18:10:36.1944517Z Leader [vllm-0] phase=Running ready=false
2026-02-08T18:10:36.1945913Z Leader not Ready yet...
2026-02-08T18:10:38.3333840Z Follower [vllm-0-1] phase=Running ready=false
2026-02-08T18:10:38.3334122Z Follower [vllm-0-1] not Ready yet...
2026-02-08T18:10:38.4684198Z Leader [vllm-0] phase=Running ready=false
2026-02-08T18:10:38.4684454Z Leader not Ready yet...
2026-02-08T18:10:40.5903372Z Follower [vllm-0-1] phase=Running ready=false
2026-02-08T18:10:40.5903651Z Follower [vllm-0-1] not Ready yet...
2026-02-08T18:10:40.7240329Z Leader [vllm-0] phase=Running ready=false
2026-02-08T18:10:40.7240616Z Leader not Ready yet...
2026-02-08T18:10:42.8588606Z Follower [vllm-0-1] phase=Running ready=false
2026-02-08T18:10:42.8588903Z Follower [vllm-0-1] not Ready yet...
2026-02-08T18:10:42.9748635Z Leader [vllm-0] phase=Running ready=false
2026-02-08T18:10:42.9748877Z Leader not Ready yet...
2026-02-08T18:10:45.0946144Z Follower [vllm-0-1] phase=Running ready=false
2026-02-08T18:10:45.0946425Z Follower [vllm-0-1] not Ready yet...
2026-02-08T18:10:45.2198100Z Leader [vllm-0] phase=Running ready=false
2026-02-08T18:10:45.2198320Z Leader not Ready yet...
2026-02-08T18:10:47.3399168Z Follower [vllm-0-1] phase=Running ready=false
2026-02-08T18:10:47.3399455Z Follower [vllm-0-1] not Ready yet...
2026-02-08T18:10:47.4732146Z Leader [vllm-0] phase=Running ready=false
2026-02-08T18:10:47.4732445Z Leader not Ready yet...
2026-02-08T18:10:49.5997443Z Follower [vllm-0-1] phase=Running ready=false
2026-02-08T18:10:49.5997726Z Follower [vllm-0-1] not Ready yet...
2026-02-08T18:10:49.7128768Z Leader [vllm-0] phase=Running ready=false
2026-02-08T18:10:49.7129016Z Leader not Ready yet...
2026-02-08T18:10:51.8394991Z Follower [vllm-0-1] phase=Running ready=false
2026-02-08T18:10:51.8395274Z Follower [vllm-0-1] not Ready yet...
2026-02-08T18:10:51.9686989Z Leader [vllm-0] phase=Running ready=false
2026-02-08T18:10:51.9687234Z Leader not Ready yet...
2026-02-08T18:10:54.0968603Z Follower [vllm-0-1] phase=Running ready=false
2026-02-08T18:10:54.0968922Z Follower [vllm-0-1] not Ready yet...
2026-02-08T18:10:54.2272608Z Leader [vllm-0] phase=Running ready=false
2026-02-08T18:10:54.2272872Z Leader not Ready yet...
2026-02-08T18:10:56.3491808Z Follower [vllm-0-1] phase=Running ready=false
2026-02-08T18:10:56.3492199Z Follower [vllm-0-1] not Ready yet...
2026-02-08T18:10:56.4623730Z Leader [vllm-0] phase=Running ready=false
2026-02-08T18:10:56.4623962Z Leader not Ready yet...
2026-02-08T18:10:58.5910320Z Follower [vllm-0-1] phase=Running ready=false
2026-02-08T18:10:58.5910598Z Follower [vllm-0-1] not Ready yet...
2026-02-08T18:10:58.7292177Z Leader [vllm-0] phase=Running ready=false
2026-02-08T18:10:58.7292439Z Leader not Ready yet...
2026-02-08T18:11:00.8473795Z Follower [vllm-0-1] phase=Running ready=false
2026-02-08T18:11:00.8474071Z Follower [vllm-0-1] not Ready yet...
2026-02-08T18:11:00.9688565Z Leader [vllm-0] phase=Running ready=false
2026-02-08T18:11:00.9688842Z Leader not Ready yet...
2026-02-08T18:11:03.0937061Z Follower [vllm-0-1] phase=Running ready=false
2026-02-08T18:11:03.0937347Z Follower [vllm-0-1] not Ready yet...
2026-02-08T18:11:03.2194026Z Leader [vllm-0] phase=Running ready=false
2026-02-08T18:11:03.2194293Z Leader not Ready yet...
2026-02-08T18:11:05.3605344Z Follower [vllm-0-1] phase=Running ready=false
2026-02-08T18:11:05.3605627Z Follower [vllm-0-1] not Ready yet...
2026-02-08T18:11:05.4780926Z Leader [vllm-0] phase=Running ready=false
2026-02-08T18:11:05.4781155Z Leader not Ready yet...
2026-02-08T18:11:07.5959374Z Follower [vllm-0-1] phase=Running ready=false
2026-02-08T18:11:07.5959669Z Follower [vllm-0-1] not Ready yet...
2026-02-08T18:11:07.7120998Z Leader [vllm-0] phase=Running ready=false
2026-02-08T18:11:07.7121282Z Leader not Ready yet...
2026-02-08T18:11:09.8353558Z Follower [vllm-0-1] phase=Running ready=false
2026-02-08T18:11:09.8353832Z Follower [vllm-0-1] not Ready yet...
2026-02-08T18:11:09.9478271Z Leader [vllm-0] phase=Running ready=false
2026-02-08T18:11:09.9478609Z Leader not Ready yet...
2026-02-08T18:11:12.0707511Z Follower [vllm-0-1] phase=Running ready=false
2026-02-08T18:11:12.0707857Z Follower [vllm-0-1] not Ready yet...
2026-02-08T18:11:12.1963807Z Leader [vllm-0] phase=Running ready=false
2026-02-08T18:11:12.1964031Z Leader not Ready yet...
2026-02-08T18:11:14.3314926Z Follower [vllm-0-1] phase=Running ready=false
2026-02-08T18:11:14.3315209Z Follower [vllm-0-1] not Ready yet...
2026-02-08T18:11:14.4501518Z Leader [vllm-0] phase=Running ready=false
2026-02-08T18:11:14.4501753Z Leader not Ready yet...
2026-02-08T18:11:16.5844645Z Follower [vllm-0-1] phase=Running ready=false
2026-02-08T18:11:16.5844932Z Follower [vllm-0-1] not Ready yet...
2026-02-08T18:11:16.7292960Z Leader [vllm-0] phase=Running ready=false
2026-02-08T18:11:16.7293185Z Leader not Ready yet...
2026-02-08T18:11:18.8500648Z Follower [vllm-0-1] phase=Running ready=false
2026-02-08T18:11:18.8501368Z Follower [vllm-0-1] not Ready yet...
2026-02-08T18:11:18.9831913Z Leader [vllm-0] phase=Running ready=false
2026-02-08T18:11:18.9832246Z Leader not Ready yet...
2026-02-08T18:11:21.1076618Z Follower [vllm-0-1] phase=Running ready=false
2026-02-08T18:11:21.1076897Z Follower [vllm-0-1] not Ready yet...
2026-02-08T18:11:21.2320004Z Leader [vllm-0] phase=Running ready=false
2026-02-08T18:11:21.2320232Z Leader not Ready yet...
2026-02-08T18:11:23.3552923Z Follower [vllm-0-1] phase=Running ready=false
2026-02-08T18:11:23.3553197Z Follower [vllm-0-1] not Ready yet...
2026-02-08T18:11:23.4904679Z Leader [vllm-0] phase=Running ready=false
2026-02-08T18:11:23.4904934Z Leader not Ready yet...
2026-02-08T18:11:25.6246426Z Follower [vllm-0-1] phase=Running ready=false
2026-02-08T18:11:25.6246721Z Follower [vllm-0-1] not Ready yet...
2026-02-08T18:11:25.7646130Z Leader [vllm-0] phase=Running ready=false
2026-02-08T18:11:25.7646358Z Leader not Ready yet...
2026-02-08T18:11:27.8877483Z Follower [vllm-0-1] phase=Running ready=false
2026-02-08T18:11:27.8879361Z Follower [vllm-0-1] not Ready yet...
2026-02-08T18:11:28.0116436Z Leader [vllm-0] phase=Running ready=false
2026-02-08T18:11:28.0116678Z Leader not Ready yet...
2026-02-08T18:11:30.1525867Z Follower [vllm-0-1] phase=Running ready=false
2026-02-08T18:11:30.1526133Z Follower [vllm-0-1] not Ready yet...
2026-02-08T18:11:30.2707301Z Leader [vllm-0] phase=Running ready=false
2026-02-08T18:11:30.2707564Z Leader not Ready yet...
2026-02-08T18:11:32.3989476Z Follower [vllm-0-1] phase=Running ready=false
2026-02-08T18:11:32.3989801Z Follower [vllm-0-1] not Ready yet...
2026-02-08T18:11:32.5334728Z Leader [vllm-0] phase=Running ready=false
2026-02-08T18:11:32.5335045Z Leader not Ready yet...
2026-02-08T18:11:34.6632696Z Follower [vllm-0-1] phase=Running ready=false
2026-02-08T18:11:34.6632982Z Follower [vllm-0-1] not Ready yet...
2026-02-08T18:11:34.7767347Z Leader [vllm-0] phase=Running ready=false
2026-02-08T18:11:34.7767563Z Leader not Ready yet...
2026-02-08T18:11:36.9065018Z Follower [vllm-0-1] phase=Running ready=false
2026-02-08T18:11:36.9065325Z Follower [vllm-0-1] not Ready yet...
2026-02-08T18:11:37.0216380Z Leader [vllm-0] phase=Running ready=false
2026-02-08T18:11:37.0216638Z Leader not Ready yet...
2026-02-08T18:11:39.1454914Z Follower [vllm-0-1] phase=Running ready=false
2026-02-08T18:11:39.1455187Z Follower [vllm-0-1] not Ready yet...
2026-02-08T18:11:39.2754271Z Leader [vllm-0] phase=Running ready=false
2026-02-08T18:11:39.2754487Z Leader not Ready yet...
2026-02-08T18:11:41.4194926Z Follower [vllm-0-1] phase=Running ready=false
2026-02-08T18:11:41.4195213Z Follower [vllm-0-1] not Ready yet...
2026-02-08T18:11:41.5400843Z Leader [vllm-0] phase=Running ready=false
2026-02-08T18:11:41.5401093Z Leader not Ready yet...
2026-02-08T18:11:43.6591631Z Follower [vllm-0-1] phase=Running ready=false
2026-02-08T18:11:43.6591923Z Follower [vllm-0-1] not Ready yet...
2026-02-08T18:11:43.7836520Z Leader [vllm-0] phase=Running ready=false
2026-02-08T18:11:43.7836745Z Leader not Ready yet...
2026-02-08T18:11:45.9055605Z Follower [vllm-0-1] phase=Running ready=false
2026-02-08T18:11:45.9055891Z Follower [vllm-0-1] not Ready yet...
2026-02-08T18:11:46.0400360Z Leader [vllm-0] phase=Running ready=false
2026-02-08T18:11:46.0400622Z Leader not Ready yet...
2026-02-08T18:11:48.1852711Z Follower [vllm-0-1] phase=Running ready=false
2026-02-08T18:11:48.1852980Z Follower [vllm-0-1] not Ready yet...
2026-02-08T18:11:48.3086972Z Leader [vllm-0] phase=Running ready=false
2026-02-08T18:11:50.4398150Z Leader not Ready yet...
2026-02-08T18:11:50.4398424Z Follower [vllm-0-1] phase=Running ready=false
2026-02-08T18:11:50.4398663Z Follower [vllm-0-1] not Ready yet...
2026-02-08T18:11:50.5804541Z Leader [vllm-0] phase=Running ready=false
2026-02-08T18:11:50.5804772Z Leader not Ready yet...
2026-02-08T18:11:52.7115925Z Follower [vllm-0-1] phase=Running ready=false
2026-02-08T18:11:52.7116218Z Follower [vllm-0-1] not Ready yet...
2026-02-08T18:11:52.8505249Z Leader [vllm-0] phase=Running ready=false
2026-02-08T18:11:52.8505505Z Leader not Ready yet...
2026-02-08T18:11:54.9859655Z Follower [vllm-0-1] phase=Running ready=false
2026-02-08T18:11:54.9859927Z Follower [vllm-0-1] not Ready yet...
2026-02-08T18:11:55.1272429Z Leader [vllm-0] phase=Running ready=false
2026-02-08T18:11:55.1272703Z Leader not Ready yet...
2026-02-08T18:11:57.2616229Z Follower [vllm-0-1] phase=Running ready=false
2026-02-08T18:11:57.2616503Z Follower [vllm-0-1] not Ready yet...
2026-02-08T18:11:57.4055028Z Leader [vllm-0] phase=Running ready=false
2026-02-08T18:11:57.4055258Z Leader not Ready yet...
2026-02-08T18:11:59.5422909Z Follower [vllm-0-1] phase=Running ready=false
2026-02-08T18:11:59.5423197Z Follower [vllm-0-1] not Ready yet...
2026-02-08T18:11:59.6773108Z Leader [vllm-0] phase=Running ready=false
2026-02-08T18:11:59.6773330Z Leader not Ready yet...
2026-02-08T18:12:01.7964803Z Follower [vllm-0-1] phase=Running ready=false
2026-02-08T18:12:01.7965100Z Follower [vllm-0-1] not Ready yet...
2026-02-08T18:12:01.9123389Z Leader [vllm-0] phase=Running ready=false
2026-02-08T18:12:01.9123959Z Leader not Ready yet...
2026-02-08T18:12:04.0271500Z Follower [vllm-0-1] phase=Running ready=false
2026-02-08T18:12:04.0271823Z Follower [vllm-0-1] not Ready yet...
2026-02-08T18:12:04.1434797Z Leader [vllm-0] phase=Running ready=false
2026-02-08T18:12:04.1435061Z Leader not Ready yet...
2026-02-08T18:12:06.2531737Z Follower [vllm-0-1] phase=Running ready=false
2026-02-08T18:12:06.2532112Z Follower [vllm-0-1] not Ready yet...
2026-02-08T18:12:06.3758761Z Leader [vllm-0] phase=Running ready=false
2026-02-08T18:12:06.3758994Z Leader not Ready yet...
2026-02-08T18:12:08.4885833Z Follower [vllm-0-1] phase=Running ready=false
2026-02-08T18:12:08.4886125Z Follower [vllm-0-1] not Ready yet...
2026-02-08T18:12:08.6025130Z Leader [vllm-0] phase=Running ready=false
2026-02-08T18:12:08.6025387Z Leader not Ready yet...
2026-02-08T18:12:10.7173423Z Follower [vllm-0-1] phase=Running ready=false
2026-02-08T18:12:10.7173705Z Follower [vllm-0-1] not Ready yet...
2026-02-08T18:12:10.8341127Z Leader [vllm-0] phase=Running ready=false
2026-02-08T18:12:10.8341387Z Leader not Ready yet...
2026-02-08T18:12:12.9455042Z Follower [vllm-0-1] phase=Running ready=false
2026-02-08T18:12:12.9455426Z Follower [vllm-0-1] not Ready yet...
2026-02-08T18:12:13.0611343Z Leader [vllm-0] phase=Running ready=false
2026-02-08T18:12:13.0611596Z Leader not Ready yet...
2026-02-08T18:12:15.1813900Z Follower [vllm-0-1] phase=Running ready=false
2026-02-08T18:12:15.1814205Z Follower [vllm-0-1] not Ready yet...
2026-02-08T18:12:15.2947762Z Leader [vllm-0] phase=Running ready=false
2026-02-08T18:12:15.2947979Z Leader not Ready yet...
2026-02-08T18:12:17.4172648Z Follower [vllm-0-1] phase=Running ready=false
2026-02-08T18:12:17.4172929Z Follower [vllm-0-1] not Ready yet...
2026-02-08T18:12:17.5463499Z Leader [vllm-0] phase=Running ready=false
2026-02-08T18:12:17.5463744Z Leader not Ready yet...
2026-02-08T18:12:19.6676679Z Follower [vllm-0-1] phase=Running ready=false
2026-02-08T18:12:19.6677006Z Follower [vllm-0-1] not Ready yet...
2026-02-08T18:12:19.7919393Z Leader [vllm-0] phase=Running ready=false
2026-02-08T18:12:19.7919610Z Leader not Ready yet...
2026-02-08T18:12:21.9077482Z Follower [vllm-0-1] phase=Running ready=false
2026-02-08T18:12:21.9077872Z Follower [vllm-0-1] not Ready yet...
2026-02-08T18:12:22.0262555Z Leader [vllm-0] phase=Running ready=false
2026-02-08T18:12:22.0263094Z Leader not Ready yet...
2026-02-08T18:12:24.1582230Z Follower [vllm-0-1] phase=Running ready=false
2026-02-08T18:12:24.1582506Z Follower [vllm-0-1] not Ready yet...
2026-02-08T18:12:24.2920570Z Leader [vllm-0] phase=Running ready=false
2026-02-08T18:12:24.2920796Z Leader not Ready yet...
2026-02-08T18:12:26.4199338Z Follower [vllm-0-1] phase=Running ready=false
2026-02-08T18:12:26.4199632Z Follower [vllm-0-1] not Ready yet...
2026-02-08T18:12:26.5479039Z Leader [vllm-0] phase=Running ready=false
2026-02-08T18:12:26.5479308Z Leader not Ready yet...
2026-02-08T18:12:28.6747954Z Follower [vllm-0-1] phase=Running ready=false
2026-02-08T18:12:28.6748235Z Follower [vllm-0-1] not Ready yet...
2026-02-08T18:12:28.7972477Z Leader [vllm-0] phase=Running ready=false
2026-02-08T18:12:28.7972715Z Leader not Ready yet...
2026-02-08T18:12:30.9199669Z Follower [vllm-0-1] phase=Running ready=false
2026-02-08T18:12:30.9200013Z Follower [vllm-0-1] not Ready yet...
2026-02-08T18:12:31.0334224Z Leader [vllm-0] phase=Running ready=false
2026-02-08T18:12:31.0334493Z Leader not Ready yet...
2026-02-08T18:12:33.1615027Z Follower [vllm-0-1] phase=Running ready=false
2026-02-08T18:12:33.1615301Z Follower [vllm-0-1] not Ready yet...
2026-02-08T18:12:33.2812086Z Leader [vllm-0] phase=Running ready=false
2026-02-08T18:12:33.2812310Z Leader not Ready yet...
2026-02-08T18:12:35.4213743Z Follower [vllm-0-1] phase=Running ready=false
2026-02-08T18:12:35.4214024Z Follower [vllm-0-1] not Ready yet...
2026-02-08T18:12:35.5388911Z Leader [vllm-0] phase=Running ready=false
2026-02-08T18:12:35.5389172Z Leader not Ready yet...
2026-02-08T18:12:37.6554269Z Follower [vllm-0-1] phase=Running ready=false
2026-02-08T18:12:37.6554842Z Follower [vllm-0-1] not Ready yet...
2026-02-08T18:12:37.7674452Z Leader [vllm-0] phase=Running ready=false
2026-02-08T18:12:37.7674701Z Leader not Ready yet...
2026-02-08T18:12:39.8953554Z Follower [vllm-0-1] phase=Running ready=false
2026-02-08T18:12:39.8953837Z Follower [vllm-0-1] not Ready yet...
2026-02-08T18:12:40.0227253Z Leader [vllm-0] phase=Running ready=false
2026-02-08T18:12:40.0227502Z Leader not Ready yet...
2026-02-08T18:12:42.1512540Z Follower [vllm-0-1] phase=Running ready=false
2026-02-08T18:12:42.1512827Z Follower [vllm-0-1] not Ready yet...
2026-02-08T18:12:42.2797733Z Leader [vllm-0] phase=Running ready=false
2026-02-08T18:12:42.2797968Z Leader not Ready yet...
2026-02-08T18:12:44.4044880Z Follower [vllm-0-1] phase=Running ready=false
2026-02-08T18:12:44.4045184Z Follower [vllm-0-1] not Ready yet...
2026-02-08T18:12:44.5335534Z Leader [vllm-0] phase=Running ready=false
2026-02-08T18:12:44.5335806Z Leader not Ready yet...
2026-02-08T18:12:46.6569882Z Follower [vllm-0-1] phase=Running ready=false
2026-02-08T18:12:46.6570175Z Follower [vllm-0-1] not Ready yet...
2026-02-08T18:12:46.7821568Z Leader [vllm-0] phase=Running ready=false
2026-02-08T18:12:46.7821795Z Leader not Ready yet...
2026-02-08T18:12:48.9086973Z Follower [vllm-0-1] phase=Running ready=false
2026-02-08T18:12:48.9087241Z Follower [vllm-0-1] not Ready yet...
2026-02-08T18:12:49.0278023Z Leader [vllm-0] phase=Running ready=false
2026-02-08T18:12:49.0278238Z Leader not Ready yet...
2026-02-08T18:12:51.1454868Z Follower [vllm-0-1] phase=Running ready=false
2026-02-08T18:12:51.1455146Z Follower [vllm-0-1] not Ready yet...
2026-02-08T18:12:51.2703692Z Leader [vllm-0] phase=Running ready=false
2026-02-08T18:12:51.2703926Z Leader not Ready yet...
2026-02-08T18:12:53.3907137Z Follower [vllm-0-1] phase=Running ready=false
2026-02-08T18:12:53.3907461Z Follower [vllm-0-1] not Ready yet...
2026-02-08T18:12:53.5122693Z Leader [vllm-0] phase=Running ready=false
2026-02-08T18:12:53.5122950Z Leader not Ready yet...
2026-02-08T18:12:55.6417268Z Follower [vllm-0-1] phase=Running ready=false
2026-02-08T18:12:55.6417554Z Follower [vllm-0-1] not Ready yet...
2026-02-08T18:12:55.7746446Z Leader [vllm-0] phase=Running ready=false
2026-02-08T18:12:55.7746782Z Leader not Ready yet...
2026-02-08T18:12:57.9063669Z Follower [vllm-0-1] phase=Running ready=false
2026-02-08T18:12:57.9063956Z Follower [vllm-0-1] not Ready yet...
2026-02-08T18:12:58.0291602Z Leader [vllm-0] phase=Running ready=false
2026-02-08T18:12:58.0291857Z Leader not Ready yet...
2026-02-08T18:13:00.1487383Z Follower [vllm-0-1] phase=Running ready=false
2026-02-08T18:13:00.1487659Z Follower [vllm-0-1] not Ready yet...
2026-02-08T18:13:00.2660383Z Leader [vllm-0] phase=Running ready=false
2026-02-08T18:13:00.2660614Z Leader not Ready yet...
2026-02-08T18:13:02.3841867Z Follower [vllm-0-1] phase=Running ready=false
2026-02-08T18:13:02.3842360Z Follower [vllm-0-1] not Ready yet...
2026-02-08T18:13:02.5089868Z Leader [vllm-0] phase=Running ready=false
2026-02-08T18:13:02.5090150Z Leader not Ready yet...
2026-02-08T18:13:04.6412459Z Follower [vllm-0-1] phase=Running ready=false
2026-02-08T18:13:04.6412767Z Follower [vllm-0-1] not Ready yet...
2026-02-08T18:13:04.7561362Z Leader [vllm-0] phase=Running ready=false
2026-02-08T18:13:04.7561637Z Leader not Ready yet...
2026-02-08T18:13:06.8841680Z Follower [vllm-0-1] phase=Running ready=false
2026-02-08T18:13:06.8842071Z Follower [vllm-0-1] not Ready yet...
2026-02-08T18:13:07.0108667Z Leader [vllm-0] phase=Running ready=false
2026-02-08T18:13:07.0108913Z Leader not Ready yet...
2026-02-08T18:13:09.1320399Z Follower [vllm-0-1] phase=Running ready=false
2026-02-08T18:13:09.1320687Z Follower [vllm-0-1] not Ready yet...
2026-02-08T18:13:09.2549055Z Leader [vllm-0] phase=Running ready=false
2026-02-08T18:13:09.2549311Z Leader not Ready yet...
2026-02-08T18:13:11.3911173Z Follower [vllm-0-1] phase=Running ready=false
2026-02-08T18:13:11.3911446Z Follower [vllm-0-1] not Ready yet...
2026-02-08T18:13:11.5108150Z Leader [vllm-0] phase=Running ready=false
2026-02-08T18:13:11.5108677Z Leader not Ready yet...
2026-02-08T18:13:13.6398188Z Follower [vllm-0-1] phase=Running ready=false
2026-02-08T18:13:13.6398482Z Follower [vllm-0-1] not Ready yet...
2026-02-08T18:13:13.7638767Z Leader [vllm-0] phase=Running ready=false
2026-02-08T18:13:13.7638996Z Leader not Ready yet...
2026-02-08T18:13:15.8872337Z Follower [vllm-0-1] phase=Running ready=false
2026-02-08T18:13:15.8872626Z Follower [vllm-0-1] not Ready yet...
2026-02-08T18:13:16.0083474Z Leader [vllm-0] phase=Running ready=false
2026-02-08T18:13:16.0083733Z Leader not Ready yet...
2026-02-08T18:13:18.1414812Z Follower [vllm-0-1] phase=Running ready=false
2026-02-08T18:13:18.1415082Z Follower [vllm-0-1] not Ready yet...
2026-02-08T18:13:18.2554340Z Leader [vllm-0] phase=Running ready=false
2026-02-08T18:13:18.2554589Z Leader not Ready yet...
2026-02-08T18:13:20.3800146Z Follower [vllm-0-1] phase=Running ready=false
2026-02-08T18:13:20.3800426Z Follower [vllm-0-1] not Ready yet...
2026-02-08T18:13:20.5042298Z Leader [vllm-0] phase=Running ready=false
2026-02-08T18:13:20.5042511Z Leader not Ready yet...
2026-02-08T18:13:22.6274882Z Follower [vllm-0-1] phase=Running ready=false
2026-02-08T18:13:22.6275156Z Follower [vllm-0-1] not Ready yet...
2026-02-08T18:13:22.7475051Z Leader [vllm-0] phase=Running ready=false
2026-02-08T18:13:22.7475304Z Leader not Ready yet...
2026-02-08T18:13:24.8722406Z Follower [vllm-0-1] phase=Running ready=false
2026-02-08T18:13:24.8722688Z Follower [vllm-0-1] not Ready yet...
2026-02-08T18:13:24.9886388Z Leader [vllm-0] phase=Running ready=false
2026-02-08T18:13:24.9886616Z Leader not Ready yet...
2026-02-08T18:13:27.1203201Z Follower [vllm-0-1] phase=Running ready=false
2026-02-08T18:13:27.1203466Z Follower [vllm-0-1] not Ready yet...
2026-02-08T18:13:27.2374371Z Leader [vllm-0] phase=Running ready=false
2026-02-08T18:13:27.2374642Z Leader not Ready yet...
2026-02-08T18:13:29.3739015Z Follower [vllm-0-1] phase=Running ready=false
2026-02-08T18:13:29.3739289Z Follower [vllm-0-1] not Ready yet...
2026-02-08T18:13:29.4933727Z Leader [vllm-0] phase=Running ready=false
2026-02-08T18:13:29.4934116Z Leader not Ready yet...
2026-02-08T18:13:31.6196972Z Follower [vllm-0-1] phase=Running ready=false
2026-02-08T18:13:31.6197260Z Follower [vllm-0-1] not Ready yet...
2026-02-08T18:13:31.7386648Z Leader [vllm-0] phase=Running ready=false
2026-02-08T18:13:31.7386911Z Leader not Ready yet...
2026-02-08T18:13:33.8622344Z Follower [vllm-0-1] phase=Running ready=false
2026-02-08T18:13:33.8622638Z Follower [vllm-0-1] not Ready yet...
2026-02-08T18:13:33.9809326Z Leader [vllm-0] phase=Running ready=false
2026-02-08T18:13:33.9809608Z Leader not Ready yet...
2026-02-08T18:13:36.1026532Z Follower [vllm-0-1] phase=Running ready=false
2026-02-08T18:13:36.1026809Z Follower [vllm-0-1] not Ready yet...
2026-02-08T18:13:36.2361969Z Leader [vllm-0] phase=Running ready=false
2026-02-08T18:13:36.2362328Z Leader not Ready yet...
2026-02-08T18:13:38.3643652Z Follower [vllm-0-1] phase=Running ready=false
2026-02-08T18:13:38.3643950Z Follower [vllm-0-1] not Ready yet...
2026-02-08T18:13:38.4856494Z Leader [vllm-0] phase=Running ready=false
2026-02-08T18:13:38.4856751Z Leader not Ready yet...
2026-02-08T18:13:40.6179192Z Follower [vllm-0-1] phase=Running ready=false
2026-02-08T18:13:40.6179477Z Follower [vllm-0-1] not Ready yet...
2026-02-08T18:13:40.7418037Z Leader [vllm-0] phase=Running ready=false
2026-02-08T18:13:40.7418302Z Leader not Ready yet...
2026-02-08T18:13:42.8735052Z Follower [vllm-0-1] phase=Running ready=false
2026-02-08T18:13:42.8735337Z Follower [vllm-0-1] not Ready yet...
2026-02-08T18:13:42.9996786Z Leader [vllm-0] phase=Running ready=false
2026-02-08T18:13:42.9997022Z Leader not Ready yet...
2026-02-08T18:13:45.1291577Z Follower [vllm-0-1] phase=Running ready=false
2026-02-08T18:13:45.1291859Z Follower [vllm-0-1] not Ready yet...
2026-02-08T18:13:45.2517230Z Leader [vllm-0] phase=Running ready=false
2026-02-08T18:13:45.2517494Z Leader not Ready yet...
2026-02-08T18:13:47.3757551Z Follower [vllm-0-1] phase=Running ready=false
2026-02-08T18:13:47.3758183Z Follower [vllm-0-1] not Ready yet...
2026-02-08T18:13:47.4940875Z Leader [vllm-0] phase=Running ready=false
2026-02-08T18:13:47.4941101Z Leader not Ready yet...
2026-02-08T18:13:49.6295599Z Follower [vllm-0-1] phase=Running ready=false
2026-02-08T18:13:49.6295906Z Follower [vllm-0-1] not Ready yet...
2026-02-08T18:13:49.7586011Z Leader [vllm-0] phase=Running ready=false
2026-02-08T18:13:49.7586266Z Leader not Ready yet...
2026-02-08T18:13:51.8764979Z Follower [vllm-0-1] phase=Running ready=false
2026-02-08T18:13:51.8765245Z Follower [vllm-0-1] not Ready yet...
2026-02-08T18:13:51.9972297Z Leader [vllm-0] phase=Running ready=false
2026-02-08T18:13:51.9972587Z Leader not Ready yet...
2026-02-08T18:13:54.1195526Z Follower [vllm-0-1] phase=Running ready=false
2026-02-08T18:13:54.1195816Z Follower [vllm-0-1] not Ready yet...
2026-02-08T18:13:54.2383337Z Leader [vllm-0] phase=Running ready=false
2026-02-08T18:13:54.2383606Z Leader not Ready yet...
2026-02-08T18:13:56.3613399Z Follower [vllm-0-1] phase=Running ready=false
2026-02-08T18:13:56.3613684Z Follower [vllm-0-1] not Ready yet...
2026-02-08T18:13:56.4978428Z Leader [vllm-0] phase=Running ready=false
2026-02-08T18:13:56.4978648Z Leader not Ready yet...
2026-02-08T18:13:58.6278801Z Follower [vllm-0-1] phase=Running ready=false
2026-02-08T18:13:58.6279080Z Follower [vllm-0-1] not Ready yet...
2026-02-08T18:13:58.7475209Z Leader [vllm-0] phase=Running ready=false
2026-02-08T18:13:58.7475479Z Leader not Ready yet...
2026-02-08T18:14:00.8799075Z Follower [vllm-0-1] phase=Running ready=false
2026-02-08T18:14:00.8799453Z Follower [vllm-0-1] not Ready yet...
2026-02-08T18:14:01.0037016Z Leader [vllm-0] phase=Running ready=false
2026-02-08T18:14:01.0037265Z Leader not Ready yet...
2026-02-08T18:14:03.1398142Z Follower [vllm-0-1] phase=Running ready=false
2026-02-08T18:14:03.1398424Z Follower [vllm-0-1] not Ready yet...
2026-02-08T18:14:03.2644010Z Leader [vllm-0] phase=Running ready=false
2026-02-08T18:14:03.2644262Z Leader not Ready yet...
2026-02-08T18:14:05.4018947Z Follower [vllm-0-1] phase=Running ready=false
2026-02-08T18:14:05.4019548Z Follower [vllm-0-1] not Ready yet...
2026-02-08T18:14:05.5352946Z Leader [vllm-0] phase=Running ready=false
2026-02-08T18:14:05.5353176Z Leader not Ready yet...
2026-02-08T18:14:07.6667190Z Follower [vllm-0-1] phase=Running ready=false
2026-02-08T18:14:07.6667468Z Follower [vllm-0-1] not Ready yet...
2026-02-08T18:14:07.8079165Z Leader [vllm-0] phase=Running ready=false
2026-02-08T18:14:07.8079403Z Leader not Ready yet...
2026-02-08T18:14:09.9350544Z Follower [vllm-0-1] phase=Running ready=false
2026-02-08T18:14:09.9350824Z Follower [vllm-0-1] not Ready yet...
2026-02-08T18:14:10.0697003Z Leader [vllm-0] phase=Running ready=false
2026-02-08T18:14:10.0697237Z Leader not Ready yet...
2026-02-08T18:14:12.1985540Z Follower [vllm-0-1] phase=Running ready=false
2026-02-08T18:14:12.1985821Z Follower [vllm-0-1] not Ready yet...
2026-02-08T18:14:12.3163397Z Leader [vllm-0] phase=Running ready=false
2026-02-08T18:14:12.3163638Z Leader not Ready yet...
2026-02-08T18:14:14.4445884Z Follower [vllm-0-1] phase=Running ready=false
2026-02-08T18:14:14.4446187Z Follower [vllm-0-1] not Ready yet...
2026-02-08T18:14:14.5676949Z Leader [vllm-0] phase=Running ready=false
2026-02-08T18:14:14.5677179Z Leader not Ready yet...
2026-02-08T18:14:16.7067153Z Follower [vllm-0-1] phase=Running ready=false
2026-02-08T18:14:16.7067428Z Follower [vllm-0-1] not Ready yet...
2026-02-08T18:14:16.8315144Z Leader [vllm-0] phase=Running ready=false
2026-02-08T18:14:16.8315478Z Leader not Ready yet...
2026-02-08T18:14:18.9662168Z Follower [vllm-0-1] phase=Running ready=false
2026-02-08T18:14:18.9662453Z Follower [vllm-0-1] not Ready yet...
2026-02-08T18:14:19.0836845Z Leader [vllm-0] phase=Running ready=false
2026-02-08T18:14:19.0837064Z Leader not Ready yet...
2026-02-08T18:14:21.2044362Z Follower [vllm-0-1] phase=Running ready=false
2026-02-08T18:14:21.2044652Z Follower [vllm-0-1] not Ready yet...
2026-02-08T18:14:21.3152457Z Leader [vllm-0] phase=Running ready=false
2026-02-08T18:14:21.3152971Z Leader not Ready yet...
2026-02-08T18:14:23.4476587Z Follower [vllm-0-1] phase=Running ready=false
2026-02-08T18:14:23.4476873Z Follower [vllm-0-1] not Ready yet...
2026-02-08T18:14:23.5677833Z Leader [vllm-0] phase=Running ready=false
2026-02-08T18:14:23.5678093Z Leader not Ready yet...
2026-02-08T18:14:25.6843070Z Follower [vllm-0-1] phase=Running ready=false
2026-02-08T18:14:25.6843350Z Follower [vllm-0-1] not Ready yet...
2026-02-08T18:14:25.7968478Z Leader [vllm-0] phase=Running ready=false
2026-02-08T18:14:25.7968697Z Leader not Ready yet...
2026-02-08T18:14:27.9168764Z Follower [vllm-0-1] phase=Running ready=false
2026-02-08T18:14:27.9169037Z Follower [vllm-0-1] not Ready yet...
2026-02-08T18:14:28.0351194Z Leader [vllm-0] phase=Running ready=false
2026-02-08T18:14:28.0351521Z Leader not Ready yet...
2026-02-08T18:14:30.1577774Z Follower [vllm-0-1] phase=Running ready=false
2026-02-08T18:14:30.1578048Z Follower [vllm-0-1] not Ready yet...
2026-02-08T18:14:30.3258993Z Leader [vllm-0] phase=Running ready=false
2026-02-08T18:14:30.3259262Z Leader not Ready yet...
2026-02-08T18:14:32.4713971Z Follower [vllm-0-1] phase=Running ready=false
2026-02-08T18:14:32.4714295Z Follower [vllm-0-1] not Ready yet...
2026-02-08T18:14:32.5922548Z Leader [vllm-0] phase=Running ready=false
2026-02-08T18:14:32.5922808Z Leader not Ready yet...
2026-02-08T18:14:34.7129504Z Follower [vllm-0-1] phase=Running ready=false
2026-02-08T18:14:34.7129788Z Follower [vllm-0-1] not Ready yet...
2026-02-08T18:14:34.8366716Z Leader [vllm-0] phase=Running ready=false
2026-02-08T18:14:34.8366958Z Leader not Ready yet...
2026-02-08T18:14:36.9573740Z Follower [vllm-0-1] phase=Running ready=false
2026-02-08T18:14:36.9574040Z Follower [vllm-0-1] not Ready yet...
2026-02-08T18:14:37.0714277Z Leader [vllm-0] phase=Running ready=false
2026-02-08T18:14:37.0714507Z Leader not Ready yet...
2026-02-08T18:14:39.1866869Z Follower [vllm-0-1] phase=Running ready=false
2026-02-08T18:14:39.1868482Z Follower [vllm-0-1] not Ready yet...
2026-02-08T18:14:39.2994078Z Leader [vllm-0] phase=Running ready=false
2026-02-08T18:14:39.2994624Z Leader not Ready yet...
2026-02-08T18:14:41.4183900Z Follower [vllm-0-1] phase=Running ready=false
2026-02-08T18:14:41.4184180Z Follower [vllm-0-1] not Ready yet...
2026-02-08T18:14:41.5341506Z Leader [vllm-0] phase=Running ready=false
2026-02-08T18:14:41.5341771Z Leader not Ready yet...
2026-02-08T18:14:43.6506129Z Follower [vllm-0-1] phase=Running ready=false
2026-02-08T18:14:43.6506415Z Follower [vllm-0-1] not Ready yet...
2026-02-08T18:14:43.7671759Z Leader [vllm-0] phase=Running ready=false
2026-02-08T18:14:43.7672123Z Leader not Ready yet...
2026-02-08T18:14:45.8822225Z Follower [vllm-0-1] phase=Running ready=false
2026-02-08T18:14:45.8822521Z Follower [vllm-0-1] not Ready yet...
2026-02-08T18:14:45.9966645Z Leader [vllm-0] phase=Running ready=false
2026-02-08T18:14:45.9966901Z Leader not Ready yet...
2026-02-08T18:14:48.1132432Z Follower [vllm-0-1] phase=Running ready=false
2026-02-08T18:14:48.1132727Z Follower [vllm-0-1] not Ready yet...
2026-02-08T18:14:48.2759453Z Leader [vllm-0] phase=Running ready=false
2026-02-08T18:14:48.2759783Z Leader not Ready yet...
2026-02-08T18:14:50.3940324Z Follower [vllm-0-1] phase=Running ready=false
2026-02-08T18:14:50.3940621Z Follower [vllm-0-1] not Ready yet...
2026-02-08T18:14:50.5088122Z Leader [vllm-0] phase=Running ready=false
2026-02-08T18:14:50.5088350Z Leader not Ready yet...
2026-02-08T18:14:52.6237819Z Follower [vllm-0-1] phase=Running ready=false
2026-02-08T18:14:52.6238115Z Follower [vllm-0-1] not Ready yet...
2026-02-08T18:14:52.7401650Z Leader [vllm-0] phase=Running ready=false
2026-02-08T18:14:52.7401886Z Leader not Ready yet...
2026-02-08T18:14:54.8602477Z Follower [vllm-0-1] phase=Running ready=false
2026-02-08T18:14:54.8602778Z Follower [vllm-0-1] not Ready yet...
2026-02-08T18:14:54.9727489Z Leader [vllm-0] phase=Running ready=false
2026-02-08T18:14:54.9727748Z Leader not Ready yet...
2026-02-08T18:14:57.0987118Z Follower [vllm-0-1] phase=Running ready=false
2026-02-08T18:14:57.0987695Z Follower [vllm-0-1] not Ready yet...
2026-02-08T18:14:57.2122968Z Leader [vllm-0] phase=Running ready=false
2026-02-08T18:14:57.2123201Z Leader not Ready yet...
2026-02-08T18:14:59.3392525Z Follower [vllm-0-1] phase=Running ready=false
2026-02-08T18:14:59.3392801Z Follower [vllm-0-1] not Ready yet...
2026-02-08T18:14:59.4619434Z Leader [vllm-0] phase=Running ready=false
2026-02-08T18:14:59.4619795Z Leader not Ready yet...
2026-02-08T18:15:01.5872681Z Follower [vllm-0-1] phase=Running ready=false
2026-02-08T18:15:01.5872968Z Follower [vllm-0-1] not Ready yet...
2026-02-08T18:15:01.6997687Z Leader [vllm-0] phase=Running ready=false
2026-02-08T18:15:01.6997928Z Leader not Ready yet...
2026-02-08T18:15:04.0683763Z Follower [vllm-0-1] phase=Running ready=false
2026-02-08T18:15:04.0684050Z Follower [vllm-0-1] not Ready yet...
2026-02-08T18:15:04.2046386Z Leader [vllm-0] phase=Running ready=false
2026-02-08T18:15:04.2046658Z Leader not Ready yet...
2026-02-08T18:15:06.3510294Z Follower [vllm-0-1] phase=Running ready=false
2026-02-08T18:15:06.3510574Z Follower [vllm-0-1] not Ready yet...
2026-02-08T18:15:06.4742583Z Leader [vllm-0] phase=Running ready=false
2026-02-08T18:15:06.4742837Z Leader not Ready yet...
2026-02-08T18:15:08.5913093Z Follower [vllm-0-1] phase=Running ready=false
2026-02-08T18:15:08.5913372Z Follower [vllm-0-1] not Ready yet...
2026-02-08T18:15:08.7103076Z Leader [vllm-0] phase=Running ready=false
2026-02-08T18:15:08.7103333Z Leader not Ready yet...
2026-02-08T18:15:10.8267107Z Follower [vllm-0-1] phase=Running ready=false
2026-02-08T18:15:10.8267379Z Follower [vllm-0-1] not Ready yet...
2026-02-08T18:15:10.9406666Z Leader [vllm-0] phase=Running ready=false
2026-02-08T18:15:10.9406928Z Leader not Ready yet...
2026-02-08T18:15:13.0611747Z Follower [vllm-0-1] phase=Running ready=false
2026-02-08T18:15:13.0612116Z Follower [vllm-0-1] not Ready yet...
2026-02-08T18:15:13.1764144Z Leader [vllm-0] phase=Running ready=false
2026-02-08T18:15:13.1764424Z Leader not Ready yet...
2026-02-08T18:15:15.2949862Z Follower [vllm-0-1] phase=Running ready=false
2026-02-08T18:15:15.2950489Z Follower [vllm-0-1] not Ready yet...
2026-02-08T18:15:15.4165397Z Leader [vllm-0] phase=Running ready=false
2026-02-08T18:15:15.4166126Z Leader not Ready yet...
2026-02-08T18:15:17.5316402Z Follower [vllm-0-1] phase=Running ready=false
2026-02-08T18:15:17.5316671Z Follower [vllm-0-1] not Ready yet...
2026-02-08T18:15:17.6498457Z Leader [vllm-0] phase=Running ready=false
2026-02-08T18:15:17.6498696Z Leader not Ready yet...
2026-02-08T18:15:19.7620820Z Follower [vllm-0-1] phase=Running ready=false
2026-02-08T18:15:19.7621093Z Follower [vllm-0-1] not Ready yet...
2026-02-08T18:15:19.8764133Z Leader [vllm-0] phase=Running ready=false
2026-02-08T18:15:19.8764367Z Leader not Ready yet...
2026-02-08T18:15:21.9968415Z Follower [vllm-0-1] phase=Running ready=false
2026-02-08T18:15:21.9968711Z Follower [vllm-0-1] not Ready yet...
2026-02-08T18:15:22.1094069Z Leader [vllm-0] phase=Running ready=false
2026-02-08T18:15:22.1094367Z Leader not Ready yet...
2026-02-08T18:15:24.2454847Z Follower [vllm-0-1] phase=Running ready=false
2026-02-08T18:15:24.2455154Z Follower [vllm-0-1] not Ready yet...
2026-02-08T18:15:24.3602563Z Leader [vllm-0] phase=Running ready=false
2026-02-08T18:15:24.3602827Z Leader not Ready yet...
2026-02-08T18:15:26.4788107Z Follower [vllm-0-1] phase=Running ready=false
2026-02-08T18:15:26.4788377Z Follower [vllm-0-1] not Ready yet...
2026-02-08T18:15:26.5996042Z Leader [vllm-0] phase=Running ready=false
2026-02-08T18:15:26.5996271Z Leader not Ready yet...
2026-02-08T18:15:28.9661445Z Follower [vllm-0-1] phase=Running ready=false
2026-02-08T18:15:28.9661720Z Follower [vllm-0-1] not Ready yet...
2026-02-08T18:15:29.0771401Z Leader [vllm-0] phase=Running ready=false
2026-02-08T18:15:29.0771631Z Leader not Ready yet...
2026-02-08T18:15:31.1958457Z Follower [vllm-0-1] phase=Running ready=false
2026-02-08T18:15:31.1958744Z Follower [vllm-0-1] not Ready yet...
2026-02-08T18:15:31.3106406Z Leader [vllm-0] phase=Running ready=false
2026-02-08T18:15:31.3106633Z Leader not Ready yet...
2026-02-08T18:15:33.4294782Z Follower [vllm-0-1] phase=Running ready=false
2026-02-08T18:15:33.4295078Z Follower [vllm-0-1] not Ready yet...
2026-02-08T18:15:33.5527224Z Leader [vllm-0] phase=Running ready=false
2026-02-08T18:15:33.5527470Z Leader not Ready yet...
2026-02-08T18:15:35.6744546Z Follower [vllm-0-1] phase=Running ready=false
2026-02-08T18:15:35.6744822Z Follower [vllm-0-1] not Ready yet...
2026-02-08T18:15:35.8533753Z Leader [vllm-0] phase=Running ready=false
2026-02-08T18:15:35.8534006Z Leader not Ready yet...
2026-02-08T18:15:37.9718635Z Follower [vllm-0-1] phase=Running ready=false
2026-02-08T18:15:37.9718927Z Follower [vllm-0-1] not Ready yet...
2026-02-08T18:15:38.0956920Z Leader [vllm-0] phase=Running ready=false
2026-02-08T18:15:38.0957162Z Leader not Ready yet...
2026-02-08T18:15:40.2097892Z Follower [vllm-0-1] phase=Running ready=false
2026-02-08T18:15:40.2098162Z Follower [vllm-0-1] not Ready yet...
2026-02-08T18:15:40.3309033Z Leader [vllm-0] phase=Running ready=false
2026-02-08T18:15:40.3309253Z Leader not Ready yet...
2026-02-08T18:15:42.4486123Z Follower [vllm-0-1] phase=Running ready=false
2026-02-08T18:15:42.4486397Z Follower [vllm-0-1] not Ready yet...
2026-02-08T18:15:42.5599810Z Leader [vllm-0] phase=Running ready=false
2026-02-08T18:15:42.5600071Z Leader not Ready yet...
2026-02-08T18:15:44.6780481Z Follower [vllm-0-1] phase=Running ready=false
2026-02-08T18:15:44.6780751Z Follower [vllm-0-1] not Ready yet...
2026-02-08T18:15:44.7988186Z Leader [vllm-0] phase=Running ready=false
2026-02-08T18:15:44.7988419Z Leader not Ready yet...
2026-02-08T18:15:46.9089336Z Follower [vllm-0-1] phase=Running ready=false
2026-02-08T18:15:46.9089615Z Follower [vllm-0-1] not Ready yet...
2026-02-08T18:15:47.0223385Z Leader [vllm-0] phase=Running ready=false
2026-02-08T18:15:47.0223648Z Leader not Ready yet...
2026-02-08T18:15:49.1346572Z Follower [vllm-0-1] phase=Running ready=false
2026-02-08T18:15:49.1346850Z Follower [vllm-0-1] not Ready yet...
2026-02-08T18:15:49.2441598Z Leader [vllm-0] phase=Running ready=false
2026-02-08T18:15:49.2442242Z Leader not Ready yet...
2026-02-08T18:15:51.3574334Z Follower [vllm-0-1] phase=Running ready=false
2026-02-08T18:15:51.3574620Z Follower [vllm-0-1] not Ready yet...
2026-02-08T18:15:51.4715842Z Leader [vllm-0] phase=Running ready=false
2026-02-08T18:15:51.4716100Z Leader not Ready yet...
2026-02-08T18:15:53.6016306Z Follower [vllm-0-1] phase=Running ready=false
2026-02-08T18:15:53.6016575Z Follower [vllm-0-1] not Ready yet...
2026-02-08T18:15:53.7154012Z Leader [vllm-0] phase=Running ready=false
2026-02-08T18:15:53.7154331Z Leader not Ready yet...
2026-02-08T18:15:55.8444065Z Follower [vllm-0-1] phase=Running ready=false
2026-02-08T18:15:55.8444464Z Follower [vllm-0-1] not Ready yet...
2026-02-08T18:15:55.9852240Z Leader [vllm-0] phase=Running ready=false
2026-02-08T18:15:55.9852475Z Leader not Ready yet...
2026-02-08T18:15:58.1108546Z Follower [vllm-0-1] phase=Running ready=false
2026-02-08T18:15:58.1108849Z Follower [vllm-0-1] not Ready yet...
2026-02-08T18:15:58.2238196Z Leader [vllm-0] phase=Running ready=false
2026-02-08T18:15:58.2238478Z Leader not Ready yet...
2026-02-08T18:16:00.3583967Z Follower [vllm-0-1] phase=Running ready=false
2026-02-08T18:16:00.3584253Z Follower [vllm-0-1] not Ready yet...
2026-02-08T18:16:00.4784381Z Leader [vllm-0] phase=Running ready=false
2026-02-08T18:16:00.4784634Z Leader not Ready yet...
2026-02-08T18:16:02.6046389Z Follower [vllm-0-1] phase=Running ready=false
2026-02-08T18:16:02.6046732Z Follower [vllm-0-1] not Ready yet...
2026-02-08T18:16:02.7270796Z Leader [vllm-0] phase=Running ready=false
2026-02-08T18:16:02.7271043Z Leader not Ready yet...
2026-02-08T18:16:04.8499103Z Follower [vllm-0-1] phase=Running ready=false
2026-02-08T18:16:04.8499384Z Follower [vllm-0-1] not Ready yet...
2026-02-08T18:16:04.9680307Z Leader [vllm-0] phase=Running ready=false
2026-02-08T18:16:04.9680531Z Leader not Ready yet...
2026-02-08T18:16:07.0927269Z Follower [vllm-0-1] phase=Running ready=false
2026-02-08T18:16:07.0927550Z Follower [vllm-0-1] not Ready yet...
2026-02-08T18:16:07.2153997Z Leader [vllm-0] phase=Running ready=false
2026-02-08T18:16:07.2154275Z Leader not Ready yet...
2026-02-08T18:16:09.3355655Z Follower [vllm-0-1] phase=Running ready=false
2026-02-08T18:16:09.3355911Z Follower [vllm-0-1] not Ready yet...
2026-02-08T18:16:09.4492849Z Leader [vllm-0] phase=Running ready=false
2026-02-08T18:16:09.4493100Z Leader not Ready yet...
2026-02-08T18:16:11.5786903Z Follower [vllm-0-1] phase=Running ready=false
2026-02-08T18:16:11.5787222Z Follower [vllm-0-1] not Ready yet...
2026-02-08T18:16:11.6973098Z Leader [vllm-0] phase=Running ready=false
2026-02-08T18:16:11.6973356Z Leader not Ready yet...
2026-02-08T18:16:13.8292694Z Follower [vllm-0-1] phase=Running ready=false
2026-02-08T18:16:13.8292969Z Follower [vllm-0-1] not Ready yet...
2026-02-08T18:16:13.9509201Z Leader [vllm-0] phase=Running ready=false
2026-02-08T18:16:13.9509480Z Leader not Ready yet...
2026-02-08T18:16:16.0763941Z Follower [vllm-0-1] phase=Running ready=false
2026-02-08T18:16:16.0764250Z Follower [vllm-0-1] not Ready yet...
2026-02-08T18:16:16.2005375Z Leader [vllm-0] phase=Running ready=false
2026-02-08T18:16:16.2005620Z Leader not Ready yet...
2026-02-08T18:16:18.3332300Z Follower [vllm-0-1] phase=Running ready=false
2026-02-08T18:16:18.3332563Z Follower [vllm-0-1] not Ready yet...
2026-02-08T18:16:18.4556250Z Leader [vllm-0] phase=Running ready=false
2026-02-08T18:16:18.4556518Z Leader not Ready yet...
2026-02-08T18:16:20.5854856Z Follower [vllm-0-1] phase=Running ready=false
2026-02-08T18:16:20.5855130Z Follower [vllm-0-1] not Ready yet...
2026-02-08T18:16:20.7087481Z Leader [vllm-0] phase=Running ready=false
2026-02-08T18:16:20.7087704Z Leader not Ready yet...
2026-02-08T18:16:22.8377251Z Follower [vllm-0-1] phase=Running ready=false
2026-02-08T18:16:22.8377523Z Follower [vllm-0-1] not Ready yet...
2026-02-08T18:16:22.9480512Z Leader [vllm-0] phase=Running ready=false
2026-02-08T18:16:22.9480768Z Leader not Ready yet...
2026-02-08T18:16:25.0683131Z Follower [vllm-0-1] phase=Running ready=false
2026-02-08T18:16:25.0683710Z Follower [vllm-0-1] not Ready yet...
2026-02-08T18:16:25.1835593Z Leader [vllm-0] phase=Running ready=false
2026-02-08T18:16:25.1835836Z Leader not Ready yet...
2026-02-08T18:16:27.2980624Z Follower [vllm-0-1] phase=Running ready=false
2026-02-08T18:16:27.2980913Z Follower [vllm-0-1] not Ready yet...
2026-02-08T18:16:27.4109044Z Leader [vllm-0] phase=Running ready=false
2026-02-08T18:16:27.4109278Z Leader not Ready yet...
2026-02-08T18:16:29.5915002Z Follower [vllm-0-1] phase=Running ready=false
2026-02-08T18:16:29.5915281Z Follower [vllm-0-1] not Ready yet...
2026-02-08T18:16:29.6962079Z Leader [vllm-0] phase=Running ready=false
2026-02-08T18:16:29.6962354Z Leader not Ready yet...
2026-02-08T18:16:31.8304668Z Follower [vllm-0-1] phase=Running ready=false
2026-02-08T18:16:31.8304957Z Follower [vllm-0-1] not Ready yet...
2026-02-08T18:16:31.9498002Z Leader [vllm-0] phase=Running ready=false
2026-02-08T18:16:31.9498243Z Leader not Ready yet...
2026-02-08T18:16:34.0781588Z Follower [vllm-0-1] phase=Running ready=false
2026-02-08T18:16:34.0781873Z Follower [vllm-0-1] not Ready yet...
2026-02-08T18:16:34.1882805Z Leader [vllm-0] phase=Running ready=false
2026-02-08T18:16:34.1883020Z Leader not Ready yet...
2026-02-08T18:16:36.3040843Z Follower [vllm-0-1] phase=Running ready=false
2026-02-08T18:16:36.3041125Z Follower [vllm-0-1] not Ready yet...
2026-02-08T18:16:36.4169915Z Leader [vllm-0] phase=Running ready=false
2026-02-08T18:16:36.4170166Z Leader not Ready yet...
2026-02-08T18:16:38.5544586Z Follower [vllm-0-1] phase=Running ready=false
2026-02-08T18:16:38.5544878Z Follower [vllm-0-1] not Ready yet...
2026-02-08T18:16:38.6894759Z Leader [vllm-0] phase=Running ready=false
2026-02-08T18:16:38.6895007Z Leader not Ready yet...
2026-02-08T18:16:40.8158195Z Follower [vllm-0-1] phase=Running ready=false
2026-02-08T18:16:40.8158475Z Follower [vllm-0-1] not Ready yet...
2026-02-08T18:16:40.9406733Z Leader [vllm-0] phase=Running ready=false
2026-02-08T18:16:40.9406989Z Leader not Ready yet...
2026-02-08T18:16:43.0706009Z Follower [vllm-0-1] phase=Running ready=false
2026-02-08T18:16:43.0706291Z Follower [vllm-0-1] not Ready yet...
2026-02-08T18:16:43.1910439Z Leader [vllm-0] phase=Running ready=false
2026-02-08T18:16:43.1910692Z Leader not Ready yet...
2026-02-08T18:16:45.3132929Z Follower [vllm-0-1] phase=Running ready=false
2026-02-08T18:16:45.3133206Z Follower [vllm-0-1] not Ready yet...
2026-02-08T18:16:45.4437829Z Leader [vllm-0] phase=Running ready=false
2026-02-08T18:16:45.4438178Z Leader not Ready yet...
2026-02-08T18:16:47.6725066Z Follower [vllm-0-1] phase=Running ready=false
2026-02-08T18:16:47.6725340Z Follower [vllm-0-1] not Ready yet...
2026-02-08T18:16:47.7952258Z Leader [vllm-0] phase=Running ready=false
2026-02-08T18:16:47.7952573Z Leader not Ready yet...
2026-02-08T18:16:49.9241586Z Follower [vllm-0-1] phase=Running ready=false
2026-02-08T18:16:49.9241900Z Follower [vllm-0-1] not Ready yet...
2026-02-08T18:16:50.0447859Z Leader [vllm-0] phase=Running ready=false
2026-02-08T18:16:50.0448090Z Leader not Ready yet...
2026-02-08T18:16:52.1878471Z Follower [vllm-0-1] phase=Running ready=false
2026-02-08T18:16:52.1878755Z Follower [vllm-0-1] not Ready yet...
2026-02-08T18:16:52.3029489Z Leader [vllm-0] phase=Running ready=false
2026-02-08T18:16:52.3029720Z Leader not Ready yet...
2026-02-08T18:16:54.4268641Z Follower [vllm-0-1] phase=Running ready=false
2026-02-08T18:16:54.4268927Z Follower [vllm-0-1] not Ready yet...
2026-02-08T18:16:54.5402168Z Leader [vllm-0] phase=Running ready=false
2026-02-08T18:16:54.5402432Z Leader not Ready yet...
2026-02-08T18:16:56.6737417Z Follower [vllm-0-1] phase=Running ready=false
2026-02-08T18:16:56.6737722Z Follower [vllm-0-1] not Ready yet...
2026-02-08T18:16:56.7917842Z Leader [vllm-0] phase=Running ready=false
2026-02-08T18:16:56.7918066Z Leader not Ready yet...
2026-02-08T18:16:58.9094138Z Follower [vllm-0-1] phase=Running ready=false
2026-02-08T18:16:58.9094428Z Follower [vllm-0-1] not Ready yet...
2026-02-08T18:16:59.0278597Z Leader [vllm-0] phase=Running ready=false
2026-02-08T18:16:59.0278821Z Leader not Ready yet...
2026-02-08T18:17:01.1455338Z Follower [vllm-0-1] phase=Running ready=false
2026-02-08T18:17:01.1455610Z Follower [vllm-0-1] not Ready yet...
2026-02-08T18:17:01.2735306Z Leader [vllm-0] phase=Running ready=false
2026-02-08T18:17:01.2735551Z Leader not Ready yet...
2026-02-08T18:17:03.3863479Z Follower [vllm-0-1] phase=Running ready=false
2026-02-08T18:17:03.3863783Z Follower [vllm-0-1] not Ready yet...
2026-02-08T18:17:03.4999065Z Leader [vllm-0] phase=Running ready=false
2026-02-08T18:17:03.4999286Z Leader not Ready yet...
2026-02-08T18:17:05.6152793Z Follower [vllm-0-1] phase=Running ready=false
2026-02-08T18:17:05.6153075Z Follower [vllm-0-1] not Ready yet...
2026-02-08T18:17:05.7357961Z Leader [vllm-0] phase=Running ready=false
2026-02-08T18:17:05.7358192Z Leader not Ready yet...
2026-02-08T18:17:07.8591495Z Follower [vllm-0-1] phase=Running ready=false
2026-02-08T18:17:07.8591774Z Follower [vllm-0-1] not Ready yet...
2026-02-08T18:17:07.9757397Z Leader [vllm-0] phase=Running ready=false
2026-02-08T18:17:07.9757675Z Leader not Ready yet...
2026-02-08T18:17:10.0934073Z Follower [vllm-0-1] phase=Running ready=false
2026-02-08T18:17:10.0934355Z Follower [vllm-0-1] not Ready yet...
2026-02-08T18:17:10.2126695Z Leader [vllm-0] phase=Running ready=false
2026-02-08T18:17:10.2126946Z Leader not Ready yet...
2026-02-08T18:17:12.3385990Z Follower [vllm-0-1] phase=Running ready=false
2026-02-08T18:17:12.3386275Z Follower [vllm-0-1] not Ready yet...
2026-02-08T18:17:12.4570033Z Leader [vllm-0] phase=Running ready=false
2026-02-08T18:17:12.4570273Z Leader not Ready yet...
2026-02-08T18:17:14.5952508Z Follower [vllm-0-1] phase=Running ready=false
2026-02-08T18:17:14.5952806Z Follower [vllm-0-1] not Ready yet...
2026-02-08T18:17:14.7309439Z Leader [vllm-0] phase=Running ready=false
2026-02-08T18:17:14.7309708Z Leader not Ready yet...
2026-02-08T18:17:16.8515823Z Follower [vllm-0-1] phase=Running ready=false
2026-02-08T18:17:16.8516109Z Follower [vllm-0-1] not Ready yet...
2026-02-08T18:17:16.9795237Z Leader [vllm-0] phase=Running ready=false
2026-02-08T18:17:16.9795509Z Leader not Ready yet...
2026-02-08T18:17:19.0981414Z Follower [vllm-0-1] phase=Running ready=false
2026-02-08T18:17:19.0981693Z Follower [vllm-0-1] not Ready yet...
2026-02-08T18:17:19.2134791Z Leader [vllm-0] phase=Running ready=false
2026-02-08T18:17:19.2135037Z Leader not Ready yet...
2026-02-08T18:17:21.3487854Z Follower [vllm-0-1] phase=Running ready=false
2026-02-08T18:17:21.3488131Z Follower [vllm-0-1] not Ready yet...
2026-02-08T18:17:21.4784224Z Leader [vllm-0] phase=Running ready=false
2026-02-08T18:17:21.4784439Z Leader not Ready yet...
2026-02-08T18:17:23.5938226Z Follower [vllm-0-1] phase=Running ready=false
2026-02-08T18:17:23.5938536Z Follower [vllm-0-1] not Ready yet...
2026-02-08T18:17:23.7104484Z Leader [vllm-0] phase=Running ready=false
2026-02-08T18:17:23.7104768Z Leader not Ready yet...
2026-02-08T18:17:25.8317212Z Follower [vllm-0-1] phase=Running ready=false
2026-02-08T18:17:25.8317520Z Follower [vllm-0-1] not Ready yet...
2026-02-08T18:17:25.9455109Z Leader [vllm-0] phase=Running ready=false
2026-02-08T18:17:25.9455352Z Leader not Ready yet...
2026-02-08T18:17:28.0644840Z Follower [vllm-0-1] phase=Running ready=false
2026-02-08T18:17:28.0645109Z Follower [vllm-0-1] not Ready yet...
2026-02-08T18:17:28.1760894Z Leader [vllm-0] phase=Running ready=false
2026-02-08T18:17:28.1761114Z Leader not Ready yet...
2026-02-08T18:17:30.3176556Z Follower [vllm-0-1] phase=Running ready=false
2026-02-08T18:17:30.3176852Z Follower [vllm-0-1] not Ready yet...
2026-02-08T18:17:30.4395855Z Leader [vllm-0] phase=Running ready=false
2026-02-08T18:17:30.4396107Z Leader not Ready yet...
2026-02-08T18:17:32.5721452Z Follower [vllm-0-1] phase=Running ready=false
2026-02-08T18:17:32.5721721Z Follower [vllm-0-1] not Ready yet...
2026-02-08T18:17:32.6902264Z Leader [vllm-0] phase=Running ready=false
2026-02-08T18:17:32.6902562Z Leader not Ready yet...
2026-02-08T18:17:34.8165388Z Follower [vllm-0-1] phase=Running ready=false
2026-02-08T18:17:34.8165695Z Follower [vllm-0-1] not Ready yet...
2026-02-08T18:17:34.9415610Z Leader [vllm-0] phase=Running ready=false
2026-02-08T18:17:34.9415876Z Leader not Ready yet...
2026-02-08T18:17:37.0636771Z Follower [vllm-0-1] phase=Running ready=false
2026-02-08T18:17:37.0637058Z Follower [vllm-0-1] not Ready yet...
2026-02-08T18:17:37.1794681Z Leader [vllm-0] phase=Running ready=false
2026-02-08T18:17:37.1794927Z Leader not Ready yet...
2026-02-08T18:17:39.3083235Z Follower [vllm-0-1] phase=Running ready=false
2026-02-08T18:17:39.3083507Z Follower [vllm-0-1] not Ready yet...
2026-02-08T18:17:39.4292051Z Leader [vllm-0] phase=Running ready=false
2026-02-08T18:17:39.4292402Z Leader not Ready yet...
2026-02-08T18:17:41.5937193Z Follower [vllm-0-1] phase=Running ready=false
2026-02-08T18:17:41.5937481Z Follower [vllm-0-1] not Ready yet...
2026-02-08T18:17:41.7148550Z Leader [vllm-0] phase=Running ready=false
2026-02-08T18:17:41.7148815Z Leader not Ready yet...
2026-02-08T18:17:43.8414063Z Follower [vllm-0-1] phase=Running ready=false
2026-02-08T18:17:43.8414356Z Follower [vllm-0-1] not Ready yet...
2026-02-08T18:17:43.9619599Z Leader [vllm-0] phase=Running ready=false
2026-02-08T18:17:43.9619860Z Leader not Ready yet...
2026-02-08T18:17:46.0975976Z Follower [vllm-0-1] phase=Running ready=false
2026-02-08T18:17:46.0976251Z Follower [vllm-0-1] not Ready yet...
2026-02-08T18:17:46.2288477Z Leader [vllm-0] phase=Running ready=false
2026-02-08T18:17:46.2288751Z Leader not Ready yet...
2026-02-08T18:17:48.3518865Z Follower [vllm-0-1] phase=Running ready=false
2026-02-08T18:17:48.3519138Z Follower [vllm-0-1] not Ready yet...
2026-02-08T18:17:48.4704438Z Leader [vllm-0] phase=Running ready=false
2026-02-08T18:17:48.4704671Z Leader not Ready yet...
2026-02-08T18:17:50.5980837Z Follower [vllm-0-1] phase=Running ready=false
2026-02-08T18:17:50.5981125Z Follower [vllm-0-1] not Ready yet...
2026-02-08T18:17:50.7266414Z Leader [vllm-0] phase=Running ready=false
2026-02-08T18:17:50.7266698Z Leader not Ready yet...
2026-02-08T18:17:52.8514626Z Follower [vllm-0-1] phase=Running ready=false
2026-02-08T18:17:52.8514910Z Follower [vllm-0-1] not Ready yet...
2026-02-08T18:17:52.9806481Z Leader [vllm-0] phase=Running ready=false
2026-02-08T18:17:52.9806741Z Leader not Ready yet...
2026-02-08T18:17:55.1001342Z Follower [vllm-0-1] phase=Running ready=false
2026-02-08T18:17:55.1001636Z Follower [vllm-0-1] not Ready yet...
2026-02-08T18:17:55.2177052Z Leader [vllm-0] phase=Running ready=false
2026-02-08T18:17:55.2177288Z Leader not Ready yet...
2026-02-08T18:17:57.3498316Z Follower [vllm-0-1] phase=Running ready=false
2026-02-08T18:17:57.3498595Z Follower [vllm-0-1] not Ready yet...
2026-02-08T18:17:57.4724142Z Leader [vllm-0] phase=Running ready=false
2026-02-08T18:17:57.4724370Z Leader not Ready yet...
2026-02-08T18:17:59.5903327Z Follower [vllm-0-1] phase=Running ready=false
2026-02-08T18:17:59.5903636Z Follower [vllm-0-1] not Ready yet...
2026-02-08T18:17:59.7100452Z Leader [vllm-0] phase=Running ready=false
2026-02-08T18:17:59.7100725Z Leader not Ready yet...
2026-02-08T18:18:01.8368803Z Follower [vllm-0-1] phase=Running ready=false
2026-02-08T18:18:01.8369072Z Follower [vllm-0-1] not Ready yet...
2026-02-08T18:18:01.9676030Z Leader [vllm-0] phase=Running ready=false
2026-02-08T18:18:01.9676283Z Leader not Ready yet...
2026-02-08T18:18:04.0935076Z Follower [vllm-0-1] phase=Running ready=false
2026-02-08T18:18:04.0935364Z Follower [vllm-0-1] not Ready yet...
2026-02-08T18:18:04.2288126Z Leader [vllm-0] phase=Running ready=false
2026-02-08T18:18:04.2288370Z Leader not Ready yet...
2026-02-08T18:18:06.3518528Z Follower [vllm-0-1] phase=Running ready=false
2026-02-08T18:18:06.3518808Z Follower [vllm-0-1] not Ready yet...
2026-02-08T18:18:06.4826566Z Leader [vllm-0] phase=Running ready=false
2026-02-08T18:18:06.4826845Z Leader not Ready yet...
2026-02-08T18:18:08.5979781Z Follower [vllm-0-1] phase=Running ready=false
2026-02-08T18:18:08.5980089Z Follower [vllm-0-1] not Ready yet...
2026-02-08T18:18:08.7140779Z Leader [vllm-0] phase=Running ready=false
2026-02-08T18:18:08.7141052Z Leader not Ready yet...
2026-02-08T18:18:10.8358387Z Follower [vllm-0-1] phase=Running ready=false
2026-02-08T18:18:10.8358670Z Follower [vllm-0-1] not Ready yet...
2026-02-08T18:18:10.9579787Z Leader [vllm-0] phase=Running ready=false
2026-02-08T18:18:10.9580029Z Leader not Ready yet...
2026-02-08T18:18:13.0775444Z Follower [vllm-0-1] phase=Running ready=false
2026-02-08T18:18:13.0775708Z Follower [vllm-0-1] not Ready yet...
2026-02-08T18:18:13.1970019Z Leader [vllm-0] phase=Running ready=false
2026-02-08T18:18:13.1970240Z Leader not Ready yet...
2026-02-08T18:18:15.3176934Z Follower [vllm-0-1] phase=Running ready=false
2026-02-08T18:18:15.3177268Z Follower [vllm-0-1] not Ready yet...
2026-02-08T18:18:15.4390069Z Leader [vllm-0] phase=Running ready=false
2026-02-08T18:18:15.4390305Z Leader not Ready yet...
2026-02-08T18:18:17.5563997Z Follower [vllm-0-1] phase=Running ready=false
2026-02-08T18:18:17.5564280Z Follower [vllm-0-1] not Ready yet...
2026-02-08T18:18:17.6748164Z Leader [vllm-0] phase=Running ready=false
2026-02-08T18:18:17.6748479Z Leader not Ready yet...
2026-02-08T18:18:19.7896631Z Follower [vllm-0-1] phase=Running ready=false
2026-02-08T18:18:19.7896913Z Follower [vllm-0-1] not Ready yet...
2026-02-08T18:18:19.9048042Z Leader [vllm-0] phase=Running ready=false
2026-02-08T18:18:19.9048318Z Leader not Ready yet...
2026-02-08T18:18:22.0403569Z Follower [vllm-0-1] phase=Running ready=false
2026-02-08T18:18:22.0403953Z Follower [vllm-0-1] not Ready yet...
2026-02-08T18:18:22.1700254Z Leader [vllm-0] phase=Running ready=false
2026-02-08T18:18:22.1700505Z Leader not Ready yet...
2026-02-08T18:18:24.2982120Z Follower [vllm-0-1] phase=Running ready=false
2026-02-08T18:18:24.2982409Z Follower [vllm-0-1] not Ready yet...
2026-02-08T18:18:24.4422329Z Leader [vllm-0] phase=Running ready=false
2026-02-08T18:18:24.4422858Z Leader not Ready yet...
2026-02-08T18:18:26.5855558Z Follower [vllm-0-1] phase=Running ready=false
2026-02-08T18:18:26.5855843Z Follower [vllm-0-1] not Ready yet...
2026-02-08T18:18:26.7173307Z Leader [vllm-0] phase=Running ready=false
2026-02-08T18:18:26.7173570Z Leader not Ready yet...
2026-02-08T18:18:28.8523889Z Follower [vllm-0-1] phase=Running ready=false
2026-02-08T18:18:28.8524175Z Follower [vllm-0-1] not Ready yet...
2026-02-08T18:18:28.9948836Z Leader [vllm-0] phase=Running ready=false
2026-02-08T18:18:28.9949097Z Leader not Ready yet...
2026-02-08T18:18:31.1139694Z Follower [vllm-0-1] phase=Running ready=false
2026-02-08T18:18:31.1139981Z Follower [vllm-0-1] not Ready yet...
2026-02-08T18:18:31.2441018Z Leader [vllm-0] phase=Running ready=false
2026-02-08T18:18:31.2441274Z Leader not Ready yet...
2026-02-08T18:18:33.3661839Z Follower [vllm-0-1] phase=Running ready=false
2026-02-08T18:18:33.3662269Z Follower [vllm-0-1] not Ready yet...
2026-02-08T18:18:33.4805554Z Leader [vllm-0] phase=Running ready=false
2026-02-08T18:18:33.4805825Z Leader not Ready yet...
2026-02-08T18:18:35.6129132Z Follower [vllm-0-1] phase=Running ready=false
2026-02-08T18:18:35.6129443Z Follower [vllm-0-1] not Ready yet...
2026-02-08T18:18:35.7273258Z Leader [vllm-0] phase=Running ready=false
2026-02-08T18:18:35.7273480Z Leader not Ready yet...
2026-02-08T18:18:37.8382357Z Follower [vllm-0-1] phase=Running ready=false
2026-02-08T18:18:37.8382646Z Follower [vllm-0-1] not Ready yet...
2026-02-08T18:18:37.9512714Z Leader [vllm-0] phase=Running ready=false
2026-02-08T18:18:37.9512945Z Leader not Ready yet...
2026-02-08T18:18:40.0716299Z Follower [vllm-0-1] phase=Running ready=false
2026-02-08T18:18:40.0716578Z Follower [vllm-0-1] not Ready yet...
2026-02-08T18:18:40.1890440Z Leader [vllm-0] phase=Running ready=false
2026-02-08T18:18:40.1890697Z Leader not Ready yet...
2026-02-08T18:18:42.3098592Z Follower [vllm-0-1] phase=Running ready=false
2026-02-08T18:18:42.3098865Z Follower [vllm-0-1] not Ready yet...
2026-02-08T18:18:42.4283870Z Leader [vllm-0] phase=Running ready=false
2026-02-08T18:18:42.4284105Z Leader not Ready yet...
2026-02-08T18:18:44.5474445Z Follower [vllm-0-1] phase=Running ready=false
2026-02-08T18:18:44.5474793Z Follower [vllm-0-1] not Ready yet...
2026-02-08T18:18:44.6573551Z Leader [vllm-0] phase=Running ready=false
2026-02-08T18:18:44.6573808Z Leader not Ready yet...
2026-02-08T18:18:46.7738685Z Follower [vllm-0-1] phase=Running ready=false
2026-02-08T18:18:46.7738975Z Follower [vllm-0-1] not Ready yet...
2026-02-08T18:18:46.8912352Z Leader [vllm-0] phase=Running ready=false
2026-02-08T18:18:46.8912637Z Leader not Ready yet...
2026-02-08T18:18:49.0539868Z Follower [vllm-0-1] phase=Running ready=false
2026-02-08T18:18:49.0540154Z Follower [vllm-0-1] not Ready yet...
2026-02-08T18:18:49.1673970Z Leader [vllm-0] phase=Running ready=false
2026-02-08T18:18:49.1674211Z Leader not Ready yet...
2026-02-08T18:18:51.2837505Z Follower [vllm-0-1] phase=Running ready=false
2026-02-08T18:18:51.2837786Z Follower [vllm-0-1] not Ready yet...
2026-02-08T18:18:51.4046030Z Leader [vllm-0] phase=Running ready=false
2026-02-08T18:18:51.4046261Z Leader not Ready yet...
2026-02-08T18:18:53.5294271Z Follower [vllm-0-1] phase=Running ready=false
2026-02-08T18:18:53.5294587Z Follower [vllm-0-1] not Ready yet...
2026-02-08T18:18:53.6488289Z Leader [vllm-0] phase=Running ready=false
2026-02-08T18:18:53.6488513Z Leader not Ready yet...
2026-02-08T18:18:55.7749601Z Follower [vllm-0-1] phase=Running ready=false
2026-02-08T18:18:55.7749882Z Follower [vllm-0-1] not Ready yet...
2026-02-08T18:18:55.8874339Z Leader [vllm-0] phase=Running ready=false
2026-02-08T18:18:55.8874574Z Leader not Ready yet...
2026-02-08T18:18:58.0139846Z Follower [vllm-0-1] phase=Running ready=false
2026-02-08T18:18:58.0140125Z Follower [vllm-0-1] not Ready yet...
2026-02-08T18:18:58.1392788Z Leader [vllm-0] phase=Running ready=false
2026-02-08T18:18:58.1393029Z Leader not Ready yet...
2026-02-08T18:19:00.2635354Z Follower [vllm-0-1] phase=Running ready=false
2026-02-08T18:19:00.2635902Z Follower [vllm-0-1] not Ready yet...
2026-02-08T18:19:00.3761341Z Leader [vllm-0] phase=Running ready=false
2026-02-08T18:19:00.3761593Z Leader not Ready yet...
2026-02-08T18:19:02.4987307Z Follower [vllm-0-1] phase=Running ready=false
2026-02-08T18:19:02.4987586Z Follower [vllm-0-1] not Ready yet...
2026-02-08T18:19:02.6167922Z Leader [vllm-0] phase=Running ready=false
2026-02-08T18:19:02.6168187Z Leader not Ready yet...
2026-02-08T18:19:04.7400782Z Follower [vllm-0-1] phase=Running ready=false
2026-02-08T18:19:04.7401050Z Follower [vllm-0-1] not Ready yet...
2026-02-08T18:19:04.8504572Z Leader [vllm-0] phase=Running ready=false
2026-02-08T18:19:04.8504825Z Leader not Ready yet...
2026-02-08T18:19:06.9763457Z Follower [vllm-0-1] phase=Running ready=false
2026-02-08T18:19:06.9763743Z Follower [vllm-0-1] not Ready yet...
2026-02-08T18:19:07.0924768Z Leader [vllm-0] phase=Running ready=false
2026-02-08T18:19:07.0924989Z Leader not Ready yet...
2026-02-08T18:19:09.2145324Z Follower [vllm-0-1] phase=Running ready=false
2026-02-08T18:19:09.2145620Z Follower [vllm-0-1] not Ready yet...
2026-02-08T18:19:09.3361007Z Leader [vllm-0] phase=Running ready=false
2026-02-08T18:19:09.3361228Z Leader not Ready yet...
2026-02-08T18:19:11.4608180Z Follower [vllm-0-1] phase=Running ready=false
2026-02-08T18:19:11.4608459Z Follower [vllm-0-1] not Ready yet...
2026-02-08T18:19:11.5825850Z Leader [vllm-0] phase=Running ready=false
2026-02-08T18:19:11.5826133Z Leader not Ready yet...
2026-02-08T18:19:13.7097106Z Follower [vllm-0-1] phase=Running ready=false
2026-02-08T18:19:13.7097395Z Follower [vllm-0-1] not Ready yet...
2026-02-08T18:19:13.8272082Z Leader [vllm-0] phase=Running ready=false
2026-02-08T18:19:13.8272355Z Leader not Ready yet...
2026-02-08T18:19:15.9453677Z Follower [vllm-0-1] phase=Running ready=false
2026-02-08T18:19:15.9453955Z Follower [vllm-0-1] not Ready yet...
2026-02-08T18:19:16.0687273Z Leader [vllm-0] phase=Running ready=false
2026-02-08T18:19:16.0687529Z Leader not Ready yet...
2026-02-08T18:19:18.1851546Z Follower [vllm-0-1] phase=Running ready=false
2026-02-08T18:19:18.1851816Z Follower [vllm-0-1] not Ready yet...
2026-02-08T18:19:18.3003379Z Leader [vllm-0] phase=Running ready=false
2026-02-08T18:19:18.3003643Z Leader not Ready yet...
2026-02-08T18:19:20.4207331Z Follower [vllm-0-1] phase=Running ready=false
2026-02-08T18:19:20.4207600Z Follower [vllm-0-1] not Ready yet...
2026-02-08T18:19:20.5495378Z Leader [vllm-0] phase=Running ready=false
2026-02-08T18:19:20.5495602Z Leader not Ready yet...
2026-02-08T18:19:22.6668569Z Follower [vllm-0-1] phase=Running ready=false
2026-02-08T18:19:22.6668854Z Follower [vllm-0-1] not Ready yet...
2026-02-08T18:19:22.7834498Z Leader [vllm-0] phase=Running ready=false
2026-02-08T18:19:22.7834760Z Leader not Ready yet...
2026-02-08T18:19:24.9125653Z Follower [vllm-0-1] phase=Running ready=false
2026-02-08T18:19:24.9125928Z Follower [vllm-0-1] not Ready yet...
2026-02-08T18:19:25.0484036Z Leader [vllm-0] phase=Running ready=false
2026-02-08T18:19:25.0484256Z Leader not Ready yet...
2026-02-08T18:19:27.1749600Z Follower [vllm-0-1] phase=Running ready=false
2026-02-08T18:19:27.1749903Z Follower [vllm-0-1] not Ready yet...
2026-02-08T18:19:27.3154609Z Leader [vllm-0] phase=Running ready=false
2026-02-08T18:19:27.3154882Z Leader not Ready yet...
2026-02-08T18:19:29.4408069Z Follower [vllm-0-1] phase=Running ready=false
2026-02-08T18:19:29.4408356Z Follower [vllm-0-1] not Ready yet...
2026-02-08T18:19:29.5576391Z Leader [vllm-0] phase=Running ready=false
2026-02-08T18:19:29.5576612Z Leader not Ready yet...
2026-02-08T18:19:31.6780419Z Follower [vllm-0-1] phase=Running ready=false
2026-02-08T18:19:31.6780703Z Follower [vllm-0-1] not Ready yet...
2026-02-08T18:19:31.8100736Z Leader [vllm-0] phase=Running ready=false
2026-02-08T18:19:31.8100958Z Leader not Ready yet...
2026-02-08T18:19:33.9346549Z Follower [vllm-0-1] phase=Running ready=false
2026-02-08T18:19:33.9346845Z Follower [vllm-0-1] not Ready yet...
2026-02-08T18:19:34.0646818Z Leader [vllm-0] phase=Running ready=false
2026-02-08T18:19:34.0657365Z Leader not Ready yet...
2026-02-08T18:19:36.1836538Z Follower [vllm-0-1] phase=Running ready=false
2026-02-08T18:19:36.1836866Z Follower [vllm-0-1] not Ready yet...
2026-02-08T18:19:36.2937953Z Leader [vllm-0] phase=Running ready=false
2026-02-08T18:19:36.2938206Z Leader not Ready yet...
2026-02-08T18:19:38.4250881Z Follower [vllm-0-1] phase=Running ready=false
2026-02-08T18:19:38.4251145Z Follower [vllm-0-1] not Ready yet...
2026-02-08T18:19:38.5476477Z Leader [vllm-0] phase=Running ready=false
2026-02-08T18:19:38.5476748Z Leader not Ready yet...
2026-02-08T18:19:40.6763011Z Follower [vllm-0-1] phase=Running ready=false
2026-02-08T18:19:40.6763292Z Follower [vllm-0-1] not Ready yet...
2026-02-08T18:19:40.7882712Z Leader [vllm-0] phase=Running ready=false
2026-02-08T18:19:40.7882939Z Leader not Ready yet...
2026-02-08T18:19:42.9234428Z Follower [vllm-0-1] phase=Running ready=false
2026-02-08T18:19:42.9234713Z Follower [vllm-0-1] not Ready yet...
2026-02-08T18:19:43.0371099Z Leader [vllm-0] phase=Running ready=false
2026-02-08T18:19:43.0371335Z Leader not Ready yet...
2026-02-08T18:19:45.1926317Z Follower [vllm-0-1] phase=Running ready=false
2026-02-08T18:19:45.1926593Z Follower [vllm-0-1] not Ready yet...
2026-02-08T18:19:45.3365375Z Leader [vllm-0] phase=Running ready=false
2026-02-08T18:19:45.3365655Z Leader not Ready yet...
2026-02-08T18:19:47.4600354Z Follower [vllm-0-1] phase=Running ready=false
2026-02-08T18:19:47.4600634Z Follower [vllm-0-1] not Ready yet...
2026-02-08T18:19:47.5799797Z Leader [vllm-0] phase=Running ready=false
2026-02-08T18:19:47.5800109Z Leader not Ready yet...
2026-02-08T18:19:49.7078067Z Follower [vllm-0-1] phase=Running ready=false
2026-02-08T18:19:49.7078341Z Follower [vllm-0-1] not Ready yet...
2026-02-08T18:19:49.8251773Z Leader [vllm-0] phase=Running ready=false
2026-02-08T18:19:49.8252124Z Leader not Ready yet...
2026-02-08T18:19:51.9459504Z Follower [vllm-0-1] phase=Running ready=false
2026-02-08T18:19:51.9459788Z Follower [vllm-0-1] not Ready yet...
2026-02-08T18:19:52.0659804Z Leader [vllm-0] phase=Running ready=false
2026-02-08T18:19:52.0660050Z Leader not Ready yet...
2026-02-08T18:19:54.1883934Z Follower [vllm-0-1] phase=Running ready=false
2026-02-08T18:19:54.1884229Z Follower [vllm-0-1] not Ready yet...
2026-02-08T18:19:54.3009874Z Leader [vllm-0] phase=Running ready=false
2026-02-08T18:19:54.3010130Z Leader not Ready yet...
2026-02-08T18:19:56.4265987Z Follower [vllm-0-1] phase=Running ready=false
2026-02-08T18:19:56.4266269Z Follower [vllm-0-1] not Ready yet...
2026-02-08T18:19:56.5421291Z Leader [vllm-0] phase=Running ready=false
2026-02-08T18:19:56.5421526Z Leader not Ready yet...
2026-02-08T18:19:58.6619868Z Follower [vllm-0-1] phase=Running ready=false
2026-02-08T18:19:58.6620143Z Follower [vllm-0-1] not Ready yet...
2026-02-08T18:19:58.7825762Z Leader [vllm-0] phase=Running ready=false
2026-02-08T18:19:58.7826007Z Leader not Ready yet...
2026-02-08T18:20:00.9052061Z Follower [vllm-0-1] phase=Running ready=false
2026-02-08T18:20:00.9052379Z Follower [vllm-0-1] not Ready yet...
2026-02-08T18:20:01.0216626Z Leader [vllm-0] phase=Running ready=false
2026-02-08T18:20:01.0216874Z Leader not Ready yet...
2026-02-08T18:20:03.3888778Z Follower [vllm-0-1] phase=Running ready=false
2026-02-08T18:20:03.3889060Z Follower [vllm-0-1] not Ready yet...
2026-02-08T18:20:03.5007935Z Leader [vllm-0] phase=Running ready=false
2026-02-08T18:20:03.5008181Z Leader not Ready yet...
2026-02-08T18:20:05.6224593Z Follower [vllm-0-1] phase=Running ready=false
2026-02-08T18:20:05.6224853Z Follower [vllm-0-1] not Ready yet...
2026-02-08T18:20:05.7436732Z Leader [vllm-0] phase=Running ready=false
2026-02-08T18:20:05.7437191Z Leader not Ready yet...
2026-02-08T18:20:07.8758901Z Follower [vllm-0-1] phase=Running ready=false
2026-02-08T18:20:07.8759189Z Follower [vllm-0-1] not Ready yet...
2026-02-08T18:20:07.9968247Z Leader [vllm-0] phase=Running ready=false
2026-02-08T18:20:07.9968503Z Leader not Ready yet...
2026-02-08T18:20:10.1298778Z Follower [vllm-0-1] phase=Running ready=false
2026-02-08T18:20:10.1299354Z Follower [vllm-0-1] not Ready yet...
2026-02-08T18:20:10.2513503Z Leader [vllm-0] phase=Running ready=false
2026-02-08T18:20:10.2513769Z Leader not Ready yet...
2026-02-08T18:20:12.3756288Z Follower [vllm-0-1] phase=Running ready=false
2026-02-08T18:20:12.3756586Z Follower [vllm-0-1] not Ready yet...
2026-02-08T18:20:12.5041237Z Leader [vllm-0] phase=Running ready=false
2026-02-08T18:20:12.5041495Z Leader not Ready yet...
2026-02-08T18:20:14.6328819Z Follower [vllm-0-1] phase=Running ready=false
2026-02-08T18:20:14.6329099Z Follower [vllm-0-1] not Ready yet...
2026-02-08T18:20:14.7642712Z Leader [vllm-0] phase=Running ready=false
2026-02-08T18:20:14.7642977Z Leader not Ready yet...
2026-02-08T18:20:16.9072352Z Follower [vllm-0-1] phase=Running ready=false
2026-02-08T18:20:16.9072630Z Follower [vllm-0-1] not Ready yet...
2026-02-08T18:20:17.0278367Z Leader [vllm-0] phase=Running ready=false
2026-02-08T18:20:19.1473848Z Leader not Ready yet...
2026-02-08T18:20:19.1474115Z Follower [vllm-0-1] phase=Running ready=false
2026-02-08T18:20:19.1474359Z Follower [vllm-0-1] not Ready yet...
2026-02-08T18:20:19.2754424Z Leader [vllm-0] phase=Running ready=false
2026-02-08T18:20:19.2754650Z Leader not Ready yet...
2026-02-08T18:20:21.4096405Z Follower [vllm-0-1] phase=Running ready=false
2026-02-08T18:20:21.4096680Z Follower [vllm-0-1] not Ready yet...
2026-02-08T18:20:21.5344241Z Leader [vllm-0] phase=Running ready=false
2026-02-08T18:20:21.5344496Z Leader not Ready yet...
2026-02-08T18:20:23.6741710Z Follower [vllm-0-1] phase=Running ready=false
2026-02-08T18:20:23.6742058Z Follower [vllm-0-1] not Ready yet...
2026-02-08T18:20:23.7935686Z Leader [vllm-0] phase=Running ready=false
2026-02-08T18:20:23.7935944Z Leader not Ready yet...
2026-02-08T18:20:25.9438826Z Follower [vllm-0-1] phase=Running ready=false
2026-02-08T18:20:25.9439097Z Follower [vllm-0-1] not Ready yet...
2026-02-08T18:20:26.0727973Z Leader [vllm-0] phase=Running ready=false
2026-02-08T18:20:26.0728244Z Leader not Ready yet...
2026-02-08T18:20:28.4430715Z Follower [vllm-0-1] phase=Running ready=false
2026-02-08T18:20:28.4430978Z Follower [vllm-0-1] not Ready yet...
2026-02-08T18:20:28.5754297Z Leader [vllm-0] phase=Running ready=false
2026-02-08T18:20:28.5754552Z Leader not Ready yet...
2026-02-08T18:20:30.7006649Z Follower [vllm-0-1] phase=Running ready=false
2026-02-08T18:20:30.7006918Z Follower [vllm-0-1] not Ready yet...
2026-02-08T18:20:30.8365220Z Leader [vllm-0] phase=Running ready=false
2026-02-08T18:20:30.8365456Z Leader not Ready yet...
2026-02-08T18:20:32.9761776Z Follower [vllm-0-1] phase=Running ready=false
2026-02-08T18:20:32.9762160Z Follower [vllm-0-1] not Ready yet...
2026-02-08T18:20:33.0936670Z Leader [vllm-0] phase=Running ready=false
2026-02-08T18:20:33.0936915Z Leader not Ready yet...
2026-02-08T18:20:35.2241071Z Follower [vllm-0-1] phase=Running ready=false
2026-02-08T18:20:35.2241363Z Follower [vllm-0-1] not Ready yet...
2026-02-08T18:20:35.3537562Z Leader [vllm-0] phase=Running ready=false
2026-02-08T18:20:35.3537846Z Leader not Ready yet...
2026-02-08T18:20:37.4882123Z Follower [vllm-0-1] phase=Running ready=false
2026-02-08T18:20:37.4882432Z Follower [vllm-0-1] not Ready yet...
2026-02-08T18:20:37.6093907Z Leader [vllm-0] phase=Running ready=false
2026-02-08T18:20:37.6094120Z Leader not Ready yet...
2026-02-08T18:20:39.7361057Z Follower [vllm-0-1] phase=Running ready=false
2026-02-08T18:20:39.7361331Z Follower [vllm-0-1] not Ready yet...
2026-02-08T18:20:39.8598151Z Leader [vllm-0] phase=Running ready=false
2026-02-08T18:20:39.8598406Z Leader not Ready yet...
2026-02-08T18:20:41.9842187Z Follower [vllm-0-1] phase=Running ready=false
2026-02-08T18:20:41.9842483Z Follower [vllm-0-1] not Ready yet...
2026-02-08T18:20:42.1178479Z Leader [vllm-0] phase=Running ready=false
2026-02-08T18:20:42.1178705Z Leader not Ready yet...
2026-02-08T18:20:44.2520760Z Follower [vllm-0-1] phase=Running ready=false
2026-02-08T18:20:44.2521096Z Follower [vllm-0-1] not Ready yet...
2026-02-08T18:20:44.3799532Z Leader [vllm-0] phase=Running ready=false
2026-02-08T18:20:44.3800117Z Leader not Ready yet...
2026-02-08T18:20:46.5021639Z Follower [vllm-0-1] phase=Running ready=false
2026-02-08T18:20:46.5021910Z Follower [vllm-0-1] not Ready yet...
2026-02-08T18:20:46.6390099Z Leader [vllm-0] phase=Running ready=false
2026-02-08T18:20:46.6390376Z Leader not Ready yet...
2026-02-08T18:20:48.7775812Z Follower [vllm-0-1] phase=Running ready=false
2026-02-08T18:20:48.7776066Z Follower [vllm-0-1] not Ready yet...
2026-02-08T18:20:48.9070318Z Leader [vllm-0] phase=Running ready=false
2026-02-08T18:20:48.9070539Z Leader not Ready yet...
2026-02-08T18:20:51.0405794Z Follower [vllm-0-1] phase=Running ready=false
2026-02-08T18:20:51.0406084Z Follower [vllm-0-1] not Ready yet...
2026-02-08T18:20:51.1690060Z Leader [vllm-0] phase=Running ready=false
2026-02-08T18:20:51.1690299Z Leader not Ready yet...
2026-02-08T18:20:53.2998859Z Follower [vllm-0-1] phase=Running ready=false
2026-02-08T18:20:53.2999132Z Follower [vllm-0-1] not Ready yet...
2026-02-08T18:20:53.4306402Z Leader [vllm-0] phase=Running ready=false
2026-02-08T18:20:53.4306664Z Leader not Ready yet...
2026-02-08T18:20:55.5618411Z Follower [vllm-0-1] phase=Running ready=false
2026-02-08T18:20:55.5618702Z Follower [vllm-0-1] not Ready yet...
2026-02-08T18:20:55.6803264Z Leader [vllm-0] phase=Running ready=false
2026-02-08T18:20:55.6803489Z Leader not Ready yet...
2026-02-08T18:20:57.8003252Z Follower [vllm-0-1] phase=Running ready=false
2026-02-08T18:20:57.8003532Z Follower [vllm-0-1] not Ready yet...
2026-02-08T18:20:57.9309515Z Leader [vllm-0] phase=Running ready=false
2026-02-08T18:20:57.9309744Z Leader not Ready yet...
2026-02-08T18:21:00.0827380Z Follower [vllm-0-1] phase=Running ready=false
2026-02-08T18:21:00.0827665Z Follower [vllm-0-1] not Ready yet...
2026-02-08T18:21:00.2348281Z Leader [vllm-0] phase=Running ready=false
2026-02-08T18:21:00.2348517Z Leader not Ready yet...
2026-02-08T18:21:02.3811720Z Follower [vllm-0-1] phase=Running ready=false
2026-02-08T18:21:02.3812092Z Follower [vllm-0-1] not Ready yet...
2026-02-08T18:21:02.4995037Z Leader [vllm-0] phase=Running ready=false
2026-02-08T18:21:02.4995544Z Leader not Ready yet...
2026-02-08T18:21:04.6302733Z Follower [vllm-0-1] phase=Running ready=false
2026-02-08T18:21:04.6303006Z Follower [vllm-0-1] not Ready yet...
2026-02-08T18:21:04.7413910Z Leader [vllm-0] phase=Running ready=false
2026-02-08T18:21:04.7414169Z Leader not Ready yet...
2026-02-08T18:21:06.8794642Z Follower [vllm-0-1] phase=Running ready=false
2026-02-08T18:21:06.8794920Z Follower [vllm-0-1] not Ready yet...
2026-02-08T18:21:07.0057006Z Leader [vllm-0] phase=Running ready=false
2026-02-08T18:21:07.0057242Z Leader not Ready yet...
2026-02-08T18:21:09.1385212Z Follower [vllm-0-1] phase=Running ready=false
2026-02-08T18:21:09.1385490Z Follower [vllm-0-1] not Ready yet...
2026-02-08T18:21:09.2605242Z Leader [vllm-0] phase=Running ready=false
2026-02-08T18:21:09.2605501Z Leader not Ready yet...
2026-02-08T18:21:11.3889553Z Follower [vllm-0-1] phase=Running ready=false
2026-02-08T18:21:11.3889935Z Follower [vllm-0-1] not Ready yet...
2026-02-08T18:21:11.5099934Z Leader [vllm-0] phase=Running ready=false
2026-02-08T18:21:11.5100197Z Leader not Ready yet...
2026-02-08T18:21:13.6469001Z Follower [vllm-0-1] phase=Running ready=false
2026-02-08T18:21:13.6469286Z Follower [vllm-0-1] not Ready yet...
2026-02-08T18:21:13.7742143Z Leader [vllm-0] phase=Running ready=false
2026-02-08T18:21:13.7742415Z Leader not Ready yet...
2026-02-08T18:21:15.8869112Z Follower [vllm-0-1] phase=Running ready=false
2026-02-08T18:21:15.8869405Z Follower [vllm-0-1] not Ready yet...
2026-02-08T18:21:15.9984700Z Leader [vllm-0] phase=Running ready=false
2026-02-08T18:21:15.9984949Z Leader not Ready yet...
2026-02-08T18:21:18.1190240Z Follower [vllm-0-1] phase=Running ready=false
2026-02-08T18:21:18.1190506Z Follower [vllm-0-1] not Ready yet...
2026-02-08T18:21:18.2350073Z Leader [vllm-0] phase=Running ready=false
2026-02-08T18:21:18.2350323Z Leader not Ready yet...
2026-02-08T18:21:20.3657269Z Follower [vllm-0-1] phase=Running ready=false
2026-02-08T18:21:20.3657830Z Follower [vllm-0-1] not Ready yet...
2026-02-08T18:21:20.4853286Z Leader [vllm-0] phase=Running ready=false
2026-02-08T18:21:20.4853510Z Leader not Ready yet...
2026-02-08T18:21:22.6024988Z Follower [vllm-0-1] phase=Running ready=false
2026-02-08T18:21:22.6025285Z Follower [vllm-0-1] not Ready yet...
2026-02-08T18:21:22.7298895Z Leader [vllm-0] phase=Running ready=false
2026-02-08T18:21:22.7299110Z Leader not Ready yet...
2026-02-08T18:21:24.8605431Z Follower [vllm-0-1] phase=Running ready=false
2026-02-08T18:21:24.8605705Z Follower [vllm-0-1] not Ready yet...
2026-02-08T18:21:24.9810982Z Leader [vllm-0] phase=Running ready=false
2026-02-08T18:21:24.9811237Z Leader not Ready yet...
2026-02-08T18:21:27.0887430Z Follower [vllm-0-1] phase=Running ready=false
2026-02-08T18:21:27.0887695Z Follower [vllm-0-1] not Ready yet...
2026-02-08T18:21:27.2045347Z Leader [vllm-0] phase=Running ready=false
2026-02-08T18:21:27.2045597Z Leader not Ready yet...
2026-02-08T18:21:29.3355085Z Follower [vllm-0-1] phase=Running ready=false
2026-02-08T18:21:29.3355348Z Follower [vllm-0-1] not Ready yet...
2026-02-08T18:21:29.4611818Z Leader [vllm-0] phase=Running ready=false
2026-02-08T18:21:29.4612323Z Leader not Ready yet...
2026-02-08T18:21:31.5873875Z Follower [vllm-0-1] phase=Running ready=false
2026-02-08T18:21:31.5874471Z Follower [vllm-0-1] not Ready yet...
2026-02-08T18:21:31.6944721Z Leader [vllm-0] phase=Running ready=false
2026-02-08T18:21:31.6945075Z Leader not Ready yet...
2026-02-08T18:21:33.8062372Z Follower [vllm-0-1] phase=Running ready=false
2026-02-08T18:21:33.8062733Z Follower [vllm-0-1] not Ready yet...
2026-02-08T18:21:33.9249185Z Leader [vllm-0] phase=Running ready=false
2026-02-08T18:21:33.9249483Z Leader not Ready yet...
2026-02-08T18:21:36.0435195Z Follower [vllm-0-1] phase=Running ready=false
2026-02-08T18:21:36.0435614Z Follower [vllm-0-1] not Ready yet...
2026-02-08T18:21:36.1595412Z Leader [vllm-0] phase=Running ready=false
2026-02-08T18:21:36.1595858Z Leader not Ready yet...
2026-02-08T18:21:38.2735768Z Follower [vllm-0-1] phase=Running ready=false
2026-02-08T18:21:38.2736427Z Follower [vllm-0-1] not Ready yet...
2026-02-08T18:21:38.3862171Z Leader [vllm-0] phase=Running ready=false
2026-02-08T18:21:38.3862534Z Leader not Ready yet...
2026-02-08T18:21:40.4996492Z Follower [vllm-0-1] phase=Running ready=false
2026-02-08T18:21:40.4996876Z Follower [vllm-0-1] not Ready yet...
2026-02-08T18:21:40.6422673Z Leader [vllm-0] phase=Running ready=false
2026-02-08T18:21:40.6422981Z Leader not Ready yet...
2026-02-08T18:21:42.7568509Z Follower [vllm-0-1] phase=Running ready=false
2026-02-08T18:21:42.7568893Z Follower [vllm-0-1] not Ready yet...
2026-02-08T18:21:42.8697476Z Leader [vllm-0] phase=Running ready=false
2026-02-08T18:21:42.8697870Z Leader not Ready yet...
2026-02-08T18:21:44.9875061Z Follower [vllm-0-1] phase=Running ready=false
2026-02-08T18:21:44.9875485Z Follower [vllm-0-1] not Ready yet...
2026-02-08T18:21:45.1060915Z Leader [vllm-0] phase=Running ready=false
2026-02-08T18:21:45.1061222Z Leader not Ready yet...
2026-02-08T18:21:47.2281610Z Follower [vllm-0-1] phase=Running ready=false
2026-02-08T18:21:47.2281976Z Follower [vllm-0-1] not Ready yet...
2026-02-08T18:21:47.3450503Z Leader [vllm-0] phase=Running ready=false
2026-02-08T18:21:47.3450894Z Leader not Ready yet...
2026-02-08T18:21:49.4705133Z Follower [vllm-0-1] phase=Running ready=false
2026-02-08T18:21:49.4705548Z Follower [vllm-0-1] not Ready yet...
2026-02-08T18:21:49.5949414Z Leader [vllm-0] phase=Running ready=false
2026-02-08T18:21:49.5949736Z Leader not Ready yet...
2026-02-08T18:21:51.7160840Z Follower [vllm-0-1] phase=Running ready=false
2026-02-08T18:21:51.7161201Z Follower [vllm-0-1] not Ready yet...
2026-02-08T18:21:51.8425901Z Leader [vllm-0] phase=Running ready=false
2026-02-08T18:21:51.8426355Z Leader not Ready yet...
2026-02-08T18:21:53.9641590Z Follower [vllm-0-1] phase=Running ready=false
2026-02-08T18:21:53.9642142Z Follower [vllm-0-1] not Ready yet...
2026-02-08T18:21:54.0860628Z Leader [vllm-0] phase=Running ready=false
2026-02-08T18:21:54.0860888Z Leader not Ready yet...
2026-02-08T18:21:56.2148944Z Follower [vllm-0-1] phase=Running ready=false
2026-02-08T18:21:56.2149284Z Follower [vllm-0-1] not Ready yet...
2026-02-08T18:21:56.3370640Z Leader [vllm-0] phase=Running ready=false
2026-02-08T18:21:56.3371040Z Leader not Ready yet...
2026-02-08T18:21:58.4556921Z Follower [vllm-0-1] phase=Running ready=false
2026-02-08T18:21:58.4557264Z Follower [vllm-0-1] not Ready yet...
2026-02-08T18:21:58.5721965Z Leader [vllm-0] phase=Running ready=false
2026-02-08T18:21:58.5722453Z Leader not Ready yet...
2026-02-08T18:22:00.6972770Z Follower [vllm-0-1] phase=Running ready=false
2026-02-08T18:22:00.6973093Z Follower [vllm-0-1] not Ready yet...
2026-02-08T18:22:00.8130878Z Leader [vllm-0] phase=Running ready=false
2026-02-08T18:22:00.8131249Z Leader not Ready yet...
2026-02-08T18:22:02.9374621Z Follower [vllm-0-1] phase=Running ready=false
2026-02-08T18:22:02.9374974Z Follower [vllm-0-1] not Ready yet...
2026-02-08T18:22:03.0722194Z Leader [vllm-0] phase=Running ready=false
2026-02-08T18:22:03.0722646Z Leader not Ready yet...
2026-02-08T18:22:05.1944419Z Follower [vllm-0-1] phase=Running ready=false
2026-02-08T18:22:05.1944814Z Follower [vllm-0-1] not Ready yet...
2026-02-08T18:22:05.3298509Z Leader [vllm-0] phase=Running ready=false
2026-02-08T18:22:05.3298816Z Leader not Ready yet...
2026-02-08T18:22:07.4656103Z Follower [vllm-0-1] phase=Running ready=false
2026-02-08T18:22:07.4656453Z Follower [vllm-0-1] not Ready yet...
2026-02-08T18:22:07.6150214Z Leader [vllm-0] phase=Running ready=false
2026-02-08T18:22:07.6150583Z Leader not Ready yet...
2026-02-08T18:22:09.7344534Z Follower [vllm-0-1] phase=Running ready=false
2026-02-08T18:22:09.7344943Z Follower [vllm-0-1] not Ready yet...
2026-02-08T18:22:09.8649580Z Leader [vllm-0] phase=Running ready=false
2026-02-08T18:22:09.8649992Z Leader not Ready yet...
2026-02-08T18:22:11.9979310Z Follower [vllm-0-1] phase=Running ready=false
2026-02-08T18:22:11.9979681Z Follower [vllm-0-1] not Ready yet...
2026-02-08T18:22:12.1366961Z Leader [vllm-0] phase=Running ready=false
2026-02-08T18:22:12.1367592Z Leader not Ready yet...
2026-02-08T18:22:14.2638533Z Follower [vllm-0-1] phase=Running ready=false
2026-02-08T18:22:14.2638879Z Follower [vllm-0-1] not Ready yet...
2026-02-08T18:22:14.3895854Z Leader [vllm-0] phase=Running ready=false
2026-02-08T18:22:14.3896261Z Leader not Ready yet...
2026-02-08T18:22:16.5167397Z Follower [vllm-0-1] phase=Running ready=false
2026-02-08T18:22:16.5167806Z Follower [vllm-0-1] not Ready yet...
2026-02-08T18:22:16.6544696Z Leader [vllm-0] phase=Running ready=false
2026-02-08T18:22:16.6545052Z Leader not Ready yet...
2026-02-08T18:22:18.7831849Z Follower [vllm-0-1] phase=Running ready=false
2026-02-08T18:22:18.7832299Z Follower [vllm-0-1] not Ready yet...
2026-02-08T18:22:18.9071805Z Leader [vllm-0] phase=Running ready=false
2026-02-08T18:22:18.9072246Z Leader not Ready yet...
2026-02-08T18:22:21.0511212Z Follower [vllm-0-1] phase=Running ready=false
2026-02-08T18:22:21.0511640Z Follower [vllm-0-1] not Ready yet...
2026-02-08T18:22:21.1754747Z Leader [vllm-0] phase=Running ready=false
2026-02-08T18:22:21.1755053Z Leader not Ready yet...
2026-02-08T18:22:23.3138983Z Follower [vllm-0-1] phase=Running ready=false
2026-02-08T18:22:23.3139339Z Follower [vllm-0-1] not Ready yet...
2026-02-08T18:22:23.4489253Z Leader [vllm-0] phase=Running ready=false
2026-02-08T18:22:23.4489542Z Leader not Ready yet...
2026-02-08T18:22:25.5870509Z Follower [vllm-0-1] phase=Running ready=false
2026-02-08T18:22:25.5870885Z Follower [vllm-0-1] not Ready yet...
2026-02-08T18:22:25.7066604Z Leader [vllm-0] phase=Running ready=false
2026-02-08T18:22:25.7066992Z Leader not Ready yet...
2026-02-08T18:22:27.8324226Z Follower [vllm-0-1] phase=Running ready=false
2026-02-08T18:22:27.8324652Z Follower [vllm-0-1] not Ready yet...
2026-02-08T18:22:27.9522202Z Leader [vllm-0] phase=Running ready=false
2026-02-08T18:22:27.9522548Z Leader not Ready yet...
2026-02-08T18:22:30.0989616Z Follower [vllm-0-1] phase=Running ready=false
2026-02-08T18:22:30.0990091Z Follower [vllm-0-1] not Ready yet...
2026-02-08T18:22:30.2136841Z Leader [vllm-0] phase=Running ready=false
2026-02-08T18:22:30.2137207Z Leader not Ready yet...
2026-02-08T18:22:32.3410730Z Follower [vllm-0-1] phase=Running ready=false
2026-02-08T18:22:32.3411159Z Follower [vllm-0-1] not Ready yet...
2026-02-08T18:22:32.4637792Z Leader [vllm-0] phase=Running ready=false
2026-02-08T18:22:32.4638243Z Leader not Ready yet...
2026-02-08T18:22:34.5957252Z Follower [vllm-0-1] phase=Running ready=false
2026-02-08T18:22:34.5957786Z Follower [vllm-0-1] not Ready yet...
2026-02-08T18:22:34.7245226Z Leader [vllm-0] phase=Running ready=false
2026-02-08T18:22:34.7245640Z Leader not Ready yet...
2026-02-08T18:22:36.8522914Z Follower [vllm-0-1] phase=Running ready=false
2026-02-08T18:22:36.8523336Z Follower [vllm-0-1] not Ready yet...
2026-02-08T18:22:36.9893497Z Leader [vllm-0] phase=Running ready=false
2026-02-08T18:22:36.9893863Z Leader not Ready yet...
2026-02-08T18:22:39.1104202Z Follower [vllm-0-1] phase=Running ready=false
2026-02-08T18:22:39.1104575Z Follower [vllm-0-1] not Ready yet...
2026-02-08T18:22:39.2434960Z Leader [vllm-0] phase=Running ready=false
2026-02-08T18:22:39.2435417Z Leader not Ready yet...
2026-02-08T18:22:41.3692812Z Follower [vllm-0-1] phase=Running ready=false
2026-02-08T18:22:41.3693305Z Follower [vllm-0-1] not Ready yet...
2026-02-08T18:22:41.4901347Z Leader [vllm-0] phase=Running ready=false
2026-02-08T18:22:41.4901781Z Leader not Ready yet...
2026-02-08T18:22:43.6235324Z Follower [vllm-0-1] phase=Running ready=false
2026-02-08T18:22:43.6235843Z Follower [vllm-0-1] not Ready yet...
2026-02-08T18:22:43.7504688Z Leader [vllm-0] phase=Running ready=false
2026-02-08T18:22:43.7505029Z Leader not Ready yet...
2026-02-08T18:22:45.8792329Z Follower [vllm-0-1] phase=Running ready=false
2026-02-08T18:22:45.8792713Z Follower [vllm-0-1] not Ready yet...
2026-02-08T18:22:46.0064993Z Leader [vllm-0] phase=Running ready=false
2026-02-08T18:22:46.0065404Z Leader not Ready yet...
2026-02-08T18:22:48.1415231Z Follower [vllm-0-1] phase=Running ready=false
2026-02-08T18:22:48.1415785Z Follower [vllm-0-1] not Ready yet...
2026-02-08T18:22:48.2651407Z Leader [vllm-0] phase=Running ready=false
2026-02-08T18:22:48.2651885Z Leader not Ready yet...
2026-02-08T18:22:50.3851310Z Follower [vllm-0-1] phase=Running ready=false
2026-02-08T18:22:50.3851796Z Follower [vllm-0-1] not Ready yet...
2026-02-08T18:22:50.5165157Z Leader [vllm-0] phase=Running ready=false
2026-02-08T18:22:50.5165554Z Leader not Ready yet...
2026-02-08T18:22:52.6536876Z Follower [vllm-0-1] phase=Running ready=false
2026-02-08T18:22:52.6537253Z Follower [vllm-0-1] not Ready yet...
2026-02-08T18:22:52.7741814Z Leader [vllm-0] phase=Running ready=false
2026-02-08T18:22:52.7742233Z Leader not Ready yet...
2026-02-08T18:22:54.8975252Z Follower [vllm-0-1] phase=Running ready=false
2026-02-08T18:22:54.8975595Z Follower [vllm-0-1] not Ready yet...
2026-02-08T18:22:55.0134054Z Leader [vllm-0] phase=Running ready=false
2026-02-08T18:22:55.0134461Z Leader not Ready yet...
2026-02-08T18:22:57.1346648Z Follower [vllm-0-1] phase=Running ready=false
2026-02-08T18:22:57.1347090Z Follower [vllm-0-1] not Ready yet...
2026-02-08T18:22:57.2537418Z Leader [vllm-0] phase=Running ready=false
2026-02-08T18:22:57.2537732Z Leader not Ready yet...
2026-02-08T18:22:59.3798808Z Follower [vllm-0-1] phase=Running ready=false
2026-02-08T18:22:59.3799150Z Follower [vllm-0-1] not Ready yet...
2026-02-08T18:22:59.4985532Z Leader [vllm-0] phase=Running ready=false
2026-02-08T18:22:59.4985834Z Leader not Ready yet...
2026-02-08T18:23:01.6238941Z Follower [vllm-0-1] phase=Running ready=false
2026-02-08T18:23:01.6239325Z Follower [vllm-0-1] not Ready yet...
2026-02-08T18:23:01.7460368Z Leader [vllm-0] phase=Running ready=false
2026-02-08T18:23:01.7460735Z Leader not Ready yet...
2026-02-08T18:23:03.8630050Z Follower [vllm-0-1] phase=Running ready=false
2026-02-08T18:23:03.8630460Z Follower [vllm-0-1] not Ready yet...
2026-02-08T18:23:03.9771042Z Leader [vllm-0] phase=Running ready=false
2026-02-08T18:23:03.9771323Z Leader not Ready yet...
2026-02-08T18:23:06.0987044Z Follower [vllm-0-1] phase=Running ready=false
2026-02-08T18:23:06.0987391Z Follower [vllm-0-1] not Ready yet...
2026-02-08T18:23:06.2159145Z Leader [vllm-0] phase=Running ready=false
2026-02-08T18:23:06.2159477Z Leader not Ready yet...
2026-02-08T18:23:08.3503425Z Follower [vllm-0-1] phase=Running ready=false
2026-02-08T18:23:08.3503782Z Follower [vllm-0-1] not Ready yet...
2026-02-08T18:23:08.4771378Z Leader [vllm-0] phase=Running ready=false
2026-02-08T18:23:08.4771682Z Leader not Ready yet...
2026-02-08T18:23:10.6051686Z Follower [vllm-0-1] phase=Running ready=false
2026-02-08T18:23:10.6052177Z Follower [vllm-0-1] not Ready yet...
2026-02-08T18:23:10.7274159Z Leader [vllm-0] phase=Running ready=false
2026-02-08T18:23:10.7274467Z Leader not Ready yet...
2026-02-08T18:23:12.8564846Z Follower [vllm-0-1] phase=Running ready=false
2026-02-08T18:23:12.8565223Z Follower [vllm-0-1] not Ready yet...
2026-02-08T18:23:12.9744263Z Leader [vllm-0] phase=Running ready=false
2026-02-08T18:23:12.9744624Z Leader not Ready yet...
2026-02-08T18:23:15.1025990Z Follower [vllm-0-1] phase=Running ready=false
2026-02-08T18:23:15.1026389Z Follower [vllm-0-1] not Ready yet...
2026-02-08T18:23:15.2153492Z Leader [vllm-0] phase=Running ready=false
2026-02-08T18:23:15.2153884Z Leader not Ready yet...
2026-02-08T18:23:17.3465125Z Follower [vllm-0-1] phase=Running ready=false
2026-02-08T18:23:17.3465555Z Follower [vllm-0-1] not Ready yet...
2026-02-08T18:23:17.4600567Z Leader [vllm-0] phase=Running ready=false
2026-02-08T18:23:17.4600937Z Leader not Ready yet...
2026-02-08T18:23:19.5886344Z Follower [vllm-0-1] phase=Running ready=false
2026-02-08T18:23:19.5886704Z Follower [vllm-0-1] not Ready yet...
2026-02-08T18:23:19.7070149Z Leader [vllm-0] phase=Running ready=false
2026-02-08T18:23:19.7070435Z Leader not Ready yet...
2026-02-08T18:23:21.8411555Z Follower [vllm-0-1] phase=Running ready=false
2026-02-08T18:23:21.8411966Z Follower [vllm-0-1] not Ready yet...
2026-02-08T18:23:21.9620222Z Leader [vllm-0] phase=Running ready=false
2026-02-08T18:23:21.9620689Z Leader not Ready yet...
2026-02-08T18:23:24.0884976Z Follower [vllm-0-1] phase=Running ready=false
2026-02-08T18:23:24.0885432Z Follower [vllm-0-1] not Ready yet...
2026-02-08T18:23:24.2176332Z Leader [vllm-0] phase=Running ready=false
2026-02-08T18:23:24.2176633Z Leader not Ready yet...
2026-02-08T18:23:26.3361007Z Follower [vllm-0-1] phase=Running ready=false
2026-02-08T18:23:26.3361353Z Follower [vllm-0-1] not Ready yet...
2026-02-08T18:23:26.4482186Z Leader [vllm-0] phase=Running ready=false
2026-02-08T18:23:26.4482582Z Leader not Ready yet...
2026-02-08T18:23:28.5689939Z Follower [vllm-0-1] phase=Running ready=false
2026-02-08T18:23:28.5690294Z Follower [vllm-0-1] not Ready yet...
2026-02-08T18:23:28.6895406Z Leader [vllm-0] phase=Running ready=false
2026-02-08T18:23:28.6896002Z Leader not Ready yet...
2026-02-08T18:23:30.8123276Z Follower [vllm-0-1] phase=Running ready=false
2026-02-08T18:23:30.8123654Z Follower [vllm-0-1] not Ready yet...
2026-02-08T18:23:30.9345928Z Leader [vllm-0] phase=Running ready=false
2026-02-08T18:23:30.9346344Z Leader not Ready yet...
2026-02-08T18:23:33.0471969Z Follower [vllm-0-1] phase=Running ready=false
2026-02-08T18:23:33.0472406Z Follower [vllm-0-1] not Ready yet...
2026-02-08T18:23:33.1668662Z Leader [vllm-0] phase=Running ready=false
2026-02-08T18:23:33.1669175Z Leader not Ready yet...
2026-02-08T18:23:35.2991405Z Follower [vllm-0-1] phase=Running ready=false
2026-02-08T18:23:35.2991800Z Follower [vllm-0-1] not Ready yet...
2026-02-08T18:23:35.4185109Z Leader [vllm-0] phase=Running ready=false
2026-02-08T18:23:35.4185459Z Leader not Ready yet...
2026-02-08T18:23:37.5459005Z Follower [vllm-0-1] phase=Running ready=false
2026-02-08T18:23:37.5459377Z Follower [vllm-0-1] not Ready yet...
2026-02-08T18:23:37.6625993Z Leader [vllm-0] phase=Running ready=false
2026-02-08T18:23:37.6626321Z Leader not Ready yet...
2026-02-08T18:23:39.7880373Z Follower [vllm-0-1] phase=Running ready=false
2026-02-08T18:23:39.7880814Z Follower [vllm-0-1] not Ready yet...
2026-02-08T18:23:39.9151468Z Leader [vllm-0] phase=Running ready=false
2026-02-08T18:23:39.9151774Z Leader not Ready yet...
2026-02-08T18:23:42.0428081Z Follower [vllm-0-1] phase=Running ready=false
2026-02-08T18:23:42.0428419Z Follower [vllm-0-1] not Ready yet...
2026-02-08T18:23:42.1729233Z Leader [vllm-0] phase=Running ready=false
2026-02-08T18:23:42.1729575Z Leader not Ready yet...
2026-02-08T18:23:44.3133209Z Follower [vllm-0-1] phase=Running ready=false
2026-02-08T18:23:44.3133685Z Follower [vllm-0-1] not Ready yet...
2026-02-08T18:23:44.4415501Z Leader [vllm-0] phase=Running ready=false
2026-02-08T18:23:44.4415830Z Leader not Ready yet...
2026-02-08T18:23:46.5665643Z Follower [vllm-0-1] phase=Running ready=false
2026-02-08T18:23:46.5666022Z Follower [vllm-0-1] not Ready yet...
2026-02-08T18:23:46.6797487Z Leader [vllm-0] phase=Running ready=false
2026-02-08T18:23:46.6797808Z Leader not Ready yet...
2026-02-08T18:23:48.8084012Z Follower [vllm-0-1] phase=Running ready=false
2026-02-08T18:23:48.8084366Z Follower [vllm-0-1] not Ready yet...
2026-02-08T18:23:48.9341118Z Leader [vllm-0] phase=Running ready=false
2026-02-08T18:23:48.9341483Z Leader not Ready yet...
2026-02-08T18:23:51.0686690Z Follower [vllm-0-1] phase=Running ready=false
2026-02-08T18:23:51.0687108Z Follower [vllm-0-1] not Ready yet...
2026-02-08T18:23:51.1968798Z Leader [vllm-0] phase=Running ready=false
2026-02-08T18:23:51.1969106Z Leader not Ready yet...
2026-02-08T18:23:53.3160884Z Follower [vllm-0-1] phase=Running ready=false
2026-02-08T18:23:53.3161192Z Follower [vllm-0-1] not Ready yet...
2026-02-08T18:23:53.4338837Z Leader [vllm-0] phase=Running ready=false
2026-02-08T18:23:53.4339156Z Leader not Ready yet...
2026-02-08T18:23:55.5534431Z Follower [vllm-0-1] phase=Running ready=false
2026-02-08T18:23:55.5534781Z Follower [vllm-0-1] not Ready yet...
2026-02-08T18:23:55.6721506Z Leader [vllm-0] phase=Running ready=false
2026-02-08T18:23:55.6721808Z Leader not Ready yet...
2026-02-08T18:23:57.8035887Z Follower [vllm-0-1] phase=Running ready=false
2026-02-08T18:23:57.8036298Z Follower [vllm-0-1] not Ready yet...
2026-02-08T18:23:57.9226350Z Leader [vllm-0] phase=Running ready=false
2026-02-08T18:23:57.9226670Z Leader not Ready yet...
2026-02-08T18:24:00.0545427Z Follower [vllm-0-1] phase=Running ready=false
2026-02-08T18:24:00.0545787Z Follower [vllm-0-1] not Ready yet...
2026-02-08T18:24:00.1945315Z Leader [vllm-0] phase=Running ready=false
2026-02-08T18:24:00.1945709Z Leader not Ready yet...
2026-02-08T18:24:02.3294112Z Follower [vllm-0-1] phase=Running ready=false
2026-02-08T18:24:02.3294660Z Follower [vllm-0-1] not Ready yet...
2026-02-08T18:24:02.4682971Z Leader [vllm-0] phase=Running ready=false
2026-02-08T18:24:02.4683335Z Leader not Ready yet...
2026-02-08T18:24:04.6076957Z Follower [vllm-0-1] phase=Running ready=false
2026-02-08T18:24:04.6077373Z Follower [vllm-0-1] not Ready yet...
2026-02-08T18:24:04.7289869Z Leader [vllm-0] phase=Running ready=false
2026-02-08T18:24:04.7290182Z Leader not Ready yet...
2026-02-08T18:24:06.8631425Z Follower [vllm-0-1] phase=Running ready=false
2026-02-08T18:24:06.8631802Z Follower [vllm-0-1] not Ready yet...
2026-02-08T18:24:06.9802804Z Leader [vllm-0] phase=Running ready=false
2026-02-08T18:24:06.9803255Z Leader not Ready yet...
2026-02-08T18:24:09.1097737Z Follower [vllm-0-1] phase=Running ready=false
2026-02-08T18:24:09.1098080Z Follower [vllm-0-1] not Ready yet...
2026-02-08T18:24:09.2324605Z Leader [vllm-0] phase=Running ready=false
2026-02-08T18:24:09.2324960Z Leader not Ready yet...
2026-02-08T18:24:11.3546018Z Follower [vllm-0-1] phase=Running ready=false
2026-02-08T18:24:11.3546384Z Follower [vllm-0-1] not Ready yet...
2026-02-08T18:24:11.4744310Z Leader [vllm-0] phase=Running ready=false
2026-02-08T18:24:11.4744661Z Leader not Ready yet...
2026-02-08T18:24:13.5989825Z Follower [vllm-0-1] phase=Running ready=false
2026-02-08T18:24:13.5990221Z Follower [vllm-0-1] not Ready yet...
2026-02-08T18:24:13.7276960Z Leader [vllm-0] phase=Running ready=false
2026-02-08T18:24:13.7277344Z Leader not Ready yet...
2026-02-08T18:24:15.8502886Z Follower [vllm-0-1] phase=Running ready=false
2026-02-08T18:24:15.8503424Z Follower [vllm-0-1] not Ready yet...
2026-02-08T18:24:15.9795793Z Leader [vllm-0] phase=Running ready=false
2026-02-08T18:24:15.9796063Z Leader not Ready yet...
2026-02-08T18:24:18.1126803Z Follower [vllm-0-1] phase=Running ready=false
2026-02-08T18:24:18.1127114Z Follower [vllm-0-1] not Ready yet...
2026-02-08T18:24:18.2300549Z Leader [vllm-0] phase=Running ready=false
2026-02-08T18:24:18.2300881Z Leader not Ready yet...
2026-02-08T18:24:20.3572854Z Follower [vllm-0-1] phase=Running ready=false
2026-02-08T18:24:20.3573299Z Follower [vllm-0-1] not Ready yet...
2026-02-08T18:24:20.4722108Z Leader [vllm-0] phase=Running ready=false
2026-02-08T18:24:20.4722489Z Leader not Ready yet...
2026-02-08T18:24:22.5943210Z Follower [vllm-0-1] phase=Running ready=false
2026-02-08T18:24:22.5943573Z Follower [vllm-0-1] not Ready yet...
2026-02-08T18:24:22.7088798Z Leader [vllm-0] phase=Running ready=false
2026-02-08T18:24:22.7089168Z Leader not Ready yet...
2026-02-08T18:24:24.8408865Z Follower [vllm-0-1] phase=Running ready=false
2026-02-08T18:24:24.8409218Z Follower [vllm-0-1] not Ready yet...
2026-02-08T18:24:24.9763675Z Leader [vllm-0] phase=Running ready=false
2026-02-08T18:24:24.9764044Z Leader not Ready yet...
2026-02-08T18:24:27.0912331Z Follower [vllm-0-1] phase=Running ready=false
2026-02-08T18:24:27.0912774Z Follower [vllm-0-1] not Ready yet...
2026-02-08T18:24:27.2004946Z Leader [vllm-0] phase=Running ready=false
2026-02-08T18:24:27.2005282Z Leader not Ready yet...
2026-02-08T18:24:29.3231083Z Follower [vllm-0-1] phase=Running ready=false
2026-02-08T18:24:29.3231448Z Follower [vllm-0-1] not Ready yet...
2026-02-08T18:24:29.4498847Z Leader [vllm-0] phase=Running ready=false
2026-02-08T18:24:29.4499287Z Leader not Ready yet...
2026-02-08T18:24:31.5835147Z Follower [vllm-0-1] phase=Running ready=false
2026-02-08T18:24:31.5835595Z Follower [vllm-0-1] not Ready yet...
2026-02-08T18:24:31.7114457Z Leader [vllm-0] phase=Running ready=false
2026-02-08T18:24:31.7114773Z Leader not Ready yet...
2026-02-08T18:24:33.8932594Z Follower [vllm-0-1] phase=Running ready=false
2026-02-08T18:24:33.8934232Z Follower [vllm-0-1] not Ready yet...
2026-02-08T18:24:34.0690493Z Leader [vllm-0] phase=Running ready=false
2026-02-08T18:24:34.0690792Z Leader not Ready yet...
2026-02-08T18:24:36.1928878Z Follower [vllm-0-1] phase=Running ready=false
2026-02-08T18:24:36.1929196Z Follower [vllm-0-1] not Ready yet...
2026-02-08T18:24:36.3278742Z Leader [vllm-0] phase=Running ready=false
2026-02-08T18:24:36.3279112Z Leader not Ready yet...
2026-02-08T18:24:38.4686347Z Follower [vllm-0-1] phase=Running ready=false
2026-02-08T18:24:38.4686660Z Follower [vllm-0-1] not Ready yet...
2026-02-08T18:24:38.5981068Z Leader [vllm-0] phase=Running ready=false
2026-02-08T18:24:38.5981366Z Leader not Ready yet...
2026-02-08T18:24:40.7346772Z Follower [vllm-0-1] phase=Running ready=false
2026-02-08T18:24:40.7347158Z Follower [vllm-0-1] not Ready yet...
2026-02-08T18:24:40.8753743Z Leader [vllm-0] phase=Running ready=false
2026-02-08T18:24:40.8754092Z Leader not Ready yet...
2026-02-08T18:24:42.9986459Z Follower [vllm-0-1] phase=Running ready=false
2026-02-08T18:24:42.9986778Z Follower [vllm-0-1] not Ready yet...
2026-02-08T18:24:43.1474475Z Leader [vllm-0] phase=Running ready=false
2026-02-08T18:24:43.1474899Z Leader not Ready yet...
2026-02-08T18:24:45.2821789Z Follower [vllm-0-1] phase=Running ready=false
2026-02-08T18:24:45.2822241Z Follower [vllm-0-1] not Ready yet...
2026-02-08T18:24:45.4108344Z Leader [vllm-0] phase=Running ready=false
2026-02-08T18:24:45.4108702Z Leader not Ready yet...
2026-02-08T18:24:47.5388377Z Follower [vllm-0-1] phase=Running ready=false
2026-02-08T18:24:47.5388829Z Follower [vllm-0-1] not Ready yet...
2026-02-08T18:24:47.6686971Z Leader [vllm-0] phase=Running ready=false
2026-02-08T18:24:47.6687586Z Leader not Ready yet...
2026-02-08T18:24:49.7938245Z Follower [vllm-0-1] phase=Running ready=false
2026-02-08T18:24:49.7938601Z Follower [vllm-0-1] not Ready yet...
2026-02-08T18:24:49.9110376Z Leader [vllm-0] phase=Running ready=false
2026-02-08T18:24:49.9110771Z Leader not Ready yet...
2026-02-08T18:24:52.0304068Z Follower [vllm-0-1] phase=Running ready=false
2026-02-08T18:24:52.0304390Z Follower [vllm-0-1] not Ready yet...
2026-02-08T18:24:52.1432756Z Leader [vllm-0] phase=Running ready=false
2026-02-08T18:24:52.1433105Z Leader not Ready yet...
2026-02-08T18:24:54.2904295Z Follower [vllm-0-1] phase=Running ready=false
2026-02-08T18:24:54.2904611Z Follower [vllm-0-1] not Ready yet...
2026-02-08T18:24:54.4127951Z Leader [vllm-0] phase=Running ready=false
2026-02-08T18:24:54.4128338Z Leader not Ready yet...
2026-02-08T18:24:56.5312638Z Follower [vllm-0-1] phase=Running ready=false
2026-02-08T18:24:56.5313044Z Follower [vllm-0-1] not Ready yet...
2026-02-08T18:24:56.6542226Z Leader [vllm-0] phase=Running ready=false
2026-02-08T18:24:56.6542595Z Leader not Ready yet...
2026-02-08T18:24:58.7805674Z Follower [vllm-0-1] phase=Running ready=false
2026-02-08T18:24:58.7806024Z Follower [vllm-0-1] not Ready yet...
2026-02-08T18:24:58.9282294Z Leader [vllm-0] phase=Running ready=false
2026-02-08T18:24:58.9282673Z Leader not Ready yet...
2026-02-08T18:25:01.0506400Z Follower [vllm-0-1] phase=Running ready=false
2026-02-08T18:25:01.0506763Z Follower [vllm-0-1] not Ready yet...
2026-02-08T18:25:01.1673178Z Leader [vllm-0] phase=Running ready=false
2026-02-08T18:25:01.1673529Z Leader not Ready yet...
2026-02-08T18:25:03.5204750Z Follower [vllm-0-1] phase=Running ready=false
2026-02-08T18:25:03.5205080Z Follower [vllm-0-1] not Ready yet...
2026-02-08T18:25:03.6381650Z Leader [vllm-0] phase=Running ready=false
2026-02-08T18:25:03.6381943Z Leader not Ready yet...
2026-02-08T18:25:05.7492616Z Follower [vllm-0-1] phase=Running ready=false
2026-02-08T18:25:05.7493002Z Follower [vllm-0-1] not Ready yet...
2026-02-08T18:25:05.8705913Z Leader [vllm-0] phase=Running ready=false
2026-02-08T18:25:05.8706305Z Leader not Ready yet...
2026-02-08T18:25:07.9865292Z Follower [vllm-0-1] phase=Running ready=false
2026-02-08T18:25:07.9865739Z Follower [vllm-0-1] not Ready yet...
2026-02-08T18:25:08.1056197Z Leader [vllm-0] phase=Running ready=false
2026-02-08T18:25:10.2239889Z Leader not Ready yet...
2026-02-08T18:25:10.2240248Z Follower [vllm-0-1] phase=Running ready=false
2026-02-08T18:25:10.2240540Z Follower [vllm-0-1] not Ready yet...
2026-02-08T18:25:10.3435635Z Leader [vllm-0] phase=Running ready=false
2026-02-08T18:25:10.3435955Z Leader not Ready yet...
2026-02-08T18:25:12.4681668Z Follower [vllm-0-1] phase=Running ready=false
2026-02-08T18:25:12.4682077Z Follower [vllm-0-1] not Ready yet...
2026-02-08T18:25:12.5874810Z Leader [vllm-0] phase=Running ready=false
2026-02-08T18:25:12.5875161Z Leader not Ready yet...
2026-02-08T18:25:14.7075550Z Follower [vllm-0-1] phase=Running ready=false
2026-02-08T18:25:14.7075964Z Follower [vllm-0-1] not Ready yet...
2026-02-08T18:25:14.8257695Z Leader [vllm-0] phase=Running ready=false
2026-02-08T18:25:14.8257997Z Leader not Ready yet...
2026-02-08T18:25:16.9413426Z Follower [vllm-0-1] phase=Running ready=false
2026-02-08T18:25:16.9413797Z Follower [vllm-0-1] not Ready yet...
2026-02-08T18:25:17.0574444Z Leader [vllm-0] phase=Running ready=false
2026-02-08T18:25:17.0574836Z Leader not Ready yet...
2026-02-08T18:25:19.1716423Z Follower [vllm-0-1] phase=Running ready=false
2026-02-08T18:25:19.1716783Z Follower [vllm-0-1] not Ready yet...
2026-02-08T18:25:19.2822606Z Leader [vllm-0] phase=Running ready=false
2026-02-08T18:25:19.2822978Z Leader not Ready yet...
2026-02-08T18:25:21.4036049Z Follower [vllm-0-1] phase=Running ready=false
2026-02-08T18:25:21.4036393Z Follower [vllm-0-1] not Ready yet...
2026-02-08T18:25:21.5223524Z Leader [vllm-0] phase=Running ready=false
2026-02-08T18:25:21.5223887Z Leader not Ready yet...
2026-02-08T18:25:23.6449795Z Follower [vllm-0-1] phase=Running ready=false
2026-02-08T18:25:23.6450494Z Follower [vllm-0-1] not Ready yet...
2026-02-08T18:25:23.7716906Z Leader [vllm-0] phase=Running ready=false
2026-02-08T18:25:23.7717258Z Leader not Ready yet...
2026-02-08T18:25:26.1522241Z Follower [vllm-0-1] phase=Running ready=false
2026-02-08T18:25:26.1522557Z Follower [vllm-0-1] not Ready yet...
2026-02-08T18:25:26.2795875Z Leader [vllm-0] phase=Running ready=false
2026-02-08T18:25:26.2796260Z Leader not Ready yet...
2026-02-08T18:25:28.3997764Z Follower [vllm-0-1] phase=Running ready=false
2026-02-08T18:25:28.3998199Z Follower [vllm-0-1] not Ready yet...
2026-02-08T18:25:28.5150942Z Leader [vllm-0] phase=Running ready=false
2026-02-08T18:25:28.5151294Z Leader not Ready yet...
2026-02-08T18:25:30.6324525Z Follower [vllm-0-1] phase=Running ready=false
2026-02-08T18:25:30.6324900Z Follower [vllm-0-1] not Ready yet...
2026-02-08T18:25:30.7533637Z Leader [vllm-0] phase=Running ready=false
2026-02-08T18:25:30.7533973Z Leader not Ready yet...
2026-02-08T18:25:32.8714601Z Follower [vllm-0-1] phase=Running ready=false
2026-02-08T18:25:32.8715122Z Follower [vllm-0-1] not Ready yet...
2026-02-08T18:25:32.9852222Z Leader [vllm-0] phase=Running ready=false
2026-02-08T18:25:32.9852557Z Leader not Ready yet...
2026-02-08T18:25:35.1047032Z Follower [vllm-0-1] phase=Running ready=false
2026-02-08T18:25:35.1047448Z Follower [vllm-0-1] not Ready yet...
2026-02-08T18:25:35.2205035Z Leader [vllm-0] phase=Running ready=false
2026-02-08T18:25:35.2205365Z Leader not Ready yet...
2026-02-08T18:25:37.3444027Z Follower [vllm-0-1] phase=Running ready=false
2026-02-08T18:25:37.3444353Z Follower [vllm-0-1] not Ready yet...
2026-02-08T18:25:37.4762512Z Leader [vllm-0] phase=Running ready=false
2026-02-08T18:25:37.4762956Z Leader not Ready yet...
2026-02-08T18:25:39.5928636Z Follower [vllm-0-1] phase=Running ready=false
2026-02-08T18:25:39.5928968Z Follower [vllm-0-1] not Ready yet...
2026-02-08T18:25:39.7054744Z Leader [vllm-0] phase=Running ready=false
2026-02-08T18:25:39.7055083Z Leader not Ready yet...
2026-02-08T18:25:41.8279275Z Follower [vllm-0-1] phase=Running ready=false
2026-02-08T18:25:41.8279670Z Follower [vllm-0-1] not Ready yet...
2026-02-08T18:25:41.9430527Z Leader [vllm-0] phase=Running ready=false
2026-02-08T18:25:41.9430935Z Leader not Ready yet...
2026-02-08T18:25:44.0595749Z Follower [vllm-0-1] phase=Running ready=false
2026-02-08T18:25:44.0596172Z Follower [vllm-0-1] not Ready yet...
2026-02-08T18:25:44.1738171Z Leader [vllm-0] phase=Running ready=false
2026-02-08T18:25:44.1738473Z Leader not Ready yet...
2026-02-08T18:25:46.2907425Z Follower [vllm-0-1] phase=Running ready=false
2026-02-08T18:25:46.2907749Z Follower [vllm-0-1] not Ready yet...
2026-02-08T18:25:46.4001259Z Leader [vllm-0] phase=Running ready=false
2026-02-08T18:25:46.4001587Z Leader not Ready yet...
2026-02-08T18:25:48.5135381Z Follower [vllm-0-1] phase=Running ready=false
2026-02-08T18:25:48.5135738Z Follower [vllm-0-1] not Ready yet...
2026-02-08T18:25:48.6286729Z Leader [vllm-0] phase=Running ready=false
2026-02-08T18:25:48.6287070Z Leader not Ready yet...
2026-02-08T18:25:50.7517577Z Follower [vllm-0-1] phase=Running ready=false
2026-02-08T18:25:50.7518005Z Follower [vllm-0-1] not Ready yet...
2026-02-08T18:25:50.8688616Z Leader [vllm-0] phase=Running ready=false
2026-02-08T18:25:50.8688906Z Leader not Ready yet...
2026-02-08T18:25:52.9905630Z Follower [vllm-0-1] phase=Running ready=false
2026-02-08T18:25:52.9905999Z Follower [vllm-0-1] not Ready yet...
2026-02-08T18:25:53.1093390Z Leader [vllm-0] phase=Running ready=false
2026-02-08T18:25:53.1093741Z Leader not Ready yet...
2026-02-08T18:25:55.2197381Z Follower [vllm-0-1] phase=Running ready=false
2026-02-08T18:25:55.2197741Z Follower [vllm-0-1] not Ready yet...
2026-02-08T18:25:55.3379329Z Leader [vllm-0] phase=Running ready=false
2026-02-08T18:25:55.3379721Z Leader not Ready yet...
2026-02-08T18:25:57.4511148Z Follower [vllm-0-1] phase=Running ready=false
2026-02-08T18:25:57.4511549Z Follower [vllm-0-1] not Ready yet...
2026-02-08T18:25:57.5772837Z Leader [vllm-0] phase=Running ready=false
2026-02-08T18:25:57.5773528Z Leader not Ready yet...
2026-02-08T18:25:59.6935431Z Follower [vllm-0-1] phase=Running ready=false
2026-02-08T18:25:59.6935803Z Follower [vllm-0-1] not Ready yet...
2026-02-08T18:25:59.8121660Z Leader [vllm-0] phase=Running ready=false
2026-02-08T18:25:59.8122115Z Leader not Ready yet...
2026-02-08T18:26:01.9285425Z Follower [vllm-0-1] phase=Running ready=false
2026-02-08T18:26:01.9285744Z Follower [vllm-0-1] not Ready yet...
2026-02-08T18:26:02.0629598Z Leader [vllm-0] phase=Running ready=false
2026-02-08T18:26:02.0629929Z Leader not Ready yet...
2026-02-08T18:26:04.1948942Z Follower [vllm-0-1] phase=Running ready=false
2026-02-08T18:26:04.1949386Z Follower [vllm-0-1] not Ready yet...
2026-02-08T18:26:04.3064604Z Leader [vllm-0] phase=Running ready=false
2026-02-08T18:26:04.3064887Z Leader not Ready yet...
2026-02-08T18:26:06.4233379Z Follower [vllm-0-1] phase=Running ready=false
2026-02-08T18:26:06.4233738Z Follower [vllm-0-1] not Ready yet...
2026-02-08T18:26:06.5439075Z Leader [vllm-0] phase=Running ready=false
2026-02-08T18:26:06.5439389Z Leader not Ready yet...
2026-02-08T18:26:08.6580923Z Follower [vllm-0-1] phase=Running ready=false
2026-02-08T18:26:08.6581255Z Follower [vllm-0-1] not Ready yet...
2026-02-08T18:26:08.7656585Z Leader [vllm-0] phase=Running ready=false
2026-02-08T18:26:08.7656925Z Leader not Ready yet...
2026-02-08T18:26:10.8860416Z Follower [vllm-0-1] phase=Running ready=false
2026-02-08T18:26:10.8860886Z Follower [vllm-0-1] not Ready yet...
2026-02-08T18:26:11.0009175Z Leader [vllm-0] phase=Running ready=false
2026-02-08T18:26:11.0009525Z Leader not Ready yet...
2026-02-08T18:26:13.1172526Z Follower [vllm-0-1] phase=Running ready=false
2026-02-08T18:26:13.1172903Z Follower [vllm-0-1] not Ready yet...
2026-02-08T18:26:13.2436226Z Leader [vllm-0] phase=Running ready=false
2026-02-08T18:26:13.2436590Z Leader not Ready yet...
2026-02-08T18:26:15.3697109Z Follower [vllm-0-1] phase=Running ready=false
2026-02-08T18:26:15.3697484Z Follower [vllm-0-1] not Ready yet...
2026-02-08T18:26:15.4930017Z Leader [vllm-0] phase=Running ready=false
2026-02-08T18:26:15.4930506Z Leader not Ready yet...
2026-02-08T18:26:17.6336279Z Follower [vllm-0-1] phase=Running ready=false
2026-02-08T18:26:17.6336708Z Follower [vllm-0-1] not Ready yet...
2026-02-08T18:26:17.7564760Z Leader [vllm-0] phase=Running ready=false
2026-02-08T18:26:17.7565059Z Leader not Ready yet...
2026-02-08T18:26:19.8832207Z Follower [vllm-0-1] phase=Running ready=false
2026-02-08T18:26:19.8832542Z Follower [vllm-0-1] not Ready yet...
2026-02-08T18:26:19.9984687Z Leader [vllm-0] phase=Running ready=false
2026-02-08T18:26:19.9985041Z Leader not Ready yet...
2026-02-08T18:26:22.1315900Z Follower [vllm-0-1] phase=Running ready=false
2026-02-08T18:26:22.1316330Z Follower [vllm-0-1] not Ready yet...
2026-02-08T18:26:22.2481581Z Leader [vllm-0] phase=Running ready=false
2026-02-08T18:26:22.2481857Z Leader not Ready yet...
2026-02-08T18:26:24.3825617Z Follower [vllm-0-1] phase=Running ready=false
2026-02-08T18:26:24.3825961Z Follower [vllm-0-1] not Ready yet...
2026-02-08T18:26:24.5072447Z Leader [vllm-0] phase=Running ready=false
2026-02-08T18:26:24.5072882Z Leader not Ready yet...
2026-02-08T18:26:26.6338214Z Follower [vllm-0-1] phase=Running ready=false
2026-02-08T18:26:26.6338621Z Follower [vllm-0-1] not Ready yet...
2026-02-08T18:26:26.7643576Z Leader [vllm-0] phase=Running ready=false
2026-02-08T18:26:26.7643851Z Leader not Ready yet...
2026-02-08T18:26:28.9137863Z Follower [vllm-0-1] phase=Running ready=false
2026-02-08T18:26:28.9138217Z Follower [vllm-0-1] not Ready yet...
2026-02-08T18:26:29.0436662Z Leader [vllm-0] phase=Running ready=false
2026-02-08T18:26:29.0436987Z Leader not Ready yet...
2026-02-08T18:26:31.1727150Z Follower [vllm-0-1] phase=Running ready=false
2026-02-08T18:26:31.1727514Z Follower [vllm-0-1] not Ready yet...
2026-02-08T18:26:31.2858438Z Leader [vllm-0] phase=Running ready=false
2026-02-08T18:26:31.2858821Z Leader not Ready yet...
2026-02-08T18:26:33.4177104Z Follower [vllm-0-1] phase=Running ready=false
2026-02-08T18:26:33.4177746Z Follower [vllm-0-1] not Ready yet...
2026-02-08T18:26:33.5364107Z Leader [vllm-0] phase=Running ready=false
2026-02-08T18:26:33.5364416Z Leader not Ready yet...
2026-02-08T18:26:35.6668264Z Follower [vllm-0-1] phase=Running ready=false
2026-02-08T18:26:35.6668618Z Follower [vllm-0-1] not Ready yet...
2026-02-08T18:26:35.7847282Z Leader [vllm-0] phase=Running ready=false
2026-02-08T18:26:35.7847596Z Leader not Ready yet...
2026-02-08T18:26:37.9020438Z Follower [vllm-0-1] phase=Running ready=false
2026-02-08T18:26:37.9020787Z Follower [vllm-0-1] not Ready yet...
2026-02-08T18:26:38.0216852Z Leader [vllm-0] phase=Running ready=false
2026-02-08T18:26:38.0217253Z Leader not Ready yet...
2026-02-08T18:26:40.1363649Z Follower [vllm-0-1] phase=Running ready=false
2026-02-08T18:26:40.1363957Z Follower [vllm-0-1] not Ready yet...
2026-02-08T18:26:40.2491518Z Leader [vllm-0] phase=Running ready=false
2026-02-08T18:26:40.2491839Z Leader not Ready yet...
2026-02-08T18:26:42.3679407Z Follower [vllm-0-1] phase=Running ready=false
2026-02-08T18:26:42.3679786Z Follower [vllm-0-1] not Ready yet...
2026-02-08T18:26:42.4838118Z Leader [vllm-0] phase=Running ready=false
2026-02-08T18:26:42.4838480Z Leader not Ready yet...
2026-02-08T18:26:44.5985554Z Follower [vllm-0-1] phase=Running ready=false
2026-02-08T18:26:44.5985895Z Follower [vllm-0-1] not Ready yet...
2026-02-08T18:26:44.7139684Z Leader [vllm-0] phase=Running ready=false
2026-02-08T18:26:44.7140047Z Leader not Ready yet...
2026-02-08T18:26:46.8377057Z Follower [vllm-0-1] phase=Running ready=false
2026-02-08T18:26:46.8377385Z Follower [vllm-0-1] not Ready yet...
2026-02-08T18:26:46.9674551Z Leader [vllm-0] phase=Running ready=false
2026-02-08T18:26:46.9674893Z Leader not Ready yet...
2026-02-08T18:26:49.0937385Z Follower [vllm-0-1] phase=Running ready=false
2026-02-08T18:26:49.0937792Z Follower [vllm-0-1] not Ready yet...
2026-02-08T18:26:49.2118448Z Leader [vllm-0] phase=Running ready=false
2026-02-08T18:26:49.2118802Z Leader not Ready yet...
2026-02-08T18:26:51.3541158Z Follower [vllm-0-1] phase=Running ready=false
2026-02-08T18:26:51.3541470Z Follower [vllm-0-1] not Ready yet...
2026-02-08T18:26:51.4831550Z Leader [vllm-0] phase=Running ready=false
2026-02-08T18:26:51.4831963Z Leader not Ready yet...
2026-02-08T18:26:53.6081626Z Follower [vllm-0-1] phase=Running ready=false
2026-02-08T18:26:53.6082133Z Follower [vllm-0-1] not Ready yet...
2026-02-08T18:26:53.7316844Z Leader [vllm-0] phase=Running ready=false
2026-02-08T18:26:53.7317172Z Leader not Ready yet...
2026-02-08T18:26:55.8546342Z Follower [vllm-0-1] phase=Running ready=false
2026-02-08T18:26:55.8546692Z Follower [vllm-0-1] not Ready yet...
2026-02-08T18:26:55.9804463Z Leader [vllm-0] phase=Running ready=false
2026-02-08T18:26:55.9804845Z Leader not Ready yet...
2026-02-08T18:26:58.1061114Z Follower [vllm-0-1] phase=Running ready=false
2026-02-08T18:26:58.1061444Z Follower [vllm-0-1] not Ready yet...
2026-02-08T18:26:58.2347844Z Leader [vllm-0] phase=Running ready=false
2026-02-08T18:27:00.3533282Z Leader not Ready yet...
2026-02-08T18:27:00.3533626Z Follower [vllm-0-1] phase=Running ready=false
2026-02-08T18:27:00.3534022Z Follower [vllm-0-1] not Ready yet...
2026-02-08T18:27:00.4753598Z Leader [vllm-0] phase=Running ready=false
2026-02-08T18:27:00.4754030Z Leader not Ready yet...
2026-02-08T18:27:02.6304076Z Follower [vllm-0-1] phase=Running ready=false
2026-02-08T18:27:02.6304453Z Follower [vllm-0-1] not Ready yet...
2026-02-08T18:27:02.7787407Z Leader [vllm-0] phase=Running ready=false
2026-02-08T18:27:02.7787883Z Leader not Ready yet...
2026-02-08T18:27:04.8972103Z Follower [vllm-0-1] phase=Running ready=false
2026-02-08T18:27:04.8972547Z Follower [vllm-0-1] not Ready yet...
2026-02-08T18:27:05.0114718Z Leader [vllm-0] phase=Running ready=false
2026-02-08T18:27:05.0115008Z Leader not Ready yet...
2026-02-08T18:27:07.1362976Z Follower [vllm-0-1] phase=Running ready=false
2026-02-08T18:27:07.1363303Z Follower [vllm-0-1] not Ready yet...
2026-02-08T18:27:07.2502178Z Leader [vllm-0] phase=Running ready=false
2026-02-08T18:27:07.2502753Z Leader not Ready yet...
2026-02-08T18:27:09.3727030Z Follower [vllm-0-1] phase=Running ready=false
2026-02-08T18:27:09.3727516Z Follower [vllm-0-1] not Ready yet...
2026-02-08T18:27:09.4947704Z Leader [vllm-0] phase=Running ready=false
2026-02-08T18:27:09.4948056Z Leader not Ready yet...
2026-02-08T18:27:11.6276874Z Follower [vllm-0-1] phase=Running ready=false
2026-02-08T18:27:11.6277251Z Follower [vllm-0-1] not Ready yet...
2026-02-08T18:27:11.7929216Z Leader [vllm-0] phase=Running ready=false
2026-02-08T18:27:11.7929549Z Leader not Ready yet...
2026-02-08T18:27:13.8945818Z Follower [vllm-0-1] phase=Running ready=false
2026-02-08T18:27:13.8946151Z Follower [vllm-0-1] not Ready yet...
2026-02-08T18:27:14.0142688Z Leader [vllm-0] phase=Running ready=false
2026-02-08T18:27:14.0143136Z Leader not Ready yet...
2026-02-08T18:27:16.1439631Z Follower [vllm-0-1] phase=Running ready=false
2026-02-08T18:27:16.1440017Z Follower [vllm-0-1] not Ready yet...
2026-02-08T18:27:16.2674941Z Leader [vllm-0] phase=Running ready=false
2026-02-08T18:27:16.2675244Z Leader not Ready yet...
2026-02-08T18:27:18.3952729Z Follower [vllm-0-1] phase=Running ready=false
2026-02-08T18:27:18.3953107Z Follower [vllm-0-1] not Ready yet...
2026-02-08T18:27:18.5256840Z Leader [vllm-0] phase=Running ready=false
2026-02-08T18:27:18.5257234Z Leader not Ready yet...
2026-02-08T18:27:20.6454100Z Follower [vllm-0-1] phase=Running ready=false
2026-02-08T18:27:20.6454436Z Follower [vllm-0-1] not Ready yet...
2026-02-08T18:27:20.7876357Z Leader [vllm-0] phase=Running ready=false
2026-02-08T18:27:20.7876762Z Leader not Ready yet...
2026-02-08T18:27:22.9185397Z Follower [vllm-0-1] phase=Running ready=false
2026-02-08T18:27:22.9185704Z Follower [vllm-0-1] not Ready yet...
2026-02-08T18:27:23.0418360Z Leader [vllm-0] phase=Running ready=false
2026-02-08T18:27:23.0418709Z Leader not Ready yet...
2026-02-08T18:27:25.1749411Z Follower [vllm-0-1] phase=Running ready=false
2026-02-08T18:27:25.1749731Z Follower [vllm-0-1] not Ready yet...
2026-02-08T18:27:25.2940480Z Leader [vllm-0] phase=Running ready=false
2026-02-08T18:27:25.2940913Z Leader not Ready yet...
2026-02-08T18:27:27.4358757Z Follower [vllm-0-1] phase=Running ready=false
2026-02-08T18:27:27.4359162Z Follower [vllm-0-1] not Ready yet...
2026-02-08T18:27:27.5592772Z Leader [vllm-0] phase=Running ready=false
2026-02-08T18:27:27.5593134Z Leader not Ready yet...
2026-02-08T18:27:29.6924906Z Follower [vllm-0-1] phase=Running ready=false
2026-02-08T18:27:29.6925264Z Follower [vllm-0-1] not Ready yet...
2026-02-08T18:27:29.8176234Z Leader [vllm-0] phase=Running ready=false
2026-02-08T18:27:29.8176571Z Leader not Ready yet...
2026-02-08T18:27:31.9474444Z Follower [vllm-0-1] phase=Running ready=false
2026-02-08T18:27:31.9474852Z Follower [vllm-0-1] not Ready yet...
2026-02-08T18:27:32.0597251Z Leader [vllm-0] phase=Running ready=false
2026-02-08T18:27:32.0597587Z Leader not Ready yet...
2026-02-08T18:27:34.1886606Z Follower [vllm-0-1] phase=Running ready=false
2026-02-08T18:27:34.1887062Z Follower [vllm-0-1] not Ready yet...
2026-02-08T18:27:34.3180233Z Leader [vllm-0] phase=Running ready=false
2026-02-08T18:27:34.3180507Z Leader not Ready yet...
2026-02-08T18:27:36.4415192Z Follower [vllm-0-1] phase=Running ready=false
2026-02-08T18:27:36.4415506Z Follower [vllm-0-1] not Ready yet...
2026-02-08T18:27:36.5659569Z Leader [vllm-0] phase=Running ready=false
2026-02-08T18:27:36.5659858Z Leader not Ready yet...
2026-02-08T18:27:38.7054711Z Follower [vllm-0-1] phase=Running ready=false
2026-02-08T18:27:38.7055046Z Follower [vllm-0-1] not Ready yet...
2026-02-08T18:27:38.8319011Z Leader [vllm-0] phase=Running ready=false
2026-02-08T18:27:38.8319389Z Leader not Ready yet...
2026-02-08T18:27:40.9668847Z Follower [vllm-0-1] phase=Running ready=false
2026-02-08T18:27:40.9669296Z Follower [vllm-0-1] not Ready yet...
2026-02-08T18:27:41.0879501Z Leader [vllm-0] phase=Running ready=false
2026-02-08T18:27:41.0879890Z Leader not Ready yet...
2026-02-08T18:27:43.2019561Z Follower [vllm-0-1] phase=Running ready=false
2026-02-08T18:27:43.2020174Z Follower [vllm-0-1] not Ready yet...
2026-02-08T18:27:43.3281383Z Leader [vllm-0] phase=Running ready=false
2026-02-08T18:27:43.3281711Z Leader not Ready yet...
2026-02-08T18:27:45.4496059Z Follower [vllm-0-1] phase=Running ready=false
2026-02-08T18:27:45.4496414Z Follower [vllm-0-1] not Ready yet...
2026-02-08T18:27:45.5731710Z Leader [vllm-0] phase=Running ready=false
2026-02-08T18:27:45.5732068Z Leader not Ready yet...
2026-02-08T18:27:47.6909101Z Follower [vllm-0-1] phase=Running ready=false
2026-02-08T18:27:47.6909403Z Follower [vllm-0-1] not Ready yet...
2026-02-08T18:27:47.8105977Z Leader [vllm-0] phase=Running ready=false
2026-02-08T18:27:47.8106334Z Leader not Ready yet...
2026-02-08T18:27:49.9291469Z Follower [vllm-0-1] phase=Running ready=false
2026-02-08T18:27:49.9291787Z Follower [vllm-0-1] not Ready yet...
2026-02-08T18:27:50.0505104Z Leader [vllm-0] phase=Running ready=false
2026-02-08T18:27:50.0505567Z Leader not Ready yet...
2026-02-08T18:27:52.1798157Z Follower [vllm-0-1] phase=Running ready=false
2026-02-08T18:27:52.1798504Z Follower [vllm-0-1] not Ready yet...
2026-02-08T18:27:52.3030604Z Leader [vllm-0] phase=Running ready=false
2026-02-08T18:27:52.3030923Z Leader not Ready yet...
2026-02-08T18:27:54.4248567Z Follower [vllm-0-1] phase=Running ready=false
2026-02-08T18:27:54.4248975Z Follower [vllm-0-1] not Ready yet...
2026-02-08T18:27:54.5490745Z Leader [vllm-0] phase=Running ready=false
2026-02-08T18:27:54.5491034Z Leader not Ready yet...
2026-02-08T18:27:56.6835234Z Follower [vllm-0-1] phase=Running ready=false
2026-02-08T18:27:56.6835581Z Follower [vllm-0-1] not Ready yet...
2026-02-08T18:27:56.8034461Z Leader [vllm-0] phase=Running ready=false
2026-02-08T18:27:56.8034779Z Leader not Ready yet...
2026-02-08T18:27:58.9207877Z Follower [vllm-0-1] phase=Running ready=false
2026-02-08T18:27:58.9208287Z Follower [vllm-0-1] not Ready yet...
2026-02-08T18:27:59.0523829Z Leader [vllm-0] phase=Running ready=false
2026-02-08T18:27:59.0524126Z Leader not Ready yet...
2026-02-08T18:28:01.1768177Z Follower [vllm-0-1] phase=Running ready=false
2026-02-08T18:28:01.1768873Z Follower [vllm-0-1] not Ready yet...
2026-02-08T18:28:01.3019102Z Leader [vllm-0] phase=Running ready=false
2026-02-08T18:28:01.3019461Z Leader not Ready yet...
2026-02-08T18:28:03.4338820Z Follower [vllm-0-1] phase=Running ready=false
2026-02-08T18:28:03.4339278Z Follower [vllm-0-1] not Ready yet...
2026-02-08T18:28:03.5520385Z Leader [vllm-0] phase=Running ready=false
2026-02-08T18:28:03.5520762Z Leader not Ready yet...
2026-02-08T18:28:05.6774857Z Follower [vllm-0-1] phase=Running ready=false
2026-02-08T18:28:05.6775197Z Follower [vllm-0-1] not Ready yet...
2026-02-08T18:28:05.8023375Z Leader [vllm-0] phase=Running ready=false
2026-02-08T18:28:05.8023672Z Leader not Ready yet...
2026-02-08T18:28:07.9268899Z Follower [vllm-0-1] phase=Running ready=false
2026-02-08T18:28:07.9269264Z Follower [vllm-0-1] not Ready yet...
2026-02-08T18:28:08.0527660Z Leader [vllm-0] phase=Running ready=false
2026-02-08T18:28:08.0528087Z Leader not Ready yet...
2026-02-08T18:28:10.1892793Z Follower [vllm-0-1] phase=Running ready=false
2026-02-08T18:28:10.1893221Z Follower [vllm-0-1] not Ready yet...
2026-02-08T18:28:10.3110357Z Leader [vllm-0] phase=Running ready=false
2026-02-08T18:28:10.3110676Z Leader not Ready yet...
2026-02-08T18:28:12.4387800Z Follower [vllm-0-1] phase=Running ready=false
2026-02-08T18:28:12.4388148Z Follower [vllm-0-1] not Ready yet...
2026-02-08T18:28:12.5598047Z Leader [vllm-0] phase=Running ready=false
2026-02-08T18:28:12.5598441Z Leader not Ready yet...
2026-02-08T18:28:14.7017602Z Follower [vllm-0-1] phase=Running ready=false
2026-02-08T18:28:14.7017974Z Follower [vllm-0-1] not Ready yet...
2026-02-08T18:28:14.8338263Z Leader [vllm-0] phase=Running ready=false
2026-02-08T18:28:14.8338660Z Leader not Ready yet...
2026-02-08T18:28:16.9660181Z Follower [vllm-0-1] phase=Running ready=false
2026-02-08T18:28:16.9660546Z Follower [vllm-0-1] not Ready yet...
2026-02-08T18:28:17.0864068Z Leader [vllm-0] phase=Running ready=false
2026-02-08T18:28:17.0864338Z Leader not Ready yet...
2026-02-08T18:28:19.2087179Z Follower [vllm-0-1] phase=Running ready=false
2026-02-08T18:28:19.2087517Z Follower [vllm-0-1] not Ready yet...
2026-02-08T18:28:19.3303359Z Leader [vllm-0] phase=Running ready=false
2026-02-08T18:28:19.3303757Z Leader not Ready yet...
2026-02-08T18:28:21.4586114Z Follower [vllm-0-1] phase=Running ready=false
2026-02-08T18:28:21.4586551Z Follower [vllm-0-1] not Ready yet...
2026-02-08T18:28:21.5773686Z Leader [vllm-0] phase=Running ready=false
2026-02-08T18:28:21.5774079Z Leader not Ready yet...
2026-02-08T18:28:23.7143420Z Follower [vllm-0-1] phase=Running ready=false
2026-02-08T18:28:23.7143737Z Follower [vllm-0-1] not Ready yet...
2026-02-08T18:28:23.8406846Z Leader [vllm-0] phase=Running ready=false
2026-02-08T18:28:23.8407201Z Leader not Ready yet...
2026-02-08T18:28:25.9710516Z Follower [vllm-0-1] phase=Running ready=false
2026-02-08T18:28:25.9710828Z Follower [vllm-0-1] not Ready yet...
2026-02-08T18:28:26.1009526Z Leader [vllm-0] phase=Running ready=false
2026-02-08T18:28:26.1009803Z Leader not Ready yet...
2026-02-08T18:28:28.2251759Z Follower [vllm-0-1] phase=Running ready=false
2026-02-08T18:28:28.2252226Z Follower [vllm-0-1] not Ready yet...
2026-02-08T18:28:28.3414189Z Leader [vllm-0] phase=Running ready=false
2026-02-08T18:28:28.3414589Z Leader not Ready yet...
2026-02-08T18:28:30.4839653Z Follower [vllm-0-1] phase=Running ready=false
2026-02-08T18:28:30.4839991Z Follower [vllm-0-1] not Ready yet...
2026-02-08T18:28:30.5981410Z Leader [vllm-0] phase=Running ready=false
2026-02-08T18:28:32.7265930Z Leader not Ready yet...
2026-02-08T18:28:32.7266244Z Follower [vllm-0-1] phase=Running ready=false
2026-02-08T18:28:32.7266552Z Follower [vllm-0-1] not Ready yet...
2026-02-08T18:28:32.8451792Z Leader [vllm-0] phase=Running ready=false
2026-02-08T18:28:32.8452207Z Leader not Ready yet...
2026-02-08T18:28:34.9774196Z Follower [vllm-0-1] phase=Running ready=false
2026-02-08T18:28:34.9774632Z Follower [vllm-0-1] not Ready yet...
2026-02-08T18:28:35.0987745Z Leader [vllm-0] phase=Running ready=false
2026-02-08T18:28:35.0988212Z Leader not Ready yet...
2026-02-08T18:28:37.2209467Z Follower [vllm-0-1] phase=Running ready=false
2026-02-08T18:28:37.2209860Z Follower [vllm-0-1] not Ready yet...
2026-02-08T18:28:37.3353747Z Leader [vllm-0] phase=Running ready=false
2026-02-08T18:28:37.3354068Z Leader not Ready yet...
2026-02-08T18:28:39.4565893Z Follower [vllm-0-1] phase=Running ready=false
2026-02-08T18:28:39.4566229Z Follower [vllm-0-1] not Ready yet...
2026-02-08T18:28:39.5740189Z Leader [vllm-0] phase=Running ready=false
2026-02-08T18:28:39.5740547Z Leader not Ready yet...
2026-02-08T18:28:41.7018453Z Follower [vllm-0-1] phase=Running ready=false
2026-02-08T18:28:41.7018850Z Follower [vllm-0-1] not Ready yet...
2026-02-08T18:28:41.8280942Z Leader [vllm-0] phase=Running ready=false
2026-02-08T18:28:41.8281224Z Leader not Ready yet...
2026-02-08T18:28:43.9592543Z Follower [vllm-0-1] phase=Running ready=false
2026-02-08T18:28:43.9592916Z Follower [vllm-0-1] not Ready yet...
2026-02-08T18:28:44.0781720Z Leader [vllm-0] phase=Running ready=false
2026-02-08T18:28:44.0782117Z Leader not Ready yet...
2026-02-08T18:28:46.1903222Z Follower [vllm-0-1] phase=Running ready=false
2026-02-08T18:28:46.1903574Z Follower [vllm-0-1] not Ready yet...
2026-02-08T18:28:46.3024346Z Leader [vllm-0] phase=Running ready=false
2026-02-08T18:28:46.3024711Z Leader not Ready yet...
2026-02-08T18:28:48.4146540Z Follower [vllm-0-1] phase=Running ready=false
2026-02-08T18:28:48.4146928Z Follower [vllm-0-1] not Ready yet...
2026-02-08T18:28:48.5394785Z Leader [vllm-0] phase=Running ready=false
2026-02-08T18:28:48.5395042Z Leader not Ready yet...
2026-02-08T18:28:50.6559701Z Follower [vllm-0-1] phase=Running ready=false
2026-02-08T18:28:50.6560041Z Follower [vllm-0-1] not Ready yet...
2026-02-08T18:28:50.7737700Z Leader [vllm-0] phase=Running ready=false
2026-02-08T18:28:50.7738080Z Leader not Ready yet...
2026-02-08T18:28:52.8906362Z Follower [vllm-0-1] phase=Running ready=false
2026-02-08T18:28:52.8906821Z Follower [vllm-0-1] not Ready yet...
2026-02-08T18:28:53.0121696Z Leader [vllm-0] phase=Running ready=false
2026-02-08T18:28:53.0121974Z Leader not Ready yet...
2026-02-08T18:28:55.1301645Z Follower [vllm-0-1] phase=Running ready=false
2026-02-08T18:28:55.1302077Z Follower [vllm-0-1] not Ready yet...
2026-02-08T18:28:55.2432063Z Leader [vllm-0] phase=Running ready=false
2026-02-08T18:28:55.2432410Z Leader not Ready yet...
2026-02-08T18:28:57.3755351Z Follower [vllm-0-1] phase=Running ready=false
2026-02-08T18:28:57.3755682Z Follower [vllm-0-1] not Ready yet...
2026-02-08T18:28:57.4893097Z Leader [vllm-0] phase=Running ready=false
2026-02-08T18:28:57.4893547Z Leader not Ready yet...
2026-02-08T18:28:59.4913831Z Timeout reached after 1201s
2026-02-08T18:28:59.4914203Z Dumping pod status for debugging:
2026-02-08T18:28:59.5701361Z NAME                                             READY   STATUS             RESTARTS        AGE
2026-02-08T18:28:59.5701902Z linux-aarch64-a3-0-wgt9d-runner-2l64w            1/1     Running            0               24m
2026-02-08T18:28:59.5702556Z linux-aarch64-a3-0-wgt9d-runner-2l64w-workflow   1/1     Running            0               24m
2026-02-08T18:28:59.5703120Z linux-aarch64-a3-2-58kp5-runner-rwm5x            1/1     Running            0               92m
2026-02-08T18:28:59.5703655Z linux-aarch64-a3-2-58kp5-runner-rwm5x-workflow   1/1     Running            0               91m
2026-02-08T18:28:59.5704280Z linux-aarch64-a3-2-58kp5-runner-xnmb8            1/1     Running            0               92m
2026-02-08T18:28:59.5704806Z linux-aarch64-a3-2-58kp5-runner-xnmb8-workflow   1/1     Running            0               91m
2026-02-08T18:28:59.5705332Z linux-aarch64-a3-4-zp4rk-runner-dc8pd            1/1     Running            0               92m
2026-02-08T18:28:59.5705894Z linux-aarch64-a3-4-zp4rk-runner-dc8pd-workflow   1/1     Running            0               91m
2026-02-08T18:28:59.5706417Z linux-aarch64-a3-4-zp4rk-runner-dksxk            1/1     Running            0               92m
2026-02-08T18:28:59.5707137Z linux-aarch64-a3-4-zp4rk-runner-dksxk-workflow   1/1     Running            0               91m
2026-02-08T18:28:59.5707587Z vllm-0                                           0/1     CrashLoopBackOff   8 (4m41s ago)   20m
2026-02-08T18:28:59.5707972Z vllm-0-1                                         0/1     CrashLoopBackOff   8 (4m7s ago)    20m
2026-02-08T18:28:59.6922380Z Name:             vllm-0
2026-02-08T18:28:59.6922715Z Namespace:        vllm-project
2026-02-08T18:28:59.6922977Z Priority:         0
2026-02-08T18:28:59.6923261Z Service Account:  default
2026-02-08T18:28:59.6923479Z Node:             172.22.5.24/172.22.5.24
2026-02-08T18:28:59.6923757Z Start Time:       Sun, 08 Feb 2026 18:08:35 +0000
2026-02-08T18:28:59.6924130Z Labels:           apps.kubernetes.io/pod-index=0
2026-02-08T18:28:59.6924442Z                   controller-revision-hash=vllm-5b6dfb7656
2026-02-08T18:28:59.6924858Z                   leaderworkerset.sigs.k8s.io/group-index=0
2026-02-08T18:28:59.6925281Z                   leaderworkerset.sigs.k8s.io/group-key=25e9b5ff19e8f82d5e17dacd84730be69a447a94
2026-02-08T18:28:59.6925663Z                   leaderworkerset.sigs.k8s.io/name=vllm
2026-02-08T18:28:59.6926032Z                   leaderworkerset.sigs.k8s.io/template-revision-hash=bf9955647
2026-02-08T18:28:59.6926412Z                   leaderworkerset.sigs.k8s.io/worker-index=0
2026-02-08T18:28:59.6926665Z                   role=leader
2026-02-08T18:28:59.6926965Z                   statefulset.kubernetes.io/pod-name=vllm-0
2026-02-08T18:28:59.6927384Z Annotations:      cce.kubectl.kubernetes.io/ascend-1980-configuration:
2026-02-08T18:28:59.6927902Z                     {"pod_name":"vllm-0","server_id":"172.22.5.24","devices":[{"device_id":"0","device_ip":"40.130.176.26","super_device_id":"163577856","tor_...
2026-02-08T18:28:59.6928412Z                   huawei.com/AscendReal:
2026-02-08T18:28:59.6929077Z                     Ascend910-11,Ascend910-3,Ascend910-15,Ascend910-14,Ascend910-7,Ascend910-9,Ascend910-1,Ascend910-6,Ascend910-8,Ascend910-0,Ascend910-2,Asc...
2026-02-08T18:28:59.6929823Z                   huawei.com/kltDev:
2026-02-08T18:28:59.6930492Z                     Ascend910-11,Ascend910-3,Ascend910-15,Ascend910-14,Ascend910-7,Ascend910-9,Ascend910-1,Ascend910-6,Ascend910-8,Ascend910-0,Ascend910-2,Asc...
2026-02-08T18:28:59.6931104Z                   leaderworkerset.sigs.k8s.io/size: 2
2026-02-08T18:28:59.6931392Z                   localdns.cce.io/servers: ["169.254.20.10"]
2026-02-08T18:28:59.6931733Z                   node-local-dns-webhook.k8s.io/status: injected
2026-02-08T18:28:59.6932123Z Status:           Running
2026-02-08T18:28:59.6932348Z IP:               10.0.0.111
2026-02-08T18:28:59.6932585Z IPs:
2026-02-08T18:28:59.6932790Z   IP:           10.0.0.111
2026-02-08T18:28:59.6933060Z Controlled By:  StatefulSet/vllm
2026-02-08T18:28:59.6933314Z Containers:
2026-02-08T18:28:59.6933647Z   vllm-leader:
2026-02-08T18:28:59.6934089Z     Container ID:  docker://a634a9e5e8a5093a595f9dc458e4f714b327d8a311cd05a125f3c475bb1a8e2c
2026-02-08T18:28:59.6934651Z     Image:         swr.cn-southwest-2.myhuaweicloud.com/base_image/ascend-ci/vllm-ascend:nightly-a3
2026-02-08T18:28:59.6935473Z     Image ID:      docker-pullable://swr.cn-southwest-2.myhuaweicloud.com/base_image/ascend-ci/vllm-ascend@sha256:5b2baacc7322895a683ca681dcf06e18f986c0b600376308d9fc0da4f74ca00b
2026-02-08T18:28:59.6936093Z     Port:          8080/TCP
2026-02-08T18:28:59.6936302Z     Host Port:     0/TCP
2026-02-08T18:28:59.6936538Z     Command:
2026-02-08T18:28:59.6936707Z       sh
2026-02-08T18:28:59.6936913Z       -c
2026-02-08T18:28:59.6937135Z       bash /root/.cache/tests/run.sh
2026-02-08T18:28:59.6937345Z       
2026-02-08T18:28:59.6937622Z     State:          Waiting
2026-02-08T18:28:59.6937875Z       Reason:       CrashLoopBackOff
2026-02-08T18:28:59.6938099Z     Last State:     Terminated
2026-02-08T18:28:59.6938347Z       Reason:       Error
2026-02-08T18:28:59.6938560Z       Exit Code:    1
2026-02-08T18:28:59.6938797Z       Started:      Sun, 08 Feb 2026 18:24:18 +0000
2026-02-08T18:28:59.6939203Z       Finished:     Sun, 08 Feb 2026 18:24:18 +0000
2026-02-08T18:28:59.6939447Z     Ready:          False
2026-02-08T18:28:59.6939671Z     Restart Count:  8
2026-02-08T18:28:59.6939901Z     Limits:
2026-02-08T18:28:59.6940089Z       ephemeral-storage:       100Gi
2026-02-08T18:28:59.6940341Z       huawei.com/ascend-1980:  16
2026-02-08T18:28:59.6940662Z       memory:                  512Gi
2026-02-08T18:28:59.6940873Z     Requests:
2026-02-08T18:28:59.6941080Z       cpu:                     125
2026-02-08T18:28:59.6941319Z       ephemeral-storage:       100Gi
2026-02-08T18:28:59.6941576Z       huawei.com/ascend-1980:  16
2026-02-08T18:28:59.6941814Z       memory:                  512Gi
2026-02-08T18:28:59.6942145Z     Environment:
2026-02-08T18:28:59.6942407Z       LWS_LEADER_ADDRESS:  vllm-0.vllm.vllm-project
2026-02-08T18:28:59.6942698Z       LWS_GROUP_SIZE:      2
2026-02-08T18:28:59.6942923Z       LWS_WORKER_INDEX:    0
2026-02-08T18:28:59.6943218Z       CONFIG_YAML_PATH:    DeepSeek-V3_2-W8A8-A3-dual-nodes.yaml
2026-02-08T18:28:59.6943535Z       WORKSPACE:           /vllm-workspace
2026-02-08T18:28:59.6944092Z       FAIL_TAG:            FAIL_TAG_DeepSeek-V3_2-W8A8-A3-dual-nodes.yaml
2026-02-08T18:28:59.6944501Z     Mounts:
2026-02-08T18:28:59.6944723Z       /dev/shm from dshm (rw)
2026-02-08T18:28:59.6944961Z       /root/.cache from shared-volume (rw)
2026-02-08T18:28:59.6945272Z       /usr/local/Ascend/driver/tools from driver-tools (rw)
2026-02-08T18:28:59.6945678Z       /var/run/secrets/kubernetes.io/serviceaccount from kube-api-access-zvz74 (ro)
2026-02-08T18:28:59.6946066Z Conditions:
2026-02-08T18:28:59.6946320Z   Type                        Status
2026-02-08T18:28:59.6946590Z   PodReadyToStartContainers   True 
2026-02-08T18:28:59.6946837Z   Initialized                 True 
2026-02-08T18:28:59.6947093Z   Ready                       False 
2026-02-08T18:28:59.6947493Z   ContainersReady             False 
2026-02-08T18:28:59.6947735Z   PodScheduled                True 
2026-02-08T18:28:59.6947987Z Volumes:
2026-02-08T18:28:59.6948239Z   dshm:
2026-02-08T18:28:59.6948538Z     Type:       EmptyDir (a temporary directory that shares a pod's lifetime)
2026-02-08T18:28:59.6948875Z     Medium:     Memory
2026-02-08T18:28:59.6949058Z     SizeLimit:  15Gi
2026-02-08T18:28:59.6949297Z   shared-volume:
2026-02-08T18:28:59.6949663Z     Type:       PersistentVolumeClaim (a reference to a PersistentVolumeClaim in the same namespace)
2026-02-08T18:28:59.6950049Z     ClaimName:  nv-action-vllm-benchmarks-v2
2026-02-08T18:28:59.6950353Z     ReadOnly:   false
2026-02-08T18:28:59.6950579Z   driver-tools:
2026-02-08T18:28:59.6950790Z     Type:          HostPath (bare host directory volume)
2026-02-08T18:28:59.6951189Z     Path:          /usr/local/Ascend/driver/tools
2026-02-08T18:28:59.6951436Z     HostPathType:  
2026-02-08T18:28:59.6951654Z   kube-api-access-zvz74:
2026-02-08T18:28:59.6952129Z     Type:                    Projected (a volume that contains injected data from multiple sources)
2026-02-08T18:28:59.6952490Z     TokenExpirationSeconds:  3607
2026-02-08T18:28:59.6952755Z     ConfigMapName:           kube-root-ca.crt
2026-02-08T18:28:59.6953060Z     Optional:                false
2026-02-08T18:28:59.6953283Z     DownwardAPI:             true
2026-02-08T18:28:59.6953522Z QoS Class:                   Burstable
2026-02-08T18:28:59.6953802Z Node-Selectors:              <none>
2026-02-08T18:28:59.6954181Z Tolerations:                 node.kubernetes.io/not-ready:NoExecute op=Exists for 300s
2026-02-08T18:28:59.6954674Z                              node.kubernetes.io/unreachable:NoExecute op=Exists for 300s
2026-02-08T18:28:59.6955026Z Events:
2026-02-08T18:28:59.6955259Z   Type     Reason                 Age                 From               Message
2026-02-08T18:28:59.6955606Z   ----     ------                 ----                ----               -------
2026-02-08T18:28:59.6956244Z   Normal   Scheduled              20m                 default-scheduler  Successfully assigned vllm-project/vllm-0 to 172.22.5.24
2026-02-08T18:28:59.6957179Z   Normal   Pulled                 20m                 kubelet            spec.containers{vllm-leader}: Successfully pulled image "swr.cn-southwest-2.myhuaweicloud.com/base_image/ascend-ci/vllm-ascend:nightly-a3" in 100ms (100ms including waiting). Image size: 16693411865 bytes.
2026-02-08T18:28:59.6958263Z   Normal   SuccessfulMountVolume  20m (x2 over 20m)   kubelet            Successfully mounted volumes for pod "vllm-0_vllm-project(5eb8f8b4-fbf2-44b8-891e-39aca0711855)"
2026-02-08T18:28:59.6959324Z   Normal   Pulled                 20m                 kubelet            spec.containers{vllm-leader}: Successfully pulled image "swr.cn-southwest-2.myhuaweicloud.com/base_image/ascend-ci/vllm-ascend:nightly-a3" in 47ms (47ms including waiting). Image size: 16693411865 bytes.
2026-02-08T18:28:59.6960432Z   Normal   Pulling                20m (x3 over 20m)   kubelet            spec.containers{vllm-leader}: Pulling image "swr.cn-southwest-2.myhuaweicloud.com/base_image/ascend-ci/vllm-ascend:nightly-a3"
2026-02-08T18:28:59.6961175Z   Normal   SuccessfulCreate       20m (x3 over 20m)   kubelet            spec.containers{vllm-leader}: Created container: vllm-leader
2026-02-08T18:28:59.6961796Z   Normal   Started                20m (x3 over 20m)   kubelet            spec.containers{vllm-leader}: Started container vllm-leader
2026-02-08T18:28:59.6962623Z   Warning  BackOffStart           20m (x3 over 20m)   kubelet            spec.containers{vllm-leader}: Back-off restarting failed container
2026-02-08T18:28:59.6963566Z   Normal   Pulled                 20m                 kubelet            spec.containers{vllm-leader}: Successfully pulled image "swr.cn-southwest-2.myhuaweicloud.com/base_image/ascend-ci/vllm-ascend:nightly-a3" in 97ms (97ms including waiting). Image size: 16693411865 bytes.
2026-02-08T18:28:59.6964605Z   Warning  BackOffStart           19m (x4 over 20m)   kubelet            spec.containers{vllm-leader}: the failed container exited with ExitCode: 1
2026-02-08T18:28:59.6965564Z   Warning  BackOffStart           17s (x91 over 20m)  kubelet            spec.containers{vllm-leader}: Back-off restarting failed container vllm-leader in pod vllm-0_vllm-project(5eb8f8b4-fbf2-44b8-891e-39aca0711855)
2026-02-08T18:28:59.7763084Z ##[error]Error: failed to run script step: Error: command terminated with non-zero exit code: command terminated with exit code 1
2026-02-08T18:28:59.7803371Z ##[error]Process completed with exit code 1.
2026-02-08T18:28:59.7899047Z ##[error]Executing the custom container implementation failed. Please contact your self hosted runner administrator.
2026-02-08T18:28:59.8345045Z ##[group]Run actions/upload-artifact@v6
2026-02-08T18:28:59.8345301Z with:
2026-02-08T18:28:59.8345573Z   name: DeepSeek-V3_2-W8A8-A3-dual-nodes.yaml-pod-logs
2026-02-08T18:28:59.8345896Z   path: /tmp/vllm*_logs.txt
2026-02-08T18:28:59.8346127Z   retention-days: 7
2026-02-08T18:28:59.8346357Z   if-no-files-found: warn
2026-02-08T18:28:59.8346689Z   compression-level: 6
2026-02-08T18:28:59.8346886Z   overwrite: false
2026-02-08T18:28:59.8347114Z   include-hidden-files: false
2026-02-08T18:28:59.8347383Z env:
2026-02-08T18:28:59.8347606Z   FAIL_TAG: FAIL_TAG_DeepSeek-V3_2-W8A8-A3-dual-nodes.yaml
2026-02-08T18:28:59.8347905Z ##[endgroup]
2026-02-08T18:28:59.8374037Z ##[group]Run '/home/runner/k8s/index.js'
2026-02-08T18:28:59.8374925Z shell: /home/runner/externals/node20/bin/node {0}
2026-02-08T18:28:59.8375197Z ##[endgroup]
2026-02-08T18:29:00.1923874Z (node:10371) [DEP0005] DeprecationWarning: Buffer() is deprecated due to security and usability issues. Please use the Buffer.alloc(), Buffer.allocUnsafe(), or Buffer.from() methods instead.
2026-02-08T18:29:00.1924697Z (Use `node --trace-deprecation ...` to show where the warning was created)
2026-02-08T18:29:19.2437526Z ##[warning]No files were found with the provided path: /tmp/vllm*_logs.txt. No artifacts will be uploaded.
2026-02-08T18:29:37.8478958Z ##[group]Run kubectl get pods -n "$NAMESPACE" --ignore-not-found=true
2026-02-08T18:29:37.8479439Z [36;1mkubectl get pods -n "$NAMESPACE" --ignore-not-found=true[0m
2026-02-08T18:29:37.8479849Z [36;1mkubectl delete -f ./lws.yaml --ignore-not-found=true || true[0m
2026-02-08T18:29:37.8480275Z shell: bash -el {0}
2026-02-08T18:29:37.8480474Z env:
2026-02-08T18:29:37.8480736Z   FAIL_TAG: FAIL_TAG_DeepSeek-V3_2-W8A8-A3-dual-nodes.yaml
2026-02-08T18:29:37.8481000Z ##[endgroup]
2026-02-08T18:29:37.8563974Z ##[group]Run '/home/runner/k8s/index.js'
2026-02-08T18:29:37.8564795Z shell: /home/runner/externals/node20/bin/node {0}
2026-02-08T18:29:37.8565113Z ##[endgroup]
2026-02-08T18:29:38.2034926Z (node:11845) [DEP0005] DeprecationWarning: Buffer() is deprecated due to security and usability issues. Please use the Buffer.alloc(), Buffer.allocUnsafe(), or Buffer.from() methods instead.
2026-02-08T18:29:38.2035882Z (Use `node --trace-deprecation ...` to show where the warning was created)
2026-02-08T18:29:56.9540387Z NAME                                             READY   STATUS             RESTARTS       AGE
2026-02-08T18:29:56.9541052Z linux-aarch64-a3-0-wgt9d-runner-2l64w            1/1     Running            0              25m
2026-02-08T18:29:56.9541639Z linux-aarch64-a3-0-wgt9d-runner-2l64w-workflow   1/1     Running            0              25m
2026-02-08T18:29:56.9542239Z linux-aarch64-a3-2-58kp5-runner-rwm5x            1/1     Running            0              93m
2026-02-08T18:29:56.9542764Z linux-aarch64-a3-2-58kp5-runner-rwm5x-workflow   1/1     Running            0              92m
2026-02-08T18:29:56.9543289Z linux-aarch64-a3-2-58kp5-runner-xnmb8            1/1     Running            0              93m
2026-02-08T18:29:56.9543748Z linux-aarch64-a3-2-58kp5-runner-xnmb8-workflow   1/1     Running            0              92m
2026-02-08T18:29:56.9544262Z linux-aarch64-a3-4-zp4rk-runner-dc8pd            1/1     Running            0              93m
2026-02-08T18:29:56.9545031Z linux-aarch64-a3-4-zp4rk-runner-dc8pd-workflow   1/1     Running            0              92m
2026-02-08T18:29:56.9545491Z linux-aarch64-a3-4-zp4rk-runner-dksxk            1/1     Running            0              93m
2026-02-08T18:29:56.9546015Z linux-aarch64-a3-4-zp4rk-runner-dksxk-workflow   1/1     Running            0              92m
2026-02-08T18:29:56.9546469Z vllm-0                                           0/1     CrashLoopBackOff   9 (36s ago)    21m
2026-02-08T18:29:56.9546803Z vllm-0-1                                         0/1     CrashLoopBackOff   8 (5m4s ago)   21m
2026-02-08T18:29:57.0154362Z leaderworkerset.leaderworkerset.x-k8s.io "vllm" deleted from vllm-project namespace
2026-02-08T18:29:57.0369448Z service "vllm-leader" deleted from vllm-project namespace
2026-02-08T18:30:16.1039496Z Post job cleanup.
2026-02-08T18:30:16.1061615Z ##[group]Run '/home/runner/k8s/index.js'
2026-02-08T18:30:16.1062549Z shell: /home/runner/externals/node20/bin/node {0}
2026-02-08T18:30:16.1062837Z ##[endgroup]
2026-02-08T18:30:16.4945371Z (node:13498) [DEP0005] DeprecationWarning: Buffer() is deprecated due to security and usability issues. Please use the Buffer.alloc(), Buffer.allocUnsafe(), or Buffer.from() methods instead.
2026-02-08T18:30:16.4946140Z (Use `node --trace-deprecation ...` to show where the warning was created)
2026-02-08T18:30:35.9087899Z [command]/usr/bin/git version
2026-02-08T18:30:35.9363517Z git version 2.34.1
2026-02-08T18:30:35.9398511Z Copying '/root/.gitconfig' to '/__w/_temp/5494c715-0891-4d67-9ec4-1122726acdb9/.gitconfig'
2026-02-08T18:30:35.9410725Z Temporarily overriding HOME='/__w/_temp/5494c715-0891-4d67-9ec4-1122726acdb9' before making global git config changes
2026-02-08T18:30:35.9411285Z Adding repository directory to the temporary git global config as a safe directory
2026-02-08T18:30:35.9415659Z [command]/usr/bin/git config --global --add safe.directory /__w/vllm-ascend/vllm-ascend
2026-02-08T18:30:35.9456305Z Removing SSH command configuration
2026-02-08T18:30:35.9461235Z [command]/usr/bin/git config --local --name-only --get-regexp core\.sshCommand
2026-02-08T18:30:35.9525395Z [command]/usr/bin/git submodule foreach --recursive sh -c "git config --local --name-only --get-regexp 'core\.sshCommand' && git config --local --unset-all 'core.sshCommand' || :"
2026-02-08T18:30:36.0016020Z Removing HTTP extra header
2026-02-08T18:30:36.0019635Z [command]/usr/bin/git config --local --name-only --get-regexp http\.https\:\/\/github\.com\/\.extraheader
2026-02-08T18:30:36.0045534Z [command]/usr/bin/git submodule foreach --recursive sh -c "git config --local --name-only --get-regexp 'http\.https\:\/\/github\.com\/\.extraheader' && git config --local --unset-all 'http.https://github.com/.extraheader' || :"
2026-02-08T18:30:36.0230348Z Removing includeIf entries pointing to credentials config files
2026-02-08T18:30:36.0234532Z [command]/usr/bin/git config --local --name-only --get-regexp ^includeIf\.gitdir:
2026-02-08T18:30:36.0252702Z includeif.gitdir:/__w/vllm-ascend/vllm-ascend/.git.path
2026-02-08T18:30:36.0253035Z includeif.gitdir:/__w/vllm-ascend/vllm-ascend/.git/worktrees/*.path
2026-02-08T18:30:36.0253321Z includeif.gitdir:/github/workspace/.git.path
2026-02-08T18:30:36.0253695Z includeif.gitdir:/github/workspace/.git/worktrees/*.path
2026-02-08T18:30:36.0260909Z [command]/usr/bin/git config --local --get-all includeif.gitdir:/__w/vllm-ascend/vllm-ascend/.git.path
2026-02-08T18:30:36.0278221Z /__w/_temp/git-credentials-b1dfa2ba-4aed-4f7a-9024-5dbe685bc81e.config
2026-02-08T18:30:36.0286800Z [command]/usr/bin/git config --local --unset includeif.gitdir:/__w/vllm-ascend/vllm-ascend/.git.path /__w/_temp/git-credentials-b1dfa2ba-4aed-4f7a-9024-5dbe685bc81e.config
2026-02-08T18:30:36.0317332Z [command]/usr/bin/git config --local --get-all includeif.gitdir:/__w/vllm-ascend/vllm-ascend/.git/worktrees/*.path
2026-02-08T18:30:36.0335020Z /__w/_temp/git-credentials-b1dfa2ba-4aed-4f7a-9024-5dbe685bc81e.config
2026-02-08T18:30:36.0342452Z [command]/usr/bin/git config --local --unset includeif.gitdir:/__w/vllm-ascend/vllm-ascend/.git/worktrees/*.path /__w/_temp/git-credentials-b1dfa2ba-4aed-4f7a-9024-5dbe685bc81e.config
2026-02-08T18:30:36.0367932Z [command]/usr/bin/git config --local --get-all includeif.gitdir:/github/workspace/.git.path
2026-02-08T18:30:36.0385503Z /github/runner_temp/git-credentials-b1dfa2ba-4aed-4f7a-9024-5dbe685bc81e.config
2026-02-08T18:30:36.0394831Z [command]/usr/bin/git config --local --unset includeif.gitdir:/github/workspace/.git.path /github/runner_temp/git-credentials-b1dfa2ba-4aed-4f7a-9024-5dbe685bc81e.config
2026-02-08T18:30:36.0418848Z [command]/usr/bin/git config --local --get-all includeif.gitdir:/github/workspace/.git/worktrees/*.path
2026-02-08T18:30:36.0436958Z /github/runner_temp/git-credentials-b1dfa2ba-4aed-4f7a-9024-5dbe685bc81e.config
2026-02-08T18:30:36.0443335Z [command]/usr/bin/git config --local --unset includeif.gitdir:/github/workspace/.git/worktrees/*.path /github/runner_temp/git-credentials-b1dfa2ba-4aed-4f7a-9024-5dbe685bc81e.config
2026-02-08T18:30:36.0470991Z [command]/usr/bin/git submodule foreach --recursive git config --local --show-origin --name-only --get-regexp remote.origin.url
2026-02-08T18:30:36.0657457Z Removing credentials config '/__w/_temp/git-credentials-b1dfa2ba-4aed-4f7a-9024-5dbe685bc81e.config'
2026-02-08T18:30:54.7958599Z ##[group]Run '/home/runner/k8s/index.js'
2026-02-08T18:30:54.7959333Z shell: /home/runner/externals/node20/bin/node {0}
2026-02-08T18:30:54.7959562Z ##[endgroup]
2026-02-08T18:30:55.2538642Z Cleaning up orphan processes
