# Run ID: 21801287662
# Commit: e5f0e0eaf78601e1e2a793c4040c359cd5a201f3
# Job: single-node (deepseek3_2-w8a8, linux-aarch64-a3-16, tests/e2e/nightly/single_node/models/test_dee... / tests/e2e/nightly/single_node/models/test_deepseek_v3_2_w8a8.py
# Date: 2026-02-08
============================================================

ï»¿2026-02-08T21:12:55.5862843Z Current runner version: '2.330.0'
2026-02-08T21:12:55.5870028Z Runner name: 'linux-aarch64-a3-16-r8zc8-runner-q6pn5'
2026-02-08T21:12:55.5871118Z Runner group name: 'Default'
2026-02-08T21:12:55.5872111Z Machine name: 'linux-aarch64-a3-16-r8zc8-runner-q6pn5'
2026-02-08T21:12:55.5877330Z ##[group]GITHUB_TOKEN Permissions
2026-02-08T21:12:55.5880080Z Actions: write
2026-02-08T21:12:55.5880754Z ArtifactMetadata: write
2026-02-08T21:12:55.5881434Z Attestations: write
2026-02-08T21:12:55.5882040Z Checks: write
2026-02-08T21:12:55.5882610Z Contents: write
2026-02-08T21:12:55.5883130Z Deployments: write
2026-02-08T21:12:55.5883764Z Discussions: write
2026-02-08T21:12:55.5884349Z Issues: write
2026-02-08T21:12:55.5885009Z Metadata: read
2026-02-08T21:12:55.5885564Z Models: read
2026-02-08T21:12:55.5886131Z Packages: write
2026-02-08T21:12:55.5886661Z Pages: write
2026-02-08T21:12:55.5887241Z PullRequests: write
2026-02-08T21:12:55.5887861Z RepositoryProjects: write
2026-02-08T21:12:55.5888665Z SecurityEvents: write
2026-02-08T21:12:55.5889334Z Statuses: write
2026-02-08T21:12:55.5889989Z ##[endgroup]
2026-02-08T21:12:55.5892385Z Secret source: Actions
2026-02-08T21:12:55.5893192Z Prepare workflow directory
2026-02-08T21:12:55.6797249Z Prepare all required actions
2026-02-08T21:12:55.6893725Z Uses: vllm-project/vllm-ascend/.github/workflows/_e2e_nightly_single_node.yaml@refs/heads/main (e5f0e0eaf78601e1e2a793c4040c359cd5a201f3)
2026-02-08T21:12:55.6902941Z ##[group] Inputs
2026-02-08T21:12:55.6904018Z   runner: linux-aarch64-a3-16
2026-02-08T21:12:55.6905991Z   image: swr.cn-southwest-2.myhuaweicloud.com/base_image/ascend-ci/vllm-ascend:nightly-a3
2026-02-08T21:12:55.6908342Z   tests: tests/e2e/nightly/single_node/models/test_deepseek_v3_2_w8a8.py
2026-02-08T21:12:55.6910030Z   name: deepseek3_2-w8a8
2026-02-08T21:12:55.6911113Z ##[endgroup]
2026-02-08T21:12:55.6914247Z Complete job name: single-node (deepseek3_2-w8a8, linux-aarch64-a3-16, tests/e2e/nightly/single_node/models/test_dee... / tests/e2e/nightly/single_node/models/test_deepseek_v3_2_w8a8.py
2026-02-08T21:12:55.7724723Z ##[group]Run '/home/runner/k8s/index.js'
2026-02-08T21:12:55.7735965Z shell: /home/runner/externals/node20/bin/node {0}
2026-02-08T21:12:55.7737403Z ##[endgroup]
2026-02-08T21:13:27.5778283Z (node:56) [DEP0005] DeprecationWarning: Buffer() is deprecated due to security and usability issues. Please use the Buffer.alloc(), Buffer.allocUnsafe(), or Buffer.from() methods instead.
2026-02-08T21:13:27.5781031Z (Use `node --trace-deprecation ...` to show where the warning was created)
2026-02-08T21:13:45.8252068Z ##[group]Run npu-smi info
2026-02-08T21:13:45.8252503Z [36;1mnpu-smi info[0m
2026-02-08T21:13:45.8253140Z [36;1mcat /usr/local/Ascend/ascend-toolkit/latest/"$(uname -i)"-linux/ascend_toolkit_install.info[0m
2026-02-08T21:13:45.8254230Z shell: bash -el {0}
2026-02-08T21:13:45.8254474Z env:
2026-02-08T21:13:45.8254698Z   HF_HUB_OFFLINE: 1
2026-02-08T21:13:45.8255189Z   VLLM_USE_MODELSCOPE: true
2026-02-08T21:13:45.8255478Z ##[endgroup]
2026-02-08T21:13:45.8404537Z ##[group]Run '/home/runner/k8s/index.js'
2026-02-08T21:13:45.8405927Z shell: /home/runner/externals/node20/bin/node {0}
2026-02-08T21:13:45.8406305Z ##[endgroup]
2026-02-08T21:13:46.3800524Z (node:278) [DEP0005] DeprecationWarning: Buffer() is deprecated due to security and usability issues. Please use the Buffer.alloc(), Buffer.allocUnsafe(), or Buffer.from() methods instead.
2026-02-08T21:13:46.3801862Z (Use `node --trace-deprecation ...` to show where the warning was created)
2026-02-08T21:14:06.5307475Z +------------------------------------------------------------------------------------------------+
2026-02-08T21:14:06.5308917Z | npu-smi 25.5.0                   Version: 25.5.0                                               |
2026-02-08T21:14:06.5309679Z +---------------------------+---------------+----------------------------------------------------+
2026-02-08T21:14:06.5310418Z | NPU   Name                | Health        | Power(W)    Temp(C)           Hugepages-Usage(page)|
2026-02-08T21:14:06.5311451Z | Chip  Phy-ID              | Bus-Id        | AICore(%)   Memory-Usage(MB)  HBM-Usage(MB)        |
2026-02-08T21:14:06.5312013Z +===========================+===============+====================================================+
2026-02-08T21:14:06.5312529Z | 0     Ascend910           | OK            | 164.6       36                0    / 0             |
2026-02-08T21:14:06.5313077Z | 0     0                   | 0000:9D:00.0  | 0           0    / 0          3153 / 65536         |
2026-02-08T21:14:06.5313855Z +------------------------------------------------------------------------------------------------+
2026-02-08T21:14:06.5315209Z | 0     Ascend910           | OK            | -           36                0    / 0             |
2026-02-08T21:14:06.5315749Z | 1     1                   | 0000:9F:00.0  | 0           0    / 0          2893 / 65536         |
2026-02-08T21:14:06.5316254Z +===========================+===============+====================================================+
2026-02-08T21:14:06.5316787Z | 1     Ascend910           | OK            | 163.2       36                0    / 0             |
2026-02-08T21:14:06.5317314Z | 0     2                   | 0000:99:00.0  | 0           0    / 0          3162 / 65536         |
2026-02-08T21:14:06.5317917Z +------------------------------------------------------------------------------------------------+
2026-02-08T21:14:06.5318539Z | 1     Ascend910           | OK            | -           36                0    / 0             |
2026-02-08T21:14:06.5319187Z | 1     3                   | 0000:9B:00.0  | 0           0    / 0          2881 / 65536         |
2026-02-08T21:14:06.5319948Z +===========================+===============+====================================================+
2026-02-08T21:14:06.5320896Z | 2     Ascend910           | OK            | 162.5       35                0    / 0             |
2026-02-08T21:14:06.5321899Z | 0     4                   | 0000:95:00.0  | 0           0    / 0          3148 / 65536         |
2026-02-08T21:14:06.5323037Z +------------------------------------------------------------------------------------------------+
2026-02-08T21:14:06.5324145Z | 2     Ascend910           | OK            | -           35                0    / 0             |
2026-02-08T21:14:06.5325248Z | 1     5                   | 0000:97:00.0  | 0           0    / 0          2894 / 65536         |
2026-02-08T21:14:06.5326154Z +===========================+===============+====================================================+
2026-02-08T21:14:06.5327431Z | 3     Ascend910           | OK            | 164.5       35                0    / 0             |
2026-02-08T21:14:06.5328441Z | 0     6                   | 0000:91:00.0  | 0           0    / 0          3160 / 65536         |
2026-02-08T21:14:06.5329517Z +------------------------------------------------------------------------------------------------+
2026-02-08T21:14:06.5330716Z | 3     Ascend910           | OK            | -           34                0    / 0             |
2026-02-08T21:14:06.5331725Z | 1     7                   | 0000:93:00.0  | 0           0    / 0          2884 / 65536         |
2026-02-08T21:14:06.5332646Z +===========================+===============+====================================================+
2026-02-08T21:14:06.5333610Z | 4     Ascend910           | OK            | 167.4       35                0    / 0             |
2026-02-08T21:14:06.5334624Z | 0     8                   | 0000:8D:00.0  | 0           0    / 0          3156 / 65536         |
2026-02-08T21:14:06.5335788Z +------------------------------------------------------------------------------------------------+
2026-02-08T21:14:06.5336883Z | 4     Ascend910           | OK            | -           36                0    / 0             |
2026-02-08T21:14:06.5337891Z | 1     9                   | 0000:8F:00.0  | 0           0    / 0          2898 / 65536         |
2026-02-08T21:14:06.5338807Z +===========================+===============+====================================================+
2026-02-08T21:14:06.5340031Z | 5     Ascend910           | OK            | 166.6       35                0    / 0             |
2026-02-08T21:14:06.5341040Z | 0     10                  | 0000:89:00.0  | 0           0    / 0          3147 / 65536         |
2026-02-08T21:14:06.5342098Z +------------------------------------------------------------------------------------------------+
2026-02-08T21:14:06.5343200Z | 5     Ascend910           | OK            | -           37                0    / 0             |
2026-02-08T21:14:06.5344192Z | 1     11                  | 0000:8B:00.0  | 0           0    / 0          2898 / 65536         |
2026-02-08T21:14:06.8326039Z +===========================+===============+====================================================+
2026-02-08T21:14:06.8326671Z | 6     Ascend910           | OK            | 161.8       36                0    / 0             |
2026-02-08T21:14:06.8327208Z | 0     12                  | 0000:85:00.0  | 0           0    / 0          3151 / 65536         |
2026-02-08T21:14:06.8327808Z +------------------------------------------------------------------------------------------------+
2026-02-08T21:14:06.8328430Z | 6     Ascend910           | OK            | -           36                0    / 0             |
2026-02-08T21:14:06.8328974Z | 1     13                  | 0000:87:00.0  | 0           0    / 0          2898 / 65536         |
2026-02-08T21:14:06.8329468Z +===========================+===============+====================================================+
2026-02-08T21:14:06.8330072Z | 7     Ascend910           | OK            | 158.5       35                0    / 0             |
2026-02-08T21:14:06.8330615Z | 0     14                  | 0000:81:00.0  | 0           0    / 0          3158 / 65536         |
2026-02-08T21:14:06.8331188Z +------------------------------------------------------------------------------------------------+
2026-02-08T21:14:06.8331759Z | 7     Ascend910           | OK            | -           36                0    / 0             |
2026-02-08T21:14:06.8332296Z | 1     15                  | 0000:83:00.0  | 0           0    / 0          2885 / 65536         |
2026-02-08T21:14:06.8332774Z +===========================+===============+====================================================+
2026-02-08T21:14:06.8333315Z +---------------------------+---------------+----------------------------------------------------+
2026-02-08T21:14:06.8333953Z | NPU     Chip              | Process id    | Process name             | Process memory(MB)      |
2026-02-08T21:14:06.8335145Z +===========================+===============+====================================================+
2026-02-08T21:14:06.8335728Z | No running processes found in NPU 0                                                            |
2026-02-08T21:14:06.8336271Z +===========================+===============+====================================================+
2026-02-08T21:14:06.8336829Z | No running processes found in NPU 1                                                            |
2026-02-08T21:14:06.8337390Z +===========================+===============+====================================================+
2026-02-08T21:14:06.8338033Z | No running processes found in NPU 2                                                            |
2026-02-08T21:14:06.8338584Z +===========================+===============+====================================================+
2026-02-08T21:14:06.8339125Z | No running processes found in NPU 3                                                            |
2026-02-08T21:14:06.8339683Z +===========================+===============+====================================================+
2026-02-08T21:14:06.8340361Z | No running processes found in NPU 4                                                            |
2026-02-08T21:14:06.8340972Z +===========================+===============+====================================================+
2026-02-08T21:14:06.8341530Z | No running processes found in NPU 5                                                            |
2026-02-08T21:14:06.8342226Z +===========================+===============+====================================================+
2026-02-08T21:14:06.8342886Z | No running processes found in NPU 6                                                            |
2026-02-08T21:14:06.8343479Z +===========================+===============+====================================================+
2026-02-08T21:14:06.8344083Z | No running processes found in NPU 7                                                            |
2026-02-08T21:14:06.8344643Z +===========================+===============+====================================================+
2026-02-08T21:14:06.8390413Z package_name=Ascend-cann-toolkit
2026-02-08T21:14:06.8390745Z version=8.5.0
2026-02-08T21:14:06.8391010Z innerversion=V100R001C25SPC001B232
2026-02-08T21:14:06.8391550Z compatible_version=[V100R001C15],[V100R001C18],[V100R001C19],[V100R001C20],[V100R001C21],[V100R001C23]
2026-02-08T21:14:06.8392114Z arch=aarch64
2026-02-08T21:14:06.8392318Z os=linux
2026-02-08T21:14:06.8392568Z path=/usr/local/Ascend/cann-8.5.0
2026-02-08T21:14:24.6712831Z ##[group]Run echo "Installed vLLM-related Python packages:"
2026-02-08T21:14:24.6713520Z [36;1mecho "Installed vLLM-related Python packages:"[0m
2026-02-08T21:14:24.6714050Z [36;1mpip list | grep vllm || echo "No vllm packages found."[0m
2026-02-08T21:14:24.6714638Z [36;1m[0m
2026-02-08T21:14:24.6715155Z [36;1mecho ""[0m
2026-02-08T21:14:24.6715469Z [36;1mecho "============================"[0m
2026-02-08T21:14:24.6715908Z [36;1mecho "vLLM Git information"[0m
2026-02-08T21:14:24.6716278Z [36;1mecho "============================"[0m
2026-02-08T21:14:24.6716682Z [36;1mcd vllm[0m
2026-02-08T21:14:24.6716959Z [36;1mif [ -d .git ]; then[0m
2026-02-08T21:14:24.6717438Z [36;1m  echo "Branch:      $(git rev-parse --abbrev-ref HEAD)"[0m
2026-02-08T21:14:24.6717991Z [36;1m  echo "Commit hash: $(git rev-parse HEAD)"[0m
2026-02-08T21:14:24.6718492Z [36;1m  echo "Author:      $(git log -1 --pretty=format:'%an <%ae>')"[0m
2026-02-08T21:14:24.6719275Z [36;1m  echo "Date:        $(git log -1 --pretty=format:'%ad' --date=iso)"[0m
2026-02-08T21:14:24.6719967Z [36;1m  echo "Message:     $(git log -1 --pretty=format:'%s')"[0m
2026-02-08T21:14:24.6720465Z [36;1m  echo "Tags:        $(git tag --points-at HEAD || echo 'None')"[0m
2026-02-08T21:14:24.6721035Z [36;1m  echo "Remote:      $(git remote -v | head -n1)"[0m
2026-02-08T21:14:24.6721396Z [36;1m  echo ""[0m
2026-02-08T21:14:24.6721640Z [36;1melse[0m
2026-02-08T21:14:24.6721913Z [36;1m  echo "No .git directory found in vllm"[0m
2026-02-08T21:14:24.6722242Z [36;1mfi[0m
2026-02-08T21:14:24.6722456Z [36;1mcd ..[0m
2026-02-08T21:14:24.6722662Z [36;1m[0m
2026-02-08T21:14:24.6722874Z [36;1mecho ""[0m
2026-02-08T21:14:24.6723109Z [36;1mecho "============================"[0m
2026-02-08T21:14:24.6723469Z [36;1mecho "vLLM-Ascend Git information"[0m
2026-02-08T21:14:24.6723808Z [36;1mecho "============================"[0m
2026-02-08T21:14:24.6724137Z [36;1mcd vllm-ascend[0m
2026-02-08T21:14:24.6724430Z [36;1mif [ -d .git ]; then[0m
2026-02-08T21:14:24.6724788Z [36;1m  echo "Branch:      $(git rev-parse --abbrev-ref HEAD)"[0m
2026-02-08T21:14:24.6725324Z [36;1m  echo "Commit hash: $(git rev-parse HEAD)"[0m
2026-02-08T21:14:24.6725776Z [36;1m  echo "Author:      $(git log -1 --pretty=format:'%an <%ae>')"[0m
2026-02-08T21:14:24.6726313Z [36;1m  echo "Date:        $(git log -1 --pretty=format:'%ad' --date=iso)"[0m
2026-02-08T21:14:24.6726821Z [36;1m  echo "Message:     $(git log -1 --pretty=format:'%s')"[0m
2026-02-08T21:14:24.6727326Z [36;1m  echo "Tags:        $(git tag --points-at HEAD || echo 'None')"[0m
2026-02-08T21:14:24.6727814Z [36;1m  echo "Remote:      $(git remote -v | head -n1)"[0m
2026-02-08T21:14:24.6728174Z [36;1m  echo ""[0m
2026-02-08T21:14:24.6728410Z [36;1melse[0m
2026-02-08T21:14:24.6728686Z [36;1m  echo "No .git directory found in vllm-ascend"[0m
2026-02-08T21:14:24.6729046Z [36;1mfi[0m
2026-02-08T21:14:24.6729242Z [36;1mcd ..[0m
2026-02-08T21:14:24.6729954Z shell: bash -el {0}
2026-02-08T21:14:24.6730173Z env:
2026-02-08T21:14:24.6730389Z   HF_HUB_OFFLINE: 1
2026-02-08T21:14:24.6730635Z   VLLM_USE_MODELSCOPE: true
2026-02-08T21:14:24.6730892Z ##[endgroup]
2026-02-08T21:14:24.6819489Z ##[group]Run '/home/runner/k8s/index.js'
2026-02-08T21:14:24.6820686Z shell: /home/runner/externals/node20/bin/node {0}
2026-02-08T21:14:24.6821034Z ##[endgroup]
2026-02-08T21:14:25.2496262Z (node:703) [DEP0005] DeprecationWarning: Buffer() is deprecated due to security and usability issues. Please use the Buffer.alloc(), Buffer.allocUnsafe(), or Buffer.from() methods instead.
2026-02-08T21:14:25.2497432Z (Use `node --trace-deprecation ...` to show where the warning was created)
2026-02-08T21:14:43.5797318Z Installed vLLM-related Python packages:
2026-02-08T21:14:44.8373196Z ais_bench_benchmark               3.0.20250930                /vllm-workspace/vllm-ascend/benchmark
2026-02-08T21:14:44.8373879Z vllm                              0.15.0+empty                /vllm-workspace/vllm
2026-02-08T21:14:44.8375001Z vllm_ascend                       0.14.0rc2.dev122+ge5f0e0eaf /vllm-workspace/vllm-ascend
2026-02-08T21:14:44.8375403Z 
2026-02-08T21:14:44.8375493Z ============================
2026-02-08T21:14:44.8375766Z vLLM Git information
2026-02-08T21:14:44.8376004Z ============================
2026-02-08T21:14:44.8558547Z Branch:      HEAD
2026-02-08T21:14:44.8567030Z Commit hash: f176443446f659dbab5315e056e605d8984fd976
2026-02-08T21:14:44.8642924Z Author:      TJian <tunjian.tan@embeddedllm.com>
2026-02-08T21:14:44.8658640Z Date:        2026-01-29 14:45:42 +0800
2026-02-08T21:14:44.8682692Z Message:     [Release] [CI] Optim release pipeline (#33156)
2026-02-08T21:14:44.8707875Z Tags:        v0.15.0
2026-02-08T21:14:44.8738032Z Remote:      origin	https://gh-proxy.test.osinfra.cn/https://github.com/vllm-project/vllm.git (fetch)
2026-02-08T21:14:44.8738558Z 
2026-02-08T21:14:44.8738573Z 
2026-02-08T21:14:44.8738661Z ============================
2026-02-08T21:14:44.8738961Z vLLM-Ascend Git information
2026-02-08T21:14:44.8739247Z ============================
2026-02-08T21:14:44.8805087Z Branch:      main
2026-02-08T21:14:44.8823720Z Commit hash: e5f0e0eaf78601e1e2a793c4040c359cd5a201f3
2026-02-08T21:14:44.8903020Z Author:      liziyu <56102866+liziyu179@users.noreply.github.com>
2026-02-08T21:14:44.8925522Z Date:        2026-02-07 15:24:42 +0800
2026-02-08T21:14:44.8950189Z Message:     [P/D] layerwise connector support recompute scheduler (#5900)
2026-02-08T21:14:44.9265006Z Tags:        
2026-02-08T21:14:44.9291581Z Remote:      origin	https://gh-proxy.test.osinfra.cn/https://github.com/vllm-project/vllm-ascend (fetch)
2026-02-08T21:14:44.9292109Z 
2026-02-08T21:15:03.5247488Z ##[group]Run apt-get update && apt-get -y install clang-15
2026-02-08T21:15:03.5248323Z [36;1mapt-get update && apt-get -y install clang-15[0m
2026-02-08T21:15:03.5248874Z [36;1mupdate-alternatives --install /usr/bin/clang clang /usr/bin/clang-15 20[0m
2026-02-08T21:15:03.5249594Z [36;1mupdate-alternatives --install /usr/bin/clang++ clang++ /usr/bin/clang++-15 20[0m
2026-02-08T21:15:03.5250343Z shell: bash -l {0}
2026-02-08T21:15:03.5250565Z env:
2026-02-08T21:15:03.5250782Z   HF_HUB_OFFLINE: 1
2026-02-08T21:15:03.5251023Z   VLLM_USE_MODELSCOPE: true
2026-02-08T21:15:03.5251302Z ##[endgroup]
2026-02-08T21:15:03.5731286Z ##[group]Run '/home/runner/k8s/index.js'
2026-02-08T21:15:03.5732363Z shell: /home/runner/externals/node20/bin/node {0}
2026-02-08T21:15:03.5732712Z ##[endgroup]
2026-02-08T21:15:04.1293727Z (node:1307) [DEP0005] DeprecationWarning: Buffer() is deprecated due to security and usability issues. Please use the Buffer.alloc(), Buffer.allocUnsafe(), or Buffer.from() methods instead.
2026-02-08T21:15:04.1294967Z (Use `node --trace-deprecation ...` to show where the warning was created)
2026-02-08T21:15:24.1165832Z Get:1 http://ports.ubuntu.com/ubuntu-ports jammy InRelease [270 kB]
2026-02-08T21:15:25.7693302Z Get:2 http://ports.ubuntu.com/ubuntu-ports jammy-updates InRelease [128 kB]
2026-02-08T21:15:26.1730757Z Get:3 http://ports.ubuntu.com/ubuntu-ports jammy-backports InRelease [127 kB]
2026-02-08T21:15:26.5743909Z Get:4 http://ports.ubuntu.com/ubuntu-ports jammy-security InRelease [129 kB]
2026-02-08T21:15:26.9792286Z Get:5 http://ports.ubuntu.com/ubuntu-ports jammy/multiverse arm64 Packages [224 kB]
2026-02-08T21:15:27.1737395Z Get:6 http://ports.ubuntu.com/ubuntu-ports jammy/universe arm64 Packages [17.2 MB]
2026-02-08T21:15:29.5127940Z Get:7 http://ports.ubuntu.com/ubuntu-ports jammy/restricted arm64 Packages [24.2 kB]
2026-02-08T21:15:29.5128936Z Get:8 http://ports.ubuntu.com/ubuntu-ports jammy/main arm64 Packages [1758 kB]
2026-02-08T21:15:29.6668746Z Get:9 http://ports.ubuntu.com/ubuntu-ports jammy-updates/restricted arm64 Packages [6332 kB]
2026-02-08T21:15:30.2757456Z Get:10 http://ports.ubuntu.com/ubuntu-ports jammy-updates/multiverse arm64 Packages [47.7 kB]
2026-02-08T21:15:30.2783375Z Get:11 http://ports.ubuntu.com/ubuntu-ports jammy-updates/main arm64 Packages [3777 kB]
2026-02-08T21:15:30.6426968Z Get:12 http://ports.ubuntu.com/ubuntu-ports jammy-updates/universe arm64 Packages [1644 kB]
2026-02-08T21:15:30.7976691Z Get:13 http://ports.ubuntu.com/ubuntu-ports jammy-backports/main arm64 Packages [83.5 kB]
2026-02-08T21:15:30.8040193Z Get:14 http://ports.ubuntu.com/ubuntu-ports jammy-backports/universe arm64 Packages [35.3 kB]
2026-02-08T21:15:30.8076032Z Get:15 http://ports.ubuntu.com/ubuntu-ports jammy-security/main arm64 Packages [3443 kB]
2026-02-08T21:15:31.1345766Z Get:16 http://ports.ubuntu.com/ubuntu-ports jammy-security/multiverse arm64 Packages [41.2 kB]
2026-02-08T21:15:31.1369077Z Get:17 http://ports.ubuntu.com/ubuntu-ports jammy-security/restricted arm64 Packages [6121 kB]
2026-02-08T21:15:31.7206253Z Get:18 http://ports.ubuntu.com/ubuntu-ports jammy-security/universe arm64 Packages [1341 kB]
2026-02-08T21:15:32.0082626Z Fetched 42.7 MB in 9s (5001 kB/s)
2026-02-08T21:15:32.8923568Z Reading package lists...
2026-02-08T21:15:33.8426195Z Reading package lists...
2026-02-08T21:15:34.0371123Z Building dependency tree...
2026-02-08T21:15:34.0377273Z Reading state information...
2026-02-08T21:15:34.2656117Z clang-15 is already the newest version (1:15.0.7-0ubuntu0.22.04.3).
2026-02-08T21:15:34.2657372Z The following packages were automatically installed and are no longer required:
2026-02-08T21:15:34.2658656Z   autoconf automake autotools-dev file javascript-common libboost-atomic-dev
2026-02-08T21:15:34.2659961Z   libboost-atomic1.74-dev libboost-atomic1.74.0 libboost-chrono-dev
2026-02-08T21:15:34.2661088Z   libboost-chrono1.74-dev libboost-chrono1.74.0 libboost-container-dev
2026-02-08T21:15:34.2662807Z   libboost-container1.74-dev libboost-container1.74.0 libboost-context-dev
2026-02-08T21:15:34.2664033Z   libboost-context1.74-dev libboost-context1.74.0 libboost-coroutine-dev
2026-02-08T21:15:34.2665431Z   libboost-coroutine1.74-dev libboost-coroutine1.74.0 libboost-date-time-dev
2026-02-08T21:15:34.2666553Z   libboost-date-time1.74-dev libboost-date-time1.74.0 libboost-dev
2026-02-08T21:15:34.2667702Z   libboost-exception-dev libboost-exception1.74-dev libboost-fiber-dev
2026-02-08T21:15:34.2668870Z   libboost-fiber1.74-dev libboost-fiber1.74.0 libboost-filesystem-dev
2026-02-08T21:15:34.2769261Z   libboost-filesystem1.74-dev libboost-filesystem1.74.0 libboost-graph-dev
2026-02-08T21:15:34.2770120Z   libboost-graph-parallel-dev libboost-graph-parallel1.74-dev
2026-02-08T21:15:34.2770744Z   libboost-graph-parallel1.74.0 libboost-graph1.74-dev libboost-graph1.74.0
2026-02-08T21:15:34.2771414Z   libboost-iostreams-dev libboost-iostreams1.74-dev libboost-iostreams1.74.0
2026-02-08T21:15:34.2772090Z   libboost-locale-dev libboost-locale1.74-dev libboost-locale1.74.0
2026-02-08T21:15:34.2772734Z   libboost-log-dev libboost-log1.74-dev libboost-log1.74.0 libboost-math-dev
2026-02-08T21:15:34.2773385Z   libboost-math1.74-dev libboost-math1.74.0 libboost-mpi1.74.0
2026-02-08T21:15:34.2773935Z   libboost-nowide-dev libboost-nowide1.74-dev libboost-nowide1.74.0
2026-02-08T21:15:34.2774819Z   libboost-numpy-dev libboost-numpy1.74-dev libboost-numpy1.74.0
2026-02-08T21:15:34.2775495Z   libboost-program-options-dev libboost-program-options1.74-dev
2026-02-08T21:15:34.2776195Z   libboost-program-options1.74.0 libboost-python-dev libboost-python1.74-dev
2026-02-08T21:15:34.2776829Z   libboost-python1.74.0 libboost-random-dev libboost-random1.74-dev
2026-02-08T21:15:34.2777382Z   libboost-random1.74.0 libboost-regex-dev libboost-regex1.74-dev
2026-02-08T21:15:34.2778025Z   libboost-regex1.74.0 libboost-serialization-dev
2026-02-08T21:15:34.2778504Z   libboost-serialization1.74-dev libboost-serialization1.74.0
2026-02-08T21:15:34.2778994Z   libboost-stacktrace-dev libboost-stacktrace1.74-dev
2026-02-08T21:15:34.2779527Z   libboost-stacktrace1.74.0 libboost-system-dev libboost-system1.74-dev
2026-02-08T21:15:34.2780151Z   libboost-system1.74.0 libboost-test-dev libboost-test1.74-dev
2026-02-08T21:15:34.2780696Z   libboost-test1.74.0 libboost-thread-dev libboost-thread1.74-dev
2026-02-08T21:15:34.2781238Z   libboost-thread1.74.0 libboost-timer-dev libboost-timer1.74-dev
2026-02-08T21:15:34.2781804Z   libboost-timer1.74.0 libboost-tools-dev libboost-type-erasure-dev
2026-02-08T21:15:34.2782433Z   libboost-type-erasure1.74-dev libboost-type-erasure1.74.0 libboost-wave-dev
2026-02-08T21:15:34.2783012Z   libboost-wave1.74-dev libboost-wave1.74.0 libboost1.74-dev
2026-02-08T21:15:34.2783609Z   libboost1.74-tools-dev libcaf-openmpi-3 libcoarrays-dev libevent-2.1-7
2026-02-08T21:15:34.2784230Z   libevent-core-2.1-7 libevent-dev libevent-extra-2.1-7 libevent-openssl-2.1-7
2026-02-08T21:15:34.2784940Z   libevent-pthreads-2.1-7 libhwloc-dev libjs-jquery libjs-jquery-ui
2026-02-08T21:15:34.2785556Z   libjs-sphinxdoc libjs-underscore libltdl-dev libltdl7 libmagic-mgc libmagic1
2026-02-08T21:15:34.2786327Z   libopenmpi3 libpmix-dev libpmix2 libsigsegv2 libtool libucx0 m4
2026-02-08T21:15:34.2786972Z   openmpi-common python3-dev python3-distutils python3-lib2to3 python3.10-dev
2026-02-08T21:15:34.2787513Z Use 'apt autoremove' to remove them.
2026-02-08T21:15:34.2960235Z 0 upgraded, 0 newly installed, 0 to remove and 8 not upgraded.
2026-02-08T21:15:52.5356835Z ##[group]Run # ignore test_dispatch_ffn_combine until the test is fixed
2026-02-08T21:15:52.5357480Z [36;1m# ignore test_dispatch_ffn_combine until the test is fixed[0m
2026-02-08T21:15:52.5358095Z [36;1mpytest -sv tests/e2e/nightly/single_node/models/test_deepseek_v3_2_w8a8.py \[0m
2026-02-08T21:15:52.5358802Z [36;1m--ignore=tests/e2e/nightly/single_node/ops/singlecard_ops/test_fused_moe.py[0m
2026-02-08T21:15:52.5359423Z shell: bash -el {0}
2026-02-08T21:15:52.5359776Z env:
2026-02-08T21:15:52.5359976Z   HF_HUB_OFFLINE: 1
2026-02-08T21:15:52.5360230Z   VLLM_USE_MODELSCOPE: true
2026-02-08T21:15:52.5360536Z   VLLM_WORKER_MULTIPROC_METHOD: spawn
2026-02-08T21:15:52.5360859Z   VLLM_CI_RUNNER: linux-aarch64-a3-16
2026-02-08T21:15:52.5361245Z   BENCHMARK_HOME: /vllm-workspace/vllm-ascend/benchmark
2026-02-08T21:15:52.5361604Z ##[endgroup]
2026-02-08T21:15:52.5447364Z ##[group]Run '/home/runner/k8s/index.js'
2026-02-08T21:15:52.5448421Z shell: /home/runner/externals/node20/bin/node {0}
2026-02-08T21:15:52.5448779Z ##[endgroup]
2026-02-08T21:15:53.1280076Z (node:2094) [DEP0005] DeprecationWarning: Buffer() is deprecated due to security and usability issues. Please use the Buffer.alloc(), Buffer.allocUnsafe(), or Buffer.from() methods instead.
2026-02-08T21:15:53.1281211Z (Use `node --trace-deprecation ...` to show where the warning was created)
2026-02-08T21:16:26.8517621Z INFO 02-08 21:16:26 [__init__.py:43] Available plugins for group vllm.platform_plugins:
2026-02-08T21:16:26.8518290Z INFO 02-08 21:16:26 [__init__.py:45] - ascend -> vllm_ascend:register
2026-02-08T21:16:26.8519055Z INFO 02-08 21:16:26 [__init__.py:48] All plugins in this group will be loaded. Set `VLLM_PLUGINS` to control which plugins to load.
2026-02-08T21:16:27.0622707Z INFO 02-08 21:16:27 [__init__.py:217] Platform plugin ascend is activated
2026-02-08T21:16:33.5691647Z ============================= test session starts ==============================
2026-02-08T21:16:33.5692795Z platform linux -- Python 3.11.14, pytest-8.4.2, pluggy-1.6.0 -- /usr/local/python3.11.14/bin/python3
2026-02-08T21:16:33.5693367Z cachedir: .pytest_cache
2026-02-08T21:16:33.5693661Z rootdir: /vllm-workspace/vllm-ascend
2026-02-08T21:16:33.5693994Z configfile: pyproject.toml
2026-02-08T21:16:33.5694355Z plugins: cov-7.0.0, mock-3.15.1, asyncio-1.3.0, anyio-4.12.1
2026-02-08T21:16:33.5695204Z asyncio: mode=Mode.STRICT, debug=False, asyncio_default_fixture_loop_scope=None, asyncio_default_test_loop_scope=function
2026-02-08T21:16:34.4548003Z collecting ... collected 1 item
2026-02-08T21:16:34.4548283Z 
2026-02-08T21:16:34.4591486Z [2026-02-08 21:16:34] INFO conftest.py:241: Starting server with command: vllm serve vllm-ascend/DeepSeek-V3.2-W8A8 --enable-expert-parallel --tensor-parallel-size 8 --data-parallel-size 2 --port 49687 --max-model-len 8192 --max-num-batched-tokens 8192 --max-num-seqs 4 --trust-remote-code --quantization ascend --gpu-memory-utilization 0.92 --compilation-config {"cudagraph_capture_sizes":[3, 6, 9, 12], "cudagraph_mode":"FULL_DECODE_ONLY"} --speculative-config {"num_speculative_tokens": 2, "method":"deepseek_mtp"} --additional-config {"layer_sharding": ["q_b_proj", "o_proj"]} --reasoning-parser deepseek_v3 --tokenizer_mode deepseek_v32
2026-02-08T21:16:39.0453961Z tests/e2e/nightly/single_node/models/test_deepseek_v3_2_w8a8.py::test_models[2-8-vllm-ascend/DeepSeek-V3.2-W8A8] INFO 02-08 21:16:39 [__init__.py:43] Available plugins for group vllm.platform_plugins:
2026-02-08T21:16:39.0455262Z INFO 02-08 21:16:39 [__init__.py:45] - ascend -> vllm_ascend:register
2026-02-08T21:16:39.0456034Z INFO 02-08 21:16:39 [__init__.py:48] All plugins in this group will be loaded. Set `VLLM_PLUGINS` to control which plugins to load.
2026-02-08T21:16:39.0518115Z INFO 02-08 21:16:39 [__init__.py:217] Platform plugin ascend is activated
2026-02-08T21:16:45.2429147Z 2026-02-08 21:16:45,241 - 3871 - vllmProfiler - INFO - VLLM_USE_V1 not set, auto-detected via vLLM 0.15.0+empty: default 1
2026-02-08T21:16:45.2772956Z INFO 02-08 21:16:45 [__init__.py:108] Registered model loader `<class 'vllm_ascend.model_loader.netloader.netloader.ModelNetLoaderElastic'>` with load format `netloader`
2026-02-08T21:16:45.4906222Z INFO 02-08 21:16:45 [serve.py:100] Defaulting api_server_count to data_parallel_size (2).
2026-02-08T21:16:45.4907208Z INFO 02-08 21:16:45 [utils.py:325] 
2026-02-08T21:16:45.5012230Z INFO 02-08 21:16:45 [utils.py:325]        â–ˆ     â–ˆ     â–ˆâ–„   â–„â–ˆ
2026-02-08T21:16:45.5013022Z INFO 02-08 21:16:45 [utils.py:325]  â–„â–„ â–„â–ˆ â–ˆ     â–ˆ     â–ˆ â–€â–„â–€ â–ˆ  version 0.15.0
2026-02-08T21:16:45.5013772Z INFO 02-08 21:16:45 [utils.py:325]   â–ˆâ–„â–ˆâ–€ â–ˆ     â–ˆ     â–ˆ     â–ˆ  model   vllm-ascend/DeepSeek-V3.2-W8A8
2026-02-08T21:16:45.5014440Z INFO 02-08 21:16:45 [utils.py:325]    â–€â–€  â–€â–€â–€â–€â–€ â–€â–€â–€â–€â–€ â–€     â–€
2026-02-08T21:16:45.5014816Z INFO 02-08 21:16:45 [utils.py:325] 
2026-02-08T21:16:45.5021632Z INFO 02-08 21:16:45 [utils.py:261] non-default args: {'model_tag': 'vllm-ascend/DeepSeek-V3.2-W8A8', 'api_server_count': 2, 'port': 49687, 'model': 'vllm-ascend/DeepSeek-V3.2-W8A8', 'tokenizer_mode': 'deepseek_v32', 'trust_remote_code': True, 'max_model_len': 8192, 'quantization': 'ascend', 'reasoning_parser': 'deepseek_v3', 'tensor_parallel_size': 8, 'data_parallel_size': 2, 'enable_expert_parallel': True, 'gpu_memory_utilization': 0.92, 'max_num_batched_tokens': 8192, 'max_num_seqs': 4, 'speculative_config': {'num_speculative_tokens': 2, 'method': 'deepseek_mtp'}, 'compilation_config': {'level': None, 'mode': None, 'debug_dump_path': None, 'cache_dir': '', 'compile_cache_save_format': 'binary', 'backend': 'vllm_ascend.compilation.compiler_interface.AscendCompiler', 'custom_ops': [], 'splitting_ops': None, 'compile_mm_encoder': False, 'compile_sizes': None, 'compile_ranges_split_points': None, 'inductor_compile_config': {'enable_auto_functionalized_v2': False, 'combo_kernels': True, 'benchmark_combo_kernel': True}, 'inductor_passes': {}, 'cudagraph_mode': <CUDAGraphMode.FULL_DECODE_ONLY: (2, 0)>, 'cudagraph_num_of_warmups': 0, 'cudagraph_capture_sizes': [3, 6, 9, 12], 'cudagraph_copy_inputs': False, 'cudagraph_specialize_lora': True, 'use_inductor_graph_partition': None, 'pass_config': {}, 'max_cudagraph_capture_size': None, 'dynamic_shapes_config': {'type': <DynamicShapesType.BACKED: 'backed'>, 'evaluate_guards': False, 'assume_32_bit_indexing': True}, 'local_cache_dir': None}, 'additional_config': {'layer_sharding': ['q_b_proj', 'o_proj']}}
2026-02-08T21:16:45.5433360Z INFO 02-08 21:16:45 [arg_utils.py:602] HF_HUB_OFFLINE is True, replace model_id [vllm-ascend/DeepSeek-V3.2-W8A8] to model_path [/root/.cache/modelscope/hub/models/vllm-ascend/DeepSeek-V3___2-W8A8]
2026-02-08T21:16:45.5435127Z 2026-02-08 21:16:45,542 - modelscope - WARNING - We can not confirm the cached file is for revision: master
2026-02-08T21:16:45.5438796Z The argument `trust_remote_code` is to be used with Auto classes. It has no effect here and is ignored.
2026-02-08T21:16:45.5439968Z [2026-02-08 21:16:45] WARNING configuration_utils.py:697: The argument `trust_remote_code` is to be used with Auto classes. It has no effect here and is ignored.
2026-02-08T21:16:45.5503386Z The argument `trust_remote_code` is to be used with Auto classes. It has no effect here and is ignored.
2026-02-08T21:16:45.5505457Z [2026-02-08 21:16:45] WARNING configuration_utils.py:697: The argument `trust_remote_code` is to be used with Auto classes. It has no effect here and is ignored.
2026-02-08T21:16:45.5511764Z The argument `trust_remote_code` is to be used with Auto classes. It has no effect here and is ignored.
2026-02-08T21:16:45.5512803Z [2026-02-08 21:16:45] WARNING configuration_utils.py:697: The argument `trust_remote_code` is to be used with Auto classes. It has no effect here and is ignored.
2026-02-08T21:16:45.5518845Z You are using a model of type deepseek_v32 to instantiate a model of type deepseek_v3. This is not supported for all configurations of models and can yield errors.
2026-02-08T21:16:45.5520811Z [2026-02-08 21:16:45] WARNING configuration_utils.py:635: You are using a model of type deepseek_v32 to instantiate a model of type deepseek_v3. This is not supported for all configurations of models and can yield errors.
2026-02-08T21:16:54.9932026Z INFO 02-08 21:16:54 [model.py:541] Resolved architecture: DeepseekV32ForCausalLM
2026-02-08T21:16:54.9932620Z INFO 02-08 21:16:54 [model.py:1561] Using max model len 8192
2026-02-08T21:16:55.2683495Z WARNING 02-08 21:16:55 [speculative.py:270] method `deepseek_mtp` is deprecated and replaced with mtp.
2026-02-08T21:16:55.2691019Z The argument `trust_remote_code` is to be used with Auto classes. It has no effect here and is ignored.
2026-02-08T21:16:55.2692071Z [2026-02-08 21:16:55] WARNING configuration_utils.py:697: The argument `trust_remote_code` is to be used with Auto classes. It has no effect here and is ignored.
2026-02-08T21:16:55.2698824Z The argument `trust_remote_code` is to be used with Auto classes. It has no effect here and is ignored.
2026-02-08T21:16:55.2699993Z [2026-02-08 21:16:55] WARNING configuration_utils.py:697: The argument `trust_remote_code` is to be used with Auto classes. It has no effect here and is ignored.
2026-02-08T21:16:55.2708938Z You are using a model of type deepseek_v32 to instantiate a model of type deepseek_v3. This is not supported for all configurations of models and can yield errors.
2026-02-08T21:16:55.2710666Z [2026-02-08 21:16:55] WARNING configuration_utils.py:635: You are using a model of type deepseek_v32 to instantiate a model of type deepseek_v3. This is not supported for all configurations of models and can yield errors.
2026-02-08T21:17:04.5064690Z INFO 02-08 21:17:04 [model.py:541] Resolved architecture: DeepSeekMTPModel
2026-02-08T21:17:04.5065690Z INFO 02-08 21:17:04 [model.py:1561] Using max model len 163840
2026-02-08T21:17:04.5067183Z WARNING 02-08 21:17:04 [speculative.py:388] Enabling num_speculative_tokens > 1 will runmultiple times of forward on same MTP layer,which may result in lower acceptance rate
2026-02-08T21:17:04.5069137Z INFO 02-08 21:17:04 [scheduler.py:226] Chunked prefill is enabled with max_num_batched_tokens=8192.
2026-02-08T21:17:04.8418820Z INFO 02-08 21:17:04 [vllm.py:624] Asynchronous scheduling is enabled.
2026-02-08T21:17:04.8420142Z INFO 02-08 21:17:04 [vllm.py:634] Disabling NCCL for DP synchronization when using async scheduling.
2026-02-08T21:17:04.8421984Z WARNING 02-08 21:17:04 [platform.py:707] Speculative quantization is set but Ascend automatically uses the main model's quantization method. Resetting to None.
2026-02-08T21:17:04.8424100Z WARNING 02-08 21:17:04 [platform.py:748] Ignored parameter 'use_trtllm_ragged_deepseek_prefill'. This is a GPU-specific feature not supported on Ascend. Resetting to False.
2026-02-08T21:17:04.8427285Z INFO 02-08 21:17:04 [ascend_config.py:54] Linear layer sharding enabled with config: ['q_b_proj', 'o_proj']. Note: This feature works optimally with FLASHCOMM2 and DSA-CP enabled; using it without these features may result in significant performance degradation.
2026-02-08T21:17:04.8430671Z WARNING 02-08 21:17:04 [vllm.py:1062] Batch sizes [3, 6, 9, 12] are removed because they are not multiple of tp_size 8 when sequence parallelism is enabled
2026-02-08T21:17:04.8440321Z Traceback (most recent call last):
2026-02-08T21:17:04.8441016Z   File "/usr/local/python3.11.14/bin/vllm", line 7, in <module>
2026-02-08T21:17:04.8441500Z     sys.exit(main())
2026-02-08T21:17:04.8441783Z              ^^^^^^
2026-02-08T21:17:04.8442171Z   File "/vllm-workspace/vllm/vllm/entrypoints/cli/main.py", line 73, in main
2026-02-08T21:17:04.8442665Z     args.dispatch_function(args)
2026-02-08T21:17:04.8443103Z   File "/vllm-workspace/vllm/vllm/entrypoints/cli/serve.py", line 108, in cmd
2026-02-08T21:17:04.8443597Z     run_multi_api_server(args)
2026-02-08T21:17:04.8444120Z   File "/vllm-workspace/vllm/vllm/entrypoints/cli/serve.py", line 232, in run_multi_api_server
2026-02-08T21:17:04.8444817Z     vllm_config = engine_args.create_engine_config(usage_context=usage_context)
2026-02-08T21:17:04.8445793Z                   ^^^^^^^^^^^^^^^^^^^^^^^^^^^^^^^^^^^^^^^^^^^^^^^^^^^^^^^^^^^^^
2026-02-08T21:17:04.8446733Z   File "/vllm-workspace/vllm/vllm/engine/arg_utils.py", line 1754, in create_engine_config
2026-02-08T21:17:04.8447527Z     config = VllmConfig(
2026-02-08T21:17:04.8447774Z              ^^^^^^^^^^^
2026-02-08T21:17:04.8448383Z   File "/usr/local/python3.11.14/lib/python3.11/site-packages/pydantic/_internal/_dataclasses.py", line 121, in __init__
2026-02-08T21:17:04.8457042Z     s.__pydantic_validator__.validate_python(ArgsKwargs(args, kwargs), self_instance=s)
2026-02-08T21:17:04.8471791Z pydantic_core._pydantic_core.ValidationError: 1 validation error for VllmConfig
2026-02-08T21:17:04.8473070Z   Assertion failed, cudagraph_capture_sizes [3, 6, 9, 12] does not containvalues that are multiples of tp_size 8 [type=assertion_error, input_value=ArgsKwargs((), {'model_co...timizationLevel.O2: 2>}), input_type=ArgsKwargs]
2026-02-08T21:17:04.8474350Z     For further information visit https://errors.pydantic.dev/2.12/v/assertion_error
2026-02-08T21:17:04.9189813Z [ERROR] 2026-02-08-21:17:04 (PID:3871, Device:-1, RankID:-1) ERR99999 UNKNOWN applicaiton exception
2026-02-08T21:17:05.2162599Z sys:1: DeprecationWarning: builtin type swigvarlink has no __module__ attribute
2026-02-08T21:17:10.7663953Z FAILED
2026-02-08T21:17:10.7664152Z 
2026-02-08T21:17:10.7664335Z =================================== FAILURES ===================================
2026-02-08T21:17:10.7664989Z _______________ test_models[2-8-vllm-ascend/DeepSeek-V3.2-W8A8] ________________
2026-02-08T21:17:10.7665358Z 
2026-02-08T21:17:10.7665568Z model = 'vllm-ascend/DeepSeek-V3.2-W8A8', tp_size = 8, dp_size = 2
2026-02-08T21:17:10.7665914Z 
2026-02-08T21:17:10.7666016Z     @pytest.mark.asyncio
2026-02-08T21:17:10.7666333Z     @pytest.mark.parametrize("model", MODELS)
2026-02-08T21:17:10.7666741Z     @pytest.mark.parametrize("tp_size", TENSOR_PARALLELS)
2026-02-08T21:17:10.7667195Z     @pytest.mark.parametrize("dp_size", DATA_PARALLELS)
2026-02-08T21:17:10.7673242Z     async def test_models(model: str, tp_size: int, dp_size: int) -> None:
2026-02-08T21:17:10.7673755Z         port = get_open_port()
2026-02-08T21:17:10.7674021Z         env_dict = {
2026-02-08T21:17:10.7674286Z             "HCCL_OP_EXPANSION_MODE": "AIV",
2026-02-08T21:17:10.7674617Z             "OMP_PROC_BIND": "false",
2026-02-08T21:17:10.7674994Z             "OMP_NUM_THREADS": "1",
2026-02-08T21:17:10.7675304Z             "HCCL_BUFFSIZE": "1024",
2026-02-08T21:17:10.7675610Z             "VLLM_ASCEND_ENABLE_MLAPO": "1",
2026-02-08T21:17:10.7676019Z             "PYTORCH_NPU_ALLOC_CONF": "expandable_segments:True",
2026-02-08T21:17:10.7676427Z             "VLLM_ASCEND_ENABLE_FLASHCOMM1": "1",
2026-02-08T21:17:10.7676754Z         }
2026-02-08T21:17:10.7676942Z     
2026-02-08T21:17:10.7677190Z         server_args = [
2026-02-08T21:17:10.7677539Z             "--enable-expert-parallel", "--tensor-parallel-size",
2026-02-08T21:17:10.7677965Z             str(tp_size), "--data-parallel-size",
2026-02-08T21:17:10.7678321Z             str(dp_size), "--port",
2026-02-08T21:17:10.7678724Z             str(port), "--max-model-len", "8192", "--max-num-batched-tokens",
2026-02-08T21:17:10.7679288Z             "8192", "--max-num-seqs", "4", "--trust-remote-code", "--quantization",
2026-02-08T21:17:10.7679946Z             "ascend", "--gpu-memory-utilization", "0.92", "--compilation-config",
2026-02-08T21:17:10.7680564Z             '{"cudagraph_capture_sizes":[3, 6, 9, 12], "cudagraph_mode":"FULL_DECODE_ONLY"}',
2026-02-08T21:17:10.7681073Z             "--speculative-config",
2026-02-08T21:17:10.7681446Z             '{"num_speculative_tokens": 2, "method":"deepseek_mtp"}',
2026-02-08T21:17:10.7681858Z             "--additional-config",
2026-02-08T21:17:10.7682187Z             '{"layer_sharding": ["q_b_proj", "o_proj"]}',
2026-02-08T21:17:10.7682691Z             "--reasoning-parser", "deepseek_v3", "--tokenizer_mode", "deepseek_v32"
2026-02-08T21:17:10.7683149Z         ]
2026-02-08T21:17:10.7683389Z         request_keyword_args: dict[str, Any] = {
2026-02-08T21:17:10.7683731Z             **api_keyword_args,
2026-02-08T21:17:10.7684351Z         }
2026-02-08T21:17:10.7684602Z >       with RemoteOpenAIServer(model,
2026-02-08T21:17:10.7685101Z                                 server_args,
2026-02-08T21:17:10.7685440Z                                 server_port=port,
2026-02-08T21:17:10.7685775Z                                 env_dict=env_dict,
2026-02-08T21:17:10.7686146Z                                 auto_port=False) as server:
2026-02-08T21:17:10.7686400Z 
2026-02-08T21:17:10.7686638Z tests/e2e/nightly/single_node/models/test_deepseek_v3_2_w8a8.py:95: 
2026-02-08T21:17:10.7687137Z _ _ _ _ _ _ _ _ _ _ _ _ _ _ _ _ _ _ _ _ _ _ _ _ _ _ _ _ _ _ _ _ _ _ _ _ _ _ _ _ 
2026-02-08T21:17:10.7687546Z tests/e2e/conftest.py:306: in __init__
2026-02-08T21:17:10.7687864Z     self._wait_for_multiple_servers(
2026-02-08T21:17:10.7688234Z _ _ _ _ _ _ _ _ _ _ _ _ _ _ _ _ _ _ _ _ _ _ _ _ _ _ _ _ _ _ _ _ _ _ _ _ _ _ _ _ 
2026-02-08T21:17:10.7688531Z 
2026-02-08T21:17:10.7688775Z self = <tests.e2e.conftest.RemoteOpenAIServer object at 0xffff2499d610>
2026-02-08T21:17:10.7689376Z targets = [('0.0.0.0', 'http://0.0.0.0:49687/health')], timeout = 2800
2026-02-08T21:17:10.7689875Z log_interval = 30.0
2026-02-08T21:17:10.7690018Z 
2026-02-08T21:17:10.7690129Z     def _wait_for_multiple_servers(self,
2026-02-08T21:17:10.7690456Z                                    targets,
2026-02-08T21:17:10.7690766Z                                    timeout: float,
2026-02-08T21:17:10.7691139Z                                    log_interval: float = 30.0):
2026-02-08T21:17:10.7691468Z         """
2026-02-08T21:17:10.7691701Z         targets: List[(node_ip, url)]
2026-02-08T21:17:10.7691985Z         log_interval
2026-02-08T21:17:10.7692214Z         """
2026-02-08T21:17:10.7692430Z         start = time.time()
2026-02-08T21:17:10.7692686Z         client = requests
2026-02-08T21:17:10.7692927Z     
2026-02-08T21:17:10.7693174Z         ready = {node_ip: False for node_ip, _ in targets}
2026-02-08T21:17:10.7693889Z     
2026-02-08T21:17:10.7694088Z         last_log_time = 0.0
2026-02-08T21:17:10.7694342Z     
2026-02-08T21:17:10.7694524Z         while True:
2026-02-08T21:17:10.7694761Z             now = time.time()
2026-02-08T21:17:10.7695107Z             all_ready = True
2026-02-08T21:17:10.7695447Z             should_log = (now - last_log_time) >= log_interval
2026-02-08T21:17:10.7695806Z     
2026-02-08T21:17:10.7696013Z             for node_ip, url in targets:
2026-02-08T21:17:10.7696329Z                 if ready[node_ip]:
2026-02-08T21:17:10.7696605Z                     continue
2026-02-08T21:17:10.7696859Z     
2026-02-08T21:17:10.7697048Z                 try:
2026-02-08T21:17:10.7697303Z                     resp = client.get(url)
2026-02-08T21:17:10.7697630Z                     if resp.status_code == 200:
2026-02-08T21:17:10.7697975Z                         ready[node_ip] = True
2026-02-08T21:17:10.7698355Z                         logger.info(f"[READY] Node {node_ip} is ready.")
2026-02-08T21:17:10.7698771Z                 except RequestException:
2026-02-08T21:17:10.7699097Z                     all_ready = False
2026-02-08T21:17:10.7699384Z                     if should_log:
2026-02-08T21:17:10.7699840Z                         logger.debug(f"[WAIT] {url}: connection failed")
2026-02-08T21:17:10.7700209Z     
2026-02-08T21:17:10.7700434Z                     # check unexpected exit
2026-02-08T21:17:10.7700748Z                     result = self._poll()
2026-02-08T21:17:10.7701105Z                     if result is not None and result != 0:
2026-02-08T21:17:10.7701458Z >                       raise RuntimeError(
2026-02-08T21:17:10.7701842Z                             f"Server at {node_ip} exited unexpectedly."
2026-02-08T21:17:10.7702229Z                         ) from None
2026-02-08T21:17:10.7702599Z E                       RuntimeError: Server at 0.0.0.0 exited unexpectedly.
2026-02-08T21:17:10.7702913Z 
2026-02-08T21:17:10.7703042Z tests/e2e/conftest.py:399: RuntimeError
2026-02-08T21:17:10.7703609Z ------------------------------ Captured log call -------------------------------
2026-02-08T21:17:10.7706774Z INFO     tests.e2e.conftest:conftest.py:241 Starting server with command: vllm serve vllm-ascend/DeepSeek-V3.2-W8A8 --enable-expert-parallel --tensor-parallel-size 8 --data-parallel-size 2 --port 49687 --max-model-len 8192 --max-num-batched-tokens 8192 --max-num-seqs 4 --trust-remote-code --quantization ascend --gpu-memory-utilization 0.92 --compilation-config {"cudagraph_capture_sizes":[3, 6, 9, 12], "cudagraph_mode":"FULL_DECODE_ONLY"} --speculative-config {"num_speculative_tokens": 2, "method":"deepseek_mtp"} --additional-config {"layer_sharding": ["q_b_proj", "o_proj"]} --reasoning-parser deepseek_v3 --tokenizer_mode deepseek_v32
2026-02-08T21:17:10.7709873Z =============================== warnings summary ===============================
2026-02-08T21:17:10.7710293Z <frozen importlib._bootstrap>:241
2026-02-08T21:17:10.7710900Z   <frozen importlib._bootstrap>:241: DeprecationWarning: builtin type SwigPyPacked has no __module__ attribute
2026-02-08T21:17:10.7711456Z 
2026-02-08T21:17:10.7711568Z <frozen importlib._bootstrap>:241
2026-02-08T21:17:10.7712164Z   <frozen importlib._bootstrap>:241: DeprecationWarning: builtin type SwigPyObject has no __module__ attribute
2026-02-08T21:17:10.7712705Z 
2026-02-08T21:17:10.7713120Z ../../usr/local/python3.11.14/lib/python3.11/site-packages/transformers/models/auto/image_processing_auto.py:647
2026-02-08T21:17:10.7714830Z   /usr/local/python3.11.14/lib/python3.11/site-packages/transformers/models/auto/image_processing_auto.py:647: FutureWarning: The image_processor_class argument is deprecated and will be removed in v4.42. Please use `slow_image_processor_class`, or `fast_image_processor_class` instead
2026-02-08T21:17:10.7716275Z     warnings.warn(
2026-02-08T21:17:10.7716435Z 
2026-02-08T21:17:10.7716677Z -- Docs: https://docs.pytest.org/en/stable/how-to/capture-warnings.html
2026-02-08T21:17:10.7717328Z =========================== short test summary info ============================
2026-02-08T21:17:10.7718353Z FAILED tests/e2e/nightly/single_node/models/test_deepseek_v3_2_w8a8.py::test_models[2-8-vllm-ascend/DeepSeek-V3.2-W8A8] - RuntimeError: Server at 0.0.0.0 exited unexpectedly.
2026-02-08T21:17:10.7719341Z ======================== 1 failed, 3 warnings in 36.03s ========================
2026-02-08T21:17:12.5484082Z ##[error]Error: failed to run script step: Error: command terminated with non-zero exit code: command terminated with exit code 1
2026-02-08T21:17:12.5540445Z ##[error]Process completed with exit code 1.
2026-02-08T21:17:12.5628277Z ##[error]Executing the custom container implementation failed. Please contact your self hosted runner administrator.
2026-02-08T21:17:12.5687607Z ##[group]Run '/home/runner/k8s/index.js'
2026-02-08T21:17:12.5688686Z shell: /home/runner/externals/node20/bin/node {0}
2026-02-08T21:17:12.5689053Z ##[endgroup]
2026-02-08T21:17:13.1910170Z Cleaning up orphan processes
