# Run ID: 21365053235
# Commit: 9780a995e1cce12d71e1bdf3ba87d7499ece203d
# Job: single-node (deepseek3_2-w8a8, linux-aarch64-a3-16, tests/e2e/nightly/single_node/models/test_dee... / tests/e2e/nightly/single_node/models/test_deepseek_v3_2_w8a8.py
# Date: 2026-01-26
============================================================

ï»¿2026-01-27T01:23:31.9220843Z Current runner version: '2.330.0'
2026-01-27T01:23:31.9225993Z Runner name: 'linux-aarch64-a3-16-r8zc8-runner-wpnxh'
2026-01-27T01:23:31.9226675Z Runner group name: 'Default'
2026-01-27T01:23:31.9227386Z Machine name: 'linux-aarch64-a3-16-r8zc8-runner-wpnxh'
2026-01-27T01:23:31.9230658Z ##[group]GITHUB_TOKEN Permissions
2026-01-27T01:23:31.9232868Z Actions: write
2026-01-27T01:23:31.9233306Z ArtifactMetadata: write
2026-01-27T01:23:31.9233716Z Attestations: write
2026-01-27T01:23:31.9234153Z Checks: write
2026-01-27T01:23:31.9234499Z Contents: write
2026-01-27T01:23:31.9234911Z Deployments: write
2026-01-27T01:23:31.9235315Z Discussions: write
2026-01-27T01:23:31.9235663Z Issues: write
2026-01-27T01:23:31.9236036Z Metadata: read
2026-01-27T01:23:31.9236371Z Models: read
2026-01-27T01:23:31.9236749Z Packages: write
2026-01-27T01:23:31.9237096Z Pages: write
2026-01-27T01:23:31.9237471Z PullRequests: write
2026-01-27T01:23:31.9237857Z RepositoryProjects: write
2026-01-27T01:23:31.9238464Z SecurityEvents: write
2026-01-27T01:23:31.9238925Z Statuses: write
2026-01-27T01:23:31.9239337Z ##[endgroup]
2026-01-27T01:23:31.9241050Z Secret source: Actions
2026-01-27T01:23:31.9241665Z Prepare workflow directory
2026-01-27T01:23:31.9856943Z Prepare all required actions
2026-01-27T01:23:31.9908198Z Uses: vllm-project/vllm-ascend/.github/workflows/_e2e_nightly_single_node.yaml@refs/heads/main (9780a995e1cce12d71e1bdf3ba87d7499ece203d)
2026-01-27T01:23:31.9912197Z ##[group] Inputs
2026-01-27T01:23:31.9912646Z   vllm: v0.14.1
2026-01-27T01:23:31.9913087Z   runner: linux-aarch64-a3-16
2026-01-27T01:23:31.9913816Z   image: swr.cn-southwest-2.myhuaweicloud.com/base_image/ascend-ci/vllm-ascend:nightly-a3
2026-01-27T01:23:31.9914621Z   tests: tests/e2e/nightly/single_node/models/test_deepseek_v3_2_w8a8.py
2026-01-27T01:23:31.9915241Z   name: deepseek3_2-w8a8
2026-01-27T01:23:31.9915655Z ##[endgroup]
2026-01-27T01:23:31.9916784Z Complete job name: single-node (deepseek3_2-w8a8, linux-aarch64-a3-16, tests/e2e/nightly/single_node/models/test_dee... / tests/e2e/nightly/single_node/models/test_deepseek_v3_2_w8a8.py
2026-01-27T01:23:32.0429891Z ##[group]Run '/home/runner/k8s/index.js'
2026-01-27T01:23:32.0437435Z shell: /home/runner/externals/node20/bin/node {0}
2026-01-27T01:23:32.0438240Z ##[endgroup]
2026-01-27T02:27:49.8559592Z (node:53) [DEP0005] DeprecationWarning: Buffer() is deprecated due to security and usability issues. Please use the Buffer.alloc(), Buffer.allocUnsafe(), or Buffer.from() methods instead.
2026-01-27T02:27:49.8560383Z (Use `node --trace-deprecation ...` to show where the warning was created)
2026-01-27T02:28:07.8229975Z ##[group]Run npu-smi info
2026-01-27T02:28:07.8230323Z [36;1mnpu-smi info[0m
2026-01-27T02:28:07.8230745Z [36;1mcat /usr/local/Ascend/ascend-toolkit/latest/"$(uname -i)"-linux/ascend_toolkit_install.info[0m
2026-01-27T02:28:07.8231301Z shell: bash -el {0}
2026-01-27T02:28:07.8231520Z env:
2026-01-27T02:28:07.8231691Z   TRANSFORMERS_OFFLINE: 1
2026-01-27T02:28:07.8231952Z   VLLM_USE_MODELSCOPE: true
2026-01-27T02:28:07.8232376Z ##[endgroup]
2026-01-27T02:28:07.8406225Z ##[group]Run '/home/runner/k8s/index.js'
2026-01-27T02:28:07.8407119Z shell: /home/runner/externals/node20/bin/node {0}
2026-01-27T02:28:07.8407377Z ##[endgroup]
2026-01-27T02:28:08.1957200Z (node:533) [DEP0005] DeprecationWarning: Buffer() is deprecated due to security and usability issues. Please use the Buffer.alloc(), Buffer.allocUnsafe(), or Buffer.from() methods instead.
2026-01-27T02:28:08.1958087Z (Use `node --trace-deprecation ...` to show where the warning was created)
2026-01-27T02:28:27.9185814Z +------------------------------------------------------------------------------------------------+
2026-01-27T02:28:27.9186544Z | npu-smi 25.2.1                   Version: 25.2.1                                               |
2026-01-27T02:28:27.9187039Z +---------------------------+---------------+----------------------------------------------------+
2026-01-27T02:28:27.9187448Z | NPU   Name                | Health        | Power(W)    Temp(C)           Hugepages-Usage(page)|
2026-01-27T02:28:27.9188399Z | Chip  Phy-ID              | Bus-Id        | AICore(%)   Memory-Usage(MB)  HBM-Usage(MB)        |
2026-01-27T02:28:27.9188763Z +===========================+===============+====================================================+
2026-01-27T02:28:27.9189138Z | 0     Ascend910           | OK            | 165.9       37                0    / 0             |
2026-01-27T02:28:27.9189535Z | 0     0                   | 0000:9D:00.0  | 0           0    / 0          3110 / 65536         |
2026-01-27T02:28:27.9189910Z +------------------------------------------------------------------------------------------------+
2026-01-27T02:28:27.9190382Z | 0     Ascend910           | OK            | -           36                0    / 0             |
2026-01-27T02:28:27.9190799Z | 1     1                   | 0000:9F:00.0  | 0           0    / 0          2886 / 65536         |
2026-01-27T02:28:27.9191166Z +===========================+===============+====================================================+
2026-01-27T02:28:27.9191550Z | 1     Ascend910           | OK            | 169.4       37                0    / 0             |
2026-01-27T02:28:27.9191892Z | 0     2                   | 0000:99:00.0  | 0           0    / 0          3109 / 65536         |
2026-01-27T02:28:27.9192470Z +------------------------------------------------------------------------------------------------+
2026-01-27T02:28:27.9192939Z | 1     Ascend910           | OK            | -           37                0    / 0             |
2026-01-27T02:28:27.9193286Z | 1     3                   | 0000:9B:00.0  | 0           0    / 0          2877 / 65536         |
2026-01-27T02:28:27.9193673Z +===========================+===============+====================================================+
2026-01-27T02:28:27.9193992Z | 2     Ascend910           | OK            | 167.9       36                0    / 0             |
2026-01-27T02:28:27.9194369Z | 0     4                   | 0000:95:00.0  | 0           0    / 0          3112 / 65536         |
2026-01-27T02:28:27.9194755Z +------------------------------------------------------------------------------------------------+
2026-01-27T02:28:27.9195121Z | 2     Ascend910           | OK            | -           36                0    / 0             |
2026-01-27T02:28:27.9195499Z | 1     5                   | 0000:97:00.0  | 0           0    / 0          2878 / 65536         |
2026-01-27T02:28:27.9195806Z +===========================+===============+====================================================+
2026-01-27T02:28:27.9196285Z | 3     Ascend910           | OK            | 169.2       35                0    / 0             |
2026-01-27T02:28:27.9196707Z | 0     6                   | 0000:91:00.0  | 0           0    / 0          3111 / 65536         |
2026-01-27T02:28:27.9197063Z +------------------------------------------------------------------------------------------------+
2026-01-27T02:28:27.9197438Z | 3     Ascend910           | OK            | -           36                0    / 0             |
2026-01-27T02:28:27.9197780Z | 1     7                   | 0000:93:00.0  | 0           0    / 0          2875 / 65536         |
2026-01-27T02:28:27.9198116Z +===========================+===============+====================================================+
2026-01-27T02:28:27.9198458Z | 4     Ascend910           | OK            | 170.1       36                0    / 0             |
2026-01-27T02:28:27.9198797Z | 0     8                   | 0000:8D:00.0  | 0           0    / 0          3103 / 65536         |
2026-01-27T02:28:27.9199188Z +------------------------------------------------------------------------------------------------+
2026-01-27T02:28:27.9199566Z | 4     Ascend910           | OK            | -           37                0    / 0             |
2026-01-27T02:28:27.9199914Z | 1     9                   | 0000:8F:00.0  | 0           0    / 0          2882 / 65536         |
2026-01-27T02:28:27.9200263Z +===========================+===============+====================================================+
2026-01-27T02:28:27.9200726Z | 5     Ascend910           | OK            | 163.9       35                0    / 0             |
2026-01-27T02:28:27.9201178Z | 0     10                  | 0000:89:00.0  | 0           0    / 0          3099 / 65536         |
2026-01-27T02:28:27.9201565Z +------------------------------------------------------------------------------------------------+
2026-01-27T02:28:27.9201923Z | 5     Ascend910           | OK            | -           36                0    / 0             |
2026-01-27T02:28:27.9202478Z | 1     11                  | 0000:8B:00.0  | 0           0    / 0          2886 / 65536         |
2026-01-27T02:28:28.2214935Z +===========================+===============+====================================================+
2026-01-27T02:28:28.2215457Z | 6     Ascend910           | OK            | 171.4       36                0    / 0             |
2026-01-27T02:28:28.2215909Z | 0     12                  | 0000:85:00.0  | 0           0    / 0          3110 / 65536         |
2026-01-27T02:28:28.2216332Z +------------------------------------------------------------------------------------------------+
2026-01-27T02:28:28.2216787Z | 6     Ascend910           | OK            | -           36                0    / 0             |
2026-01-27T02:28:28.2217160Z | 1     13                  | 0000:87:00.0  | 0           0    / 0          2874 / 65536         |
2026-01-27T02:28:28.2217525Z +===========================+===============+====================================================+
2026-01-27T02:28:28.2217909Z | 7     Ascend910           | OK            | 168.8       36                0    / 0             |
2026-01-27T02:28:28.2218278Z | 0     14                  | 0000:81:00.0  | 0           0    / 0          3102 / 65536         |
2026-01-27T02:28:28.2218660Z +------------------------------------------------------------------------------------------------+
2026-01-27T02:28:28.2219069Z | 7     Ascend910           | OK            | -           36                0    / 0             |
2026-01-27T02:28:28.2219392Z | 1     15                  | 0000:83:00.0  | 0           0    / 0          2884 / 65536         |
2026-01-27T02:28:28.2219764Z +===========================+===============+====================================================+
2026-01-27T02:28:28.2220150Z +---------------------------+---------------+----------------------------------------------------+
2026-01-27T02:28:28.2220554Z | NPU     Chip              | Process id    | Process name             | Process memory(MB)      |
2026-01-27T02:28:28.2221255Z +===========================+===============+====================================================+
2026-01-27T02:28:28.2221620Z | No running processes found in NPU 0                                                            |
2026-01-27T02:28:28.2222118Z +===========================+===============+====================================================+
2026-01-27T02:28:28.2222533Z | No running processes found in NPU 1                                                            |
2026-01-27T02:28:28.2222893Z +===========================+===============+====================================================+
2026-01-27T02:28:28.2223269Z | No running processes found in NPU 2                                                            |
2026-01-27T02:28:28.2223642Z +===========================+===============+====================================================+
2026-01-27T02:28:28.2224026Z | No running processes found in NPU 3                                                            |
2026-01-27T02:28:28.2224391Z +===========================+===============+====================================================+
2026-01-27T02:28:28.2225102Z | No running processes found in NPU 4                                                            |
2026-01-27T02:28:28.2225494Z +===========================+===============+====================================================+
2026-01-27T02:28:28.2225853Z | No running processes found in NPU 5                                                            |
2026-01-27T02:28:28.2226466Z +===========================+===============+====================================================+
2026-01-27T02:28:28.2226864Z | No running processes found in NPU 6                                                            |
2026-01-27T02:28:28.2227758Z +===========================+===============+====================================================+
2026-01-27T02:28:28.2228226Z | No running processes found in NPU 7                                                            |
2026-01-27T02:28:28.2228582Z +===========================+===============+====================================================+
2026-01-27T02:28:28.2255050Z package_name=Ascend-cann-toolkit
2026-01-27T02:28:28.2255377Z version=8.5.0
2026-01-27T02:28:28.2255593Z innerversion=V100R001C25SPC001B232
2026-01-27T02:28:28.2255983Z compatible_version=[V100R001C15],[V100R001C18],[V100R001C19],[V100R001C20],[V100R001C21],[V100R001C23]
2026-01-27T02:28:28.2256359Z arch=aarch64
2026-01-27T02:28:28.2256583Z os=linux
2026-01-27T02:28:28.2256823Z path=/usr/local/Ascend/cann-8.5.0
2026-01-27T02:28:45.9008940Z ##[group]Run echo "Installed vLLM-related Python packages:"
2026-01-27T02:28:45.9009373Z [36;1mecho "Installed vLLM-related Python packages:"[0m
2026-01-27T02:28:45.9009733Z [36;1mpip list | grep vllm || echo "No vllm packages found."[0m
2026-01-27T02:28:45.9010007Z [36;1m[0m
2026-01-27T02:28:45.9010215Z [36;1mecho ""[0m
2026-01-27T02:28:45.9010416Z [36;1mecho "============================"[0m
2026-01-27T02:28:45.9010693Z [36;1mecho "vLLM Git information"[0m
2026-01-27T02:28:45.9010966Z [36;1mecho "============================"[0m
2026-01-27T02:28:45.9011192Z [36;1mcd vllm[0m
2026-01-27T02:28:45.9011428Z [36;1mif [ -d .git ]; then[0m
2026-01-27T02:28:45.9011692Z [36;1m  echo "Branch:      $(git rev-parse --abbrev-ref HEAD)"[0m
2026-01-27T02:28:45.9012258Z [36;1m  echo "Commit hash: $(git rev-parse HEAD)"[0m
2026-01-27T02:28:45.9012609Z [36;1m  echo "Author:      $(git log -1 --pretty=format:'%an <%ae>')"[0m
2026-01-27T02:28:45.9013074Z [36;1m  echo "Date:        $(git log -1 --pretty=format:'%ad' --date=iso)"[0m
2026-01-27T02:28:45.9013421Z [36;1m  echo "Message:     $(git log -1 --pretty=format:'%s')"[0m
2026-01-27T02:28:45.9013764Z [36;1m  echo "Tags:        $(git tag --points-at HEAD || echo 'None')"[0m
2026-01-27T02:28:45.9014237Z [36;1m  echo "Remote:      $(git remote -v | head -n1)"[0m
2026-01-27T02:28:45.9014498Z [36;1m  echo ""[0m
2026-01-27T02:28:45.9014714Z [36;1melse[0m
2026-01-27T02:28:45.9015002Z [36;1m  echo "No .git directory found in vllm"[0m
2026-01-27T02:28:45.9015271Z [36;1mfi[0m
2026-01-27T02:28:45.9015443Z [36;1mcd ..[0m
2026-01-27T02:28:45.9015724Z [36;1m[0m
2026-01-27T02:28:45.9015916Z [36;1mecho ""[0m
2026-01-27T02:28:45.9016109Z [36;1mecho "============================"[0m
2026-01-27T02:28:45.9016401Z [36;1mecho "vLLM-Ascend Git information"[0m
2026-01-27T02:28:45.9016639Z [36;1mecho "============================"[0m
2026-01-27T02:28:45.9016900Z [36;1mcd vllm-ascend[0m
2026-01-27T02:28:45.9017113Z [36;1mif [ -d .git ]; then[0m
2026-01-27T02:28:45.9017408Z [36;1m  echo "Branch:      $(git rev-parse --abbrev-ref HEAD)"[0m
2026-01-27T02:28:45.9017734Z [36;1m  echo "Commit hash: $(git rev-parse HEAD)"[0m
2026-01-27T02:28:45.9018033Z [36;1m  echo "Author:      $(git log -1 --pretty=format:'%an <%ae>')"[0m
2026-01-27T02:28:45.9018478Z [36;1m  echo "Date:        $(git log -1 --pretty=format:'%ad' --date=iso)"[0m
2026-01-27T02:28:45.9018808Z [36;1m  echo "Message:     $(git log -1 --pretty=format:'%s')"[0m
2026-01-27T02:28:45.9019157Z [36;1m  echo "Tags:        $(git tag --points-at HEAD || echo 'None')"[0m
2026-01-27T02:28:45.9019508Z [36;1m  echo "Remote:      $(git remote -v | head -n1)"[0m
2026-01-27T02:28:45.9019759Z [36;1m  echo ""[0m
2026-01-27T02:28:45.9019968Z [36;1melse[0m
2026-01-27T02:28:45.9020192Z [36;1m  echo "No .git directory found in vllm-ascend"[0m
2026-01-27T02:28:45.9020622Z [36;1mfi[0m
2026-01-27T02:28:45.9020778Z [36;1mcd ..[0m
2026-01-27T02:28:45.9021159Z shell: bash -el {0}
2026-01-27T02:28:45.9021381Z env:
2026-01-27T02:28:45.9021625Z   TRANSFORMERS_OFFLINE: 1
2026-01-27T02:28:45.9021882Z   VLLM_USE_MODELSCOPE: true
2026-01-27T02:28:45.9022213Z ##[endgroup]
2026-01-27T02:28:45.9106559Z ##[group]Run '/home/runner/k8s/index.js'
2026-01-27T02:28:45.9107375Z shell: /home/runner/externals/node20/bin/node {0}
2026-01-27T02:28:45.9107658Z ##[endgroup]
2026-01-27T02:28:46.2705581Z (node:954) [DEP0005] DeprecationWarning: Buffer() is deprecated due to security and usability issues. Please use the Buffer.alloc(), Buffer.allocUnsafe(), or Buffer.from() methods instead.
2026-01-27T02:28:46.2706379Z (Use `node --trace-deprecation ...` to show where the warning was created)
2026-01-27T02:29:04.5472447Z Installed vLLM-related Python packages:
2026-01-27T02:29:05.4553460Z ais_bench_benchmark               3.0.20250930               /vllm-workspace/vllm-ascend/benchmark
2026-01-27T02:29:05.4554346Z vllm                              0.14.1+empty               /vllm-workspace/vllm
2026-01-27T02:29:05.4555288Z vllm_ascend                       0.14.0rc2.dev14+g9780a995e /vllm-workspace/vllm-ascend
2026-01-27T02:29:05.4555580Z 
2026-01-27T02:29:05.4555708Z ============================
2026-01-27T02:29:05.4555931Z vLLM Git information
2026-01-27T02:29:05.4556182Z ============================
2026-01-27T02:29:05.4847874Z Branch:      HEAD
2026-01-27T02:29:05.4868469Z Commit hash: d7de043d55d1dd629554467e23874097e1c48993
2026-01-27T02:29:05.4953605Z Author:      Shengqi Chen <harry-chen@outlook.com>
2026-01-27T02:29:05.4975070Z Date:        2026-01-23 14:21:49 -0800
2026-01-27T02:29:05.4999241Z Message:     [CI] fix version comparsion and exclusion patterns in upload-release-wheels.sh (#32971)
2026-01-27T02:29:05.5021887Z Tags:        v0.14.1
2026-01-27T02:29:05.5048772Z Remote:      origin	https://gh-proxy.test.osinfra.cn/https://github.com/vllm-project/vllm.git (fetch)
2026-01-27T02:29:05.5049170Z 
2026-01-27T02:29:05.5049191Z 
2026-01-27T02:29:05.5049420Z ============================
2026-01-27T02:29:05.5050343Z vLLM-Ascend Git information
2026-01-27T02:29:05.5050657Z ============================
2026-01-27T02:29:05.5108716Z Branch:      main
2026-01-27T02:29:05.5127825Z Commit hash: 9780a995e1cce12d71e1bdf3ba87d7499ece203d
2026-01-27T02:29:05.5236212Z Author:      Icey <1790571317@qq.com>
2026-01-27T02:29:05.5262209Z Date:        2026-01-26 20:42:17 +0800
2026-01-27T02:29:05.5282496Z Message:     [BugFix] Fix wheel package build workflow (#6276)
2026-01-27T02:29:05.5582948Z Tags:        
2026-01-27T02:29:05.5619609Z Remote:      origin	https://gh-proxy.test.osinfra.cn/https://github.com/vllm-project/vllm-ascend (fetch)
2026-01-27T02:29:05.5619995Z 
2026-01-27T02:29:23.7075137Z ##[group]Run apt-get update && apt-get -y install clang-15
2026-01-27T02:29:23.7075546Z [36;1mapt-get update && apt-get -y install clang-15[0m
2026-01-27T02:29:23.7075972Z [36;1mupdate-alternatives --install /usr/bin/clang clang /usr/bin/clang-15 20[0m
2026-01-27T02:29:23.7076486Z [36;1mupdate-alternatives --install /usr/bin/clang++ clang++ /usr/bin/clang++-15 20[0m
2026-01-27T02:29:23.7076955Z shell: bash -l {0}
2026-01-27T02:29:23.7077156Z env:
2026-01-27T02:29:23.7077358Z   TRANSFORMERS_OFFLINE: 1
2026-01-27T02:29:23.7077604Z   VLLM_USE_MODELSCOPE: true
2026-01-27T02:29:23.7077825Z ##[endgroup]
2026-01-27T02:29:23.7153886Z ##[group]Run '/home/runner/k8s/index.js'
2026-01-27T02:29:23.7154645Z shell: /home/runner/externals/node20/bin/node {0}
2026-01-27T02:29:23.7155006Z ##[endgroup]
2026-01-27T02:29:24.0729153Z (node:1556) [DEP0005] DeprecationWarning: Buffer() is deprecated due to security and usability issues. Please use the Buffer.alloc(), Buffer.allocUnsafe(), or Buffer.from() methods instead.
2026-01-27T02:29:24.0729884Z (Use `node --trace-deprecation ...` to show where the warning was created)
2026-01-27T02:29:43.4713931Z Get:1 http://ports.ubuntu.com/ubuntu-ports jammy InRelease [270 kB]
2026-01-27T02:29:44.9794959Z Get:2 http://ports.ubuntu.com/ubuntu-ports jammy-updates InRelease [128 kB]
2026-01-27T02:29:45.3502641Z Get:3 http://ports.ubuntu.com/ubuntu-ports jammy-backports InRelease [127 kB]
2026-01-27T02:29:45.7186084Z Get:4 http://ports.ubuntu.com/ubuntu-ports jammy-security InRelease [129 kB]
2026-01-27T02:29:46.0902793Z Get:5 http://ports.ubuntu.com/ubuntu-ports jammy/main arm64 Packages [1758 kB]
2026-01-27T02:29:46.9412102Z Get:6 http://ports.ubuntu.com/ubuntu-ports jammy/multiverse arm64 Packages [224 kB]
2026-01-27T02:29:46.9765569Z Get:7 http://ports.ubuntu.com/ubuntu-ports jammy/restricted arm64 Packages [24.2 kB]
2026-01-27T02:29:46.9808777Z Get:8 http://ports.ubuntu.com/ubuntu-ports jammy/universe arm64 Packages [17.2 MB]
2026-01-27T02:29:48.5538316Z Get:9 http://ports.ubuntu.com/ubuntu-ports jammy-updates/main arm64 Packages [3727 kB]
2026-01-27T02:29:48.8908721Z Get:10 http://ports.ubuntu.com/ubuntu-ports jammy-updates/restricted arm64 Packages [6188 kB]
2026-01-27T02:29:49.4301167Z Get:11 http://ports.ubuntu.com/ubuntu-ports jammy-updates/multiverse arm64 Packages [47.7 kB]
2026-01-27T02:29:49.4318405Z Get:12 http://ports.ubuntu.com/ubuntu-ports jammy-updates/universe arm64 Packages [1637 kB]
2026-01-27T02:29:49.5677963Z Get:13 http://ports.ubuntu.com/ubuntu-ports jammy-backports/universe arm64 Packages [35.3 kB]
2026-01-27T02:29:49.5696076Z Get:14 http://ports.ubuntu.com/ubuntu-ports jammy-backports/main arm64 Packages [83.5 kB]
2026-01-27T02:29:49.5749206Z Get:15 http://ports.ubuntu.com/ubuntu-ports jammy-security/universe arm64 Packages [1334 kB]
2026-01-27T02:29:49.7020423Z Get:16 http://ports.ubuntu.com/ubuntu-ports jammy-security/main arm64 Packages [3409 kB]
2026-01-27T02:29:50.0006529Z Get:17 http://ports.ubuntu.com/ubuntu-ports jammy-security/multiverse arm64 Packages [40.2 kB]
2026-01-27T02:29:50.0053448Z Get:18 http://ports.ubuntu.com/ubuntu-ports jammy-security/restricted arm64 Packages [5886 kB]
2026-01-27T02:29:50.7456865Z Fetched 42.3 MB in 8s (5231 kB/s)
2026-01-27T02:29:51.6298942Z Reading package lists...
2026-01-27T02:29:52.5538093Z Reading package lists...
2026-01-27T02:29:52.8170974Z Building dependency tree...
2026-01-27T02:29:52.8178871Z Reading state information...
2026-01-27T02:29:53.0893473Z clang-15 is already the newest version (1:15.0.7-0ubuntu0.22.04.3).
2026-01-27T02:29:53.0895414Z The following packages were automatically installed and are no longer required:
2026-01-27T02:29:53.0896083Z   autoconf automake autotools-dev file javascript-common libboost-atomic-dev
2026-01-27T02:29:53.0896518Z   libboost-atomic1.74-dev libboost-atomic1.74.0 libboost-chrono-dev
2026-01-27T02:29:53.0896990Z   libboost-chrono1.74-dev libboost-chrono1.74.0 libboost-container-dev
2026-01-27T02:29:53.0897796Z   libboost-container1.74-dev libboost-container1.74.0 libboost-context-dev
2026-01-27T02:29:53.0898272Z   libboost-context1.74-dev libboost-context1.74.0 libboost-coroutine-dev
2026-01-27T02:29:53.0898759Z   libboost-coroutine1.74-dev libboost-coroutine1.74.0 libboost-date-time-dev
2026-01-27T02:29:53.0899172Z   libboost-date-time1.74-dev libboost-date-time1.74.0 libboost-dev
2026-01-27T02:29:53.0899610Z   libboost-exception-dev libboost-exception1.74-dev libboost-fiber-dev
2026-01-27T02:29:53.0900008Z   libboost-fiber1.74-dev libboost-fiber1.74.0 libboost-filesystem-dev
2026-01-27T02:29:53.0900446Z   libboost-filesystem1.74-dev libboost-filesystem1.74.0 libboost-graph-dev
2026-01-27T02:29:53.0900861Z   libboost-graph-parallel-dev libboost-graph-parallel1.74-dev
2026-01-27T02:29:53.0901300Z   libboost-graph-parallel1.74.0 libboost-graph1.74-dev libboost-graph1.74.0
2026-01-27T02:29:53.0901805Z   libboost-iostreams-dev libboost-iostreams1.74-dev libboost-iostreams1.74.0
2026-01-27T02:29:53.0902342Z   libboost-locale-dev libboost-locale1.74-dev libboost-locale1.74.0
2026-01-27T02:29:53.0902851Z   libboost-log-dev libboost-log1.74-dev libboost-log1.74.0 libboost-math-dev
2026-01-27T02:29:53.0903226Z   libboost-math1.74-dev libboost-math1.74.0 libboost-mpi1.74.0
2026-01-27T02:29:53.0903721Z   libboost-nowide-dev libboost-nowide1.74-dev libboost-nowide1.74.0
2026-01-27T02:29:53.0904258Z   libboost-numpy-dev libboost-numpy1.74-dev libboost-numpy1.74.0
2026-01-27T02:29:53.0904626Z   libboost-program-options-dev libboost-program-options1.74-dev
2026-01-27T02:29:53.0905071Z   libboost-program-options1.74.0 libboost-python-dev libboost-python1.74-dev
2026-01-27T02:29:53.0905476Z   libboost-python1.74.0 libboost-random-dev libboost-random1.74-dev
2026-01-27T02:29:53.0905868Z   libboost-random1.74.0 libboost-regex-dev libboost-regex1.74-dev
2026-01-27T02:29:53.0906217Z   libboost-regex1.74.0 libboost-serialization-dev
2026-01-27T02:29:53.0906570Z   libboost-serialization1.74-dev libboost-serialization1.74.0
2026-01-27T02:29:53.0906926Z   libboost-stacktrace-dev libboost-stacktrace1.74-dev
2026-01-27T02:29:53.0907298Z   libboost-stacktrace1.74.0 libboost-system-dev libboost-system1.74-dev
2026-01-27T02:29:53.0907699Z   libboost-system1.74.0 libboost-test-dev libboost-test1.74-dev
2026-01-27T02:29:53.0908064Z   libboost-test1.74.0 libboost-thread-dev libboost-thread1.74-dev
2026-01-27T02:29:53.0908460Z   libboost-thread1.74.0 libboost-timer-dev libboost-timer1.74-dev
2026-01-27T02:29:53.0908858Z   libboost-timer1.74.0 libboost-tools-dev libboost-type-erasure-dev
2026-01-27T02:29:53.0909263Z   libboost-type-erasure1.74-dev libboost-type-erasure1.74.0 libboost-wave-dev
2026-01-27T02:29:53.0909683Z   libboost-wave1.74-dev libboost-wave1.74.0 libboost1.74-dev
2026-01-27T02:29:53.0910098Z   libboost1.74-tools-dev libcaf-openmpi-3 libcoarrays-dev libevent-2.1-7
2026-01-27T02:29:53.0910547Z   libevent-core-2.1-7 libevent-dev libevent-extra-2.1-7 libevent-openssl-2.1-7
2026-01-27T02:29:53.0910955Z   libevent-pthreads-2.1-7 libhwloc-dev libjs-jquery libjs-jquery-ui
2026-01-27T02:29:53.0911398Z   libjs-sphinxdoc libjs-underscore libltdl-dev libltdl7 libmagic-mgc libmagic1
2026-01-27T02:29:53.0911818Z   libopenmpi3 libpmix-dev libpmix2 libsigsegv2 libtool libucx0 m4
2026-01-27T02:29:53.0915065Z   openmpi-common python3-dev python3-distutils python3-lib2to3 python3.10-dev
2026-01-27T02:29:53.0915463Z Use 'apt autoremove' to remove them.
2026-01-27T02:29:53.1220177Z 0 upgraded, 0 newly installed, 0 to remove and 5 not upgraded.
2026-01-27T02:30:11.4971972Z ##[group]Run # ignore test_dispatch_ffn_combine until the test is fixed
2026-01-27T02:30:11.4972558Z [36;1m# ignore test_dispatch_ffn_combine until the test is fixed[0m
2026-01-27T02:30:11.4973014Z [36;1mpytest -sv tests/e2e/nightly/single_node/models/test_deepseek_v3_2_w8a8.py \[0m
2026-01-27T02:30:11.4973458Z [36;1m--ignore=tests/e2e/nightly/single_node/ops/singlecard_ops/test_fused_moe.py[0m
2026-01-27T02:30:11.4974007Z shell: bash -el {0}
2026-01-27T02:30:11.4974256Z env:
2026-01-27T02:30:11.4974459Z   TRANSFORMERS_OFFLINE: 1
2026-01-27T02:30:11.4974698Z   VLLM_USE_MODELSCOPE: true
2026-01-27T02:30:11.4974933Z   VLLM_WORKER_MULTIPROC_METHOD: spawn
2026-01-27T02:30:11.4975216Z   VLLM_CI_RUNNER: linux-aarch64-a3-16
2026-01-27T02:30:11.4975478Z   BENCHMARK_HOME: /vllm-workspace/vllm-ascend/benchmark
2026-01-27T02:30:11.4975801Z ##[endgroup]
2026-01-27T02:30:11.5063625Z ##[group]Run '/home/runner/k8s/index.js'
2026-01-27T02:30:11.5064475Z shell: /home/runner/externals/node20/bin/node {0}
2026-01-27T02:30:11.5064824Z ##[endgroup]
2026-01-27T02:30:11.8570665Z (node:2338) [DEP0005] DeprecationWarning: Buffer() is deprecated due to security and usability issues. Please use the Buffer.alloc(), Buffer.allocUnsafe(), or Buffer.from() methods instead.
2026-01-27T02:30:11.8571433Z (Use `node --trace-deprecation ...` to show where the warning was created)
2026-01-27T02:30:44.6898054Z INFO 01-27 02:30:44 [__init__.py:43] Available plugins for group vllm.platform_plugins:
2026-01-27T02:30:44.6898635Z INFO 01-27 02:30:44 [__init__.py:45] - ascend -> vllm_ascend:register
2026-01-27T02:30:44.6899139Z INFO 01-27 02:30:44 [__init__.py:48] All plugins in this group will be loaded. Set `VLLM_PLUGINS` to control which plugins to load.
2026-01-27T02:30:44.7368705Z INFO 01-27 02:30:44 [__init__.py:217] Platform plugin ascend is activated
2026-01-27T02:30:51.1858672Z ============================= test session starts ==============================
2026-01-27T02:30:51.1859479Z platform linux -- Python 3.11.14, pytest-8.4.2, pluggy-1.6.0 -- /usr/local/python3.11.14/bin/python3
2026-01-27T02:30:51.1859911Z cachedir: .pytest_cache
2026-01-27T02:30:51.1860153Z rootdir: /vllm-workspace/vllm-ascend
2026-01-27T02:30:51.1860439Z configfile: pyproject.toml
2026-01-27T02:30:51.1860724Z plugins: cov-7.0.0, asyncio-1.3.0, mock-3.15.1, anyio-4.12.1
2026-01-27T02:30:51.1861244Z asyncio: mode=Mode.STRICT, debug=False, asyncio_default_fixture_loop_scope=None, asyncio_default_test_loop_scope=function
2026-01-27T02:30:52.0066824Z collecting ... collected 1 item
2026-01-27T02:30:52.0080727Z [2026-01-27 02:30:52] INFO conftest.py:231: Starting server with command: vllm serve vllm-ascend/DeepSeek-V3.2-W8A8 --enable-expert-parallel --tensor-parallel-size 8 --data-parallel-size 2 --port 41571 --max-model-len 8192 --max-num-batched-tokens 8192 --max-num-seqs 4 --trust-remote-code --quantization ascend --gpu-memory-utilization 0.92 --compilation-config {"cudagraph_capture_sizes":[3, 6, 9, 12], "cudagraph_mode":"FULL_DECODE_ONLY"} --speculative-config {"num_speculative_tokens": 2, "method":"deepseek_mtp"} --additional-config {"layer_sharding": ["q_b_proj", "o_proj"]} --reasoning-parser deepseek_v3 --tokenizer_mode deepseek_v32
2026-01-27T02:30:52.0082396Z 
2026-01-27T02:30:56.3181230Z tests/e2e/nightly/single_node/models/test_deepseek_v3_2_w8a8.py::test_models[2-8-vllm-ascend/DeepSeek-V3.2-W8A8] INFO 01-27 02:30:56 [__init__.py:43] Available plugins for group vllm.platform_plugins:
2026-01-27T02:30:56.3181974Z INFO 01-27 02:30:56 [__init__.py:45] - ascend -> vllm_ascend:register
2026-01-27T02:30:56.3182622Z INFO 01-27 02:30:56 [__init__.py:48] All plugins in this group will be loaded. Set `VLLM_PLUGINS` to control which plugins to load.
2026-01-27T02:30:56.3245986Z INFO 01-27 02:30:56 [__init__.py:217] Platform plugin ascend is activated
2026-01-27T02:31:02.3550817Z 2026-01-27 02:31:02,354 - 3875 - vllmProfiler - INFO - VLLM_USE_V1 not set, auto-detected via vLLM 0.14.1+empty: default 1
2026-01-27T02:31:02.3877402Z INFO 01-27 02:31:02 [__init__.py:108] Registered model loader `<class 'vllm_ascend.model_loader.netloader.netloader.ModelNetLoaderElastic'>` with load format `netloader`
2026-01-27T02:31:02.6098517Z [0;36m(APIServer pid=3875)[0;0m INFO 01-27 02:31:02 [api_server.py:1272] vLLM API server version 0.14.1
2026-01-27T02:31:02.6103195Z [0;36m(APIServer pid=3875)[0;0m INFO 01-27 02:31:02 [utils.py:263] non-default args: {'model_tag': 'vllm-ascend/DeepSeek-V3.2-W8A8', 'port': 41571, 'model': 'vllm-ascend/DeepSeek-V3.2-W8A8', 'tokenizer_mode': 'deepseek_v32', 'trust_remote_code': True, 'max_model_len': 8192, 'quantization': 'ascend', 'reasoning_parser': 'deepseek_v3', 'tensor_parallel_size': 8, 'data_parallel_size': 2, 'enable_expert_parallel': True, 'gpu_memory_utilization': 0.92, 'max_num_batched_tokens': 8192, 'max_num_seqs': 4, 'speculative_config': {'num_speculative_tokens': 2, 'method': 'deepseek_mtp'}, 'compilation_config': {'level': None, 'mode': None, 'debug_dump_path': None, 'cache_dir': '', 'compile_cache_save_format': 'binary', 'backend': 'vllm_ascend.compilation.compiler_interface.AscendCompiler', 'custom_ops': [], 'splitting_ops': None, 'compile_mm_encoder': False, 'compile_sizes': None, 'compile_ranges_split_points': None, 'inductor_compile_config': {'enable_auto_functionalized_v2': False, 'combo_kernels': True, 'benchmark_combo_kernel': True}, 'inductor_passes': {}, 'cudagraph_mode': <CUDAGraphMode.FULL_DECODE_ONLY: (2, 0)>, 'cudagraph_num_of_warmups': 0, 'cudagraph_capture_sizes': [3, 6, 9, 12], 'cudagraph_copy_inputs': False, 'cudagraph_specialize_lora': True, 'use_inductor_graph_partition': None, 'pass_config': {}, 'max_cudagraph_capture_size': None, 'dynamic_shapes_config': {'type': <DynamicShapesType.BACKED: 'backed'>, 'evaluate_guards': False, 'assume_32_bit_indexing': True}, 'local_cache_dir': None}, 'additional_config': {'layer_sharding': ['q_b_proj', 'o_proj']}}
2026-01-27T02:31:02.6481243Z [0;36m(APIServer pid=3875)[0;0m INFO 01-27 02:31:02 [arg_utils.py:603] HF_HUB_OFFLINE is True, replace model_id [vllm-ascend/DeepSeek-V3.2-W8A8] to model_path [/root/.cache/modelscope/hub/models/vllm-ascend/DeepSeek-V3___2-W8A8]
2026-01-27T02:31:02.6482312Z [0;36m(APIServer pid=3875)[0;0m 2026-01-27 02:31:02,647 - modelscope - WARNING - We can not confirm the cached file is for revision: master
2026-01-27T02:31:02.6488546Z [0;36m(APIServer pid=3875)[0;0m The argument `trust_remote_code` is to be used with Auto classes. It has no effect here and is ignored.
2026-01-27T02:31:02.6489413Z [0;36m(APIServer pid=3875)[0;0m [2026-01-27 02:31:02] WARNING configuration_utils.py:697: The argument `trust_remote_code` is to be used with Auto classes. It has no effect here and is ignored.
2026-01-27T02:31:02.6701211Z [0;36m(APIServer pid=3875)[0;0m The argument `trust_remote_code` is to be used with Auto classes. It has no effect here and is ignored.
2026-01-27T02:31:02.6702189Z [0;36m(APIServer pid=3875)[0;0m [2026-01-27 02:31:02] WARNING configuration_utils.py:697: The argument `trust_remote_code` is to be used with Auto classes. It has no effect here and is ignored.
2026-01-27T02:31:02.6703123Z [0;36m(APIServer pid=3875)[0;0m The argument `trust_remote_code` is to be used with Auto classes. It has no effect here and is ignored.
2026-01-27T02:31:02.6704077Z [0;36m(APIServer pid=3875)[0;0m [2026-01-27 02:31:02] WARNING configuration_utils.py:697: The argument `trust_remote_code` is to be used with Auto classes. It has no effect here and is ignored.
2026-01-27T02:31:02.6705096Z [0;36m(APIServer pid=3875)[0;0m You are using a model of type deepseek_v32 to instantiate a model of type deepseek_v3. This is not supported for all configurations of models and can yield errors.
2026-01-27T02:31:02.6706224Z [0;36m(APIServer pid=3875)[0;0m [2026-01-27 02:31:02] WARNING configuration_utils.py:635: You are using a model of type deepseek_v32 to instantiate a model of type deepseek_v3. This is not supported for all configurations of models and can yield errors.
2026-01-27T02:31:02.6874383Z [0;36m(APIServer pid=3875)[0;0m INFO 01-27 02:31:02 [model.py:530] Resolved architecture: DeepseekV32ForCausalLM
2026-01-27T02:31:02.6874949Z [0;36m(APIServer pid=3875)[0;0m INFO 01-27 02:31:02 [model.py:1545] Using max model len 8192
2026-01-27T02:31:02.9740987Z [0;36m(APIServer pid=3875)[0;0m WARNING 01-27 02:31:02 [speculative.py:254] method `deepseek_mtp` is deprecated and replaced with mtp.
2026-01-27T02:31:02.9743384Z [0;36m(APIServer pid=3875)[0;0m The argument `trust_remote_code` is to be used with Auto classes. It has no effect here and is ignored.
2026-01-27T02:31:02.9744305Z [0;36m(APIServer pid=3875)[0;0m [2026-01-27 02:31:02] WARNING configuration_utils.py:697: The argument `trust_remote_code` is to be used with Auto classes. It has no effect here and is ignored.
2026-01-27T02:31:02.9750717Z [0;36m(APIServer pid=3875)[0;0m The argument `trust_remote_code` is to be used with Auto classes. It has no effect here and is ignored.
2026-01-27T02:31:02.9751582Z [0;36m(APIServer pid=3875)[0;0m [2026-01-27 02:31:02] WARNING configuration_utils.py:697: The argument `trust_remote_code` is to be used with Auto classes. It has no effect here and is ignored.
2026-01-27T02:31:02.9756719Z [0;36m(APIServer pid=3875)[0;0m You are using a model of type deepseek_v32 to instantiate a model of type deepseek_v3. This is not supported for all configurations of models and can yield errors.
2026-01-27T02:31:02.9757908Z [0;36m(APIServer pid=3875)[0;0m [2026-01-27 02:31:02] WARNING configuration_utils.py:635: You are using a model of type deepseek_v32 to instantiate a model of type deepseek_v3. This is not supported for all configurations of models and can yield errors.
2026-01-27T02:31:02.9842922Z [0;36m(APIServer pid=3875)[0;0m INFO 01-27 02:31:02 [model.py:530] Resolved architecture: DeepSeekMTPModel
2026-01-27T02:31:02.9844757Z [0;36m(APIServer pid=3875)[0;0m INFO 01-27 02:31:02 [model.py:1545] Using max model len 163840
2026-01-27T02:31:02.9845977Z [0;36m(APIServer pid=3875)[0;0m WARNING 01-27 02:31:02 [speculative.py:372] Enabling num_speculative_tokens > 1 will runmultiple times of forward on same MTP layer,which may result in lower acceptance rate
2026-01-27T02:31:02.9847700Z [0;36m(APIServer pid=3875)[0;0m INFO 01-27 02:31:02 [scheduler.py:229] Chunked prefill is enabled with max_num_batched_tokens=8192.
2026-01-27T02:31:03.3218319Z [0;36m(APIServer pid=3875)[0;0m INFO 01-27 02:31:03 [vllm.py:630] Asynchronous scheduling is enabled.
2026-01-27T02:31:03.3219117Z [0;36m(APIServer pid=3875)[0;0m INFO 01-27 02:31:03 [vllm.py:637] Disabling NCCL for DP synchronization when using async scheduling.
2026-01-27T02:31:03.3219942Z [0;36m(APIServer pid=3875)[0;0m WARNING 01-27 02:31:03 [platform.py:721] Speculative quantization is set but Ascend automatically uses the main model's quantization method. Resetting to None.
2026-01-27T02:31:03.3221213Z [0;36m(APIServer pid=3875)[0;0m INFO 01-27 02:31:03 [ascend_config.py:55] Linear layer sharding enabled with config: ['q_b_proj', 'o_proj']. Note: This feature works optimally with FLASHCOMM2 and DSA-CP enabled; using it without these features may result in significant performance degradation.
2026-01-27T02:31:03.3222750Z [0;36m(APIServer pid=3875)[0;0m WARNING 01-27 02:31:03 [vllm.py:1054] Batch sizes [3, 6, 9, 12] are removed because they are not multiple of tp_size 8 when sequence parallelism is enabled
2026-01-27T02:31:03.3241937Z [0;36m(APIServer pid=3875)[0;0m Traceback (most recent call last):
2026-01-27T02:31:03.3242478Z [0;36m(APIServer pid=3875)[0;0m   File "/usr/local/python3.11.14/bin/vllm", line 7, in <module>
2026-01-27T02:31:03.3243035Z [0;36m(APIServer pid=3875)[0;0m     sys.exit(main())
2026-01-27T02:31:03.3243355Z [0;36m(APIServer pid=3875)[0;0m              ^^^^^^
2026-01-27T02:31:03.3243837Z [0;36m(APIServer pid=3875)[0;0m   File "/vllm-workspace/vllm/vllm/entrypoints/cli/main.py", line 73, in main
2026-01-27T02:31:03.3244360Z [0;36m(APIServer pid=3875)[0;0m     args.dispatch_function(args)
2026-01-27T02:31:03.3244996Z [0;36m(APIServer pid=3875)[0;0m   File "/vllm-workspace/vllm/vllm/entrypoints/cli/serve.py", line 60, in cmd
2026-01-27T02:31:03.3245516Z [0;36m(APIServer pid=3875)[0;0m     uvloop.run(run_server(args))
2026-01-27T02:31:03.3246066Z [0;36m(APIServer pid=3875)[0;0m   File "/usr/local/python3.11.14/lib/python3.11/site-packages/uvloop/__init__.py", line 92, in run
2026-01-27T02:31:03.3248750Z [0;36m(APIServer pid=3875)[0;0m     return runner.run(wrapper())
2026-01-27T02:31:03.3249127Z [0;36m(APIServer pid=3875)[0;0m            ^^^^^^^^^^^^^^^^^^^^^
2026-01-27T02:31:03.3249683Z [0;36m(APIServer pid=3875)[0;0m   File "/usr/local/python3.11.14/lib/python3.11/asyncio/runners.py", line 118, in run
2026-01-27T02:31:03.3257859Z [0;36m(APIServer pid=3875)[0;0m     return self._loop.run_until_complete(task)
2026-01-27T02:31:03.3258444Z [0;36m(APIServer pid=3875)[0;0m            ^^^^^^^^^^^^^^^^^^^^^^^^^^^^^^^^^^^
2026-01-27T02:31:03.3259003Z [0;36m(APIServer pid=3875)[0;0m   File "uvloop/loop.pyx", line 1518, in uvloop.loop.Loop.run_until_complete
2026-01-27T02:31:03.3259730Z [0;36m(APIServer pid=3875)[0;0m   File "/usr/local/python3.11.14/lib/python3.11/site-packages/uvloop/__init__.py", line 48, in wrapper
2026-01-27T02:31:03.3260219Z [0;36m(APIServer pid=3875)[0;0m     return await main
2026-01-27T02:31:03.3260586Z [0;36m(APIServer pid=3875)[0;0m            ^^^^^^^^^^
2026-01-27T02:31:03.3261132Z [0;36m(APIServer pid=3875)[0;0m   File "/vllm-workspace/vllm/vllm/entrypoints/openai/api_server.py", line 1319, in run_server
2026-01-27T02:31:03.3262337Z [0;36m(APIServer pid=3875)[0;0m     await run_server_worker(listen_address, sock, args, **uvicorn_kwargs)
2026-01-27T02:31:03.3263122Z [0;36m(APIServer pid=3875)[0;0m   File "/vllm-workspace/vllm/vllm/entrypoints/openai/api_server.py", line 1338, in run_server_worker
2026-01-27T02:31:03.3264452Z [0;36m(APIServer pid=3875)[0;0m     async with build_async_engine_client(
2026-01-27T02:31:03.3265295Z [0;36m(APIServer pid=3875)[0;0m   File "/usr/local/python3.11.14/lib/python3.11/contextlib.py", line 210, in __aenter__
2026-01-27T02:31:03.3270370Z [0;36m(APIServer pid=3875)[0;0m     return await anext(self.gen)
2026-01-27T02:31:03.3270771Z [0;36m(APIServer pid=3875)[0;0m            ^^^^^^^^^^^^^^^^^^^^^
2026-01-27T02:31:03.3271299Z [0;36m(APIServer pid=3875)[0;0m   File "/vllm-workspace/vllm/vllm/entrypoints/openai/api_server.py", line 173, in build_async_engine_client
2026-01-27T02:31:03.3271934Z [0;36m(APIServer pid=3875)[0;0m     async with build_async_engine_client_from_engine_args(
2026-01-27T02:31:03.3272732Z [0;36m(APIServer pid=3875)[0;0m   File "/usr/local/python3.11.14/lib/python3.11/contextlib.py", line 210, in __aenter__
2026-01-27T02:31:03.3273209Z [0;36m(APIServer pid=3875)[0;0m     return await anext(self.gen)
2026-01-27T02:31:03.3273604Z [0;36m(APIServer pid=3875)[0;0m            ^^^^^^^^^^^^^^^^^^^^^
2026-01-27T02:31:03.3274228Z [0;36m(APIServer pid=3875)[0;0m   File "/vllm-workspace/vllm/vllm/entrypoints/openai/api_server.py", line 199, in build_async_engine_client_from_engine_args
2026-01-27T02:31:03.3274878Z [0;36m(APIServer pid=3875)[0;0m     vllm_config = engine_args.create_engine_config(usage_context=usage_context)
2026-01-27T02:31:03.3275428Z [0;36m(APIServer pid=3875)[0;0m                   ^^^^^^^^^^^^^^^^^^^^^^^^^^^^^^^^^^^^^^^^^^^^^^^^^^^^^^^^^^^^^
2026-01-27T02:31:03.3275951Z [0;36m(APIServer pid=3875)[0;0m   File "/vllm-workspace/vllm/vllm/engine/arg_utils.py", line 1748, in create_engine_config
2026-01-27T02:31:03.3276469Z [0;36m(APIServer pid=3875)[0;0m     config = VllmConfig(
2026-01-27T02:31:03.3276868Z [0;36m(APIServer pid=3875)[0;0m              ^^^^^^^^^^^
2026-01-27T02:31:03.3277453Z [0;36m(APIServer pid=3875)[0;0m   File "/usr/local/python3.11.14/lib/python3.11/site-packages/pydantic/_internal/_dataclasses.py", line 121, in __init__
2026-01-27T02:31:03.3283477Z [0;36m(APIServer pid=3875)[0;0m     s.__pydantic_validator__.validate_python(ArgsKwargs(args, kwargs), self_instance=s)
2026-01-27T02:31:03.3315262Z [0;36m(APIServer pid=3875)[0;0m pydantic_core._pydantic_core.ValidationError: 1 validation error for VllmConfig
2026-01-27T02:31:03.3316239Z [0;36m(APIServer pid=3875)[0;0m   Assertion failed, cudagraph_capture_sizes [3, 6, 9, 12] does not containvalues that are multiples of tp_size 8 [type=assertion_error, input_value=ArgsKwargs((), {'model_co...timizationLevel.O2: 2>}), input_type=ArgsKwargs]
2026-01-27T02:31:03.3317228Z [0;36m(APIServer pid=3875)[0;0m     For further information visit https://errors.pydantic.dev/2.12/v/assertion_error
2026-01-27T02:31:03.6415381Z [0;36m(APIServer pid=3875)[0;0m [ERROR] 2026-01-27-02:31:03 (PID:3875, Device:-1, RankID:-1) ERR99999 UNKNOWN applicaiton exception
2026-01-27T02:31:03.8942302Z [0;36m(APIServer pid=3875)[0;0m sys:1: DeprecationWarning: builtin type swigvarlink has no __module__ attribute
2026-01-27T02:31:08.2884630Z FAILED
2026-01-27T02:31:08.2884884Z 
2026-01-27T02:31:08.2885071Z =================================== FAILURES ===================================
2026-01-27T02:31:08.2885751Z _______________ test_models[2-8-vllm-ascend/DeepSeek-V3.2-W8A8] ________________
2026-01-27T02:31:08.2886002Z 
2026-01-27T02:31:08.2886160Z model = 'vllm-ascend/DeepSeek-V3.2-W8A8', tp_size = 8, dp_size = 2
2026-01-27T02:31:08.2886413Z 
2026-01-27T02:31:08.2886559Z     @pytest.mark.asyncio
2026-01-27T02:31:08.2886806Z     @pytest.mark.parametrize("model", MODELS)
2026-01-27T02:31:08.2887158Z     @pytest.mark.parametrize("tp_size", TENSOR_PARALLELS)
2026-01-27T02:31:08.2887514Z     @pytest.mark.parametrize("dp_size", DATA_PARALLELS)
2026-01-27T02:31:08.2887888Z     async def test_models(model: str, tp_size: int, dp_size: int) -> None:
2026-01-27T02:31:08.2888245Z         port = get_open_port()
2026-01-27T02:31:08.2888453Z         env_dict = {
2026-01-27T02:31:08.2888717Z             "HCCL_OP_EXPANSION_MODE": "AIV",
2026-01-27T02:31:08.2891096Z             "OMP_PROC_BIND": "false",
2026-01-27T02:31:08.2891359Z             "OMP_NUM_THREADS": "1",
2026-01-27T02:31:08.2891656Z             "HCCL_BUFFSIZE": "1024",
2026-01-27T02:31:08.2891909Z             "VLLM_ASCEND_ENABLE_MLAPO": "1",
2026-01-27T02:31:08.2892338Z             "PYTORCH_NPU_ALLOC_CONF": "expandable_segments:True",
2026-01-27T02:31:08.2892664Z             "VLLM_ASCEND_ENABLE_FLASHCOMM1": "1",
2026-01-27T02:31:08.2892955Z         }
2026-01-27T02:31:08.2893132Z     
2026-01-27T02:31:08.2893348Z         server_args = [
2026-01-27T02:31:08.2893618Z             "--enable-expert-parallel", "--tensor-parallel-size",
2026-01-27T02:31:08.2894094Z             str(tp_size), "--data-parallel-size",
2026-01-27T02:31:08.2894671Z             str(dp_size), "--port",
2026-01-27T02:31:08.2894963Z             str(port), "--max-model-len", "8192", "--max-num-batched-tokens",
2026-01-27T02:31:08.2895380Z             "8192", "--max-num-seqs", "4", "--trust-remote-code", "--quantization",
2026-01-27T02:31:08.2895762Z             "ascend", "--gpu-memory-utilization", "0.92", "--compilation-config",
2026-01-27T02:31:08.2896211Z             '{"cudagraph_capture_sizes":[3, 6, 9, 12], "cudagraph_mode":"FULL_DECODE_ONLY"}',
2026-01-27T02:31:08.2896573Z             "--speculative-config",
2026-01-27T02:31:08.2896841Z             '{"num_speculative_tokens": 2, "method":"deepseek_mtp"}',
2026-01-27T02:31:08.2897200Z             "--additional-config",
2026-01-27T02:31:08.2897453Z             '{"layer_sharding": ["q_b_proj", "o_proj"]}',
2026-01-27T02:31:08.2897802Z             "--reasoning-parser", "deepseek_v3", "--tokenizer_mode", "deepseek_v32"
2026-01-27T02:31:08.2898116Z         ]
2026-01-27T02:31:08.2898424Z         request_keyword_args: dict[str, Any] = {
2026-01-27T02:31:08.2898689Z             **api_keyword_args,
2026-01-27T02:31:08.2898896Z         }
2026-01-27T02:31:08.2899115Z >       with RemoteOpenAIServer(model,
2026-01-27T02:31:08.2899337Z                                 server_args,
2026-01-27T02:31:08.2899664Z                                 server_port=port,
2026-01-27T02:31:08.2899945Z                                 env_dict=env_dict,
2026-01-27T02:31:08.2900298Z                                 auto_port=False) as server:
2026-01-27T02:31:08.2900515Z 
2026-01-27T02:31:08.2900685Z tests/e2e/nightly/single_node/models/test_deepseek_v3_2_w8a8.py:95: 
2026-01-27T02:31:08.2901016Z _ _ _ _ _ _ _ _ _ _ _ _ _ _ _ _ _ _ _ _ _ _ _ _ _ _ _ _ _ _ _ _ _ _ _ _ _ _ _ _ 
2026-01-27T02:31:08.2901306Z tests/e2e/conftest.py:296: in __init__
2026-01-27T02:31:08.2901593Z     self._wait_for_multiple_servers(
2026-01-27T02:31:08.2901931Z _ _ _ _ _ _ _ _ _ _ _ _ _ _ _ _ _ _ _ _ _ _ _ _ _ _ _ _ _ _ _ _ _ _ _ _ _ _ _ _ 
2026-01-27T02:31:08.2902275Z 
2026-01-27T02:31:08.2902461Z self = <tests.e2e.conftest.RemoteOpenAIServer object at 0xffff24eea890>
2026-01-27T02:31:08.2902921Z targets = [('0.0.0.0', 'http://0.0.0.0:41571/health')], timeout = 2800
2026-01-27T02:31:08.2903227Z log_interval = 30.0
2026-01-27T02:31:08.2903344Z 
2026-01-27T02:31:08.2903436Z     def _wait_for_multiple_servers(self,
2026-01-27T02:31:08.2903703Z                                    targets,
2026-01-27T02:31:08.2904078Z                                    timeout: float,
2026-01-27T02:31:08.2904341Z                                    log_interval: float = 30.0):
2026-01-27T02:31:08.2904622Z         """
2026-01-27T02:31:08.2904805Z         targets: List[(node_ip, url)]
2026-01-27T02:31:08.2905053Z         log_interval
2026-01-27T02:31:08.2905232Z         """
2026-01-27T02:31:08.2905519Z         start = time.time()
2026-01-27T02:31:08.2905721Z         client = requests
2026-01-27T02:31:08.2905934Z     
2026-01-27T02:31:08.2906177Z         ready = {node_ip: False for node_ip, _ in targets}
2026-01-27T02:31:08.2906420Z     
2026-01-27T02:31:08.2906616Z         last_log_time = 0.0
2026-01-27T02:31:08.2906815Z     
2026-01-27T02:31:08.2907036Z         while True:
2026-01-27T02:31:08.2907361Z             now = time.time()
2026-01-27T02:31:08.2907718Z             all_ready = True
2026-01-27T02:31:08.2908011Z             should_log = (now - last_log_time) >= log_interval
2026-01-27T02:31:08.2908243Z     
2026-01-27T02:31:08.2908543Z             for node_ip, url in targets:
2026-01-27T02:31:08.2908778Z                 if ready[node_ip]:
2026-01-27T02:31:08.2909007Z                     continue
2026-01-27T02:31:08.2909237Z     
2026-01-27T02:31:08.2909402Z                 try:
2026-01-27T02:31:08.2909617Z                     resp = client.get(url)
2026-01-27T02:31:08.2909877Z                     if resp.status_code == 200:
2026-01-27T02:31:08.2910154Z                         ready[node_ip] = True
2026-01-27T02:31:08.2910421Z                         logger.info(f"[READY] Node {node_ip} is ready.")
2026-01-27T02:31:08.2910733Z                 except RequestException:
2026-01-27T02:31:08.2910974Z                     all_ready = False
2026-01-27T02:31:08.2911222Z                     if should_log:
2026-01-27T02:31:08.2911584Z                         logger.debug(f"[WAIT] {url}: connection failed")
2026-01-27T02:31:08.2911844Z     
2026-01-27T02:31:08.2912152Z                     # check unexpected exit
2026-01-27T02:31:08.2912399Z                     result = self._poll()
2026-01-27T02:31:08.2912698Z                     if result is not None and result != 0:
2026-01-27T02:31:08.2913052Z >                       raise RuntimeError(
2026-01-27T02:31:08.2913342Z                             f"Server at {node_ip} exited unexpectedly."
2026-01-27T02:31:08.2913645Z                         ) from None
2026-01-27T02:31:08.2914032Z E                       RuntimeError: Server at 0.0.0.0 exited unexpectedly.
2026-01-27T02:31:08.2914238Z 
2026-01-27T02:31:08.2914360Z tests/e2e/conftest.py:389: RuntimeError
2026-01-27T02:31:08.2914682Z ------------------------------ Captured log call -------------------------------
2026-01-27T02:31:08.2916502Z INFO     tests.e2e.conftest:conftest.py:231 Starting server with command: vllm serve vllm-ascend/DeepSeek-V3.2-W8A8 --enable-expert-parallel --tensor-parallel-size 8 --data-parallel-size 2 --port 41571 --max-model-len 8192 --max-num-batched-tokens 8192 --max-num-seqs 4 --trust-remote-code --quantization ascend --gpu-memory-utilization 0.92 --compilation-config {"cudagraph_capture_sizes":[3, 6, 9, 12], "cudagraph_mode":"FULL_DECODE_ONLY"} --speculative-config {"num_speculative_tokens": 2, "method":"deepseek_mtp"} --additional-config {"layer_sharding": ["q_b_proj", "o_proj"]} --reasoning-parser deepseek_v3 --tokenizer_mode deepseek_v32
2026-01-27T02:31:08.2918515Z =============================== warnings summary ===============================
2026-01-27T02:31:08.2918828Z <frozen importlib._bootstrap>:241
2026-01-27T02:31:08.2919268Z   <frozen importlib._bootstrap>:241: DeprecationWarning: builtin type SwigPyPacked has no __module__ attribute
2026-01-27T02:31:08.2919575Z 
2026-01-27T02:31:08.2919672Z <frozen importlib._bootstrap>:241
2026-01-27T02:31:08.2920091Z   <frozen importlib._bootstrap>:241: DeprecationWarning: builtin type SwigPyObject has no __module__ attribute
2026-01-27T02:31:08.2920400Z 
2026-01-27T02:31:08.2920580Z -- Docs: https://docs.pytest.org/en/stable/how-to/capture-warnings.html
2026-01-27T02:31:08.2920957Z =========================== short test summary info ============================
2026-01-27T02:31:08.2921641Z FAILED tests/e2e/nightly/single_node/models/test_deepseek_v3_2_w8a8.py::test_models[2-8-vllm-ascend/DeepSeek-V3.2-W8A8] - RuntimeError: Server at 0.0.0.0 exited unexpectedly.
2026-01-27T02:31:08.2922332Z ======================== 1 failed, 2 warnings in 15.95s ========================
2026-01-27T02:31:09.9533669Z ##[error]Error: failed to run script step: Error: command terminated with non-zero exit code: command terminated with exit code 1
2026-01-27T02:31:09.9572999Z ##[error]Process completed with exit code 1.
2026-01-27T02:31:09.9666049Z ##[error]Executing the custom container implementation failed. Please contact your self hosted runner administrator.
2026-01-27T02:31:09.9709913Z ##[group]Run '/home/runner/k8s/index.js'
2026-01-27T02:31:09.9710815Z shell: /home/runner/externals/node20/bin/node {0}
2026-01-27T02:31:09.9711144Z ##[endgroup]
2026-01-27T02:31:10.3893356Z Cleaning up orphan processes
