# Run ID: 21757905822
# Commit: c63b7a11888e9e1caeeff8b6c1d66844d99fc24b
# Job: multi-node (multi-node-dpsk3.2-2node, DeepSeek-V3_2-W8A8-A3-dual-nodes.yaml, 2) / DeepSeek-V3_2-W8A8-A3-dual-nodes.yaml
# Date: 2026-02-06
============================================================

ï»¿2026-02-06T18:17:12.3686791Z Current runner version: '2.330.0'
2026-02-06T18:17:12.3691264Z Runner name: 'linux-aarch64-a3-0-wgt9d-runner-8x7dg'
2026-02-06T18:17:12.3691956Z Runner group name: 'Default'
2026-02-06T18:17:12.3692832Z Machine name: 'linux-aarch64-a3-0-wgt9d-runner-8x7dg'
2026-02-06T18:17:12.3696104Z ##[group]GITHUB_TOKEN Permissions
2026-02-06T18:17:12.3698032Z Actions: write
2026-02-06T18:17:12.3698523Z ArtifactMetadata: write
2026-02-06T18:17:12.3699121Z Attestations: write
2026-02-06T18:17:12.3699538Z Checks: write
2026-02-06T18:17:12.3699904Z Contents: write
2026-02-06T18:17:12.3700278Z Deployments: write
2026-02-06T18:17:12.3700649Z Discussions: write
2026-02-06T18:17:12.3701028Z Issues: write
2026-02-06T18:17:12.3701390Z Metadata: read
2026-02-06T18:17:12.3701746Z Models: read
2026-02-06T18:17:12.3702260Z Packages: write
2026-02-06T18:17:12.3702625Z Pages: write
2026-02-06T18:17:12.3703007Z PullRequests: write
2026-02-06T18:17:12.3703486Z RepositoryProjects: write
2026-02-06T18:17:12.3704034Z SecurityEvents: write
2026-02-06T18:17:12.3704469Z Statuses: write
2026-02-06T18:17:12.3704840Z ##[endgroup]
2026-02-06T18:17:12.3706544Z Secret source: Actions
2026-02-06T18:17:12.3707019Z Prepare workflow directory
2026-02-06T18:17:12.4225461Z Prepare all required actions
2026-02-06T18:17:12.4257412Z Getting action download info
2026-02-06T18:17:14.9370097Z Download action repository 'actions/checkout@v6' (SHA:de0fac2e4500dabe0009e67214ff5f5447ce83dd)
2026-02-06T18:17:19.1894222Z Download action repository 'actions/upload-artifact@v6' (SHA:b7c566a772e6b6bfb58ed0dc250532a479d7789f)
2026-02-06T18:17:26.7327302Z Uses: vllm-project/vllm-ascend/.github/workflows/_e2e_nightly_multi_node.yaml@refs/heads/main (c63b7a11888e9e1caeeff8b6c1d66844d99fc24b)
2026-02-06T18:17:26.7330565Z ##[group] Inputs
2026-02-06T18:17:26.7330825Z   soc_version: a3
2026-02-06T18:17:26.7331082Z   runner: linux-aarch64-a3-0
2026-02-06T18:17:26.7331533Z   image: swr.cn-southwest-2.myhuaweicloud.com/base_image/ascend-ci/vllm-ascend:nightly-a3
2026-02-06T18:17:26.7332132Z   config_file_path: DeepSeek-V3_2-W8A8-A3-dual-nodes.yaml
2026-02-06T18:17:26.7332463Z   replicas: 1
2026-02-06T18:17:26.7332863Z   size: 2
2026-02-06T18:17:26.7333069Z   vllm_version: v0.15.0
2026-02-06T18:17:26.7333426Z   vllm_ascend_remote_url: https://github.com/vllm-project/vllm-ascend.git
2026-02-06T18:17:26.7333793Z   vllm_ascend_ref: main
2026-02-06T18:17:26.7334016Z ##[endgroup]
2026-02-06T18:17:26.7334543Z Complete job name: multi-node (multi-node-dpsk3.2-2node, DeepSeek-V3_2-W8A8-A3-dual-nodes.yaml, 2) / DeepSeek-V3_2-W8A8-A3-dual-nodes.yaml
2026-02-06T18:17:26.7828166Z ##[group]Run '/home/runner/k8s/index.js'
2026-02-06T18:17:26.7830665Z shell: /home/runner/externals/node20/bin/node {0}
2026-02-06T18:17:26.7831179Z ##[endgroup]
2026-02-06T18:17:42.2867621Z (node:71) [DEP0005] DeprecationWarning: Buffer() is deprecated due to security and usability issues. Please use the Buffer.alloc(), Buffer.allocUnsafe(), or Buffer.from() methods instead.
2026-02-06T18:17:42.2868511Z (Use `node --trace-deprecation ...` to show where the warning was created)
2026-02-06T18:18:08.0796931Z ##[group]Run # Decode and save kubeconfig
2026-02-06T18:18:08.0797318Z [36;1m# Decode and save kubeconfig[0m
2026-02-06T18:18:08.0829675Z [36;1mecho "***" | base64 -d > "$KUBECONFIG"[0m
2026-02-06T18:18:08.0830211Z shell: bash -el {0}
2026-02-06T18:18:08.0830463Z ##[endgroup]
2026-02-06T18:18:08.0947046Z ##[group]Run '/home/runner/k8s/index.js'
2026-02-06T18:18:08.0948018Z shell: /home/runner/externals/node20/bin/node {0}
2026-02-06T18:18:08.0948333Z ##[endgroup]
2026-02-06T18:18:08.4455791Z (node:5685) [DEP0005] DeprecationWarning: Buffer() is deprecated due to security and usability issues. Please use the Buffer.alloc(), Buffer.allocUnsafe(), or Buffer.from() methods instead.
2026-02-06T18:18:08.4456661Z (Use `node --trace-deprecation ...` to show where the warning was created)
2026-02-06T18:18:43.5399671Z ##[group]Run actions/checkout@v6
2026-02-06T18:18:43.5399983Z with:
2026-02-06T18:18:43.5400246Z   repository: vllm-project/vllm-ascend
2026-02-06T18:18:43.5401000Z   token: ***
2026-02-06T18:18:43.5401197Z   ssh-strict: true
2026-02-06T18:18:43.5401434Z   ssh-user: git
2026-02-06T18:18:43.5401679Z   persist-credentials: true
2026-02-06T18:18:43.5401897Z   clean: true
2026-02-06T18:18:43.5402405Z   sparse-checkout-cone-mode: true
2026-02-06T18:18:43.5402647Z   fetch-depth: 1
2026-02-06T18:18:43.5402885Z   fetch-tags: false
2026-02-06T18:18:43.5403112Z   show-progress: true
2026-02-06T18:18:43.5403302Z   lfs: false
2026-02-06T18:18:43.5403637Z   submodules: false
2026-02-06T18:18:43.5403872Z   set-safe-directory: true
2026-02-06T18:18:43.5404107Z ##[endgroup]
2026-02-06T18:18:43.5457605Z ##[group]Run '/home/runner/k8s/index.js'
2026-02-06T18:18:43.5458590Z shell: /home/runner/externals/node20/bin/node {0}
2026-02-06T18:18:43.5458854Z ##[endgroup]
2026-02-06T18:18:43.8971307Z (node:6112) [DEP0005] DeprecationWarning: Buffer() is deprecated due to security and usability issues. Please use the Buffer.alloc(), Buffer.allocUnsafe(), or Buffer.from() methods instead.
2026-02-06T18:18:43.8972229Z (Use `node --trace-deprecation ...` to show where the warning was created)
2026-02-06T18:19:01.9405731Z Syncing repository: vllm-project/vllm-ascend
2026-02-06T18:19:01.9406858Z ##[group]Getting Git version info
2026-02-06T18:19:01.9407241Z Working directory is '/__w/vllm-ascend/vllm-ascend'
2026-02-06T18:19:01.9407702Z [command]/usr/bin/git version
2026-02-06T18:19:01.9407929Z git version 2.34.1
2026-02-06T18:19:01.9409568Z ##[endgroup]
2026-02-06T18:19:01.9412637Z Copying '/root/.gitconfig' to '/__w/_temp/550d9632-e5f3-4688-ae72-385de14334cb/.gitconfig'
2026-02-06T18:19:01.9413237Z Temporarily overriding HOME='/__w/_temp/550d9632-e5f3-4688-ae72-385de14334cb' before making global git config changes
2026-02-06T18:19:01.9413848Z Adding repository directory to the temporary git global config as a safe directory
2026-02-06T18:19:01.9414384Z [command]/usr/bin/git config --global --add safe.directory /__w/vllm-ascend/vllm-ascend
2026-02-06T18:19:01.9415113Z Deleting the contents of '/__w/vllm-ascend/vllm-ascend'
2026-02-06T18:19:01.9415606Z ##[group]Initializing the repository
2026-02-06T18:19:01.9415940Z [command]/usr/bin/git init /__w/vllm-ascend/vllm-ascend
2026-02-06T18:19:01.9416300Z hint: Using 'master' as the name for the initial branch. This default branch name
2026-02-06T18:19:01.9416819Z hint: is subject to change. To configure the initial branch name to use in all
2026-02-06T18:19:01.9417302Z hint: of your new repositories, which will suppress this warning, call:
2026-02-06T18:19:01.9417596Z hint: 
2026-02-06T18:19:01.9417882Z hint: 	git config --global init.defaultBranch <name>
2026-02-06T18:19:01.9418182Z hint: 
2026-02-06T18:19:01.9418563Z hint: Names commonly chosen instead of 'master' are 'main', 'trunk' and
2026-02-06T18:19:01.9419013Z hint: 'development'. The just-created branch can be renamed via this command:
2026-02-06T18:19:01.9419372Z hint: 
2026-02-06T18:19:01.9419562Z hint: 	git branch -m <name>
2026-02-06T18:19:01.9419897Z Initialized empty Git repository in /__w/vllm-ascend/vllm-ascend/.git/
2026-02-06T18:19:01.9420661Z [command]/usr/bin/git remote add origin https://github.com/vllm-project/vllm-ascend
2026-02-06T18:19:01.9421504Z ##[endgroup]
2026-02-06T18:19:01.9422128Z ##[group]Disabling automatic garbage collection
2026-02-06T18:19:01.9422451Z [command]/usr/bin/git config --local gc.auto 0
2026-02-06T18:19:01.9423131Z ##[endgroup]
2026-02-06T18:19:01.9423487Z ##[group]Setting up auth
2026-02-06T18:19:01.9423722Z Removing SSH command configuration
2026-02-06T18:19:01.9425681Z [command]/usr/bin/git config --local --name-only --get-regexp core\.sshCommand
2026-02-06T18:19:01.9452331Z [command]/usr/bin/git submodule foreach --recursive sh -c "git config --local --name-only --get-regexp 'core\.sshCommand' && git config --local --unset-all 'core.sshCommand' || :"
2026-02-06T18:19:01.9634465Z Removing HTTP extra header
2026-02-06T18:19:01.9637439Z [command]/usr/bin/git config --local --name-only --get-regexp http\.https\:\/\/github\.com\/\.extraheader
2026-02-06T18:19:01.9662973Z [command]/usr/bin/git submodule foreach --recursive sh -c "git config --local --name-only --get-regexp 'http\.https\:\/\/github\.com\/\.extraheader' && git config --local --unset-all 'http.https://github.com/.extraheader' || :"
2026-02-06T18:19:01.9836302Z Removing includeIf entries pointing to credentials config files
2026-02-06T18:19:01.9841227Z [command]/usr/bin/git config --local --name-only --get-regexp ^includeIf\.gitdir:
2026-02-06T18:19:01.9865766Z [command]/usr/bin/git submodule foreach --recursive git config --local --show-origin --name-only --get-regexp remote.origin.url
2026-02-06T18:19:02.0044992Z [command]/usr/bin/git config --file /__w/_temp/git-credentials-6c43b310-e432-4b03-babf-af75e0cfea1c.config http.https://github.com/.extraheader AUTHORIZATION: basic ***
2026-02-06T18:19:02.0081426Z [command]/usr/bin/git config --local includeIf.gitdir:/__w/vllm-ascend/vllm-ascend/.git.path /__w/_temp/git-credentials-6c43b310-e432-4b03-babf-af75e0cfea1c.config
2026-02-06T18:19:02.0105374Z [command]/usr/bin/git config --local includeIf.gitdir:/__w/vllm-ascend/vllm-ascend/.git/worktrees/*.path /__w/_temp/git-credentials-6c43b310-e432-4b03-babf-af75e0cfea1c.config
2026-02-06T18:19:02.0131195Z [command]/usr/bin/git config --local includeIf.gitdir:/github/workspace/.git.path /github/runner_temp/git-credentials-6c43b310-e432-4b03-babf-af75e0cfea1c.config
2026-02-06T18:19:02.0156510Z [command]/usr/bin/git config --local includeIf.gitdir:/github/workspace/.git/worktrees/*.path /github/runner_temp/git-credentials-6c43b310-e432-4b03-babf-af75e0cfea1c.config
2026-02-06T18:19:02.0179075Z ##[endgroup]
2026-02-06T18:19:02.0179476Z ##[group]Fetching the repository
2026-02-06T18:19:02.0186603Z [command]/usr/bin/git -c protocol.version=2 fetch --no-tags --prune --no-recurse-submodules --depth=1 origin +c63b7a11888e9e1caeeff8b6c1d66844d99fc24b:refs/remotes/origin/main
2026-02-06T18:19:03.6879503Z From https://gh-proxy.test.osinfra.cn/https://github.com/vllm-project/vllm-ascend
2026-02-06T18:19:03.6880179Z  * [new ref]         c63b7a11888e9e1caeeff8b6c1d66844d99fc24b -> origin/main
2026-02-06T18:19:03.6899342Z [command]/usr/bin/git branch --list --remote origin/main
2026-02-06T18:19:03.6917681Z   origin/main
2026-02-06T18:19:03.6926756Z [command]/usr/bin/git rev-parse refs/remotes/origin/main
2026-02-06T18:19:03.6942776Z c63b7a11888e9e1caeeff8b6c1d66844d99fc24b
2026-02-06T18:19:03.6946368Z ##[endgroup]
2026-02-06T18:19:03.6946816Z ##[group]Determining the checkout info
2026-02-06T18:19:03.6948390Z ##[endgroup]
2026-02-06T18:19:03.6951677Z [command]/usr/bin/git sparse-checkout disable
2026-02-06T18:19:03.6991065Z [command]/usr/bin/git config --local --unset-all extensions.worktreeConfig
2026-02-06T18:19:03.7015483Z ##[group]Checking out the ref
2026-02-06T18:19:03.7018480Z [command]/usr/bin/git checkout --progress --force -B main refs/remotes/origin/main
2026-02-06T18:19:03.7861795Z Switched to a new branch 'main'
2026-02-06T18:19:03.7862299Z Branch 'main' set up to track remote branch 'main' from 'origin'.
2026-02-06T18:19:03.7871643Z ##[endgroup]
2026-02-06T18:19:03.7912507Z [command]/usr/bin/git log -1 --format=%H
2026-02-06T18:19:03.7932211Z c63b7a11888e9e1caeeff8b6c1d66844d99fc24b
2026-02-06T18:19:21.4505161Z ##[group]Run # prepare for lws entrypoint scripts
2026-02-06T18:19:21.4505543Z [36;1m# prepare for lws entrypoint scripts[0m
2026-02-06T18:19:21.4505957Z [36;1minstall -D tests/e2e/nightly/multi_node/scripts/run.sh /root/.cache/tests/run.sh[0m
2026-02-06T18:19:21.4506521Z shell: bash -el {0}
2026-02-06T18:19:21.4506725Z ##[endgroup]
2026-02-06T18:19:21.4581591Z ##[group]Run '/home/runner/k8s/index.js'
2026-02-06T18:19:21.4582617Z shell: /home/runner/externals/node20/bin/node {0}
2026-02-06T18:19:21.4582878Z ##[endgroup]
2026-02-06T18:19:21.8065297Z (node:6702) [DEP0005] DeprecationWarning: Buffer() is deprecated due to security and usability issues. Please use the Buffer.alloc(), Buffer.allocUnsafe(), or Buffer.from() methods instead.
2026-02-06T18:19:21.8066079Z (Use `node --trace-deprecation ...` to show where the warning was created)
2026-02-06T18:19:57.5203199Z ##[group]Run set -euo pipefail
2026-02-06T18:19:57.5203618Z [36;1mset -euo pipefail[0m
2026-02-06T18:19:57.5203861Z [36;1m[0m
2026-02-06T18:19:57.5204049Z [36;1mCRD_NAME="${CRD_NAME:-vllm}"[0m
2026-02-06T18:19:57.5204338Z [36;1mTIMEOUT=${TIMEOUT:-120}[0m
2026-02-06T18:19:57.5204665Z [36;1mSLEEP_INTERVAL=2[0m
2026-02-06T18:19:57.5204855Z [36;1m[0m
2026-02-06T18:19:57.5205227Z [36;1mecho "Deleting leaderworkerset [$CRD_NAME] in namespace [$NAMESPACE]..."[0m
2026-02-06T18:19:57.5205709Z [36;1mkubectl delete leaderworkerset "$CRD_NAME" -n "$NAMESPACE" --ignore-not-found[0m
2026-02-06T18:19:57.5206041Z [36;1m[0m
2026-02-06T18:19:57.5206338Z [36;1mecho "Waiting for all pods starting with 'vllm' to be deleted..."[0m
2026-02-06T18:19:57.5206674Z [36;1mSTART_TIME=$(date +%s)[0m
2026-02-06T18:19:57.5206879Z [36;1m[0m
2026-02-06T18:19:57.5207100Z [36;1mwhile true; do[0m
2026-02-06T18:19:57.5207307Z [36;1m  NOW=$(date +%s)[0m
2026-02-06T18:19:57.5207669Z [36;1m  ELAPSED=$((NOW - START_TIME))[0m
2026-02-06T18:19:57.5207959Z [36;1m[0m
2026-02-06T18:19:57.5208180Z [36;1m  if [[ $ELAPSED -ge $TIMEOUT ]]; then[0m
2026-02-06T18:19:57.5208559Z [36;1m    echo "Timeout reached ($TIMEOUT seconds), some pods still exist:"[0m
2026-02-06T18:19:57.5208958Z [36;1m    kubectl get pods -n "$NAMESPACE" | grep '^vllm' || true[0m
2026-02-06T18:19:57.5209223Z [36;1m    exit 1[0m
2026-02-06T18:19:57.5209463Z [36;1m  fi[0m
2026-02-06T18:19:57.5209637Z [36;1m[0m
2026-02-06T18:19:57.5210059Z [36;1m  PODS_EXIST=$(kubectl get pods -n "$NAMESPACE" -o jsonpath='{.items[*].metadata.name}' 2>/dev/null | tr ' ' '\n' | grep '^vllm' || true)[0m
2026-02-06T18:19:57.5210548Z [36;1m[0m
2026-02-06T18:19:57.5210732Z [36;1m  if [[ -z "$PODS_EXIST" ]]; then[0m
2026-02-06T18:19:57.5211001Z [36;1m    echo "All vllm pods deleted."[0m
2026-02-06T18:19:57.5211275Z [36;1m    break[0m
2026-02-06T18:19:57.5211532Z [36;1m  else[0m
2026-02-06T18:19:57.5211805Z [36;1m    echo "Waiting for pods to be deleted: $PODS_EXIST"[0m
2026-02-06T18:19:57.5212265Z [36;1m    sleep $SLEEP_INTERVAL[0m
2026-02-06T18:19:57.5212483Z [36;1m  fi[0m
2026-02-06T18:19:57.5212684Z [36;1mdone[0m
2026-02-06T18:19:57.5213072Z shell: bash -el {0}
2026-02-06T18:19:57.5213326Z ##[endgroup]
2026-02-06T18:19:57.5286325Z ##[group]Run '/home/runner/k8s/index.js'
2026-02-06T18:19:57.5287194Z shell: /home/runner/externals/node20/bin/node {0}
2026-02-06T18:19:57.5287449Z ##[endgroup]
2026-02-06T18:19:57.8782256Z (node:7487) [DEP0005] DeprecationWarning: Buffer() is deprecated due to security and usability issues. Please use the Buffer.alloc(), Buffer.allocUnsafe(), or Buffer.from() methods instead.
2026-02-06T18:19:57.8782998Z (Use `node --trace-deprecation ...` to show where the warning was created)
2026-02-06T18:20:16.0206300Z Deleting leaderworkerset [vllm] in namespace [vllm-project]...
2026-02-06T18:20:16.3277686Z Waiting for all pods starting with 'vllm' to be deleted...
2026-02-06T18:20:16.3973783Z All vllm pods deleted.
2026-02-06T18:20:34.2714080Z ##[group]Run set -e
2026-02-06T18:20:34.2714391Z [36;1mset -e[0m
2026-02-06T18:20:34.2714618Z [36;1m[0m
2026-02-06T18:20:34.2714826Z [36;1msize="2"[0m
2026-02-06T18:20:34.2715011Z [36;1mreplicas="1"[0m
2026-02-06T18:20:34.2715422Z [36;1mimage="swr.cn-southwest-2.myhuaweicloud.com/base_image/ascend-ci/vllm-ascend:nightly-a3"[0m
2026-02-06T18:20:34.2715911Z [36;1mconfig_file_path="DeepSeek-V3_2-W8A8-A3-dual-nodes.yaml"[0m
2026-02-06T18:20:34.2716271Z [36;1mfail_tag=FAIL_TAG_"DeepSeek-V3_2-W8A8-A3-dual-nodes.yaml"[0m
2026-02-06T18:20:34.2716633Z [36;1mecho "FAIL_TAG=${fail_tag}" >> "$GITHUB_ENV"[0m
2026-02-06T18:20:34.2716908Z [36;1m[0m
2026-02-06T18:20:34.2717161Z [36;1mrequired_params=("size" "replicas" "image" "config_file_path")[0m
2026-02-06T18:20:34.2717532Z [36;1mfor param in "${required_params[@]}"; do[0m
2026-02-06T18:20:34.2717894Z [36;1m  if [ -z "${!param}" ]; then[0m
2026-02-06T18:20:34.2718437Z [36;1m    echo "Error: Parameter '$param' is required but empty"[0m
2026-02-06T18:20:34.2718746Z [36;1m    exit 1[0m
2026-02-06T18:20:34.2718933Z [36;1m  fi[0m
2026-02-06T18:20:34.2719135Z [36;1mdone[0m
2026-02-06T18:20:34.2719349Z [36;1m[0m
2026-02-06T18:20:34.2719527Z [36;1mif [ "a3" = "a3" ]; then[0m
2026-02-06T18:20:34.2719780Z [36;1m  npu_per_node=16[0m
2026-02-06T18:20:34.2720093Z [36;1m  TEMPLATE_FILE="tests/e2e/nightly/multi_node/scripts/lws.yaml.jinja2"[0m
2026-02-06T18:20:34.2720439Z [36;1melse[0m
2026-02-06T18:20:34.2720649Z [36;1m  npu_per_node=8[0m
2026-02-06T18:20:34.2721029Z [36;1m  TEMPLATE_FILE="tests/e2e/nightly/multi_node/scripts/lws-a2.yaml.jinja2"[0m
2026-02-06T18:20:34.2721380Z [36;1mfi[0m
2026-02-06T18:20:34.2721574Z [36;1m[0m
2026-02-06T18:20:34.2721767Z [36;1mjinja2 $TEMPLATE_FILE \[0m
2026-02-06T18:20:34.2722152Z [36;1m  -D size="$size" \[0m
2026-02-06T18:20:34.2722417Z [36;1m  -D replicas="$replicas" \[0m
2026-02-06T18:20:34.2722668Z [36;1m  -D image="$image" \[0m
2026-02-06T18:20:34.2722960Z [36;1m  -D config_file_path="$config_file_path" \[0m
2026-02-06T18:20:34.2723377Z [36;1m  -D npu_per_node="$npu_per_node" \[0m
2026-02-06T18:20:34.2723639Z [36;1m  -D fail_tag="$fail_tag" \[0m
2026-02-06T18:20:34.2723906Z [36;1m  --outfile lws.yaml[0m
2026-02-06T18:20:34.2724135Z [36;1m[0m
2026-02-06T18:20:34.2724407Z [36;1mkubectl apply -f ./lws.yaml[0m
2026-02-06T18:20:34.2724821Z shell: bash -el {0}
2026-02-06T18:20:34.2724995Z ##[endgroup]
2026-02-06T18:20:34.3076562Z ##[group]Run '/home/runner/k8s/index.js'
2026-02-06T18:20:34.3077625Z shell: /home/runner/externals/node20/bin/node {0}
2026-02-06T18:20:34.3077917Z ##[endgroup]
2026-02-06T18:20:34.6646684Z (node:8452) [DEP0005] DeprecationWarning: Buffer() is deprecated due to security and usability issues. Please use the Buffer.alloc(), Buffer.allocUnsafe(), or Buffer.from() methods instead.
2026-02-06T18:20:34.6647428Z (Use `node --trace-deprecation ...` to show where the warning was created)
2026-02-06T18:20:53.5020295Z leaderworkerset.leaderworkerset.x-k8s.io/vllm created
2026-02-06T18:20:53.5209209Z service/vllm-leader created
2026-02-06T18:21:11.5932345Z ##[group]Run POD_PREFIX="${POD_PREFIX:-vllm-0}"
2026-02-06T18:21:11.5932790Z [36;1mPOD_PREFIX="${POD_PREFIX:-vllm-0}"[0m
2026-02-06T18:21:11.5933067Z [36;1mSIZE="2"[0m
2026-02-06T18:21:11.5933445Z [36;1mTIMEOUT=1200  # default timeout 20 minutes[0m
2026-02-06T18:21:11.5933740Z [36;1m[0m
2026-02-06T18:21:11.5934113Z [36;1mecho "Waiting for Pods in namespace [$NAMESPACE] to become Running and Ready (timeout ${TIMEOUT}s)..."[0m
2026-02-06T18:21:11.5934518Z [36;1m[0m
2026-02-06T18:21:11.5934730Z [36;1mSTART_TIME=$(date +%s)[0m
2026-02-06T18:21:11.5934963Z [36;1m[0m
2026-02-06T18:21:11.5935153Z [36;1mwhile true; do[0m
2026-02-06T18:21:11.5935390Z [36;1m  NOW=$(date +%s)[0m
2026-02-06T18:21:11.5935637Z [36;1m  ELAPSED=$((NOW - START_TIME))[0m
2026-02-06T18:21:11.5935911Z [36;1m  if [[ $ELAPSED -ge $TIMEOUT ]]; then[0m
2026-02-06T18:21:11.5936229Z [36;1m    echo "Timeout reached after ${ELAPSED}s"[0m
2026-02-06T18:21:11.5936670Z [36;1m    echo "Dumping pod status for debugging:"[0m
2026-02-06T18:21:11.5936986Z [36;1m    kubectl get pods -n "$NAMESPACE"[0m
2026-02-06T18:21:11.5937281Z [36;1m    kubectl describe pod "$LEADER_POD" -n "$NAMESPACE"[0m
2026-02-06T18:21:11.5937578Z [36;1m    exit 1[0m
2026-02-06T18:21:11.5937792Z [36;1m  fi[0m
2026-02-06T18:21:11.5937980Z [36;1m[0m
2026-02-06T18:21:11.5938187Z [36;1m  # 1) check follower pods[0m
2026-02-06T18:21:11.5938452Z [36;1m  ALL_FOLLOWERS_READY=true[0m
2026-02-06T18:21:11.5938698Z [36;1m  for ((i=1; i<SIZE; i++)); do[0m
2026-02-06T18:21:11.5938957Z [36;1m    POD="${POD_PREFIX}-${i}"[0m
2026-02-06T18:21:11.5939393Z [36;1m    PHASE=$(kubectl get pod "$POD" -n "$NAMESPACE" -o jsonpath='{.status.phase}' 2>/dev/null || echo "NotFound")[0m
2026-02-06T18:21:11.5939992Z [36;1m    READY=$(kubectl get pod "$POD" -n "$NAMESPACE" -o jsonpath='{.status.containerStatuses[*].ready}' 2>/dev/null)[0m
2026-02-06T18:21:11.5940640Z [36;1m[0m
2026-02-06T18:21:11.5940895Z [36;1m    echo "Follower [$POD] phase=$PHASE ready=$READY"[0m
2026-02-06T18:21:11.5941186Z [36;1m[0m
2026-02-06T18:21:11.5941425Z [36;1m    if [[ "$PHASE" != "Running" || "$READY" != "true" ]]; then[0m
2026-02-06T18:21:11.5941762Z [36;1m      echo "Follower [$POD] not Ready yet..."[0m
2026-02-06T18:21:11.5942178Z [36;1m      ALL_FOLLOWERS_READY=false[0m
2026-02-06T18:21:11.5942443Z [36;1m      break[0m
2026-02-06T18:21:11.5942669Z [36;1m    fi[0m
2026-02-06T18:21:11.5942844Z [36;1m  done[0m
2026-02-06T18:21:11.5943050Z [36;1m[0m
2026-02-06T18:21:11.5943361Z [36;1m  # 2) check leader pod[0m
2026-02-06T18:21:11.5943859Z [36;1m  LEADER_PHASE=$(kubectl get pod "$LEADER_POD" -n "$NAMESPACE" -o jsonpath='{.status.phase}' 2>/dev/null || echo "NotFound")[0m
2026-02-06T18:21:11.5944534Z [36;1m  LEADER_READY=$(kubectl get pod "$LEADER_POD" -n "$NAMESPACE" -o jsonpath='{.status.containerStatuses[*].ready}' 2>/dev/null)[0m
2026-02-06T18:21:11.5945000Z [36;1m[0m
2026-02-06T18:21:11.5945260Z [36;1m  echo "Leader [$LEADER_POD] phase=$LEADER_PHASE ready=$LEADER_READY"[0m
2026-02-06T18:21:11.5945906Z [36;1m[0m
2026-02-06T18:21:11.5946187Z [36;1m  if [[ "$LEADER_PHASE" != "Running" || "$LEADER_READY" != "true" ]]; then[0m
2026-02-06T18:21:11.5946512Z [36;1m    echo "Leader not Ready yet..."[0m
2026-02-06T18:21:11.5946783Z [36;1m    ALL_FOLLOWERS_READY=false[0m
2026-02-06T18:21:11.5947039Z [36;1m  fi[0m
2026-02-06T18:21:11.5947218Z [36;1m[0m
2026-02-06T18:21:11.5947462Z [36;1m  if [[ "$ALL_FOLLOWERS_READY" == "true" ]]; then[0m
2026-02-06T18:21:11.5947860Z [36;1m    echo "All follower pods and leader pod are Running and Ready â€” continuing."[0m
2026-02-06T18:21:11.5948258Z [36;1m    break[0m
2026-02-06T18:21:11.5948473Z [36;1m  fi[0m
2026-02-06T18:21:11.5948680Z [36;1m[0m
2026-02-06T18:21:11.5948847Z [36;1m  sleep 2[0m
2026-02-06T18:21:11.5949057Z [36;1mdone[0m
2026-02-06T18:21:11.5949424Z shell: bash -el {0}
2026-02-06T18:21:11.5949609Z env:
2026-02-06T18:21:11.5950020Z   FAIL_TAG: FAIL_TAG_DeepSeek-V3_2-W8A8-A3-dual-nodes.yaml
2026-02-06T18:21:11.5950296Z ##[endgroup]
2026-02-06T18:21:11.6025928Z ##[group]Run '/home/runner/k8s/index.js'
2026-02-06T18:21:11.6026759Z shell: /home/runner/externals/node20/bin/node {0}
2026-02-06T18:21:11.6027043Z ##[endgroup]
2026-02-06T18:21:11.9607986Z (node:9593) [DEP0005] DeprecationWarning: Buffer() is deprecated due to security and usability issues. Please use the Buffer.alloc(), Buffer.allocUnsafe(), or Buffer.from() methods instead.
2026-02-06T18:21:11.9608801Z (Use `node --trace-deprecation ...` to show where the warning was created)
2026-02-06T18:21:30.3901204Z Waiting for Pods in namespace [vllm-project] to become Running and Ready (timeout 1200s)...
2026-02-06T18:21:30.5314456Z Follower [vllm-0-1] phase=Running ready=false
2026-02-06T18:21:30.6584536Z Follower [vllm-0-1] not Ready yet...
2026-02-06T18:21:30.6584909Z Leader [vllm-0] phase=Running ready=false
2026-02-06T18:21:30.6585323Z Leader not Ready yet...
2026-02-06T18:21:32.7825687Z Follower [vllm-0-1] phase=Running ready=false
2026-02-06T18:21:32.7826046Z Follower [vllm-0-1] not Ready yet...
2026-02-06T18:21:32.9039603Z Leader [vllm-0] phase=Running ready=false
2026-02-06T18:21:32.9039954Z Leader not Ready yet...
2026-02-06T18:21:35.0249864Z Follower [vllm-0-1] phase=Running ready=false
2026-02-06T18:21:35.0250243Z Follower [vllm-0-1] not Ready yet...
2026-02-06T18:21:35.1390176Z Leader [vllm-0] phase=Running ready=false
2026-02-06T18:21:35.1390518Z Leader not Ready yet...
2026-02-06T18:21:37.2615302Z Follower [vllm-0-1] phase=Running ready=false
2026-02-06T18:21:37.2615797Z Follower [vllm-0-1] not Ready yet...
2026-02-06T18:21:37.3772267Z Leader [vllm-0] phase=Running ready=false
2026-02-06T18:21:37.3772617Z Leader not Ready yet...
2026-02-06T18:21:39.4955014Z Follower [vllm-0-1] phase=Running ready=false
2026-02-06T18:21:39.4955351Z Follower [vllm-0-1] not Ready yet...
2026-02-06T18:21:39.6164265Z Leader [vllm-0] phase=Running ready=false
2026-02-06T18:21:39.6164748Z Leader not Ready yet...
2026-02-06T18:21:41.7515609Z Follower [vllm-0-1] phase=Running ready=false
2026-02-06T18:21:41.7516078Z Follower [vllm-0-1] not Ready yet...
2026-02-06T18:21:41.8741037Z Leader [vllm-0] phase=Running ready=false
2026-02-06T18:21:41.8741373Z Leader not Ready yet...
2026-02-06T18:21:43.9978069Z Follower [vllm-0-1] phase=Running ready=false
2026-02-06T18:21:43.9978382Z Follower [vllm-0-1] not Ready yet...
2026-02-06T18:21:44.1175599Z Leader [vllm-0] phase=Running ready=false
2026-02-06T18:21:44.1175929Z Leader not Ready yet...
2026-02-06T18:21:46.2444809Z Follower [vllm-0-1] phase=Running ready=false
2026-02-06T18:21:46.2445180Z Follower [vllm-0-1] not Ready yet...
2026-02-06T18:21:46.3604941Z Leader [vllm-0] phase=Running ready=false
2026-02-06T18:21:46.3605333Z Leader not Ready yet...
2026-02-06T18:21:48.4757916Z Follower [vllm-0-1] phase=Running ready=false
2026-02-06T18:21:48.4758318Z Follower [vllm-0-1] not Ready yet...
2026-02-06T18:21:48.6004874Z Leader [vllm-0] phase=Running ready=false
2026-02-06T18:21:48.6005250Z Leader not Ready yet...
2026-02-06T18:21:50.7190640Z Follower [vllm-0-1] phase=Running ready=false
2026-02-06T18:21:50.7191020Z Follower [vllm-0-1] not Ready yet...
2026-02-06T18:21:50.8404002Z Leader [vllm-0] phase=Running ready=false
2026-02-06T18:21:50.8404441Z Leader not Ready yet...
2026-02-06T18:21:52.9669026Z Follower [vllm-0-1] phase=Running ready=false
2026-02-06T18:21:52.9669449Z Follower [vllm-0-1] not Ready yet...
2026-02-06T18:21:53.0914567Z Leader [vllm-0] phase=Running ready=false
2026-02-06T18:21:53.0914901Z Leader not Ready yet...
2026-02-06T18:21:55.2129524Z Follower [vllm-0-1] phase=Running ready=false
2026-02-06T18:21:55.2129891Z Follower [vllm-0-1] not Ready yet...
2026-02-06T18:21:55.3367601Z Leader [vllm-0] phase=Running ready=false
2026-02-06T18:21:55.3367976Z Leader not Ready yet...
2026-02-06T18:21:57.4599479Z Follower [vllm-0-1] phase=Running ready=false
2026-02-06T18:21:57.4600069Z Follower [vllm-0-1] not Ready yet...
2026-02-06T18:21:57.5743236Z Leader [vllm-0] phase=Running ready=false
2026-02-06T18:21:57.5743910Z Leader not Ready yet...
2026-02-06T18:21:59.6997331Z Follower [vllm-0-1] phase=Running ready=false
2026-02-06T18:21:59.6997715Z Follower [vllm-0-1] not Ready yet...
2026-02-06T18:21:59.8138826Z Leader [vllm-0] phase=Running ready=false
2026-02-06T18:21:59.8139155Z Leader not Ready yet...
2026-02-06T18:22:01.9465632Z Follower [vllm-0-1] phase=Running ready=false
2026-02-06T18:22:01.9466040Z Follower [vllm-0-1] not Ready yet...
2026-02-06T18:22:02.0941968Z Leader [vllm-0] phase=Running ready=false
2026-02-06T18:22:02.0942488Z Leader not Ready yet...
2026-02-06T18:22:04.2224569Z Follower [vllm-0-1] phase=Running ready=false
2026-02-06T18:22:04.2225048Z Follower [vllm-0-1] not Ready yet...
2026-02-06T18:22:04.3360903Z Leader [vllm-0] phase=Running ready=false
2026-02-06T18:22:04.3361207Z Leader not Ready yet...
2026-02-06T18:22:06.4513014Z Follower [vllm-0-1] phase=Running ready=false
2026-02-06T18:22:06.4513441Z Follower [vllm-0-1] not Ready yet...
2026-02-06T18:22:06.5746844Z Leader [vllm-0] phase=Running ready=false
2026-02-06T18:22:06.5747182Z Leader not Ready yet...
2026-02-06T18:22:08.6932970Z Follower [vllm-0-1] phase=Running ready=false
2026-02-06T18:22:08.6933429Z Follower [vllm-0-1] not Ready yet...
2026-02-06T18:22:08.8042196Z Leader [vllm-0] phase=Running ready=false
2026-02-06T18:22:08.8042553Z Leader not Ready yet...
2026-02-06T18:22:10.9259770Z Follower [vllm-0-1] phase=Running ready=false
2026-02-06T18:22:10.9260170Z Follower [vllm-0-1] not Ready yet...
2026-02-06T18:22:11.0472599Z Leader [vllm-0] phase=Running ready=false
2026-02-06T18:22:11.0472873Z Leader not Ready yet...
2026-02-06T18:22:13.1642593Z Follower [vllm-0-1] phase=Running ready=false
2026-02-06T18:22:13.1643002Z Follower [vllm-0-1] not Ready yet...
2026-02-06T18:22:13.2782914Z Leader [vllm-0] phase=Running ready=false
2026-02-06T18:22:13.2783374Z Leader not Ready yet...
2026-02-06T18:22:15.3897491Z Follower [vllm-0-1] phase=Running ready=false
2026-02-06T18:22:15.3897952Z Follower [vllm-0-1] not Ready yet...
2026-02-06T18:22:15.5182870Z Leader [vllm-0] phase=Running ready=false
2026-02-06T18:22:15.5183167Z Leader not Ready yet...
2026-02-06T18:22:17.6481416Z Follower [vllm-0-1] phase=Running ready=false
2026-02-06T18:22:17.6481744Z Follower [vllm-0-1] not Ready yet...
2026-02-06T18:22:17.7588383Z Leader [vllm-0] phase=Running ready=false
2026-02-06T18:22:17.7588702Z Leader not Ready yet...
2026-02-06T18:22:19.8722565Z Follower [vllm-0-1] phase=Running ready=false
2026-02-06T18:22:19.8722921Z Follower [vllm-0-1] not Ready yet...
2026-02-06T18:22:19.9872876Z Leader [vllm-0] phase=Running ready=false
2026-02-06T18:22:19.9873299Z Leader not Ready yet...
2026-02-06T18:22:22.1026388Z Follower [vllm-0-1] phase=Running ready=false
2026-02-06T18:22:22.1026879Z Follower [vllm-0-1] not Ready yet...
2026-02-06T18:22:22.2093516Z Leader [vllm-0] phase=Running ready=false
2026-02-06T18:22:22.2093842Z Leader not Ready yet...
2026-02-06T18:22:24.3211476Z Follower [vllm-0-1] phase=Running ready=false
2026-02-06T18:22:24.3211871Z Follower [vllm-0-1] not Ready yet...
2026-02-06T18:22:24.4357658Z Leader [vllm-0] phase=Running ready=false
2026-02-06T18:22:24.4357992Z Leader not Ready yet...
2026-02-06T18:22:26.5630994Z Follower [vllm-0-1] phase=Running ready=false
2026-02-06T18:22:26.5631332Z Follower [vllm-0-1] not Ready yet...
2026-02-06T18:22:26.6773484Z Leader [vllm-0] phase=Running ready=false
2026-02-06T18:22:28.7963517Z Leader not Ready yet...
2026-02-06T18:22:28.7963871Z Follower [vllm-0-1] phase=Running ready=false
2026-02-06T18:22:28.7964282Z Follower [vllm-0-1] not Ready yet...
2026-02-06T18:22:28.9064355Z Leader [vllm-0] phase=Running ready=false
2026-02-06T18:22:28.9064700Z Leader not Ready yet...
2026-02-06T18:22:31.0251757Z Follower [vllm-0-1] phase=Running ready=false
2026-02-06T18:22:31.0252235Z Follower [vllm-0-1] not Ready yet...
2026-02-06T18:22:31.1590738Z Leader [vllm-0] phase=Running ready=true
2026-02-06T18:22:33.2837393Z Follower [vllm-0-1] phase=Running ready=false
2026-02-06T18:22:33.2837975Z Follower [vllm-0-1] not Ready yet...
2026-02-06T18:22:33.3996207Z Leader [vllm-0] phase=Running ready=false
2026-02-06T18:22:33.3996516Z Leader not Ready yet...
2026-02-06T18:22:35.5180406Z Follower [vllm-0-1] phase=Running ready=false
2026-02-06T18:22:35.5180769Z Follower [vllm-0-1] not Ready yet...
2026-02-06T18:22:35.6412383Z Leader [vllm-0] phase=Running ready=false
2026-02-06T18:22:35.6412851Z Leader not Ready yet...
2026-02-06T18:22:37.7636668Z Follower [vllm-0-1] phase=Running ready=false
2026-02-06T18:22:37.7637019Z Follower [vllm-0-1] not Ready yet...
2026-02-06T18:22:37.8792428Z Leader [vllm-0] phase=Running ready=false
2026-02-06T18:22:37.8792766Z Leader not Ready yet...
2026-02-06T18:22:40.0036435Z Follower [vllm-0-1] phase=Running ready=false
2026-02-06T18:22:40.0036769Z Follower [vllm-0-1] not Ready yet...
2026-02-06T18:22:40.1195636Z Leader [vllm-0] phase=Running ready=false
2026-02-06T18:22:40.1195991Z Leader not Ready yet...
2026-02-06T18:22:42.2382232Z Follower [vllm-0-1] phase=Running ready=false
2026-02-06T18:22:42.2382694Z Follower [vllm-0-1] not Ready yet...
2026-02-06T18:22:42.3595857Z Leader [vllm-0] phase=Running ready=false
2026-02-06T18:22:42.3596168Z Leader not Ready yet...
2026-02-06T18:22:44.4773418Z Follower [vllm-0-1] phase=Running ready=false
2026-02-06T18:22:44.4773756Z Follower [vllm-0-1] not Ready yet...
2026-02-06T18:22:44.6019909Z Leader [vllm-0] phase=Running ready=false
2026-02-06T18:22:44.6020271Z Leader not Ready yet...
2026-02-06T18:22:46.7176195Z Follower [vllm-0-1] phase=Running ready=false
2026-02-06T18:22:46.7176535Z Follower [vllm-0-1] not Ready yet...
2026-02-06T18:22:46.8365187Z Leader [vllm-0] phase=Running ready=false
2026-02-06T18:22:46.8365509Z Leader not Ready yet...
2026-02-06T18:22:48.9543704Z Follower [vllm-0-1] phase=Running ready=false
2026-02-06T18:22:48.9544107Z Follower [vllm-0-1] not Ready yet...
2026-02-06T18:22:49.0711041Z Leader [vllm-0] phase=Running ready=false
2026-02-06T18:22:49.0711817Z Leader not Ready yet...
2026-02-06T18:22:51.1917191Z Follower [vllm-0-1] phase=Running ready=false
2026-02-06T18:22:51.1917522Z Follower [vllm-0-1] not Ready yet...
2026-02-06T18:22:51.3187006Z Leader [vllm-0] phase=Running ready=false
2026-02-06T18:22:51.3187379Z Leader not Ready yet...
2026-02-06T18:22:53.4341893Z Follower [vllm-0-1] phase=Running ready=false
2026-02-06T18:22:53.4342451Z Follower [vllm-0-1] not Ready yet...
2026-02-06T18:22:53.5569291Z Leader [vllm-0] phase=Running ready=false
2026-02-06T18:22:53.5569733Z Leader not Ready yet...
2026-02-06T18:22:55.6690790Z Follower [vllm-0-1] phase=Running ready=false
2026-02-06T18:22:55.6691221Z Follower [vllm-0-1] not Ready yet...
2026-02-06T18:22:55.7957409Z Leader [vllm-0] phase=Running ready=false
2026-02-06T18:22:55.7957764Z Leader not Ready yet...
2026-02-06T18:22:57.9269780Z Follower [vllm-0-1] phase=Running ready=false
2026-02-06T18:22:57.9270104Z Follower [vllm-0-1] not Ready yet...
2026-02-06T18:22:58.0541766Z Leader [vllm-0] phase=Running ready=false
2026-02-06T18:22:58.0542370Z Leader not Ready yet...
2026-02-06T18:23:00.1742562Z Follower [vllm-0-1] phase=Running ready=false
2026-02-06T18:23:00.1743017Z Follower [vllm-0-1] not Ready yet...
2026-02-06T18:23:00.2880573Z Leader [vllm-0] phase=Running ready=false
2026-02-06T18:23:00.2881039Z Leader not Ready yet...
2026-02-06T18:23:02.4240654Z Follower [vllm-0-1] phase=Running ready=false
2026-02-06T18:23:02.4241058Z Follower [vllm-0-1] not Ready yet...
2026-02-06T18:23:02.5521835Z Leader [vllm-0] phase=Running ready=false
2026-02-06T18:23:02.5522296Z Leader not Ready yet...
2026-02-06T18:23:04.6691394Z Follower [vllm-0-1] phase=Running ready=false
2026-02-06T18:23:04.6691782Z Follower [vllm-0-1] not Ready yet...
2026-02-06T18:23:04.7826771Z Leader [vllm-0] phase=Running ready=false
2026-02-06T18:23:04.7827097Z Leader not Ready yet...
2026-02-06T18:23:06.9083253Z Follower [vllm-0-1] phase=Running ready=false
2026-02-06T18:23:06.9083739Z Follower [vllm-0-1] not Ready yet...
2026-02-06T18:23:07.0246559Z Leader [vllm-0] phase=Running ready=false
2026-02-06T18:23:07.0247193Z Leader not Ready yet...
2026-02-06T18:23:09.1486171Z Follower [vllm-0-1] phase=Running ready=false
2026-02-06T18:23:09.1486500Z Follower [vllm-0-1] not Ready yet...
2026-02-06T18:23:09.2683978Z Leader [vllm-0] phase=Running ready=false
2026-02-06T18:23:09.2684242Z Leader not Ready yet...
2026-02-06T18:23:11.3927083Z Follower [vllm-0-1] phase=Running ready=false
2026-02-06T18:23:11.3927499Z Follower [vllm-0-1] not Ready yet...
2026-02-06T18:23:11.5194947Z Leader [vllm-0] phase=Running ready=false
2026-02-06T18:23:11.5195284Z Leader not Ready yet...
2026-02-06T18:23:13.6382763Z Follower [vllm-0-1] phase=Running ready=false
2026-02-06T18:23:13.6383139Z Follower [vllm-0-1] not Ready yet...
2026-02-06T18:23:13.7528868Z Leader [vllm-0] phase=Running ready=false
2026-02-06T18:23:13.7529317Z Leader not Ready yet...
2026-02-06T18:23:15.8701663Z Follower [vllm-0-1] phase=Running ready=false
2026-02-06T18:23:15.8702352Z Follower [vllm-0-1] not Ready yet...
2026-02-06T18:23:15.9888893Z Leader [vllm-0] phase=Running ready=false
2026-02-06T18:23:15.9889221Z Leader not Ready yet...
2026-02-06T18:23:18.1049133Z Follower [vllm-0-1] phase=Running ready=false
2026-02-06T18:23:18.1049523Z Follower [vllm-0-1] not Ready yet...
2026-02-06T18:23:18.2282422Z Leader [vllm-0] phase=Running ready=false
2026-02-06T18:23:18.2282764Z Leader not Ready yet...
2026-02-06T18:23:20.3491115Z Follower [vllm-0-1] phase=Running ready=false
2026-02-06T18:23:20.3491478Z Follower [vllm-0-1] not Ready yet...
2026-02-06T18:23:20.4760272Z Leader [vllm-0] phase=Running ready=false
2026-02-06T18:23:20.4760641Z Leader not Ready yet...
2026-02-06T18:23:22.5896370Z Follower [vllm-0-1] phase=Running ready=false
2026-02-06T18:23:22.5897141Z Follower [vllm-0-1] not Ready yet...
2026-02-06T18:23:22.7017213Z Leader [vllm-0] phase=Running ready=false
2026-02-06T18:23:22.7017551Z Leader not Ready yet...
2026-02-06T18:23:24.8183114Z Follower [vllm-0-1] phase=Running ready=false
2026-02-06T18:23:24.8183968Z Follower [vllm-0-1] not Ready yet...
2026-02-06T18:23:24.9330507Z Leader [vllm-0] phase=Running ready=false
2026-02-06T18:23:24.9330845Z Leader not Ready yet...
2026-02-06T18:23:27.0435222Z Follower [vllm-0-1] phase=Running ready=false
2026-02-06T18:23:27.0435731Z Follower [vllm-0-1] not Ready yet...
2026-02-06T18:23:27.1543924Z Leader [vllm-0] phase=Running ready=false
2026-02-06T18:23:27.1544336Z Leader not Ready yet...
2026-02-06T18:23:29.2686518Z Follower [vllm-0-1] phase=Running ready=false
2026-02-06T18:23:29.2686865Z Follower [vllm-0-1] not Ready yet...
2026-02-06T18:23:29.3851756Z Leader [vllm-0] phase=Running ready=false
2026-02-06T18:23:29.3852203Z Leader not Ready yet...
2026-02-06T18:23:31.4977807Z Follower [vllm-0-1] phase=Running ready=false
2026-02-06T18:23:31.4978211Z Follower [vllm-0-1] not Ready yet...
2026-02-06T18:23:31.6087780Z Leader [vllm-0] phase=Running ready=false
2026-02-06T18:23:31.6088161Z Leader not Ready yet...
2026-02-06T18:23:33.7205410Z Follower [vllm-0-1] phase=Running ready=false
2026-02-06T18:23:33.7205782Z Follower [vllm-0-1] not Ready yet...
2026-02-06T18:23:33.8351382Z Leader [vllm-0] phase=Running ready=false
2026-02-06T18:23:33.8351771Z Leader not Ready yet...
2026-02-06T18:23:35.9531084Z Follower [vllm-0-1] phase=Running ready=false
2026-02-06T18:23:35.9531451Z Follower [vllm-0-1] not Ready yet...
2026-02-06T18:23:36.0774462Z Leader [vllm-0] phase=Running ready=false
2026-02-06T18:23:36.0774795Z Leader not Ready yet...
2026-02-06T18:23:38.1982696Z Follower [vllm-0-1] phase=Running ready=false
2026-02-06T18:23:38.1983086Z Follower [vllm-0-1] not Ready yet...
2026-02-06T18:23:38.3114942Z Leader [vllm-0] phase=Running ready=false
2026-02-06T18:23:38.3115323Z Leader not Ready yet...
2026-02-06T18:23:40.4308284Z Follower [vllm-0-1] phase=Running ready=false
2026-02-06T18:23:40.4308621Z Follower [vllm-0-1] not Ready yet...
2026-02-06T18:23:40.5478481Z Leader [vllm-0] phase=Running ready=false
2026-02-06T18:23:40.5478899Z Leader not Ready yet...
2026-02-06T18:23:42.6742939Z Follower [vllm-0-1] phase=Running ready=false
2026-02-06T18:23:42.6745295Z Follower [vllm-0-1] not Ready yet...
2026-02-06T18:23:42.8036755Z Leader [vllm-0] phase=Running ready=false
2026-02-06T18:23:42.8037106Z Leader not Ready yet...
2026-02-06T18:23:44.9216911Z Follower [vllm-0-1] phase=Running ready=false
2026-02-06T18:23:44.9217288Z Follower [vllm-0-1] not Ready yet...
2026-02-06T18:23:45.0378483Z Leader [vllm-0] phase=Running ready=false
2026-02-06T18:23:45.0378932Z Leader not Ready yet...
2026-02-06T18:23:47.1524038Z Follower [vllm-0-1] phase=Running ready=false
2026-02-06T18:23:47.1524403Z Follower [vllm-0-1] not Ready yet...
2026-02-06T18:23:47.2617710Z Leader [vllm-0] phase=Running ready=false
2026-02-06T18:23:47.2618073Z Leader not Ready yet...
2026-02-06T18:23:49.3815994Z Follower [vllm-0-1] phase=Running ready=false
2026-02-06T18:23:49.3816379Z Follower [vllm-0-1] not Ready yet...
2026-02-06T18:23:49.4901769Z Leader [vllm-0] phase=Running ready=false
2026-02-06T18:23:49.4902214Z Leader not Ready yet...
2026-02-06T18:23:51.6048685Z Follower [vllm-0-1] phase=Running ready=false
2026-02-06T18:23:51.6049249Z Follower [vllm-0-1] not Ready yet...
2026-02-06T18:23:51.7109102Z Leader [vllm-0] phase=Running ready=false
2026-02-06T18:23:51.7109405Z Leader not Ready yet...
2026-02-06T18:23:53.8262406Z Follower [vllm-0-1] phase=Running ready=false
2026-02-06T18:23:53.8262795Z Follower [vllm-0-1] not Ready yet...
2026-02-06T18:23:53.9378895Z Leader [vllm-0] phase=Running ready=false
2026-02-06T18:23:53.9379255Z Leader not Ready yet...
2026-02-06T18:23:56.0516446Z Follower [vllm-0-1] phase=Running ready=false
2026-02-06T18:23:56.0516827Z Follower [vllm-0-1] not Ready yet...
2026-02-06T18:23:56.1593568Z Leader [vllm-0] phase=Running ready=false
2026-02-06T18:23:56.1594013Z Leader not Ready yet...
2026-02-06T18:23:58.2762730Z Follower [vllm-0-1] phase=Running ready=false
2026-02-06T18:23:58.2763094Z Follower [vllm-0-1] not Ready yet...
2026-02-06T18:23:58.3919769Z Leader [vllm-0] phase=Running ready=false
2026-02-06T18:23:58.3920134Z Leader not Ready yet...
2026-02-06T18:24:00.5172145Z Follower [vllm-0-1] phase=Running ready=false
2026-02-06T18:24:00.5172497Z Follower [vllm-0-1] not Ready yet...
2026-02-06T18:24:00.6298517Z Leader [vllm-0] phase=Running ready=false
2026-02-06T18:24:00.6298968Z Leader not Ready yet...
2026-02-06T18:24:02.7541246Z Follower [vllm-0-1] phase=Running ready=false
2026-02-06T18:24:02.7541606Z Follower [vllm-0-1] not Ready yet...
2026-02-06T18:24:02.8751387Z Leader [vllm-0] phase=Running ready=false
2026-02-06T18:24:02.8751875Z Leader not Ready yet...
2026-02-06T18:24:04.9972950Z Follower [vllm-0-1] phase=Running ready=false
2026-02-06T18:24:04.9973314Z Follower [vllm-0-1] not Ready yet...
2026-02-06T18:24:05.1096351Z Leader [vllm-0] phase=Running ready=false
2026-02-06T18:24:05.1096686Z Leader not Ready yet...
2026-02-06T18:24:07.2360239Z Follower [vllm-0-1] phase=Running ready=false
2026-02-06T18:24:07.2360712Z Follower [vllm-0-1] not Ready yet...
2026-02-06T18:24:07.3497628Z Leader [vllm-0] phase=Running ready=false
2026-02-06T18:24:07.3497944Z Leader not Ready yet...
2026-02-06T18:24:09.4806754Z Follower [vllm-0-1] phase=Running ready=false
2026-02-06T18:24:09.4807088Z Follower [vllm-0-1] not Ready yet...
2026-02-06T18:24:09.5944071Z Leader [vllm-0] phase=Running ready=false
2026-02-06T18:24:09.5944419Z Leader not Ready yet...
2026-02-06T18:24:11.7206999Z Follower [vllm-0-1] phase=Running ready=false
2026-02-06T18:24:11.7207365Z Follower [vllm-0-1] not Ready yet...
2026-02-06T18:24:11.8549658Z Leader [vllm-0] phase=Running ready=false
2026-02-06T18:24:11.8550024Z Leader not Ready yet...
2026-02-06T18:24:13.9718106Z Follower [vllm-0-1] phase=Running ready=false
2026-02-06T18:24:13.9718600Z Follower [vllm-0-1] not Ready yet...
2026-02-06T18:24:14.0953836Z Leader [vllm-0] phase=Running ready=false
2026-02-06T18:24:14.0954114Z Leader not Ready yet...
2026-02-06T18:24:16.2283986Z Follower [vllm-0-1] phase=Running ready=false
2026-02-06T18:24:16.2284370Z Follower [vllm-0-1] not Ready yet...
2026-02-06T18:24:16.3360921Z Leader [vllm-0] phase=Running ready=false
2026-02-06T18:24:16.3361468Z Leader not Ready yet...
2026-02-06T18:24:18.4569972Z Follower [vllm-0-1] phase=Running ready=false
2026-02-06T18:24:18.4570369Z Follower [vllm-0-1] not Ready yet...
2026-02-06T18:24:18.5767488Z Leader [vllm-0] phase=Running ready=false
2026-02-06T18:24:18.5767904Z Leader not Ready yet...
2026-02-06T18:24:20.7039455Z Follower [vllm-0-1] phase=Running ready=false
2026-02-06T18:24:20.7039886Z Follower [vllm-0-1] not Ready yet...
2026-02-06T18:24:20.8262570Z Leader [vllm-0] phase=Running ready=false
2026-02-06T18:24:20.8262971Z Leader not Ready yet...
2026-02-06T18:24:22.9541893Z Follower [vllm-0-1] phase=Running ready=false
2026-02-06T18:24:22.9542342Z Follower [vllm-0-1] not Ready yet...
2026-02-06T18:24:23.0742925Z Leader [vllm-0] phase=Running ready=false
2026-02-06T18:24:23.0743241Z Leader not Ready yet...
2026-02-06T18:24:25.1934582Z Follower [vllm-0-1] phase=Running ready=false
2026-02-06T18:24:25.1934992Z Follower [vllm-0-1] not Ready yet...
2026-02-06T18:24:25.3131962Z Leader [vllm-0] phase=Running ready=false
2026-02-06T18:24:25.3132417Z Leader not Ready yet...
2026-02-06T18:24:27.4371365Z Follower [vllm-0-1] phase=Running ready=false
2026-02-06T18:24:27.4371854Z Follower [vllm-0-1] not Ready yet...
2026-02-06T18:24:27.5484252Z Leader [vllm-0] phase=Running ready=false
2026-02-06T18:24:27.5484578Z Leader not Ready yet...
2026-02-06T18:24:29.6751334Z Follower [vllm-0-1] phase=Running ready=false
2026-02-06T18:24:29.6751707Z Follower [vllm-0-1] not Ready yet...
2026-02-06T18:24:29.7916229Z Leader [vllm-0] phase=Running ready=false
2026-02-06T18:24:29.7916643Z Leader not Ready yet...
2026-02-06T18:24:31.9239334Z Follower [vllm-0-1] phase=Running ready=false
2026-02-06T18:24:31.9239725Z Follower [vllm-0-1] not Ready yet...
2026-02-06T18:24:32.0438173Z Leader [vllm-0] phase=Running ready=false
2026-02-06T18:24:32.0438591Z Leader not Ready yet...
2026-02-06T18:24:34.1581940Z Follower [vllm-0-1] phase=Running ready=false
2026-02-06T18:24:34.1582554Z Follower [vllm-0-1] not Ready yet...
2026-02-06T18:24:34.2741256Z Leader [vllm-0] phase=Running ready=false
2026-02-06T18:24:34.2741614Z Leader not Ready yet...
2026-02-06T18:24:36.3985629Z Follower [vllm-0-1] phase=Running ready=false
2026-02-06T18:24:36.3986078Z Follower [vllm-0-1] not Ready yet...
2026-02-06T18:24:36.5163388Z Leader [vllm-0] phase=Running ready=false
2026-02-06T18:24:36.5163770Z Leader not Ready yet...
2026-02-06T18:24:38.6359588Z Follower [vllm-0-1] phase=Running ready=false
2026-02-06T18:24:38.6359968Z Follower [vllm-0-1] not Ready yet...
2026-02-06T18:24:38.7510028Z Leader [vllm-0] phase=Running ready=false
2026-02-06T18:24:38.7510384Z Leader not Ready yet...
2026-02-06T18:24:40.8807068Z Follower [vllm-0-1] phase=Running ready=false
2026-02-06T18:24:40.8807455Z Follower [vllm-0-1] not Ready yet...
2026-02-06T18:24:40.9984160Z Leader [vllm-0] phase=Running ready=false
2026-02-06T18:24:40.9984582Z Leader not Ready yet...
2026-02-06T18:24:43.1180557Z Follower [vllm-0-1] phase=Running ready=false
2026-02-06T18:24:43.1180916Z Follower [vllm-0-1] not Ready yet...
2026-02-06T18:24:43.2521076Z Leader [vllm-0] phase=Running ready=false
2026-02-06T18:24:43.2521365Z Leader not Ready yet...
2026-02-06T18:24:45.3727507Z Follower [vllm-0-1] phase=Running ready=false
2026-02-06T18:24:45.3727878Z Follower [vllm-0-1] not Ready yet...
2026-02-06T18:24:45.4874106Z Leader [vllm-0] phase=Running ready=false
2026-02-06T18:24:45.4874407Z Leader not Ready yet...
2026-02-06T18:24:47.6106913Z Follower [vllm-0-1] phase=Running ready=false
2026-02-06T18:24:47.6107447Z Follower [vllm-0-1] not Ready yet...
2026-02-06T18:24:47.7335041Z Leader [vllm-0] phase=Running ready=false
2026-02-06T18:24:47.7335375Z Leader not Ready yet...
2026-02-06T18:24:49.8475399Z Follower [vllm-0-1] phase=Running ready=false
2026-02-06T18:24:49.8475799Z Follower [vllm-0-1] not Ready yet...
2026-02-06T18:24:49.9592265Z Leader [vllm-0] phase=Running ready=false
2026-02-06T18:24:49.9592674Z Leader not Ready yet...
2026-02-06T18:24:52.0849090Z Follower [vllm-0-1] phase=Running ready=false
2026-02-06T18:24:52.0849935Z Follower [vllm-0-1] not Ready yet...
2026-02-06T18:24:52.1990216Z Leader [vllm-0] phase=Running ready=false
2026-02-06T18:24:52.1990690Z Leader not Ready yet...
2026-02-06T18:24:54.3229204Z Follower [vllm-0-1] phase=Running ready=false
2026-02-06T18:24:54.3229618Z Follower [vllm-0-1] not Ready yet...
2026-02-06T18:24:54.4416166Z Leader [vllm-0] phase=Running ready=false
2026-02-06T18:24:54.4416474Z Leader not Ready yet...
2026-02-06T18:24:56.5525116Z Follower [vllm-0-1] phase=Running ready=false
2026-02-06T18:24:56.5525468Z Follower [vllm-0-1] not Ready yet...
2026-02-06T18:24:56.6724443Z Leader [vllm-0] phase=Running ready=false
2026-02-06T18:24:56.6724818Z Leader not Ready yet...
2026-02-06T18:24:58.7836606Z Follower [vllm-0-1] phase=Running ready=false
2026-02-06T18:24:58.7837017Z Follower [vllm-0-1] not Ready yet...
2026-02-06T18:24:58.9006938Z Leader [vllm-0] phase=Running ready=false
2026-02-06T18:24:58.9007309Z Leader not Ready yet...
2026-02-06T18:25:01.0278376Z Follower [vllm-0-1] phase=Running ready=false
2026-02-06T18:25:01.0278718Z Follower [vllm-0-1] not Ready yet...
2026-02-06T18:25:01.1639700Z Leader [vllm-0] phase=Running ready=false
2026-02-06T18:25:01.1640100Z Leader not Ready yet...
2026-02-06T18:25:03.5466649Z Follower [vllm-0-1] phase=Running ready=false
2026-02-06T18:25:03.5467049Z Follower [vllm-0-1] not Ready yet...
2026-02-06T18:25:03.6679567Z Leader [vllm-0] phase=Running ready=false
2026-02-06T18:25:03.6679955Z Leader not Ready yet...
2026-02-06T18:25:05.7982830Z Follower [vllm-0-1] phase=Running ready=false
2026-02-06T18:25:05.7983177Z Follower [vllm-0-1] not Ready yet...
2026-02-06T18:25:05.9113903Z Leader [vllm-0] phase=Running ready=false
2026-02-06T18:25:05.9114250Z Leader not Ready yet...
2026-02-06T18:25:08.0392349Z Follower [vllm-0-1] phase=Running ready=false
2026-02-06T18:25:08.0392728Z Follower [vllm-0-1] not Ready yet...
2026-02-06T18:25:08.1578781Z Leader [vllm-0] phase=Running ready=false
2026-02-06T18:25:08.1579236Z Leader not Ready yet...
2026-02-06T18:25:10.2861191Z Follower [vllm-0-1] phase=Running ready=false
2026-02-06T18:25:10.2861555Z Follower [vllm-0-1] not Ready yet...
2026-02-06T18:25:10.4152468Z Leader [vllm-0] phase=Running ready=false
2026-02-06T18:25:10.4152881Z Leader not Ready yet...
2026-02-06T18:25:12.5494811Z Follower [vllm-0-1] phase=Running ready=false
2026-02-06T18:25:12.5495204Z Follower [vllm-0-1] not Ready yet...
2026-02-06T18:25:12.6837780Z Leader [vllm-0] phase=Running ready=false
2026-02-06T18:25:12.6838348Z Leader not Ready yet...
2026-02-06T18:25:14.8143516Z Follower [vllm-0-1] phase=Running ready=false
2026-02-06T18:25:14.8143924Z Follower [vllm-0-1] not Ready yet...
2026-02-06T18:25:14.9278513Z Leader [vllm-0] phase=Running ready=false
2026-02-06T18:25:14.9278972Z Leader not Ready yet...
2026-02-06T18:25:17.0488984Z Follower [vllm-0-1] phase=Running ready=false
2026-02-06T18:25:17.0489438Z Follower [vllm-0-1] not Ready yet...
2026-02-06T18:25:17.1661444Z Leader [vllm-0] phase=Running ready=false
2026-02-06T18:25:17.1661921Z Leader not Ready yet...
2026-02-06T18:25:19.2898545Z Follower [vllm-0-1] phase=Running ready=false
2026-02-06T18:25:19.2898931Z Follower [vllm-0-1] not Ready yet...
2026-02-06T18:25:19.4173643Z Leader [vllm-0] phase=Running ready=false
2026-02-06T18:25:19.4174056Z Leader not Ready yet...
2026-02-06T18:25:21.5403844Z Follower [vllm-0-1] phase=Running ready=false
2026-02-06T18:25:21.5404271Z Follower [vllm-0-1] not Ready yet...
2026-02-06T18:25:21.6619184Z Leader [vllm-0] phase=Running ready=false
2026-02-06T18:25:21.6619495Z Leader not Ready yet...
2026-02-06T18:25:23.7904967Z Follower [vllm-0-1] phase=Running ready=false
2026-02-06T18:25:23.7905308Z Follower [vllm-0-1] not Ready yet...
2026-02-06T18:25:23.9160916Z Leader [vllm-0] phase=Running ready=false
2026-02-06T18:25:23.9161332Z Leader not Ready yet...
2026-02-06T18:25:26.0531044Z Follower [vllm-0-1] phase=Running ready=false
2026-02-06T18:25:26.0531570Z Follower [vllm-0-1] not Ready yet...
2026-02-06T18:25:26.1747706Z Leader [vllm-0] phase=Running ready=false
2026-02-06T18:25:26.1748472Z Leader not Ready yet...
2026-02-06T18:25:28.2993763Z Follower [vllm-0-1] phase=Running ready=false
2026-02-06T18:25:28.2994139Z Follower [vllm-0-1] not Ready yet...
2026-02-06T18:25:28.4206793Z Leader [vllm-0] phase=Running ready=false
2026-02-06T18:25:28.4207262Z Leader not Ready yet...
2026-02-06T18:25:30.5457820Z Follower [vllm-0-1] phase=Running ready=false
2026-02-06T18:25:30.5458363Z Follower [vllm-0-1] not Ready yet...
2026-02-06T18:25:30.6672631Z Leader [vllm-0] phase=Running ready=false
2026-02-06T18:25:30.6673021Z Leader not Ready yet...
2026-02-06T18:25:32.7882622Z Follower [vllm-0-1] phase=Running ready=false
2026-02-06T18:25:32.7883091Z Follower [vllm-0-1] not Ready yet...
2026-02-06T18:25:32.9209149Z Leader [vllm-0] phase=Running ready=false
2026-02-06T18:25:32.9209490Z Leader not Ready yet...
2026-02-06T18:25:35.0392975Z Follower [vllm-0-1] phase=Running ready=false
2026-02-06T18:25:35.0393311Z Follower [vllm-0-1] not Ready yet...
2026-02-06T18:25:35.1551292Z Leader [vllm-0] phase=Running ready=false
2026-02-06T18:25:35.1551773Z Leader not Ready yet...
2026-02-06T18:25:37.2728431Z Follower [vllm-0-1] phase=Running ready=false
2026-02-06T18:25:37.2728741Z Follower [vllm-0-1] not Ready yet...
2026-02-06T18:25:37.3967210Z Leader [vllm-0] phase=Running ready=false
2026-02-06T18:25:37.3967554Z Leader not Ready yet...
2026-02-06T18:25:39.5148461Z Follower [vllm-0-1] phase=Running ready=false
2026-02-06T18:25:39.5148846Z Follower [vllm-0-1] not Ready yet...
2026-02-06T18:25:39.6299830Z Leader [vllm-0] phase=Running ready=false
2026-02-06T18:25:39.6300281Z Leader not Ready yet...
2026-02-06T18:25:41.7455723Z Follower [vllm-0-1] phase=Running ready=false
2026-02-06T18:25:41.7456344Z Follower [vllm-0-1] not Ready yet...
2026-02-06T18:25:41.8594395Z Leader [vllm-0] phase=Running ready=false
2026-02-06T18:25:41.8594740Z Leader not Ready yet...
2026-02-06T18:25:43.9673982Z Follower [vllm-0-1] phase=Running ready=false
2026-02-06T18:25:43.9674396Z Follower [vllm-0-1] not Ready yet...
2026-02-06T18:25:44.0895470Z Leader [vllm-0] phase=Running ready=false
2026-02-06T18:25:44.0895827Z Leader not Ready yet...
2026-02-06T18:25:46.2034050Z Follower [vllm-0-1] phase=Running ready=false
2026-02-06T18:25:46.2034428Z Follower [vllm-0-1] not Ready yet...
2026-02-06T18:25:46.3169853Z Leader [vllm-0] phase=Running ready=false
2026-02-06T18:25:46.3170149Z Leader not Ready yet...
2026-02-06T18:25:48.4346590Z Follower [vllm-0-1] phase=Running ready=false
2026-02-06T18:25:48.4347170Z Follower [vllm-0-1] not Ready yet...
2026-02-06T18:25:48.5414539Z Leader [vllm-0] phase=Running ready=false
2026-02-06T18:25:48.5414891Z Leader not Ready yet...
2026-02-06T18:25:50.6590993Z Follower [vllm-0-1] phase=Running ready=false
2026-02-06T18:25:50.6591347Z Follower [vllm-0-1] not Ready yet...
2026-02-06T18:25:50.7704901Z Leader [vllm-0] phase=Running ready=false
2026-02-06T18:25:50.7705255Z Leader not Ready yet...
2026-02-06T18:25:52.8872682Z Follower [vllm-0-1] phase=Running ready=false
2026-02-06T18:25:52.8873115Z Follower [vllm-0-1] not Ready yet...
2026-02-06T18:25:53.0029988Z Leader [vllm-0] phase=Running ready=false
2026-02-06T18:25:53.0030401Z Leader not Ready yet...
2026-02-06T18:25:55.1170813Z Follower [vllm-0-1] phase=Running ready=false
2026-02-06T18:25:55.1171299Z Follower [vllm-0-1] not Ready yet...
2026-02-06T18:25:55.2334788Z Leader [vllm-0] phase=Running ready=false
2026-02-06T18:25:55.2335077Z Leader not Ready yet...
2026-02-06T18:25:57.3554927Z Follower [vllm-0-1] phase=Running ready=false
2026-02-06T18:25:57.3555397Z Follower [vllm-0-1] not Ready yet...
2026-02-06T18:25:57.4807090Z Leader [vllm-0] phase=Running ready=false
2026-02-06T18:25:57.4807430Z Leader not Ready yet...
2026-02-06T18:25:59.5992625Z Follower [vllm-0-1] phase=Running ready=false
2026-02-06T18:25:59.5993128Z Follower [vllm-0-1] not Ready yet...
2026-02-06T18:25:59.7189671Z Leader [vllm-0] phase=Running ready=false
2026-02-06T18:25:59.7190019Z Leader not Ready yet...
2026-02-06T18:26:01.8403597Z Follower [vllm-0-1] phase=Running ready=false
2026-02-06T18:26:01.8403982Z Follower [vllm-0-1] not Ready yet...
2026-02-06T18:26:01.9588832Z Leader [vllm-0] phase=Running ready=false
2026-02-06T18:26:01.9589226Z Leader not Ready yet...
2026-02-06T18:26:04.0771806Z Follower [vllm-0-1] phase=Running ready=false
2026-02-06T18:26:04.0772324Z Follower [vllm-0-1] not Ready yet...
2026-02-06T18:26:04.1897200Z Leader [vllm-0] phase=Running ready=false
2026-02-06T18:26:04.1897642Z Leader not Ready yet...
2026-02-06T18:26:06.3059687Z Follower [vllm-0-1] phase=Running ready=false
2026-02-06T18:26:06.3060137Z Follower [vllm-0-1] not Ready yet...
2026-02-06T18:26:06.4168180Z Leader [vllm-0] phase=Running ready=false
2026-02-06T18:26:06.4168605Z Leader not Ready yet...
2026-02-06T18:26:08.5367142Z Follower [vllm-0-1] phase=Running ready=false
2026-02-06T18:26:08.5367556Z Follower [vllm-0-1] not Ready yet...
2026-02-06T18:26:08.6591510Z Leader [vllm-0] phase=Running ready=false
2026-02-06T18:26:10.7833877Z Leader not Ready yet...
2026-02-06T18:26:10.7834229Z Follower [vllm-0-1] phase=Running ready=false
2026-02-06T18:26:10.7834614Z Follower [vllm-0-1] not Ready yet...
2026-02-06T18:26:10.9028096Z Leader [vllm-0] phase=Running ready=false
2026-02-06T18:26:10.9028419Z Leader not Ready yet...
2026-02-06T18:26:13.0283674Z Follower [vllm-0-1] phase=Running ready=false
2026-02-06T18:26:13.0284031Z Follower [vllm-0-1] not Ready yet...
2026-02-06T18:26:13.1478570Z Leader [vllm-0] phase=Running ready=false
2026-02-06T18:26:13.1478924Z Leader not Ready yet...
2026-02-06T18:26:15.2811321Z Follower [vllm-0-1] phase=Running ready=false
2026-02-06T18:26:15.2811723Z Follower [vllm-0-1] not Ready yet...
2026-02-06T18:26:15.3966359Z Leader [vllm-0] phase=Running ready=false
2026-02-06T18:26:15.3966712Z Leader not Ready yet...
2026-02-06T18:26:17.5213661Z Follower [vllm-0-1] phase=Running ready=false
2026-02-06T18:26:17.5214002Z Follower [vllm-0-1] not Ready yet...
2026-02-06T18:26:17.6417467Z Leader [vllm-0] phase=Running ready=false
2026-02-06T18:26:17.6417797Z Leader not Ready yet...
2026-02-06T18:26:19.7669240Z Follower [vllm-0-1] phase=Running ready=false
2026-02-06T18:26:19.7669656Z Follower [vllm-0-1] not Ready yet...
2026-02-06T18:26:19.8825299Z Leader [vllm-0] phase=Running ready=false
2026-02-06T18:26:19.8825739Z Leader not Ready yet...
2026-02-06T18:26:22.0088562Z Follower [vllm-0-1] phase=Running ready=false
2026-02-06T18:26:22.0089080Z Follower [vllm-0-1] not Ready yet...
2026-02-06T18:26:22.1295978Z Leader [vllm-0] phase=Running ready=false
2026-02-06T18:26:22.1296280Z Leader not Ready yet...
2026-02-06T18:26:24.2563371Z Follower [vllm-0-1] phase=Running ready=false
2026-02-06T18:26:24.2563768Z Follower [vllm-0-1] not Ready yet...
2026-02-06T18:26:24.3703805Z Leader [vllm-0] phase=Running ready=false
2026-02-06T18:26:24.3704164Z Leader not Ready yet...
2026-02-06T18:26:26.4930450Z Follower [vllm-0-1] phase=Running ready=false
2026-02-06T18:26:26.4930860Z Follower [vllm-0-1] not Ready yet...
2026-02-06T18:26:26.6064983Z Leader [vllm-0] phase=Running ready=false
2026-02-06T18:26:26.6065396Z Leader not Ready yet...
2026-02-06T18:26:28.7291791Z Follower [vllm-0-1] phase=Running ready=false
2026-02-06T18:26:28.7292261Z Follower [vllm-0-1] not Ready yet...
2026-02-06T18:26:28.8482297Z Leader [vllm-0] phase=Running ready=false
2026-02-06T18:26:28.8482632Z Leader not Ready yet...
2026-02-06T18:26:30.9695643Z Follower [vllm-0-1] phase=Running ready=false
2026-02-06T18:26:30.9696009Z Follower [vllm-0-1] not Ready yet...
2026-02-06T18:26:31.0908792Z Leader [vllm-0] phase=Running ready=false
2026-02-06T18:26:33.2173777Z Leader not Ready yet...
2026-02-06T18:26:33.2174228Z Follower [vllm-0-1] phase=Running ready=false
2026-02-06T18:26:33.2174578Z Follower [vllm-0-1] not Ready yet...
2026-02-06T18:26:33.3325017Z Leader [vllm-0] phase=Running ready=false
2026-02-06T18:26:33.3325301Z Leader not Ready yet...
2026-02-06T18:26:35.4616572Z Follower [vllm-0-1] phase=Running ready=false
2026-02-06T18:26:35.4617006Z Follower [vllm-0-1] not Ready yet...
2026-02-06T18:26:35.5840825Z Leader [vllm-0] phase=Running ready=false
2026-02-06T18:26:35.5841214Z Leader not Ready yet...
2026-02-06T18:26:37.7114887Z Follower [vllm-0-1] phase=Running ready=false
2026-02-06T18:26:37.7115259Z Follower [vllm-0-1] not Ready yet...
2026-02-06T18:26:37.8310642Z Leader [vllm-0] phase=Running ready=false
2026-02-06T18:26:37.8311100Z Leader not Ready yet...
2026-02-06T18:26:39.9591023Z Follower [vllm-0-1] phase=Running ready=false
2026-02-06T18:26:39.9591453Z Follower [vllm-0-1] not Ready yet...
2026-02-06T18:26:40.0777774Z Leader [vllm-0] phase=Running ready=false
2026-02-06T18:26:40.0778235Z Leader not Ready yet...
2026-02-06T18:26:42.1947389Z Follower [vllm-0-1] phase=Running ready=false
2026-02-06T18:26:42.1947874Z Follower [vllm-0-1] not Ready yet...
2026-02-06T18:26:42.3256497Z Leader [vllm-0] phase=Running ready=false
2026-02-06T18:26:42.3256890Z Leader not Ready yet...
2026-02-06T18:26:44.4579638Z Follower [vllm-0-1] phase=Running ready=false
2026-02-06T18:26:44.4580158Z Follower [vllm-0-1] not Ready yet...
2026-02-06T18:26:44.5759858Z Leader [vllm-0] phase=Running ready=false
2026-02-06T18:26:44.5760187Z Leader not Ready yet...
2026-02-06T18:26:46.7033902Z Follower [vllm-0-1] phase=Running ready=false
2026-02-06T18:26:46.7034273Z Follower [vllm-0-1] not Ready yet...
2026-02-06T18:26:46.8225114Z Leader [vllm-0] phase=Running ready=false
2026-02-06T18:26:46.8225422Z Leader not Ready yet...
2026-02-06T18:26:48.9445787Z Follower [vllm-0-1] phase=Running ready=false
2026-02-06T18:26:48.9446153Z Follower [vllm-0-1] not Ready yet...
2026-02-06T18:26:49.0608397Z Leader [vllm-0] phase=Running ready=false
2026-02-06T18:26:49.0608729Z Leader not Ready yet...
2026-02-06T18:26:51.1925293Z Follower [vllm-0-1] phase=Running ready=false
2026-02-06T18:26:51.1925777Z Follower [vllm-0-1] not Ready yet...
2026-02-06T18:26:51.3201751Z Leader [vllm-0] phase=Running ready=false
2026-02-06T18:26:51.3202415Z Leader not Ready yet...
2026-02-06T18:26:53.4397971Z Follower [vllm-0-1] phase=Running ready=false
2026-02-06T18:26:53.4398340Z Follower [vllm-0-1] not Ready yet...
2026-02-06T18:26:53.5626823Z Leader [vllm-0] phase=Running ready=false
2026-02-06T18:26:53.5627186Z Leader not Ready yet...
2026-02-06T18:26:55.6780517Z Follower [vllm-0-1] phase=Running ready=false
2026-02-06T18:26:55.6780903Z Follower [vllm-0-1] not Ready yet...
2026-02-06T18:26:55.7941721Z Leader [vllm-0] phase=Running ready=false
2026-02-06T18:26:55.7942190Z Leader not Ready yet...
2026-02-06T18:26:57.9144549Z Follower [vllm-0-1] phase=Running ready=false
2026-02-06T18:26:57.9144885Z Follower [vllm-0-1] not Ready yet...
2026-02-06T18:26:58.0389269Z Leader [vllm-0] phase=Running ready=false
2026-02-06T18:26:58.0389657Z Leader not Ready yet...
2026-02-06T18:27:00.1800514Z Follower [vllm-0-1] phase=Running ready=false
2026-02-06T18:27:00.1800865Z Follower [vllm-0-1] not Ready yet...
2026-02-06T18:27:00.2965108Z Leader [vllm-0] phase=Running ready=false
2026-02-06T18:27:00.2965474Z Leader not Ready yet...
2026-02-06T18:27:02.4113241Z Follower [vllm-0-1] phase=Running ready=false
2026-02-06T18:27:02.4113848Z Follower [vllm-0-1] not Ready yet...
2026-02-06T18:27:02.5417860Z Leader [vllm-0] phase=Running ready=false
2026-02-06T18:27:02.5418208Z Leader not Ready yet...
2026-02-06T18:27:04.6581581Z Follower [vllm-0-1] phase=Running ready=false
2026-02-06T18:27:04.6581952Z Follower [vllm-0-1] not Ready yet...
2026-02-06T18:27:04.7840969Z Leader [vllm-0] phase=Running ready=false
2026-02-06T18:27:04.7841296Z Leader not Ready yet...
2026-02-06T18:27:06.9055267Z Follower [vllm-0-1] phase=Running ready=false
2026-02-06T18:27:06.9055762Z Follower [vllm-0-1] not Ready yet...
2026-02-06T18:27:07.0280617Z Leader [vllm-0] phase=Running ready=false
2026-02-06T18:27:07.0280943Z Leader not Ready yet...
2026-02-06T18:27:09.1511555Z Follower [vllm-0-1] phase=Running ready=false
2026-02-06T18:27:09.1511879Z Follower [vllm-0-1] not Ready yet...
2026-02-06T18:27:09.2686109Z Leader [vllm-0] phase=Running ready=false
2026-02-06T18:27:09.2686436Z Leader not Ready yet...
2026-02-06T18:27:11.3898498Z Follower [vllm-0-1] phase=Running ready=false
2026-02-06T18:27:11.3898872Z Follower [vllm-0-1] not Ready yet...
2026-02-06T18:27:11.5065377Z Leader [vllm-0] phase=Running ready=false
2026-02-06T18:27:11.5065788Z Leader not Ready yet...
2026-02-06T18:27:13.6265429Z Follower [vllm-0-1] phase=Running ready=false
2026-02-06T18:27:13.6265951Z Follower [vllm-0-1] not Ready yet...
2026-02-06T18:27:13.7429923Z Leader [vllm-0] phase=Running ready=false
2026-02-06T18:27:13.7430319Z Leader not Ready yet...
2026-02-06T18:27:15.8647871Z Follower [vllm-0-1] phase=Running ready=false
2026-02-06T18:27:15.8648382Z Follower [vllm-0-1] not Ready yet...
2026-02-06T18:27:15.9844107Z Leader [vllm-0] phase=Running ready=false
2026-02-06T18:27:15.9844406Z Leader not Ready yet...
2026-02-06T18:27:18.1122489Z Follower [vllm-0-1] phase=Running ready=false
2026-02-06T18:27:18.1123002Z Follower [vllm-0-1] not Ready yet...
2026-02-06T18:27:18.2367009Z Leader [vllm-0] phase=Running ready=false
2026-02-06T18:27:18.2367333Z Leader not Ready yet...
2026-02-06T18:27:20.3541790Z Follower [vllm-0-1] phase=Running ready=false
2026-02-06T18:27:20.3542296Z Follower [vllm-0-1] not Ready yet...
2026-02-06T18:27:20.4659618Z Leader [vllm-0] phase=Running ready=false
2026-02-06T18:27:20.4659917Z Leader not Ready yet...
2026-02-06T18:27:22.5897210Z Follower [vllm-0-1] phase=Running ready=false
2026-02-06T18:27:22.5897566Z Follower [vllm-0-1] not Ready yet...
2026-02-06T18:27:22.7125780Z Leader [vllm-0] phase=Running ready=false
2026-02-06T18:27:22.7126205Z Leader not Ready yet...
2026-02-06T18:27:24.8304965Z Follower [vllm-0-1] phase=Running ready=false
2026-02-06T18:27:24.8305409Z Follower [vllm-0-1] not Ready yet...
2026-02-06T18:27:24.9518354Z Leader [vllm-0] phase=Running ready=false
2026-02-06T18:27:24.9518693Z Leader not Ready yet...
2026-02-06T18:27:27.0693590Z Follower [vllm-0-1] phase=Running ready=false
2026-02-06T18:27:27.0694379Z Follower [vllm-0-1] not Ready yet...
2026-02-06T18:27:27.1884124Z Leader [vllm-0] phase=Running ready=false
2026-02-06T18:27:27.1884647Z Leader not Ready yet...
2026-02-06T18:27:29.3088037Z Follower [vllm-0-1] phase=Running ready=false
2026-02-06T18:27:29.3088470Z Follower [vllm-0-1] not Ready yet...
2026-02-06T18:27:29.4351283Z Leader [vllm-0] phase=Running ready=false
2026-02-06T18:27:29.4351631Z Leader not Ready yet...
2026-02-06T18:27:31.5517252Z Follower [vllm-0-1] phase=Running ready=false
2026-02-06T18:27:31.5517684Z Follower [vllm-0-1] not Ready yet...
2026-02-06T18:27:31.6721777Z Leader [vllm-0] phase=Running ready=false
2026-02-06T18:27:31.6722231Z Leader not Ready yet...
2026-02-06T18:27:33.7967929Z Follower [vllm-0-1] phase=Running ready=false
2026-02-06T18:27:33.7968273Z Follower [vllm-0-1] not Ready yet...
2026-02-06T18:27:33.9165209Z Leader [vllm-0] phase=Running ready=false
2026-02-06T18:27:33.9165684Z Leader not Ready yet...
2026-02-06T18:27:36.0396419Z Follower [vllm-0-1] phase=Running ready=false
2026-02-06T18:27:36.0397003Z Follower [vllm-0-1] not Ready yet...
2026-02-06T18:27:36.1633183Z Leader [vllm-0] phase=Running ready=false
2026-02-06T18:27:36.1633608Z Leader not Ready yet...
2026-02-06T18:27:38.2862168Z Follower [vllm-0-1] phase=Running ready=false
2026-02-06T18:27:38.2862607Z Follower [vllm-0-1] not Ready yet...
2026-02-06T18:27:38.4146496Z Leader [vllm-0] phase=Running ready=false
2026-02-06T18:27:38.4146834Z Leader not Ready yet...
2026-02-06T18:27:40.5458383Z Follower [vllm-0-1] phase=Running ready=false
2026-02-06T18:27:40.5458764Z Follower [vllm-0-1] not Ready yet...
2026-02-06T18:27:40.6725550Z Leader [vllm-0] phase=Running ready=false
2026-02-06T18:27:40.6725921Z Leader not Ready yet...
2026-02-06T18:27:42.8048169Z Follower [vllm-0-1] phase=Running ready=false
2026-02-06T18:27:42.8048713Z Follower [vllm-0-1] not Ready yet...
2026-02-06T18:27:42.9212318Z Leader [vllm-0] phase=Running ready=false
2026-02-06T18:27:42.9212804Z Leader not Ready yet...
2026-02-06T18:27:45.0578711Z Follower [vllm-0-1] phase=Running ready=false
2026-02-06T18:27:45.0579269Z Follower [vllm-0-1] not Ready yet...
2026-02-06T18:27:45.1831816Z Leader [vllm-0] phase=Running ready=false
2026-02-06T18:27:45.1832277Z Leader not Ready yet...
2026-02-06T18:27:47.3008409Z Follower [vllm-0-1] phase=Running ready=false
2026-02-06T18:27:47.3008814Z Follower [vllm-0-1] not Ready yet...
2026-02-06T18:27:47.4231217Z Leader [vllm-0] phase=Running ready=false
2026-02-06T18:27:47.4231661Z Leader not Ready yet...
2026-02-06T18:27:49.5373405Z Follower [vllm-0-1] phase=Running ready=false
2026-02-06T18:27:49.5373929Z Follower [vllm-0-1] not Ready yet...
2026-02-06T18:27:49.6477218Z Leader [vllm-0] phase=Running ready=false
2026-02-06T18:27:49.6477535Z Leader not Ready yet...
2026-02-06T18:27:51.7671700Z Follower [vllm-0-1] phase=Running ready=false
2026-02-06T18:27:51.7672166Z Follower [vllm-0-1] not Ready yet...
2026-02-06T18:27:51.8974448Z Leader [vllm-0] phase=Running ready=false
2026-02-06T18:27:51.8974809Z Leader not Ready yet...
2026-02-06T18:27:54.0234105Z Follower [vllm-0-1] phase=Running ready=false
2026-02-06T18:27:54.0234474Z Follower [vllm-0-1] not Ready yet...
2026-02-06T18:27:54.1427223Z Leader [vllm-0] phase=Running ready=false
2026-02-06T18:27:54.1427545Z Leader not Ready yet...
2026-02-06T18:27:56.2736365Z Follower [vllm-0-1] phase=Running ready=false
2026-02-06T18:27:56.2736868Z Follower [vllm-0-1] not Ready yet...
2026-02-06T18:27:56.3937145Z Leader [vllm-0] phase=Running ready=false
2026-02-06T18:27:56.3937565Z Leader not Ready yet...
2026-02-06T18:27:58.5151138Z Follower [vllm-0-1] phase=Running ready=false
2026-02-06T18:27:58.5151492Z Follower [vllm-0-1] not Ready yet...
2026-02-06T18:27:58.6424425Z Leader [vllm-0] phase=Running ready=false
2026-02-06T18:27:58.6424797Z Leader not Ready yet...
2026-02-06T18:28:00.7740002Z Follower [vllm-0-1] phase=Running ready=false
2026-02-06T18:28:00.7740383Z Follower [vllm-0-1] not Ready yet...
2026-02-06T18:28:00.9053199Z Leader [vllm-0] phase=Running ready=false
2026-02-06T18:28:00.9055428Z Leader not Ready yet...
2026-02-06T18:28:03.0211336Z Follower [vllm-0-1] phase=Running ready=false
2026-02-06T18:28:03.0211726Z Follower [vllm-0-1] not Ready yet...
2026-02-06T18:28:03.1401932Z Leader [vllm-0] phase=Running ready=false
2026-02-06T18:28:03.1404245Z Leader not Ready yet...
2026-02-06T18:28:05.2559106Z Follower [vllm-0-1] phase=Running ready=false
2026-02-06T18:28:05.2559616Z Follower [vllm-0-1] not Ready yet...
2026-02-06T18:28:05.3851540Z Leader [vllm-0] phase=Running ready=false
2026-02-06T18:28:05.3851969Z Leader not Ready yet...
2026-02-06T18:28:07.5033023Z Follower [vllm-0-1] phase=Running ready=false
2026-02-06T18:28:07.5033410Z Follower [vllm-0-1] not Ready yet...
2026-02-06T18:28:07.6178316Z Leader [vllm-0] phase=Running ready=false
2026-02-06T18:28:07.6178665Z Leader not Ready yet...
2026-02-06T18:28:09.7362762Z Follower [vllm-0-1] phase=Running ready=false
2026-02-06T18:28:09.7363334Z Follower [vllm-0-1] not Ready yet...
2026-02-06T18:28:09.8495318Z Leader [vllm-0] phase=Running ready=false
2026-02-06T18:28:09.8495822Z Leader not Ready yet...
2026-02-06T18:28:11.9655075Z Follower [vllm-0-1] phase=Running ready=false
2026-02-06T18:28:11.9655525Z Follower [vllm-0-1] not Ready yet...
2026-02-06T18:28:12.0777796Z Leader [vllm-0] phase=Running ready=false
2026-02-06T18:28:12.0778203Z Leader not Ready yet...
2026-02-06T18:28:14.1920650Z Follower [vllm-0-1] phase=Running ready=false
2026-02-06T18:28:14.1921020Z Follower [vllm-0-1] not Ready yet...
2026-02-06T18:28:14.3028599Z Leader [vllm-0] phase=Running ready=false
2026-02-06T18:28:14.3029019Z Leader not Ready yet...
2026-02-06T18:28:16.4222908Z Follower [vllm-0-1] phase=Running ready=false
2026-02-06T18:28:16.4223257Z Follower [vllm-0-1] not Ready yet...
2026-02-06T18:28:16.5430042Z Leader [vllm-0] phase=Running ready=false
2026-02-06T18:28:16.5430510Z Leader not Ready yet...
2026-02-06T18:28:18.6696129Z Follower [vllm-0-1] phase=Running ready=false
2026-02-06T18:28:18.6696491Z Follower [vllm-0-1] not Ready yet...
2026-02-06T18:28:18.7979810Z Leader [vllm-0] phase=Running ready=false
2026-02-06T18:28:18.7980212Z Leader not Ready yet...
2026-02-06T18:28:20.9434116Z Follower [vllm-0-1] phase=Running ready=false
2026-02-06T18:28:20.9434617Z Follower [vllm-0-1] not Ready yet...
2026-02-06T18:28:21.0645566Z Leader [vllm-0] phase=Running ready=false
2026-02-06T18:28:21.0645924Z Leader not Ready yet...
2026-02-06T18:28:23.1852480Z Follower [vllm-0-1] phase=Running ready=false
2026-02-06T18:28:23.1852893Z Follower [vllm-0-1] not Ready yet...
2026-02-06T18:28:23.2988714Z Leader [vllm-0] phase=Running ready=false
2026-02-06T18:28:23.2989025Z Leader not Ready yet...
2026-02-06T18:28:25.4292912Z Follower [vllm-0-1] phase=Running ready=false
2026-02-06T18:28:25.4293292Z Follower [vllm-0-1] not Ready yet...
2026-02-06T18:28:25.5466131Z Leader [vllm-0] phase=Running ready=false
2026-02-06T18:28:25.5468311Z Leader not Ready yet...
2026-02-06T18:28:27.6719114Z Follower [vllm-0-1] phase=Running ready=false
2026-02-06T18:28:27.6719643Z Follower [vllm-0-1] not Ready yet...
2026-02-06T18:28:27.7918307Z Leader [vllm-0] phase=Running ready=false
2026-02-06T18:28:27.7918642Z Leader not Ready yet...
2026-02-06T18:28:29.9045943Z Follower [vllm-0-1] phase=Running ready=false
2026-02-06T18:28:29.9046277Z Follower [vllm-0-1] not Ready yet...
2026-02-06T18:28:30.0235898Z Leader [vllm-0] phase=Running ready=false
2026-02-06T18:28:30.0236217Z Leader not Ready yet...
2026-02-06T18:28:32.1607126Z Follower [vllm-0-1] phase=Running ready=false
2026-02-06T18:28:32.1607518Z Follower [vllm-0-1] not Ready yet...
2026-02-06T18:28:32.2708176Z Leader [vllm-0] phase=Running ready=false
2026-02-06T18:28:32.2708891Z Leader not Ready yet...
2026-02-06T18:28:34.3834442Z Follower [vllm-0-1] phase=Running ready=false
2026-02-06T18:28:34.3834875Z Follower [vllm-0-1] not Ready yet...
2026-02-06T18:28:34.4981734Z Leader [vllm-0] phase=Running ready=false
2026-02-06T18:28:34.4982133Z Leader not Ready yet...
2026-02-06T18:28:36.6332229Z Follower [vllm-0-1] phase=Running ready=false
2026-02-06T18:28:36.6333079Z Follower [vllm-0-1] not Ready yet...
2026-02-06T18:28:36.7497995Z Leader [vllm-0] phase=Running ready=false
2026-02-06T18:28:36.7498379Z Leader not Ready yet...
2026-02-06T18:28:38.8660092Z Follower [vllm-0-1] phase=Running ready=false
2026-02-06T18:28:38.8660569Z Follower [vllm-0-1] not Ready yet...
2026-02-06T18:28:38.9813793Z Leader [vllm-0] phase=Running ready=false
2026-02-06T18:28:38.9814145Z Leader not Ready yet...
2026-02-06T18:28:41.0937805Z Follower [vllm-0-1] phase=Running ready=false
2026-02-06T18:28:41.0938193Z Follower [vllm-0-1] not Ready yet...
2026-02-06T18:28:41.2152569Z Leader [vllm-0] phase=Running ready=false
2026-02-06T18:28:41.2152943Z Leader not Ready yet...
2026-02-06T18:28:43.3349921Z Follower [vllm-0-1] phase=Running ready=false
2026-02-06T18:28:43.3350296Z Follower [vllm-0-1] not Ready yet...
2026-02-06T18:28:43.4501048Z Leader [vllm-0] phase=Running ready=false
2026-02-06T18:28:43.4501387Z Leader not Ready yet...
2026-02-06T18:28:45.5809003Z Follower [vllm-0-1] phase=Running ready=false
2026-02-06T18:28:45.5809527Z Follower [vllm-0-1] not Ready yet...
2026-02-06T18:28:45.7087661Z Leader [vllm-0] phase=Running ready=false
2026-02-06T18:28:45.7087966Z Leader not Ready yet...
2026-02-06T18:28:47.8303037Z Follower [vllm-0-1] phase=Running ready=false
2026-02-06T18:28:47.8303475Z Follower [vllm-0-1] not Ready yet...
2026-02-06T18:28:47.9686322Z Leader [vllm-0] phase=Running ready=false
2026-02-06T18:28:47.9686745Z Leader not Ready yet...
2026-02-06T18:28:50.0963426Z Follower [vllm-0-1] phase=Running ready=false
2026-02-06T18:28:50.0964001Z Follower [vllm-0-1] not Ready yet...
2026-02-06T18:28:50.2137881Z Leader [vllm-0] phase=Running ready=false
2026-02-06T18:28:50.2138176Z Leader not Ready yet...
2026-02-06T18:28:52.3487612Z Follower [vllm-0-1] phase=Running ready=false
2026-02-06T18:28:52.3488007Z Follower [vllm-0-1] not Ready yet...
2026-02-06T18:28:52.4687525Z Leader [vllm-0] phase=Running ready=false
2026-02-06T18:28:52.4687874Z Leader not Ready yet...
2026-02-06T18:28:54.5908797Z Follower [vllm-0-1] phase=Running ready=false
2026-02-06T18:28:54.5909172Z Follower [vllm-0-1] not Ready yet...
2026-02-06T18:28:54.7024603Z Leader [vllm-0] phase=Running ready=false
2026-02-06T18:28:54.7025076Z Leader not Ready yet...
2026-02-06T18:28:56.8175198Z Follower [vllm-0-1] phase=Running ready=false
2026-02-06T18:28:56.8175526Z Follower [vllm-0-1] not Ready yet...
2026-02-06T18:28:56.9395195Z Leader [vllm-0] phase=Running ready=false
2026-02-06T18:28:56.9395541Z Leader not Ready yet...
2026-02-06T18:28:59.0676600Z Follower [vllm-0-1] phase=Running ready=false
2026-02-06T18:28:59.0676965Z Follower [vllm-0-1] not Ready yet...
2026-02-06T18:28:59.1793438Z Leader [vllm-0] phase=Running ready=false
2026-02-06T18:28:59.1793788Z Leader not Ready yet...
2026-02-06T18:29:01.2938441Z Follower [vllm-0-1] phase=Running ready=false
2026-02-06T18:29:01.2938804Z Follower [vllm-0-1] not Ready yet...
2026-02-06T18:29:01.4105533Z Leader [vllm-0] phase=Running ready=false
2026-02-06T18:29:01.4106048Z Leader not Ready yet...
2026-02-06T18:29:03.5356626Z Follower [vllm-0-1] phase=Running ready=false
2026-02-06T18:29:03.5357146Z Follower [vllm-0-1] not Ready yet...
2026-02-06T18:29:03.6564800Z Leader [vllm-0] phase=Running ready=false
2026-02-06T18:29:03.6565101Z Leader not Ready yet...
2026-02-06T18:29:05.7800069Z Follower [vllm-0-1] phase=Running ready=false
2026-02-06T18:29:05.7800437Z Follower [vllm-0-1] not Ready yet...
2026-02-06T18:29:05.8937311Z Leader [vllm-0] phase=Running ready=false
2026-02-06T18:29:05.8937643Z Leader not Ready yet...
2026-02-06T18:29:08.0191938Z Follower [vllm-0-1] phase=Running ready=false
2026-02-06T18:29:08.0192442Z Follower [vllm-0-1] not Ready yet...
2026-02-06T18:29:08.1306596Z Leader [vllm-0] phase=Running ready=false
2026-02-06T18:29:08.1307047Z Leader not Ready yet...
2026-02-06T18:29:10.2479396Z Follower [vllm-0-1] phase=Running ready=false
2026-02-06T18:29:10.2479817Z Follower [vllm-0-1] not Ready yet...
2026-02-06T18:29:10.3611505Z Leader [vllm-0] phase=Running ready=false
2026-02-06T18:29:10.3612207Z Leader not Ready yet...
2026-02-06T18:29:12.4749446Z Follower [vllm-0-1] phase=Running ready=false
2026-02-06T18:29:12.4749841Z Follower [vllm-0-1] not Ready yet...
2026-02-06T18:29:12.5900678Z Leader [vllm-0] phase=Running ready=false
2026-02-06T18:29:12.5901018Z Leader not Ready yet...
2026-02-06T18:29:14.7051423Z Follower [vllm-0-1] phase=Running ready=false
2026-02-06T18:29:14.7051789Z Follower [vllm-0-1] not Ready yet...
2026-02-06T18:29:14.8151697Z Leader [vllm-0] phase=Running ready=false
2026-02-06T18:29:14.8152182Z Leader not Ready yet...
2026-02-06T18:29:16.9288128Z Follower [vllm-0-1] phase=Running ready=false
2026-02-06T18:29:16.9288454Z Follower [vllm-0-1] not Ready yet...
2026-02-06T18:29:17.0468541Z Leader [vllm-0] phase=Running ready=false
2026-02-06T18:29:17.0468861Z Leader not Ready yet...
2026-02-06T18:29:19.1673925Z Follower [vllm-0-1] phase=Running ready=false
2026-02-06T18:29:19.1674325Z Follower [vllm-0-1] not Ready yet...
2026-02-06T18:29:19.2864058Z Leader [vllm-0] phase=Running ready=false
2026-02-06T18:29:19.2864649Z Leader not Ready yet...
2026-02-06T18:29:21.3978319Z Follower [vllm-0-1] phase=Running ready=false
2026-02-06T18:29:21.3978767Z Follower [vllm-0-1] not Ready yet...
2026-02-06T18:29:21.5129359Z Leader [vllm-0] phase=Running ready=false
2026-02-06T18:29:21.5129656Z Leader not Ready yet...
2026-02-06T18:29:23.6320101Z Follower [vllm-0-1] phase=Running ready=false
2026-02-06T18:29:23.6320483Z Follower [vllm-0-1] not Ready yet...
2026-02-06T18:29:23.7409309Z Leader [vllm-0] phase=Running ready=false
2026-02-06T18:29:23.7409626Z Leader not Ready yet...
2026-02-06T18:29:25.8521166Z Follower [vllm-0-1] phase=Running ready=false
2026-02-06T18:29:25.8521549Z Follower [vllm-0-1] not Ready yet...
2026-02-06T18:29:25.9645880Z Leader [vllm-0] phase=Running ready=false
2026-02-06T18:29:25.9646262Z Leader not Ready yet...
2026-02-06T18:29:28.0787560Z Follower [vllm-0-1] phase=Running ready=false
2026-02-06T18:29:28.0787934Z Follower [vllm-0-1] not Ready yet...
2026-02-06T18:29:28.1942829Z Leader [vllm-0] phase=Running ready=false
2026-02-06T18:29:28.1943207Z Leader not Ready yet...
2026-02-06T18:29:30.3216030Z Follower [vllm-0-1] phase=Running ready=false
2026-02-06T18:29:30.3216455Z Follower [vllm-0-1] not Ready yet...
2026-02-06T18:29:30.4422854Z Leader [vllm-0] phase=Running ready=false
2026-02-06T18:29:30.4423258Z Leader not Ready yet...
2026-02-06T18:29:32.5580790Z Follower [vllm-0-1] phase=Running ready=false
2026-02-06T18:29:32.5581155Z Follower [vllm-0-1] not Ready yet...
2026-02-06T18:29:32.6753881Z Leader [vllm-0] phase=Running ready=false
2026-02-06T18:29:32.6754294Z Leader not Ready yet...
2026-02-06T18:29:34.8025837Z Follower [vllm-0-1] phase=Running ready=false
2026-02-06T18:29:34.8026140Z Follower [vllm-0-1] not Ready yet...
2026-02-06T18:29:34.9297315Z Leader [vllm-0] phase=Running ready=false
2026-02-06T18:29:34.9297605Z Leader not Ready yet...
2026-02-06T18:29:37.0488402Z Follower [vllm-0-1] phase=Running ready=false
2026-02-06T18:29:37.0488802Z Follower [vllm-0-1] not Ready yet...
2026-02-06T18:29:37.1635340Z Leader [vllm-0] phase=Running ready=false
2026-02-06T18:29:37.1637865Z Leader not Ready yet...
2026-02-06T18:29:39.2844281Z Follower [vllm-0-1] phase=Running ready=false
2026-02-06T18:29:39.2844824Z Follower [vllm-0-1] not Ready yet...
2026-02-06T18:29:39.4048573Z Leader [vllm-0] phase=Running ready=false
2026-02-06T18:29:39.4049001Z Leader not Ready yet...
2026-02-06T18:29:41.5298443Z Follower [vllm-0-1] phase=Running ready=false
2026-02-06T18:29:41.5299005Z Follower [vllm-0-1] not Ready yet...
2026-02-06T18:29:41.6486143Z Leader [vllm-0] phase=Running ready=false
2026-02-06T18:29:41.6486483Z Leader not Ready yet...
2026-02-06T18:29:43.7777250Z Follower [vllm-0-1] phase=Running ready=false
2026-02-06T18:29:43.7777651Z Follower [vllm-0-1] not Ready yet...
2026-02-06T18:29:43.8988417Z Leader [vllm-0] phase=Running ready=false
2026-02-06T18:29:43.8988690Z Leader not Ready yet...
2026-02-06T18:29:46.0228289Z Follower [vllm-0-1] phase=Running ready=false
2026-02-06T18:29:46.0228892Z Follower [vllm-0-1] not Ready yet...
2026-02-06T18:29:46.1427159Z Leader [vllm-0] phase=Running ready=false
2026-02-06T18:29:46.1427594Z Leader not Ready yet...
2026-02-06T18:29:48.2682642Z Follower [vllm-0-1] phase=Running ready=false
2026-02-06T18:29:48.2683006Z Follower [vllm-0-1] not Ready yet...
2026-02-06T18:29:48.3858300Z Leader [vllm-0] phase=Running ready=false
2026-02-06T18:29:48.3859538Z Leader not Ready yet...
2026-02-06T18:29:50.4971466Z Follower [vllm-0-1] phase=Running ready=false
2026-02-06T18:29:50.4971876Z Follower [vllm-0-1] not Ready yet...
2026-02-06T18:29:50.6115367Z Leader [vllm-0] phase=Running ready=false
2026-02-06T18:29:50.6115679Z Leader not Ready yet...
2026-02-06T18:29:52.7252913Z Follower [vllm-0-1] phase=Running ready=false
2026-02-06T18:29:52.7253289Z Follower [vllm-0-1] not Ready yet...
2026-02-06T18:29:52.8500883Z Leader [vllm-0] phase=Running ready=false
2026-02-06T18:29:52.8501299Z Leader not Ready yet...
2026-02-06T18:29:54.9662884Z Follower [vllm-0-1] phase=Running ready=false
2026-02-06T18:29:54.9663324Z Follower [vllm-0-1] not Ready yet...
2026-02-06T18:29:55.0967147Z Leader [vllm-0] phase=Running ready=false
2026-02-06T18:29:55.0967516Z Leader not Ready yet...
2026-02-06T18:29:57.2156770Z Follower [vllm-0-1] phase=Running ready=false
2026-02-06T18:29:57.2157165Z Follower [vllm-0-1] not Ready yet...
2026-02-06T18:29:57.3389542Z Leader [vllm-0] phase=Running ready=false
2026-02-06T18:29:57.3389881Z Leader not Ready yet...
2026-02-06T18:29:59.4619383Z Follower [vllm-0-1] phase=Running ready=false
2026-02-06T18:29:59.4619885Z Follower [vllm-0-1] not Ready yet...
2026-02-06T18:29:59.5753211Z Leader [vllm-0] phase=Running ready=false
2026-02-06T18:29:59.5753534Z Leader not Ready yet...
2026-02-06T18:30:01.9643254Z Follower [vllm-0-1] phase=Running ready=false
2026-02-06T18:30:01.9643616Z Follower [vllm-0-1] not Ready yet...
2026-02-06T18:30:02.0930576Z Leader [vllm-0] phase=Running ready=false
2026-02-06T18:30:02.0931071Z Leader not Ready yet...
2026-02-06T18:30:04.2268007Z Follower [vllm-0-1] phase=Running ready=false
2026-02-06T18:30:04.2268756Z Follower [vllm-0-1] not Ready yet...
2026-02-06T18:30:04.3401565Z Leader [vllm-0] phase=Running ready=false
2026-02-06T18:30:04.3401896Z Leader not Ready yet...
2026-02-06T18:30:06.4589396Z Follower [vllm-0-1] phase=Running ready=false
2026-02-06T18:30:06.4589762Z Follower [vllm-0-1] not Ready yet...
2026-02-06T18:30:06.5750137Z Leader [vllm-0] phase=Running ready=false
2026-02-06T18:30:06.5750454Z Leader not Ready yet...
2026-02-06T18:30:08.7010892Z Follower [vllm-0-1] phase=Running ready=false
2026-02-06T18:30:08.7011475Z Follower [vllm-0-1] not Ready yet...
2026-02-06T18:30:08.8217910Z Leader [vllm-0] phase=Running ready=false
2026-02-06T18:30:08.8218341Z Leader not Ready yet...
2026-02-06T18:30:10.9401851Z Follower [vllm-0-1] phase=Running ready=false
2026-02-06T18:30:10.9402408Z Follower [vllm-0-1] not Ready yet...
2026-02-06T18:30:11.0580557Z Leader [vllm-0] phase=Running ready=false
2026-02-06T18:30:11.0580910Z Leader not Ready yet...
2026-02-06T18:30:13.1809316Z Follower [vllm-0-1] phase=Running ready=false
2026-02-06T18:30:13.1809714Z Follower [vllm-0-1] not Ready yet...
2026-02-06T18:30:13.3084440Z Leader [vllm-0] phase=Running ready=false
2026-02-06T18:30:13.3084748Z Leader not Ready yet...
2026-02-06T18:30:15.4317910Z Follower [vllm-0-1] phase=Running ready=false
2026-02-06T18:30:15.4318490Z Follower [vllm-0-1] not Ready yet...
2026-02-06T18:30:15.5557865Z Leader [vllm-0] phase=Running ready=false
2026-02-06T18:30:15.5558230Z Leader not Ready yet...
2026-02-06T18:30:17.6739672Z Follower [vllm-0-1] phase=Running ready=false
2026-02-06T18:30:17.6740025Z Follower [vllm-0-1] not Ready yet...
2026-02-06T18:30:17.7860526Z Leader [vllm-0] phase=Running ready=false
2026-02-06T18:30:17.7860956Z Leader not Ready yet...
2026-02-06T18:30:19.9057755Z Follower [vllm-0-1] phase=Running ready=false
2026-02-06T18:30:19.9058177Z Follower [vllm-0-1] not Ready yet...
2026-02-06T18:30:20.0271314Z Leader [vllm-0] phase=Running ready=false
2026-02-06T18:30:20.0271627Z Leader not Ready yet...
2026-02-06T18:30:22.1453036Z Follower [vllm-0-1] phase=Running ready=false
2026-02-06T18:30:22.1453497Z Follower [vllm-0-1] not Ready yet...
2026-02-06T18:30:22.2639818Z Leader [vllm-0] phase=Running ready=false
2026-02-06T18:30:22.2640168Z Leader not Ready yet...
2026-02-06T18:30:24.3776556Z Follower [vllm-0-1] phase=Running ready=false
2026-02-06T18:30:24.3776942Z Follower [vllm-0-1] not Ready yet...
2026-02-06T18:30:24.4997626Z Leader [vllm-0] phase=Running ready=false
2026-02-06T18:30:24.4998159Z Leader not Ready yet...
2026-02-06T18:30:26.6139176Z Follower [vllm-0-1] phase=Running ready=false
2026-02-06T18:30:26.6139706Z Follower [vllm-0-1] not Ready yet...
2026-02-06T18:30:26.7351379Z Leader [vllm-0] phase=Running ready=false
2026-02-06T18:30:26.7351710Z Leader not Ready yet...
2026-02-06T18:30:28.8503233Z Follower [vllm-0-1] phase=Running ready=false
2026-02-06T18:30:28.8503588Z Follower [vllm-0-1] not Ready yet...
2026-02-06T18:30:28.9671010Z Leader [vllm-0] phase=Running ready=false
2026-02-06T18:30:28.9671302Z Leader not Ready yet...
2026-02-06T18:30:31.0861125Z Follower [vllm-0-1] phase=Running ready=false
2026-02-06T18:30:31.0861530Z Follower [vllm-0-1] not Ready yet...
2026-02-06T18:30:31.2061470Z Leader [vllm-0] phase=Running ready=false
2026-02-06T18:30:31.2061822Z Leader not Ready yet...
2026-02-06T18:30:33.3269384Z Follower [vllm-0-1] phase=Running ready=false
2026-02-06T18:30:33.3269840Z Follower [vllm-0-1] not Ready yet...
2026-02-06T18:30:33.4491004Z Leader [vllm-0] phase=Running ready=false
2026-02-06T18:30:33.4491418Z Leader not Ready yet...
2026-02-06T18:30:35.5657206Z Follower [vllm-0-1] phase=Running ready=false
2026-02-06T18:30:35.5657545Z Follower [vllm-0-1] not Ready yet...
2026-02-06T18:30:35.6776262Z Leader [vllm-0] phase=Running ready=false
2026-02-06T18:30:35.6776585Z Leader not Ready yet...
2026-02-06T18:30:37.7940815Z Follower [vllm-0-1] phase=Running ready=false
2026-02-06T18:30:37.7941232Z Follower [vllm-0-1] not Ready yet...
2026-02-06T18:30:37.9141909Z Leader [vllm-0] phase=Running ready=false
2026-02-06T18:30:37.9142514Z Leader not Ready yet...
2026-02-06T18:30:40.0343873Z Follower [vllm-0-1] phase=Running ready=false
2026-02-06T18:30:40.0344280Z Follower [vllm-0-1] not Ready yet...
2026-02-06T18:30:40.1468077Z Leader [vllm-0] phase=Running ready=false
2026-02-06T18:30:40.1468564Z Leader not Ready yet...
2026-02-06T18:30:42.2809434Z Follower [vllm-0-1] phase=Running ready=false
2026-02-06T18:30:42.2809785Z Follower [vllm-0-1] not Ready yet...
2026-02-06T18:30:42.4097720Z Leader [vllm-0] phase=Running ready=false
2026-02-06T18:30:42.4098021Z Leader not Ready yet...
2026-02-06T18:30:44.5333754Z Follower [vllm-0-1] phase=Running ready=false
2026-02-06T18:30:44.5334093Z Follower [vllm-0-1] not Ready yet...
2026-02-06T18:30:44.6568539Z Leader [vllm-0] phase=Running ready=false
2026-02-06T18:30:44.6568881Z Leader not Ready yet...
2026-02-06T18:30:46.7898120Z Follower [vllm-0-1] phase=Running ready=false
2026-02-06T18:30:46.7898536Z Follower [vllm-0-1] not Ready yet...
2026-02-06T18:30:46.9039833Z Leader [vllm-0] phase=Running ready=false
2026-02-06T18:30:46.9040233Z Leader not Ready yet...
2026-02-06T18:30:49.0188370Z Follower [vllm-0-1] phase=Running ready=false
2026-02-06T18:30:49.0188879Z Follower [vllm-0-1] not Ready yet...
2026-02-06T18:30:49.1540926Z Leader [vllm-0] phase=Running ready=false
2026-02-06T18:30:49.1541226Z Leader not Ready yet...
2026-02-06T18:30:51.2820841Z Follower [vllm-0-1] phase=Running ready=false
2026-02-06T18:30:51.2821220Z Follower [vllm-0-1] not Ready yet...
2026-02-06T18:30:51.4246914Z Leader [vllm-0] phase=Running ready=false
2026-02-06T18:30:51.4247232Z Leader not Ready yet...
2026-02-06T18:30:53.5442119Z Follower [vllm-0-1] phase=Running ready=false
2026-02-06T18:30:53.5442469Z Follower [vllm-0-1] not Ready yet...
2026-02-06T18:30:53.6684421Z Leader [vllm-0] phase=Running ready=false
2026-02-06T18:30:53.6684870Z Leader not Ready yet...
2026-02-06T18:30:55.7914748Z Follower [vllm-0-1] phase=Running ready=false
2026-02-06T18:30:55.7915239Z Follower [vllm-0-1] not Ready yet...
2026-02-06T18:30:55.9208286Z Leader [vllm-0] phase=Running ready=false
2026-02-06T18:30:55.9208644Z Leader not Ready yet...
2026-02-06T18:30:58.0355886Z Follower [vllm-0-1] phase=Running ready=false
2026-02-06T18:30:58.0356217Z Follower [vllm-0-1] not Ready yet...
2026-02-06T18:30:58.1579944Z Leader [vllm-0] phase=Running ready=false
2026-02-06T18:30:58.1580337Z Leader not Ready yet...
2026-02-06T18:31:00.2719766Z Follower [vllm-0-1] phase=Running ready=false
2026-02-06T18:31:00.2720175Z Follower [vllm-0-1] not Ready yet...
2026-02-06T18:31:00.3906348Z Leader [vllm-0] phase=Running ready=false
2026-02-06T18:31:00.3906771Z Leader not Ready yet...
2026-02-06T18:31:02.5122074Z Follower [vllm-0-1] phase=Running ready=false
2026-02-06T18:31:02.5122592Z Follower [vllm-0-1] not Ready yet...
2026-02-06T18:31:02.6281931Z Leader [vllm-0] phase=Running ready=false
2026-02-06T18:31:02.6282416Z Leader not Ready yet...
2026-02-06T18:31:04.7440339Z Follower [vllm-0-1] phase=Running ready=false
2026-02-06T18:31:04.7440744Z Follower [vllm-0-1] not Ready yet...
2026-02-06T18:31:04.8661671Z Leader [vllm-0] phase=Running ready=false
2026-02-06T18:31:04.8662083Z Leader not Ready yet...
2026-02-06T18:31:06.9910814Z Follower [vllm-0-1] phase=Running ready=false
2026-02-06T18:31:07.0017490Z Follower [vllm-0-1] not Ready yet...
2026-02-06T18:31:07.1125737Z Leader [vllm-0] phase=Running ready=false
2026-02-06T18:31:07.1125971Z Leader not Ready yet...
2026-02-06T18:31:09.2344724Z Follower [vllm-0-1] phase=Running ready=false
2026-02-06T18:31:09.2345012Z Follower [vllm-0-1] not Ready yet...
2026-02-06T18:31:09.3559583Z Leader [vllm-0] phase=Running ready=false
2026-02-06T18:31:09.3559951Z Leader not Ready yet...
2026-02-06T18:31:11.4774472Z Follower [vllm-0-1] phase=Running ready=false
2026-02-06T18:31:11.4774826Z Follower [vllm-0-1] not Ready yet...
2026-02-06T18:31:11.5944220Z Leader [vllm-0] phase=Running ready=false
2026-02-06T18:31:11.5944476Z Leader not Ready yet...
2026-02-06T18:31:13.7183796Z Follower [vllm-0-1] phase=Running ready=false
2026-02-06T18:31:13.7184463Z Follower [vllm-0-1] not Ready yet...
2026-02-06T18:31:13.8370821Z Leader [vllm-0] phase=Running ready=false
2026-02-06T18:31:13.8371186Z Leader not Ready yet...
2026-02-06T18:31:15.9493484Z Follower [vllm-0-1] phase=Running ready=false
2026-02-06T18:31:15.9493761Z Follower [vllm-0-1] not Ready yet...
2026-02-06T18:31:16.0652614Z Leader [vllm-0] phase=Running ready=false
2026-02-06T18:31:16.0652883Z Leader not Ready yet...
2026-02-06T18:31:18.1837668Z Follower [vllm-0-1] phase=Running ready=false
2026-02-06T18:31:18.1837953Z Follower [vllm-0-1] not Ready yet...
2026-02-06T18:31:18.3050901Z Leader [vllm-0] phase=Running ready=false
2026-02-06T18:31:18.3051145Z Leader not Ready yet...
2026-02-06T18:31:20.4321029Z Follower [vllm-0-1] phase=Running ready=false
2026-02-06T18:31:20.4321311Z Follower [vllm-0-1] not Ready yet...
2026-02-06T18:31:20.5500655Z Leader [vllm-0] phase=Running ready=false
2026-02-06T18:31:20.5500918Z Leader not Ready yet...
2026-02-06T18:31:22.6758764Z Follower [vllm-0-1] phase=Running ready=false
2026-02-06T18:31:22.6759056Z Follower [vllm-0-1] not Ready yet...
2026-02-06T18:31:22.7997523Z Leader [vllm-0] phase=Running ready=false
2026-02-06T18:31:22.7997884Z Leader not Ready yet...
2026-02-06T18:31:24.9267101Z Follower [vllm-0-1] phase=Running ready=false
2026-02-06T18:31:24.9267386Z Follower [vllm-0-1] not Ready yet...
2026-02-06T18:31:25.0512437Z Leader [vllm-0] phase=Running ready=false
2026-02-06T18:31:25.0512655Z Leader not Ready yet...
2026-02-06T18:31:27.1674457Z Follower [vllm-0-1] phase=Running ready=false
2026-02-06T18:31:27.1674751Z Follower [vllm-0-1] not Ready yet...
2026-02-06T18:31:27.2848271Z Leader [vllm-0] phase=Running ready=false
2026-02-06T18:31:27.2848531Z Leader not Ready yet...
2026-02-06T18:31:29.4036251Z Follower [vllm-0-1] phase=Running ready=false
2026-02-06T18:31:29.4036536Z Follower [vllm-0-1] not Ready yet...
2026-02-06T18:31:29.5129742Z Leader [vllm-0] phase=Running ready=false
2026-02-06T18:31:29.5130008Z Leader not Ready yet...
2026-02-06T18:31:31.6363790Z Follower [vllm-0-1] phase=Running ready=false
2026-02-06T18:31:31.6364083Z Follower [vllm-0-1] not Ready yet...
2026-02-06T18:31:31.7531387Z Leader [vllm-0] phase=Running ready=false
2026-02-06T18:31:31.7531633Z Leader not Ready yet...
2026-02-06T18:31:33.8741543Z Follower [vllm-0-1] phase=Running ready=false
2026-02-06T18:31:33.8741819Z Follower [vllm-0-1] not Ready yet...
2026-02-06T18:31:33.9978487Z Leader [vllm-0] phase=Running ready=false
2026-02-06T18:31:33.9978707Z Leader not Ready yet...
2026-02-06T18:31:36.1262242Z Follower [vllm-0-1] phase=Running ready=false
2026-02-06T18:31:36.1262558Z Follower [vllm-0-1] not Ready yet...
2026-02-06T18:31:36.2550900Z Leader [vllm-0] phase=Running ready=false
2026-02-06T18:31:36.2551137Z Leader not Ready yet...
2026-02-06T18:31:38.3775681Z Follower [vllm-0-1] phase=Running ready=false
2026-02-06T18:31:38.3775970Z Follower [vllm-0-1] not Ready yet...
2026-02-06T18:31:38.4912652Z Leader [vllm-0] phase=Running ready=false
2026-02-06T18:31:38.4912905Z Leader not Ready yet...
2026-02-06T18:31:40.6193131Z Follower [vllm-0-1] phase=Running ready=false
2026-02-06T18:31:40.6193432Z Follower [vllm-0-1] not Ready yet...
2026-02-06T18:31:40.7407153Z Leader [vllm-0] phase=Running ready=false
2026-02-06T18:31:40.7407404Z Leader not Ready yet...
2026-02-06T18:31:42.8730391Z Follower [vllm-0-1] phase=Running ready=false
2026-02-06T18:31:42.8730672Z Follower [vllm-0-1] not Ready yet...
2026-02-06T18:31:42.9873201Z Leader [vllm-0] phase=Running ready=false
2026-02-06T18:31:42.9873458Z Leader not Ready yet...
2026-02-06T18:31:45.1136921Z Follower [vllm-0-1] phase=Running ready=false
2026-02-06T18:31:45.1137202Z Follower [vllm-0-1] not Ready yet...
2026-02-06T18:31:45.2335957Z Leader [vllm-0] phase=Running ready=false
2026-02-06T18:31:45.2336217Z Leader not Ready yet...
2026-02-06T18:31:47.3528394Z Follower [vllm-0-1] phase=Running ready=false
2026-02-06T18:31:47.3528697Z Follower [vllm-0-1] not Ready yet...
2026-02-06T18:31:47.4768281Z Leader [vllm-0] phase=Running ready=false
2026-02-06T18:31:47.4768749Z Leader not Ready yet...
2026-02-06T18:31:49.5997074Z Follower [vllm-0-1] phase=Running ready=false
2026-02-06T18:31:49.5997351Z Follower [vllm-0-1] not Ready yet...
2026-02-06T18:31:49.7311936Z Leader [vllm-0] phase=Running ready=false
2026-02-06T18:31:49.7312291Z Leader not Ready yet...
2026-02-06T18:31:51.8515381Z Follower [vllm-0-1] phase=Running ready=false
2026-02-06T18:31:51.8515775Z Follower [vllm-0-1] not Ready yet...
2026-02-06T18:31:51.9773798Z Leader [vllm-0] phase=Running ready=false
2026-02-06T18:31:51.9774093Z Leader not Ready yet...
2026-02-06T18:31:54.0939295Z Follower [vllm-0-1] phase=Running ready=false
2026-02-06T18:31:54.0939568Z Follower [vllm-0-1] not Ready yet...
2026-02-06T18:31:54.2092888Z Leader [vllm-0] phase=Running ready=false
2026-02-06T18:31:54.2093106Z Leader not Ready yet...
2026-02-06T18:31:56.3326766Z Follower [vllm-0-1] phase=Running ready=false
2026-02-06T18:31:56.3327072Z Follower [vllm-0-1] not Ready yet...
2026-02-06T18:31:56.4447109Z Leader [vllm-0] phase=Running ready=false
2026-02-06T18:31:56.4447336Z Leader not Ready yet...
2026-02-06T18:31:58.5733810Z Follower [vllm-0-1] phase=Running ready=false
2026-02-06T18:31:58.5734091Z Follower [vllm-0-1] not Ready yet...
2026-02-06T18:31:58.6830615Z Leader [vllm-0] phase=Running ready=false
2026-02-06T18:31:58.6830855Z Leader not Ready yet...
2026-02-06T18:32:00.7964660Z Follower [vllm-0-1] phase=Running ready=false
2026-02-06T18:32:00.7964959Z Follower [vllm-0-1] not Ready yet...
2026-02-06T18:32:00.9228613Z Leader [vllm-0] phase=Running ready=false
2026-02-06T18:32:00.9228836Z Leader not Ready yet...
2026-02-06T18:32:03.0464986Z Follower [vllm-0-1] phase=Running ready=false
2026-02-06T18:32:03.0465295Z Follower [vllm-0-1] not Ready yet...
2026-02-06T18:32:03.1714065Z Leader [vllm-0] phase=Running ready=false
2026-02-06T18:32:03.1714312Z Leader not Ready yet...
2026-02-06T18:32:05.2928793Z Follower [vllm-0-1] phase=Running ready=false
2026-02-06T18:32:05.2929172Z Follower [vllm-0-1] not Ready yet...
2026-02-06T18:32:05.4100070Z Leader [vllm-0] phase=Running ready=false
2026-02-06T18:32:05.4100309Z Leader not Ready yet...
2026-02-06T18:32:07.5324689Z Follower [vllm-0-1] phase=Running ready=false
2026-02-06T18:32:07.5324981Z Follower [vllm-0-1] not Ready yet...
2026-02-06T18:32:07.6463821Z Leader [vllm-0] phase=Running ready=false
2026-02-06T18:32:07.6464047Z Leader not Ready yet...
2026-02-06T18:32:09.7636299Z Follower [vllm-0-1] phase=Running ready=false
2026-02-06T18:32:09.7636577Z Follower [vllm-0-1] not Ready yet...
2026-02-06T18:32:09.8747043Z Leader [vllm-0] phase=Running ready=false
2026-02-06T18:32:09.8747264Z Leader not Ready yet...
2026-02-06T18:32:12.0052571Z Follower [vllm-0-1] phase=Running ready=false
2026-02-06T18:32:12.0052872Z Follower [vllm-0-1] not Ready yet...
2026-02-06T18:32:12.1276284Z Leader [vllm-0] phase=Running ready=false
2026-02-06T18:32:12.1276577Z Leader not Ready yet...
2026-02-06T18:32:14.2508499Z Follower [vllm-0-1] phase=Running ready=false
2026-02-06T18:32:14.2508822Z Follower [vllm-0-1] not Ready yet...
2026-02-06T18:32:14.3630320Z Leader [vllm-0] phase=Running ready=false
2026-02-06T18:32:14.3630588Z Leader not Ready yet...
2026-02-06T18:32:16.4813636Z Follower [vllm-0-1] phase=Running ready=false
2026-02-06T18:32:16.4813917Z Follower [vllm-0-1] not Ready yet...
2026-02-06T18:32:16.6023725Z Leader [vllm-0] phase=Running ready=false
2026-02-06T18:32:16.6023949Z Leader not Ready yet...
2026-02-06T18:32:18.7335414Z Follower [vllm-0-1] phase=Running ready=false
2026-02-06T18:32:18.7335700Z Follower [vllm-0-1] not Ready yet...
2026-02-06T18:32:18.8414614Z Leader [vllm-0] phase=Running ready=false
2026-02-06T18:32:18.8414834Z Leader not Ready yet...
2026-02-06T18:32:20.9690418Z Follower [vllm-0-1] phase=Running ready=false
2026-02-06T18:32:20.9690695Z Follower [vllm-0-1] not Ready yet...
2026-02-06T18:32:21.0897031Z Leader [vllm-0] phase=Running ready=false
2026-02-06T18:32:21.0897301Z Leader not Ready yet...
2026-02-06T18:32:23.2246476Z Follower [vllm-0-1] phase=Running ready=false
2026-02-06T18:32:23.2247251Z Follower [vllm-0-1] not Ready yet...
2026-02-06T18:32:23.3443987Z Leader [vllm-0] phase=Running ready=false
2026-02-06T18:32:23.3444279Z Leader not Ready yet...
2026-02-06T18:32:25.4816888Z Follower [vllm-0-1] phase=Running ready=false
2026-02-06T18:32:25.4817176Z Follower [vllm-0-1] not Ready yet...
2026-02-06T18:32:25.6094385Z Leader [vllm-0] phase=Running ready=false
2026-02-06T18:32:25.6094707Z Leader not Ready yet...
2026-02-06T18:32:27.7407577Z Follower [vllm-0-1] phase=Running ready=false
2026-02-06T18:32:27.7407859Z Follower [vllm-0-1] not Ready yet...
2026-02-06T18:32:27.8981549Z Leader [vllm-0] phase=Running ready=false
2026-02-06T18:32:27.8981795Z Leader not Ready yet...
2026-02-06T18:32:30.0192851Z Follower [vllm-0-1] phase=Running ready=false
2026-02-06T18:32:30.0193119Z Follower [vllm-0-1] not Ready yet...
2026-02-06T18:32:30.1340604Z Leader [vllm-0] phase=Running ready=false
2026-02-06T18:32:30.1340966Z Leader not Ready yet...
2026-02-06T18:32:32.2575359Z Follower [vllm-0-1] phase=Running ready=false
2026-02-06T18:32:32.2575652Z Follower [vllm-0-1] not Ready yet...
2026-02-06T18:32:32.3844692Z Leader [vllm-0] phase=Running ready=false
2026-02-06T18:32:32.3844954Z Leader not Ready yet...
2026-02-06T18:32:34.5079786Z Follower [vllm-0-1] phase=Running ready=false
2026-02-06T18:32:34.5080063Z Follower [vllm-0-1] not Ready yet...
2026-02-06T18:32:34.6199919Z Leader [vllm-0] phase=Running ready=false
2026-02-06T18:32:34.6200155Z Leader not Ready yet...
2026-02-06T18:32:36.7353129Z Follower [vllm-0-1] phase=Running ready=false
2026-02-06T18:32:36.7353411Z Follower [vllm-0-1] not Ready yet...
2026-02-06T18:32:36.8510267Z Leader [vllm-0] phase=Running ready=false
2026-02-06T18:32:36.8510499Z Leader not Ready yet...
2026-02-06T18:32:38.9668191Z Follower [vllm-0-1] phase=Running ready=false
2026-02-06T18:32:38.9668488Z Follower [vllm-0-1] not Ready yet...
2026-02-06T18:32:39.0795397Z Leader [vllm-0] phase=Running ready=false
2026-02-06T18:32:39.0795684Z Leader not Ready yet...
2026-02-06T18:32:41.1979126Z Follower [vllm-0-1] phase=Running ready=false
2026-02-06T18:32:41.1979404Z Follower [vllm-0-1] not Ready yet...
2026-02-06T18:32:41.3138960Z Leader [vllm-0] phase=Running ready=false
2026-02-06T18:32:41.3139221Z Leader not Ready yet...
2026-02-06T18:32:43.4274079Z Follower [vllm-0-1] phase=Running ready=false
2026-02-06T18:32:43.4274356Z Follower [vllm-0-1] not Ready yet...
2026-02-06T18:32:43.5358841Z Leader [vllm-0] phase=Running ready=false
2026-02-06T18:32:43.5359054Z Leader not Ready yet...
2026-02-06T18:32:45.6578054Z Follower [vllm-0-1] phase=Running ready=false
2026-02-06T18:32:45.6578342Z Follower [vllm-0-1] not Ready yet...
2026-02-06T18:32:45.7814488Z Leader [vllm-0] phase=Running ready=false
2026-02-06T18:32:45.7814712Z Leader not Ready yet...
2026-02-06T18:32:47.8923113Z Follower [vllm-0-1] phase=Running ready=false
2026-02-06T18:32:47.8923433Z Follower [vllm-0-1] not Ready yet...
2026-02-06T18:32:48.0028158Z Leader [vllm-0] phase=Running ready=false
2026-02-06T18:32:48.0028397Z Leader not Ready yet...
2026-02-06T18:32:50.1153293Z Follower [vllm-0-1] phase=Running ready=false
2026-02-06T18:32:50.1153573Z Follower [vllm-0-1] not Ready yet...
2026-02-06T18:32:50.2278098Z Leader [vllm-0] phase=Running ready=false
2026-02-06T18:32:50.2278351Z Leader not Ready yet...
2026-02-06T18:32:52.3528749Z Follower [vllm-0-1] phase=Running ready=false
2026-02-06T18:32:52.3529023Z Follower [vllm-0-1] not Ready yet...
2026-02-06T18:32:52.4722174Z Leader [vllm-0] phase=Running ready=false
2026-02-06T18:32:52.4722412Z Leader not Ready yet...
2026-02-06T18:32:54.5941010Z Follower [vllm-0-1] phase=Running ready=false
2026-02-06T18:32:54.5941288Z Follower [vllm-0-1] not Ready yet...
2026-02-06T18:32:54.7081431Z Leader [vllm-0] phase=Running ready=false
2026-02-06T18:32:54.7081658Z Leader not Ready yet...
2026-02-06T18:32:56.8365557Z Follower [vllm-0-1] phase=Running ready=false
2026-02-06T18:32:56.8365851Z Follower [vllm-0-1] not Ready yet...
2026-02-06T18:32:56.9570740Z Leader [vllm-0] phase=Running ready=false
2026-02-06T18:32:56.9571014Z Leader not Ready yet...
2026-02-06T18:32:59.0768832Z Follower [vllm-0-1] phase=Running ready=false
2026-02-06T18:32:59.0769114Z Follower [vllm-0-1] not Ready yet...
2026-02-06T18:32:59.1888844Z Leader [vllm-0] phase=Running ready=false
2026-02-06T18:32:59.1889071Z Leader not Ready yet...
2026-02-06T18:33:01.3047728Z Follower [vllm-0-1] phase=Running ready=false
2026-02-06T18:33:01.3048013Z Follower [vllm-0-1] not Ready yet...
2026-02-06T18:33:01.4247391Z Leader [vllm-0] phase=Running ready=false
2026-02-06T18:33:01.4247620Z Leader not Ready yet...
2026-02-06T18:33:03.5422733Z Follower [vllm-0-1] phase=Running ready=false
2026-02-06T18:33:03.5423020Z Follower [vllm-0-1] not Ready yet...
2026-02-06T18:33:03.6599982Z Leader [vllm-0] phase=Running ready=false
2026-02-06T18:33:03.6600247Z Leader not Ready yet...
2026-02-06T18:33:05.7739806Z Follower [vllm-0-1] phase=Running ready=false
2026-02-06T18:33:05.7740075Z Follower [vllm-0-1] not Ready yet...
2026-02-06T18:33:05.8882178Z Leader [vllm-0] phase=Running ready=false
2026-02-06T18:33:05.8882436Z Leader not Ready yet...
2026-02-06T18:33:07.9966197Z Follower [vllm-0-1] phase=Running ready=false
2026-02-06T18:33:07.9966487Z Follower [vllm-0-1] not Ready yet...
2026-02-06T18:33:08.1111426Z Leader [vllm-0] phase=Running ready=false
2026-02-06T18:33:08.1111713Z Leader not Ready yet...
2026-02-06T18:33:10.2345991Z Follower [vllm-0-1] phase=Running ready=false
2026-02-06T18:33:10.2346264Z Follower [vllm-0-1] not Ready yet...
2026-02-06T18:33:10.3608096Z Leader [vllm-0] phase=Running ready=false
2026-02-06T18:33:10.3608367Z Leader not Ready yet...
2026-02-06T18:33:12.4759902Z Follower [vllm-0-1] phase=Running ready=false
2026-02-06T18:33:12.4760188Z Follower [vllm-0-1] not Ready yet...
2026-02-06T18:33:12.6004328Z Leader [vllm-0] phase=Running ready=false
2026-02-06T18:33:12.6005055Z Leader not Ready yet...
2026-02-06T18:33:14.7198837Z Follower [vllm-0-1] phase=Running ready=false
2026-02-06T18:33:14.7199136Z Follower [vllm-0-1] not Ready yet...
2026-02-06T18:33:14.8421576Z Leader [vllm-0] phase=Running ready=false
2026-02-06T18:33:14.8421831Z Leader not Ready yet...
2026-02-06T18:33:16.9638357Z Follower [vllm-0-1] phase=Running ready=false
2026-02-06T18:33:16.9639820Z Follower [vllm-0-1] not Ready yet...
2026-02-06T18:33:17.0777283Z Leader [vllm-0] phase=Running ready=false
2026-02-06T18:33:17.0777552Z Leader not Ready yet...
2026-02-06T18:33:19.2021477Z Follower [vllm-0-1] phase=Running ready=false
2026-02-06T18:33:19.2021775Z Follower [vllm-0-1] not Ready yet...
2026-02-06T18:33:19.3249310Z Leader [vllm-0] phase=Running ready=false
2026-02-06T18:33:19.3249575Z Leader not Ready yet...
2026-02-06T18:33:21.4461437Z Follower [vllm-0-1] phase=Running ready=false
2026-02-06T18:33:21.4461719Z Follower [vllm-0-1] not Ready yet...
2026-02-06T18:33:21.5778193Z Leader [vllm-0] phase=Running ready=false
2026-02-06T18:33:21.5778436Z Leader not Ready yet...
2026-02-06T18:33:23.6954264Z Follower [vllm-0-1] phase=Running ready=false
2026-02-06T18:33:23.6954570Z Follower [vllm-0-1] not Ready yet...
2026-02-06T18:33:23.8223348Z Leader [vllm-0] phase=Running ready=false
2026-02-06T18:33:23.8223609Z Leader not Ready yet...
2026-02-06T18:33:25.9411601Z Follower [vllm-0-1] phase=Running ready=false
2026-02-06T18:33:25.9411885Z Follower [vllm-0-1] not Ready yet...
2026-02-06T18:33:26.0735215Z Leader [vllm-0] phase=Running ready=false
2026-02-06T18:33:26.0735468Z Leader not Ready yet...
2026-02-06T18:33:28.1961755Z Follower [vllm-0-1] phase=Running ready=false
2026-02-06T18:33:28.1962134Z Follower [vllm-0-1] not Ready yet...
2026-02-06T18:33:28.3104410Z Leader [vllm-0] phase=Running ready=false
2026-02-06T18:33:28.3104669Z Leader not Ready yet...
2026-02-06T18:33:30.4366396Z Follower [vllm-0-1] phase=Running ready=false
2026-02-06T18:33:30.4366668Z Follower [vllm-0-1] not Ready yet...
2026-02-06T18:33:30.5597288Z Leader [vllm-0] phase=Running ready=false
2026-02-06T18:33:30.5597520Z Leader not Ready yet...
2026-02-06T18:33:32.6762813Z Follower [vllm-0-1] phase=Running ready=false
2026-02-06T18:33:32.6763130Z Follower [vllm-0-1] not Ready yet...
2026-02-06T18:33:32.7983195Z Leader [vllm-0] phase=Running ready=false
2026-02-06T18:33:32.7983465Z Leader not Ready yet...
2026-02-06T18:33:34.9363696Z Follower [vllm-0-1] phase=Running ready=false
2026-02-06T18:33:34.9363988Z Follower [vllm-0-1] not Ready yet...
2026-02-06T18:33:35.0673981Z Leader [vllm-0] phase=Running ready=false
2026-02-06T18:33:35.0674241Z Leader not Ready yet...
2026-02-06T18:33:37.1854516Z Follower [vllm-0-1] phase=Running ready=false
2026-02-06T18:33:37.1854809Z Follower [vllm-0-1] not Ready yet...
2026-02-06T18:33:37.3023965Z Leader [vllm-0] phase=Running ready=false
2026-02-06T18:33:37.3024233Z Leader not Ready yet...
2026-02-06T18:33:39.4143796Z Follower [vllm-0-1] phase=Running ready=false
2026-02-06T18:33:39.4144086Z Follower [vllm-0-1] not Ready yet...
2026-02-06T18:33:39.5313420Z Leader [vllm-0] phase=Running ready=false
2026-02-06T18:33:39.5313655Z Leader not Ready yet...
2026-02-06T18:33:41.6477753Z Follower [vllm-0-1] phase=Running ready=false
2026-02-06T18:33:41.6478053Z Follower [vllm-0-1] not Ready yet...
2026-02-06T18:33:41.7871707Z Leader [vllm-0] phase=Running ready=false
2026-02-06T18:33:41.7872073Z Leader not Ready yet...
2026-02-06T18:33:43.9012989Z Follower [vllm-0-1] phase=Running ready=false
2026-02-06T18:33:43.9013273Z Follower [vllm-0-1] not Ready yet...
2026-02-06T18:33:44.0213763Z Leader [vllm-0] phase=Running ready=false
2026-02-06T18:33:44.0213995Z Leader not Ready yet...
2026-02-06T18:33:46.1423930Z Follower [vllm-0-1] phase=Running ready=false
2026-02-06T18:33:46.1424218Z Follower [vllm-0-1] not Ready yet...
2026-02-06T18:33:46.2570445Z Leader [vllm-0] phase=Running ready=false
2026-02-06T18:33:46.2570679Z Leader not Ready yet...
2026-02-06T18:33:48.3837476Z Follower [vllm-0-1] phase=Running ready=false
2026-02-06T18:33:48.3838242Z Follower [vllm-0-1] not Ready yet...
2026-02-06T18:33:48.5030436Z Leader [vllm-0] phase=Running ready=false
2026-02-06T18:33:48.5030671Z Leader not Ready yet...
2026-02-06T18:33:50.6184520Z Follower [vllm-0-1] phase=Running ready=false
2026-02-06T18:33:50.6184795Z Follower [vllm-0-1] not Ready yet...
2026-02-06T18:33:50.7308036Z Leader [vllm-0] phase=Running ready=false
2026-02-06T18:33:50.7308283Z Leader not Ready yet...
2026-02-06T18:33:52.8572468Z Follower [vllm-0-1] phase=Running ready=false
2026-02-06T18:33:52.8572776Z Follower [vllm-0-1] not Ready yet...
2026-02-06T18:33:52.9807835Z Leader [vllm-0] phase=Running ready=false
2026-02-06T18:33:52.9808063Z Leader not Ready yet...
2026-02-06T18:33:55.1057550Z Follower [vllm-0-1] phase=Running ready=false
2026-02-06T18:33:55.1057832Z Follower [vllm-0-1] not Ready yet...
2026-02-06T18:33:55.2263266Z Leader [vllm-0] phase=Running ready=false
2026-02-06T18:33:55.2263504Z Leader not Ready yet...
2026-02-06T18:33:57.3484557Z Follower [vllm-0-1] phase=Running ready=false
2026-02-06T18:33:57.3484887Z Follower [vllm-0-1] not Ready yet...
2026-02-06T18:33:57.4733872Z Leader [vllm-0] phase=Running ready=false
2026-02-06T18:33:57.4734114Z Leader not Ready yet...
2026-02-06T18:33:59.5924483Z Follower [vllm-0-1] phase=Running ready=false
2026-02-06T18:33:59.5924768Z Follower [vllm-0-1] not Ready yet...
2026-02-06T18:33:59.7050761Z Leader [vllm-0] phase=Running ready=false
2026-02-06T18:33:59.7050986Z Leader not Ready yet...
2026-02-06T18:34:01.8414197Z Follower [vllm-0-1] phase=Running ready=false
2026-02-06T18:34:01.8414498Z Follower [vllm-0-1] not Ready yet...
2026-02-06T18:34:01.9543660Z Leader [vllm-0] phase=Running ready=false
2026-02-06T18:34:01.9543919Z Leader not Ready yet...
2026-02-06T18:34:04.0821116Z Follower [vllm-0-1] phase=Running ready=false
2026-02-06T18:34:04.0821411Z Follower [vllm-0-1] not Ready yet...
2026-02-06T18:34:04.2035315Z Leader [vllm-0] phase=Running ready=false
2026-02-06T18:34:04.2035543Z Leader not Ready yet...
2026-02-06T18:34:06.3285310Z Follower [vllm-0-1] phase=Running ready=false
2026-02-06T18:34:06.3285604Z Follower [vllm-0-1] not Ready yet...
2026-02-06T18:34:06.4404738Z Leader [vllm-0] phase=Running ready=false
2026-02-06T18:34:06.4405015Z Leader not Ready yet...
2026-02-06T18:34:08.5527885Z Follower [vllm-0-1] phase=Running ready=false
2026-02-06T18:34:08.5528158Z Follower [vllm-0-1] not Ready yet...
2026-02-06T18:34:08.6670263Z Leader [vllm-0] phase=Running ready=false
2026-02-06T18:34:08.6670488Z Leader not Ready yet...
2026-02-06T18:34:10.7818542Z Follower [vllm-0-1] phase=Running ready=false
2026-02-06T18:34:10.7818833Z Follower [vllm-0-1] not Ready yet...
2026-02-06T18:34:10.8935054Z Leader [vllm-0] phase=Running ready=false
2026-02-06T18:34:10.8935289Z Leader not Ready yet...
2026-02-06T18:34:13.0163679Z Follower [vllm-0-1] phase=Running ready=false
2026-02-06T18:34:13.0163975Z Follower [vllm-0-1] not Ready yet...
2026-02-06T18:34:13.1329478Z Leader [vllm-0] phase=Running ready=false
2026-02-06T18:34:13.1329738Z Leader not Ready yet...
2026-02-06T18:34:15.2469354Z Follower [vllm-0-1] phase=Running ready=false
2026-02-06T18:34:15.2469686Z Follower [vllm-0-1] not Ready yet...
2026-02-06T18:34:15.3596762Z Leader [vllm-0] phase=Running ready=false
2026-02-06T18:34:15.3597021Z Leader not Ready yet...
2026-02-06T18:34:17.4752560Z Follower [vllm-0-1] phase=Running ready=false
2026-02-06T18:34:17.4752843Z Follower [vllm-0-1] not Ready yet...
2026-02-06T18:34:17.5897966Z Leader [vllm-0] phase=Running ready=false
2026-02-06T18:34:17.5898236Z Leader not Ready yet...
2026-02-06T18:34:19.7127595Z Follower [vllm-0-1] phase=Running ready=false
2026-02-06T18:34:19.7127892Z Follower [vllm-0-1] not Ready yet...
2026-02-06T18:34:19.8289309Z Leader [vllm-0] phase=Running ready=false
2026-02-06T18:34:19.8289579Z Leader not Ready yet...
2026-02-06T18:34:21.9449371Z Follower [vllm-0-1] phase=Running ready=false
2026-02-06T18:34:21.9449658Z Follower [vllm-0-1] not Ready yet...
2026-02-06T18:34:22.0825631Z Leader [vllm-0] phase=Running ready=false
2026-02-06T18:34:22.0826232Z Leader not Ready yet...
2026-02-06T18:34:24.2068256Z Follower [vllm-0-1] phase=Running ready=false
2026-02-06T18:34:24.2068600Z Follower [vllm-0-1] not Ready yet...
2026-02-06T18:34:24.3258945Z Leader [vllm-0] phase=Running ready=false
2026-02-06T18:34:24.3259212Z Leader not Ready yet...
2026-02-06T18:34:26.4433620Z Follower [vllm-0-1] phase=Running ready=false
2026-02-06T18:34:26.4433903Z Follower [vllm-0-1] not Ready yet...
2026-02-06T18:34:26.5657496Z Leader [vllm-0] phase=Running ready=false
2026-02-06T18:34:26.5657738Z Leader not Ready yet...
2026-02-06T18:34:28.6860412Z Follower [vllm-0-1] phase=Running ready=false
2026-02-06T18:34:28.6860688Z Follower [vllm-0-1] not Ready yet...
2026-02-06T18:34:28.8002187Z Leader [vllm-0] phase=Running ready=false
2026-02-06T18:34:28.8002459Z Leader not Ready yet...
2026-02-06T18:34:30.9273725Z Follower [vllm-0-1] phase=Running ready=false
2026-02-06T18:34:30.9273997Z Follower [vllm-0-1] not Ready yet...
2026-02-06T18:34:31.0628864Z Leader [vllm-0] phase=Running ready=false
2026-02-06T18:34:31.0629084Z Leader not Ready yet...
2026-02-06T18:34:33.1807918Z Follower [vllm-0-1] phase=Running ready=false
2026-02-06T18:34:33.1808215Z Follower [vllm-0-1] not Ready yet...
2026-02-06T18:34:33.2995936Z Leader [vllm-0] phase=Running ready=false
2026-02-06T18:34:33.2996189Z Leader not Ready yet...
2026-02-06T18:34:35.4187273Z Follower [vllm-0-1] phase=Running ready=false
2026-02-06T18:34:35.4187560Z Follower [vllm-0-1] not Ready yet...
2026-02-06T18:34:35.5337707Z Leader [vllm-0] phase=Running ready=false
2026-02-06T18:34:35.5337971Z Leader not Ready yet...
2026-02-06T18:34:37.6474026Z Follower [vllm-0-1] phase=Running ready=false
2026-02-06T18:34:37.6474310Z Follower [vllm-0-1] not Ready yet...
2026-02-06T18:34:37.7674124Z Leader [vllm-0] phase=Running ready=false
2026-02-06T18:34:37.7674389Z Leader not Ready yet...
2026-02-06T18:34:39.8860169Z Follower [vllm-0-1] phase=Running ready=false
2026-02-06T18:34:39.8860479Z Follower [vllm-0-1] not Ready yet...
2026-02-06T18:34:40.0008136Z Leader [vllm-0] phase=Running ready=false
2026-02-06T18:34:40.0008351Z Leader not Ready yet...
2026-02-06T18:34:42.1424752Z Follower [vllm-0-1] phase=Running ready=false
2026-02-06T18:34:42.1425035Z Follower [vllm-0-1] not Ready yet...
2026-02-06T18:34:42.2601666Z Leader [vllm-0] phase=Running ready=false
2026-02-06T18:34:42.2601914Z Leader not Ready yet...
2026-02-06T18:34:44.3809805Z Follower [vllm-0-1] phase=Running ready=false
2026-02-06T18:34:44.3810109Z Follower [vllm-0-1] not Ready yet...
2026-02-06T18:34:44.4954808Z Leader [vllm-0] phase=Running ready=false
2026-02-06T18:34:44.4955029Z Leader not Ready yet...
2026-02-06T18:34:46.6201429Z Follower [vllm-0-1] phase=Running ready=false
2026-02-06T18:34:46.6201726Z Follower [vllm-0-1] not Ready yet...
2026-02-06T18:34:46.7514954Z Leader [vllm-0] phase=Running ready=false
2026-02-06T18:34:46.7515185Z Leader not Ready yet...
2026-02-06T18:34:48.8761443Z Follower [vllm-0-1] phase=Running ready=false
2026-02-06T18:34:48.8761733Z Follower [vllm-0-1] not Ready yet...
2026-02-06T18:34:48.9959985Z Leader [vllm-0] phase=Running ready=false
2026-02-06T18:34:48.9960222Z Leader not Ready yet...
2026-02-06T18:34:51.1296877Z Follower [vllm-0-1] phase=Running ready=false
2026-02-06T18:34:51.1297152Z Follower [vllm-0-1] not Ready yet...
2026-02-06T18:34:51.2521158Z Leader [vllm-0] phase=Running ready=false
2026-02-06T18:34:51.2521435Z Leader not Ready yet...
2026-02-06T18:34:53.3759891Z Follower [vllm-0-1] phase=Running ready=false
2026-02-06T18:34:53.3760166Z Follower [vllm-0-1] not Ready yet...
2026-02-06T18:34:53.4977950Z Leader [vllm-0] phase=Running ready=false
2026-02-06T18:34:53.4978183Z Leader not Ready yet...
2026-02-06T18:34:55.6214536Z Follower [vllm-0-1] phase=Running ready=false
2026-02-06T18:34:55.6214821Z Follower [vllm-0-1] not Ready yet...
2026-02-06T18:34:55.7421606Z Leader [vllm-0] phase=Running ready=false
2026-02-06T18:34:55.7421869Z Leader not Ready yet...
2026-02-06T18:34:57.8668078Z Follower [vllm-0-1] phase=Running ready=false
2026-02-06T18:34:57.8668787Z Follower [vllm-0-1] not Ready yet...
2026-02-06T18:34:57.9798231Z Leader [vllm-0] phase=Running ready=false
2026-02-06T18:34:57.9798459Z Leader not Ready yet...
2026-02-06T18:35:00.1034989Z Follower [vllm-0-1] phase=Running ready=false
2026-02-06T18:35:00.1035275Z Follower [vllm-0-1] not Ready yet...
2026-02-06T18:35:00.2214172Z Leader [vllm-0] phase=Running ready=false
2026-02-06T18:35:00.2214404Z Leader not Ready yet...
2026-02-06T18:35:02.5914506Z Follower [vllm-0-1] phase=Running ready=false
2026-02-06T18:35:02.5914774Z Follower [vllm-0-1] not Ready yet...
2026-02-06T18:35:02.7112355Z Leader [vllm-0] phase=Running ready=false
2026-02-06T18:35:02.7112583Z Leader not Ready yet...
2026-02-06T18:35:04.8298039Z Follower [vllm-0-1] phase=Running ready=false
2026-02-06T18:35:04.8298307Z Follower [vllm-0-1] not Ready yet...
2026-02-06T18:35:04.9412138Z Leader [vllm-0] phase=Running ready=false
2026-02-06T18:35:04.9412410Z Leader not Ready yet...
2026-02-06T18:35:07.0532650Z Follower [vllm-0-1] phase=Running ready=false
2026-02-06T18:35:07.0533017Z Follower [vllm-0-1] not Ready yet...
2026-02-06T18:35:07.1642800Z Leader [vllm-0] phase=Running ready=false
2026-02-06T18:35:07.1643053Z Leader not Ready yet...
2026-02-06T18:35:09.2815724Z Follower [vllm-0-1] phase=Running ready=false
2026-02-06T18:35:09.2816004Z Follower [vllm-0-1] not Ready yet...
2026-02-06T18:35:09.3913304Z Leader [vllm-0] phase=Running ready=false
2026-02-06T18:35:09.3913533Z Leader not Ready yet...
2026-02-06T18:35:11.5068174Z Follower [vllm-0-1] phase=Running ready=false
2026-02-06T18:35:11.5068450Z Follower [vllm-0-1] not Ready yet...
2026-02-06T18:35:11.6198704Z Leader [vllm-0] phase=Running ready=false
2026-02-06T18:35:11.6198948Z Leader not Ready yet...
2026-02-06T18:35:13.7378158Z Follower [vllm-0-1] phase=Running ready=false
2026-02-06T18:35:13.7378440Z Follower [vllm-0-1] not Ready yet...
2026-02-06T18:35:13.8545668Z Leader [vllm-0] phase=Running ready=false
2026-02-06T18:35:13.8545943Z Leader not Ready yet...
2026-02-06T18:35:15.9823479Z Follower [vllm-0-1] phase=Running ready=false
2026-02-06T18:35:15.9823763Z Follower [vllm-0-1] not Ready yet...
2026-02-06T18:35:16.0966516Z Leader [vllm-0] phase=Running ready=false
2026-02-06T18:35:16.0966790Z Leader not Ready yet...
2026-02-06T18:35:18.2246310Z Follower [vllm-0-1] phase=Running ready=false
2026-02-06T18:35:18.2246598Z Follower [vllm-0-1] not Ready yet...
2026-02-06T18:35:18.3372520Z Leader [vllm-0] phase=Running ready=false
2026-02-06T18:35:18.3372780Z Leader not Ready yet...
2026-02-06T18:35:20.4526108Z Follower [vllm-0-1] phase=Running ready=false
2026-02-06T18:35:20.4526402Z Follower [vllm-0-1] not Ready yet...
2026-02-06T18:35:20.5796180Z Leader [vllm-0] phase=Running ready=false
2026-02-06T18:35:20.5796470Z Leader not Ready yet...
2026-02-06T18:35:22.6935623Z Follower [vllm-0-1] phase=Running ready=false
2026-02-06T18:35:22.6935917Z Follower [vllm-0-1] not Ready yet...
2026-02-06T18:35:22.8085542Z Leader [vllm-0] phase=Running ready=false
2026-02-06T18:35:22.8085819Z Leader not Ready yet...
2026-02-06T18:35:24.9306522Z Follower [vllm-0-1] phase=Running ready=false
2026-02-06T18:35:24.9306836Z Follower [vllm-0-1] not Ready yet...
2026-02-06T18:35:25.0498255Z Leader [vllm-0] phase=Running ready=false
2026-02-06T18:35:25.0498479Z Leader not Ready yet...
2026-02-06T18:35:27.1640221Z Follower [vllm-0-1] phase=Running ready=false
2026-02-06T18:35:27.1640505Z Follower [vllm-0-1] not Ready yet...
2026-02-06T18:35:27.2793908Z Leader [vllm-0] phase=Running ready=false
2026-02-06T18:35:27.2794187Z Leader not Ready yet...
2026-02-06T18:35:29.3955392Z Follower [vllm-0-1] phase=Running ready=false
2026-02-06T18:35:29.3955664Z Follower [vllm-0-1] not Ready yet...
2026-02-06T18:35:29.5079937Z Leader [vllm-0] phase=Running ready=false
2026-02-06T18:35:29.5080158Z Leader not Ready yet...
2026-02-06T18:35:31.6211633Z Follower [vllm-0-1] phase=Running ready=false
2026-02-06T18:35:31.6211911Z Follower [vllm-0-1] not Ready yet...
2026-02-06T18:35:31.7334459Z Leader [vllm-0] phase=Running ready=false
2026-02-06T18:35:31.7335180Z Leader not Ready yet...
2026-02-06T18:35:33.8462264Z Follower [vllm-0-1] phase=Running ready=false
2026-02-06T18:35:33.8462601Z Follower [vllm-0-1] not Ready yet...
2026-02-06T18:35:33.9560255Z Leader [vllm-0] phase=Running ready=false
2026-02-06T18:35:33.9560508Z Leader not Ready yet...
2026-02-06T18:35:36.0685182Z Follower [vllm-0-1] phase=Running ready=false
2026-02-06T18:35:36.0685497Z Follower [vllm-0-1] not Ready yet...
2026-02-06T18:35:36.1790342Z Leader [vllm-0] phase=Running ready=false
2026-02-06T18:35:36.1790575Z Leader not Ready yet...
2026-02-06T18:35:38.2896920Z Follower [vllm-0-1] phase=Running ready=false
2026-02-06T18:35:38.2897194Z Follower [vllm-0-1] not Ready yet...
2026-02-06T18:35:38.4088331Z Leader [vllm-0] phase=Running ready=false
2026-02-06T18:35:38.4088590Z Leader not Ready yet...
2026-02-06T18:35:40.5254934Z Follower [vllm-0-1] phase=Running ready=false
2026-02-06T18:35:40.5255228Z Follower [vllm-0-1] not Ready yet...
2026-02-06T18:35:40.6341870Z Leader [vllm-0] phase=Running ready=false
2026-02-06T18:35:40.6342236Z Leader not Ready yet...
2026-02-06T18:35:42.7483524Z Follower [vllm-0-1] phase=Running ready=false
2026-02-06T18:35:42.7483801Z Follower [vllm-0-1] not Ready yet...
2026-02-06T18:35:42.9285308Z Leader [vllm-0] phase=Running ready=false
2026-02-06T18:35:42.9285570Z Leader not Ready yet...
2026-02-06T18:35:45.0484026Z Follower [vllm-0-1] phase=Running ready=false
2026-02-06T18:35:45.0484314Z Follower [vllm-0-1] not Ready yet...
2026-02-06T18:35:45.1705834Z Leader [vllm-0] phase=Running ready=false
2026-02-06T18:35:45.1706079Z Leader not Ready yet...
2026-02-06T18:35:47.2997356Z Follower [vllm-0-1] phase=Running ready=false
2026-02-06T18:35:47.2997643Z Follower [vllm-0-1] not Ready yet...
2026-02-06T18:35:47.4161901Z Leader [vllm-0] phase=Running ready=false
2026-02-06T18:35:47.4162262Z Leader not Ready yet...
2026-02-06T18:35:49.5308946Z Follower [vllm-0-1] phase=Running ready=false
2026-02-06T18:35:49.5309222Z Follower [vllm-0-1] not Ready yet...
2026-02-06T18:35:49.6496687Z Leader [vllm-0] phase=Running ready=false
2026-02-06T18:35:49.6496973Z Leader not Ready yet...
2026-02-06T18:35:51.7730821Z Follower [vllm-0-1] phase=Running ready=false
2026-02-06T18:35:51.7731185Z Follower [vllm-0-1] not Ready yet...
2026-02-06T18:35:51.8965323Z Leader [vllm-0] phase=Running ready=false
2026-02-06T18:35:51.8965570Z Leader not Ready yet...
2026-02-06T18:35:54.0243110Z Follower [vllm-0-1] phase=Running ready=false
2026-02-06T18:35:54.0243393Z Follower [vllm-0-1] not Ready yet...
2026-02-06T18:35:54.1400109Z Leader [vllm-0] phase=Running ready=false
2026-02-06T18:35:54.1400351Z Leader not Ready yet...
2026-02-06T18:35:56.2644440Z Follower [vllm-0-1] phase=Running ready=false
2026-02-06T18:35:56.2644750Z Follower [vllm-0-1] not Ready yet...
2026-02-06T18:35:56.3875771Z Leader [vllm-0] phase=Running ready=false
2026-02-06T18:35:56.3876006Z Leader not Ready yet...
2026-02-06T18:35:58.5038542Z Follower [vllm-0-1] phase=Running ready=false
2026-02-06T18:35:58.5038863Z Follower [vllm-0-1] not Ready yet...
2026-02-06T18:35:58.6298353Z Leader [vllm-0] phase=Running ready=false
2026-02-06T18:35:58.6298600Z Leader not Ready yet...
2026-02-06T18:36:00.7501803Z Follower [vllm-0-1] phase=Running ready=false
2026-02-06T18:36:00.7502197Z Follower [vllm-0-1] not Ready yet...
2026-02-06T18:36:00.8709063Z Leader [vllm-0] phase=Running ready=false
2026-02-06T18:36:00.8709325Z Leader not Ready yet...
2026-02-06T18:36:03.0035529Z Follower [vllm-0-1] phase=Running ready=false
2026-02-06T18:36:03.0035837Z Follower [vllm-0-1] not Ready yet...
2026-02-06T18:36:03.1202364Z Leader [vllm-0] phase=Running ready=false
2026-02-06T18:36:03.1202631Z Leader not Ready yet...
2026-02-06T18:36:05.2500469Z Follower [vllm-0-1] phase=Running ready=false
2026-02-06T18:36:05.2500751Z Follower [vllm-0-1] not Ready yet...
2026-02-06T18:36:05.3670317Z Leader [vllm-0] phase=Running ready=false
2026-02-06T18:36:05.3670577Z Leader not Ready yet...
2026-02-06T18:36:07.4870459Z Follower [vllm-0-1] phase=Running ready=false
2026-02-06T18:36:07.4871193Z Follower [vllm-0-1] not Ready yet...
2026-02-06T18:36:07.6121922Z Leader [vllm-0] phase=Running ready=false
2026-02-06T18:36:07.6122242Z Leader not Ready yet...
2026-02-06T18:36:09.7374327Z Follower [vllm-0-1] phase=Running ready=false
2026-02-06T18:36:09.7374605Z Follower [vllm-0-1] not Ready yet...
2026-02-06T18:36:09.8547219Z Leader [vllm-0] phase=Running ready=false
2026-02-06T18:36:09.8547470Z Leader not Ready yet...
2026-02-06T18:36:11.9771260Z Follower [vllm-0-1] phase=Running ready=false
2026-02-06T18:36:11.9771543Z Follower [vllm-0-1] not Ready yet...
2026-02-06T18:36:12.0959065Z Leader [vllm-0] phase=Running ready=false
2026-02-06T18:36:12.0959314Z Leader not Ready yet...
2026-02-06T18:36:14.2104474Z Follower [vllm-0-1] phase=Running ready=false
2026-02-06T18:36:14.2104770Z Follower [vllm-0-1] not Ready yet...
2026-02-06T18:36:14.3341653Z Leader [vllm-0] phase=Running ready=false
2026-02-06T18:36:14.3341915Z Leader not Ready yet...
2026-02-06T18:36:16.4548372Z Follower [vllm-0-1] phase=Running ready=false
2026-02-06T18:36:16.4548652Z Follower [vllm-0-1] not Ready yet...
2026-02-06T18:36:16.5743994Z Leader [vllm-0] phase=Running ready=false
2026-02-06T18:36:16.5744220Z Leader not Ready yet...
2026-02-06T18:36:18.6981179Z Follower [vllm-0-1] phase=Running ready=false
2026-02-06T18:36:18.6981475Z Follower [vllm-0-1] not Ready yet...
2026-02-06T18:36:18.8237263Z Leader [vllm-0] phase=Running ready=false
2026-02-06T18:36:18.8237604Z Leader not Ready yet...
2026-02-06T18:36:20.9401964Z Follower [vllm-0-1] phase=Running ready=false
2026-02-06T18:36:20.9402436Z Follower [vllm-0-1] not Ready yet...
2026-02-06T18:36:21.0563178Z Leader [vllm-0] phase=Running ready=false
2026-02-06T18:36:21.0563416Z Leader not Ready yet...
2026-02-06T18:36:23.1715433Z Follower [vllm-0-1] phase=Running ready=false
2026-02-06T18:36:23.1715716Z Follower [vllm-0-1] not Ready yet...
2026-02-06T18:36:23.2912377Z Leader [vllm-0] phase=Running ready=false
2026-02-06T18:36:23.2912647Z Leader not Ready yet...
2026-02-06T18:36:25.4285030Z Follower [vllm-0-1] phase=Running ready=false
2026-02-06T18:36:25.4285637Z Follower [vllm-0-1] not Ready yet...
2026-02-06T18:36:25.5657430Z Leader [vllm-0] phase=Running ready=false
2026-02-06T18:36:25.5657656Z Leader not Ready yet...
2026-02-06T18:36:27.6943145Z Follower [vllm-0-1] phase=Running ready=false
2026-02-06T18:36:27.6943429Z Follower [vllm-0-1] not Ready yet...
2026-02-06T18:36:27.8128681Z Leader [vllm-0] phase=Running ready=false
2026-02-06T18:36:27.8128917Z Leader not Ready yet...
2026-02-06T18:36:29.9340404Z Follower [vllm-0-1] phase=Running ready=false
2026-02-06T18:36:29.9340709Z Follower [vllm-0-1] not Ready yet...
2026-02-06T18:36:30.1076708Z Leader [vllm-0] phase=Running ready=false
2026-02-06T18:36:30.1076962Z Leader not Ready yet...
2026-02-06T18:36:32.2255557Z Follower [vllm-0-1] phase=Running ready=false
2026-02-06T18:36:32.2255835Z Follower [vllm-0-1] not Ready yet...
2026-02-06T18:36:32.3386299Z Leader [vllm-0] phase=Running ready=false
2026-02-06T18:36:32.3386597Z Leader not Ready yet...
2026-02-06T18:36:34.4708267Z Follower [vllm-0-1] phase=Running ready=false
2026-02-06T18:36:34.4708601Z Follower [vllm-0-1] not Ready yet...
2026-02-06T18:36:34.6014055Z Leader [vllm-0] phase=Running ready=false
2026-02-06T18:36:34.6014274Z Leader not Ready yet...
2026-02-06T18:36:36.7273682Z Follower [vllm-0-1] phase=Running ready=false
2026-02-06T18:36:36.7273967Z Follower [vllm-0-1] not Ready yet...
2026-02-06T18:36:36.8399631Z Leader [vllm-0] phase=Running ready=false
2026-02-06T18:36:36.8399843Z Leader not Ready yet...
2026-02-06T18:36:38.9662204Z Follower [vllm-0-1] phase=Running ready=false
2026-02-06T18:36:38.9662577Z Follower [vllm-0-1] not Ready yet...
2026-02-06T18:36:39.0911733Z Leader [vllm-0] phase=Running ready=false
2026-02-06T18:36:39.0912075Z Leader not Ready yet...
2026-02-06T18:36:41.2099461Z Follower [vllm-0-1] phase=Running ready=false
2026-02-06T18:36:41.2099741Z Follower [vllm-0-1] not Ready yet...
2026-02-06T18:36:41.3268424Z Leader [vllm-0] phase=Running ready=false
2026-02-06T18:36:41.3268688Z Leader not Ready yet...
2026-02-06T18:36:43.4521125Z Follower [vllm-0-1] phase=Running ready=false
2026-02-06T18:36:43.4521405Z Follower [vllm-0-1] not Ready yet...
2026-02-06T18:36:43.5706331Z Leader [vllm-0] phase=Running ready=false
2026-02-06T18:36:43.5706583Z Leader not Ready yet...
2026-02-06T18:36:45.6958780Z Follower [vllm-0-1] phase=Running ready=false
2026-02-06T18:36:45.6959067Z Follower [vllm-0-1] not Ready yet...
2026-02-06T18:36:45.8080030Z Leader [vllm-0] phase=Running ready=false
2026-02-06T18:36:45.8080295Z Leader not Ready yet...
2026-02-06T18:36:47.9218835Z Follower [vllm-0-1] phase=Running ready=false
2026-02-06T18:36:47.9219112Z Follower [vllm-0-1] not Ready yet...
2026-02-06T18:36:48.0539349Z Leader [vllm-0] phase=Running ready=false
2026-02-06T18:36:48.0539576Z Leader not Ready yet...
2026-02-06T18:36:50.1872766Z Follower [vllm-0-1] phase=Running ready=false
2026-02-06T18:36:50.1873046Z Follower [vllm-0-1] not Ready yet...
2026-02-06T18:36:50.3078752Z Leader [vllm-0] phase=Running ready=false
2026-02-06T18:36:50.3079016Z Leader not Ready yet...
2026-02-06T18:36:52.4235415Z Follower [vllm-0-1] phase=Running ready=false
2026-02-06T18:36:52.4235693Z Follower [vllm-0-1] not Ready yet...
2026-02-06T18:36:52.5530439Z Leader [vllm-0] phase=Running ready=false
2026-02-06T18:36:52.5530667Z Leader not Ready yet...
2026-02-06T18:36:54.6724134Z Follower [vllm-0-1] phase=Running ready=false
2026-02-06T18:36:54.6724402Z Follower [vllm-0-1] not Ready yet...
2026-02-06T18:36:54.7940777Z Leader [vllm-0] phase=Running ready=false
2026-02-06T18:36:54.7941012Z Leader not Ready yet...
2026-02-06T18:36:56.9210235Z Follower [vllm-0-1] phase=Running ready=false
2026-02-06T18:36:56.9210492Z Follower [vllm-0-1] not Ready yet...
2026-02-06T18:36:57.0408413Z Leader [vllm-0] phase=Running ready=false
2026-02-06T18:36:57.0408631Z Leader not Ready yet...
2026-02-06T18:36:59.1653022Z Follower [vllm-0-1] phase=Running ready=false
2026-02-06T18:36:59.1653349Z Follower [vllm-0-1] not Ready yet...
2026-02-06T18:36:59.2919463Z Leader [vllm-0] phase=Running ready=false
2026-02-06T18:36:59.2920118Z Leader not Ready yet...
2026-02-06T18:37:01.4086396Z Follower [vllm-0-1] phase=Running ready=false
2026-02-06T18:37:01.4086731Z Follower [vllm-0-1] not Ready yet...
2026-02-06T18:37:01.5246708Z Leader [vllm-0] phase=Running ready=false
2026-02-06T18:37:01.5246929Z Leader not Ready yet...
2026-02-06T18:37:03.6484214Z Follower [vllm-0-1] phase=Running ready=false
2026-02-06T18:37:03.6484523Z Follower [vllm-0-1] not Ready yet...
2026-02-06T18:37:03.7689860Z Leader [vllm-0] phase=Running ready=false
2026-02-06T18:37:03.7690118Z Leader not Ready yet...
2026-02-06T18:37:05.8887050Z Follower [vllm-0-1] phase=Running ready=false
2026-02-06T18:37:05.8887332Z Follower [vllm-0-1] not Ready yet...
2026-02-06T18:37:06.0068839Z Leader [vllm-0] phase=Running ready=false
2026-02-06T18:37:06.0069116Z Leader not Ready yet...
2026-02-06T18:37:08.1365797Z Follower [vllm-0-1] phase=Running ready=false
2026-02-06T18:37:08.1366147Z Follower [vllm-0-1] not Ready yet...
2026-02-06T18:37:08.2557447Z Leader [vllm-0] phase=Running ready=false
2026-02-06T18:37:08.2557769Z Leader not Ready yet...
2026-02-06T18:37:10.3797021Z Follower [vllm-0-1] phase=Running ready=false
2026-02-06T18:37:10.3797445Z Follower [vllm-0-1] not Ready yet...
2026-02-06T18:37:10.4910763Z Leader [vllm-0] phase=Running ready=false
2026-02-06T18:37:10.4911021Z Leader not Ready yet...
2026-02-06T18:37:12.6118188Z Follower [vllm-0-1] phase=Running ready=false
2026-02-06T18:37:12.6118469Z Follower [vllm-0-1] not Ready yet...
2026-02-06T18:37:12.7368612Z Leader [vllm-0] phase=Running ready=false
2026-02-06T18:37:12.7368863Z Leader not Ready yet...
2026-02-06T18:37:14.8539464Z Follower [vllm-0-1] phase=Running ready=false
2026-02-06T18:37:14.8539750Z Follower [vllm-0-1] not Ready yet...
2026-02-06T18:37:14.9711636Z Leader [vllm-0] phase=Running ready=false
2026-02-06T18:37:14.9711859Z Leader not Ready yet...
2026-02-06T18:37:17.0854058Z Follower [vllm-0-1] phase=Running ready=false
2026-02-06T18:37:17.0854335Z Follower [vllm-0-1] not Ready yet...
2026-02-06T18:37:17.1974857Z Leader [vllm-0] phase=Running ready=false
2026-02-06T18:37:17.1975081Z Leader not Ready yet...
2026-02-06T18:37:19.3042847Z Follower [vllm-0-1] phase=Running ready=false
2026-02-06T18:37:19.3043120Z Follower [vllm-0-1] not Ready yet...
2026-02-06T18:37:19.4123636Z Leader [vllm-0] phase=Running ready=false
2026-02-06T18:37:19.4123960Z Leader not Ready yet...
2026-02-06T18:37:21.5256538Z Follower [vllm-0-1] phase=Running ready=false
2026-02-06T18:37:21.5256818Z Follower [vllm-0-1] not Ready yet...
2026-02-06T18:37:21.6394785Z Leader [vllm-0] phase=Running ready=false
2026-02-06T18:37:21.6395038Z Leader not Ready yet...
2026-02-06T18:37:23.7663380Z Follower [vllm-0-1] phase=Running ready=false
2026-02-06T18:37:23.7663681Z Follower [vllm-0-1] not Ready yet...
2026-02-06T18:37:23.8958679Z Leader [vllm-0] phase=Running ready=false
2026-02-06T18:37:23.8958988Z Leader not Ready yet...
2026-02-06T18:37:26.0363451Z Follower [vllm-0-1] phase=Running ready=false
2026-02-06T18:37:26.0363761Z Follower [vllm-0-1] not Ready yet...
2026-02-06T18:37:26.1638954Z Leader [vllm-0] phase=Running ready=false
2026-02-06T18:37:26.1639218Z Leader not Ready yet...
2026-02-06T18:37:28.2818810Z Follower [vllm-0-1] phase=Running ready=false
2026-02-06T18:37:28.2819121Z Follower [vllm-0-1] not Ready yet...
2026-02-06T18:37:28.3960998Z Leader [vllm-0] phase=Running ready=false
2026-02-06T18:37:28.3961259Z Leader not Ready yet...
2026-02-06T18:37:30.5216608Z Follower [vllm-0-1] phase=Running ready=false
2026-02-06T18:37:30.5216945Z Follower [vllm-0-1] not Ready yet...
2026-02-06T18:37:30.6599895Z Leader [vllm-0] phase=Running ready=false
2026-02-06T18:37:30.6600150Z Leader not Ready yet...
2026-02-06T18:37:32.7866167Z Follower [vllm-0-1] phase=Running ready=false
2026-02-06T18:37:32.7866450Z Follower [vllm-0-1] not Ready yet...
2026-02-06T18:37:32.9039572Z Leader [vllm-0] phase=Running ready=false
2026-02-06T18:37:32.9039901Z Leader not Ready yet...
2026-02-06T18:37:35.0274581Z Follower [vllm-0-1] phase=Running ready=false
2026-02-06T18:37:35.0275277Z Follower [vllm-0-1] not Ready yet...
2026-02-06T18:37:35.1475467Z Leader [vllm-0] phase=Running ready=false
2026-02-06T18:37:35.1475737Z Leader not Ready yet...
2026-02-06T18:37:37.2619662Z Follower [vllm-0-1] phase=Running ready=false
2026-02-06T18:37:37.2619961Z Follower [vllm-0-1] not Ready yet...
2026-02-06T18:37:37.3748292Z Leader [vllm-0] phase=Running ready=false
2026-02-06T18:37:37.3748707Z Leader not Ready yet...
2026-02-06T18:37:39.4865116Z Follower [vllm-0-1] phase=Running ready=false
2026-02-06T18:37:39.4865407Z Follower [vllm-0-1] not Ready yet...
2026-02-06T18:37:39.5986151Z Leader [vllm-0] phase=Running ready=false
2026-02-06T18:37:39.5986372Z Leader not Ready yet...
2026-02-06T18:37:41.7176020Z Follower [vllm-0-1] phase=Running ready=false
2026-02-06T18:37:41.7176307Z Follower [vllm-0-1] not Ready yet...
2026-02-06T18:37:41.8323618Z Leader [vllm-0] phase=Running ready=false
2026-02-06T18:37:41.8323861Z Leader not Ready yet...
2026-02-06T18:37:43.9479098Z Follower [vllm-0-1] phase=Running ready=false
2026-02-06T18:37:43.9479377Z Follower [vllm-0-1] not Ready yet...
2026-02-06T18:37:44.0585487Z Leader [vllm-0] phase=Running ready=false
2026-02-06T18:37:44.0585726Z Leader not Ready yet...
2026-02-06T18:37:46.1712497Z Follower [vllm-0-1] phase=Running ready=false
2026-02-06T18:37:46.1712780Z Follower [vllm-0-1] not Ready yet...
2026-02-06T18:37:46.2876375Z Leader [vllm-0] phase=Running ready=false
2026-02-06T18:37:46.2876605Z Leader not Ready yet...
2026-02-06T18:37:48.4019732Z Follower [vllm-0-1] phase=Running ready=false
2026-02-06T18:37:48.4020010Z Follower [vllm-0-1] not Ready yet...
2026-02-06T18:37:48.5176022Z Leader [vllm-0] phase=Running ready=false
2026-02-06T18:37:48.5176273Z Leader not Ready yet...
2026-02-06T18:37:50.6479627Z Follower [vllm-0-1] phase=Running ready=false
2026-02-06T18:37:50.6479912Z Follower [vllm-0-1] not Ready yet...
2026-02-06T18:37:50.7546410Z Leader [vllm-0] phase=Running ready=false
2026-02-06T18:37:50.7546651Z Leader not Ready yet...
2026-02-06T18:37:52.8706520Z Follower [vllm-0-1] phase=Running ready=false
2026-02-06T18:37:52.8706799Z Follower [vllm-0-1] not Ready yet...
2026-02-06T18:37:52.9901362Z Leader [vllm-0] phase=Running ready=false
2026-02-06T18:37:52.9901590Z Leader not Ready yet...
2026-02-06T18:37:55.1028130Z Follower [vllm-0-1] phase=Running ready=false
2026-02-06T18:37:55.1028415Z Follower [vllm-0-1] not Ready yet...
2026-02-06T18:37:55.2191479Z Leader [vllm-0] phase=Running ready=false
2026-02-06T18:37:55.2191714Z Leader not Ready yet...
2026-02-06T18:37:57.3326205Z Follower [vllm-0-1] phase=Running ready=false
2026-02-06T18:37:57.3326483Z Follower [vllm-0-1] not Ready yet...
2026-02-06T18:37:57.4614168Z Leader [vllm-0] phase=Running ready=false
2026-02-06T18:37:57.4614442Z Leader not Ready yet...
2026-02-06T18:37:59.5826825Z Follower [vllm-0-1] phase=Running ready=false
2026-02-06T18:37:59.5827109Z Follower [vllm-0-1] not Ready yet...
2026-02-06T18:37:59.6933602Z Leader [vllm-0] phase=Running ready=false
2026-02-06T18:37:59.6933865Z Leader not Ready yet...
2026-02-06T18:38:01.8192964Z Follower [vllm-0-1] phase=Running ready=false
2026-02-06T18:38:01.8193247Z Follower [vllm-0-1] not Ready yet...
2026-02-06T18:38:01.9367775Z Leader [vllm-0] phase=Running ready=false
2026-02-06T18:38:01.9368033Z Leader not Ready yet...
2026-02-06T18:38:04.0616391Z Follower [vllm-0-1] phase=Running ready=false
2026-02-06T18:38:04.0616719Z Follower [vllm-0-1] not Ready yet...
2026-02-06T18:38:04.1830121Z Leader [vllm-0] phase=Running ready=false
2026-02-06T18:38:04.1830381Z Leader not Ready yet...
2026-02-06T18:38:06.3058661Z Follower [vllm-0-1] phase=Running ready=false
2026-02-06T18:38:06.3058947Z Follower [vllm-0-1] not Ready yet...
2026-02-06T18:38:06.4175330Z Leader [vllm-0] phase=Running ready=false
2026-02-06T18:38:06.4175635Z Leader not Ready yet...
2026-02-06T18:38:08.5379654Z Follower [vllm-0-1] phase=Running ready=false
2026-02-06T18:38:08.5379967Z Follower [vllm-0-1] not Ready yet...
2026-02-06T18:38:08.6576202Z Leader [vllm-0] phase=Running ready=false
2026-02-06T18:38:08.6576693Z Leader not Ready yet...
2026-02-06T18:38:10.7752747Z Follower [vllm-0-1] phase=Running ready=false
2026-02-06T18:38:10.7753026Z Follower [vllm-0-1] not Ready yet...
2026-02-06T18:38:10.8900639Z Leader [vllm-0] phase=Running ready=false
2026-02-06T18:38:10.8900938Z Leader not Ready yet...
2026-02-06T18:38:13.0137389Z Follower [vllm-0-1] phase=Running ready=false
2026-02-06T18:38:13.0137673Z Follower [vllm-0-1] not Ready yet...
2026-02-06T18:38:13.1296187Z Leader [vllm-0] phase=Running ready=false
2026-02-06T18:38:13.1296429Z Leader not Ready yet...
2026-02-06T18:38:15.2554557Z Follower [vllm-0-1] phase=Running ready=false
2026-02-06T18:38:15.2554861Z Follower [vllm-0-1] not Ready yet...
2026-02-06T18:38:15.3792874Z Leader [vllm-0] phase=Running ready=false
2026-02-06T18:38:15.3793129Z Leader not Ready yet...
2026-02-06T18:38:17.4965740Z Follower [vllm-0-1] phase=Running ready=false
2026-02-06T18:38:17.4966211Z Follower [vllm-0-1] not Ready yet...
2026-02-06T18:38:17.6252834Z Leader [vllm-0] phase=Running ready=false
2026-02-06T18:38:17.6253057Z Leader not Ready yet...
2026-02-06T18:38:19.7580384Z Follower [vllm-0-1] phase=Running ready=false
2026-02-06T18:38:19.7580690Z Follower [vllm-0-1] not Ready yet...
2026-02-06T18:38:19.8829384Z Leader [vllm-0] phase=Running ready=false
2026-02-06T18:38:19.8829630Z Leader not Ready yet...
2026-02-06T18:38:21.9978643Z Follower [vllm-0-1] phase=Running ready=false
2026-02-06T18:38:21.9978945Z Follower [vllm-0-1] not Ready yet...
2026-02-06T18:38:22.1240158Z Leader [vllm-0] phase=Running ready=false
2026-02-06T18:38:22.1240378Z Leader not Ready yet...
2026-02-06T18:38:24.2506476Z Follower [vllm-0-1] phase=Running ready=false
2026-02-06T18:38:24.2506763Z Follower [vllm-0-1] not Ready yet...
2026-02-06T18:38:24.3761826Z Leader [vllm-0] phase=Running ready=false
2026-02-06T18:38:24.3762196Z Leader not Ready yet...
2026-02-06T18:38:26.4997225Z Follower [vllm-0-1] phase=Running ready=false
2026-02-06T18:38:26.4997507Z Follower [vllm-0-1] not Ready yet...
2026-02-06T18:38:26.6384964Z Leader [vllm-0] phase=Running ready=false
2026-02-06T18:38:26.6385185Z Leader not Ready yet...
2026-02-06T18:38:28.7793100Z Follower [vllm-0-1] phase=Running ready=false
2026-02-06T18:38:28.7793493Z Follower [vllm-0-1] not Ready yet...
2026-02-06T18:38:28.9057012Z Leader [vllm-0] phase=Running ready=false
2026-02-06T18:38:28.9057243Z Leader not Ready yet...
2026-02-06T18:38:31.0261904Z Follower [vllm-0-1] phase=Running ready=false
2026-02-06T18:38:31.0262285Z Follower [vllm-0-1] not Ready yet...
2026-02-06T18:38:31.1537842Z Leader [vllm-0] phase=Running ready=false
2026-02-06T18:38:31.1538085Z Leader not Ready yet...
2026-02-06T18:38:33.2761529Z Follower [vllm-0-1] phase=Running ready=false
2026-02-06T18:38:33.2761831Z Follower [vllm-0-1] not Ready yet...
2026-02-06T18:38:33.3905273Z Leader [vllm-0] phase=Running ready=false
2026-02-06T18:38:33.3905557Z Leader not Ready yet...
2026-02-06T18:38:35.5145097Z Follower [vllm-0-1] phase=Running ready=false
2026-02-06T18:38:35.5145400Z Follower [vllm-0-1] not Ready yet...
2026-02-06T18:38:35.6352235Z Leader [vllm-0] phase=Running ready=false
2026-02-06T18:38:35.6352470Z Leader not Ready yet...
2026-02-06T18:38:37.7486200Z Follower [vllm-0-1] phase=Running ready=false
2026-02-06T18:38:37.7486484Z Follower [vllm-0-1] not Ready yet...
2026-02-06T18:38:37.8695187Z Leader [vllm-0] phase=Running ready=false
2026-02-06T18:38:37.8695408Z Leader not Ready yet...
2026-02-06T18:38:39.9835694Z Follower [vllm-0-1] phase=Running ready=false
2026-02-06T18:38:39.9835987Z Follower [vllm-0-1] not Ready yet...
2026-02-06T18:38:40.0937776Z Leader [vllm-0] phase=Running ready=false
2026-02-06T18:38:40.0938001Z Leader not Ready yet...
2026-02-06T18:38:42.2218519Z Follower [vllm-0-1] phase=Running ready=false
2026-02-06T18:38:42.2218804Z Follower [vllm-0-1] not Ready yet...
2026-02-06T18:38:42.3459549Z Leader [vllm-0] phase=Running ready=false
2026-02-06T18:38:42.3459832Z Leader not Ready yet...
2026-02-06T18:38:44.4691094Z Follower [vllm-0-1] phase=Running ready=false
2026-02-06T18:38:44.4691759Z Follower [vllm-0-1] not Ready yet...
2026-02-06T18:38:44.5908317Z Leader [vllm-0] phase=Running ready=false
2026-02-06T18:38:44.5908591Z Leader not Ready yet...
2026-02-06T18:38:46.7298103Z Follower [vllm-0-1] phase=Running ready=false
2026-02-06T18:38:46.7298371Z Follower [vllm-0-1] not Ready yet...
2026-02-06T18:38:46.8566586Z Leader [vllm-0] phase=Running ready=false
2026-02-06T18:38:46.8566828Z Leader not Ready yet...
2026-02-06T18:38:48.9864207Z Follower [vllm-0-1] phase=Running ready=false
2026-02-06T18:38:48.9864481Z Follower [vllm-0-1] not Ready yet...
2026-02-06T18:38:49.1045804Z Leader [vllm-0] phase=Running ready=false
2026-02-06T18:38:49.1046069Z Leader not Ready yet...
2026-02-06T18:38:51.2254596Z Follower [vllm-0-1] phase=Running ready=false
2026-02-06T18:38:51.2254889Z Follower [vllm-0-1] not Ready yet...
2026-02-06T18:38:51.3433713Z Leader [vllm-0] phase=Running ready=false
2026-02-06T18:38:51.3433927Z Leader not Ready yet...
2026-02-06T18:38:53.4616102Z Follower [vllm-0-1] phase=Running ready=false
2026-02-06T18:38:53.4616398Z Follower [vllm-0-1] not Ready yet...
2026-02-06T18:38:53.5852639Z Leader [vllm-0] phase=Running ready=false
2026-02-06T18:38:53.5852860Z Leader not Ready yet...
2026-02-06T18:38:55.7172585Z Follower [vllm-0-1] phase=Running ready=false
2026-02-06T18:38:55.7172865Z Follower [vllm-0-1] not Ready yet...
2026-02-06T18:38:55.8378622Z Leader [vllm-0] phase=Running ready=false
2026-02-06T18:38:55.8378882Z Leader not Ready yet...
2026-02-06T18:38:57.9610704Z Follower [vllm-0-1] phase=Running ready=false
2026-02-06T18:38:57.9611004Z Follower [vllm-0-1] not Ready yet...
2026-02-06T18:38:58.0807855Z Leader [vllm-0] phase=Running ready=false
2026-02-06T18:38:58.0808092Z Leader not Ready yet...
2026-02-06T18:39:00.1971726Z Follower [vllm-0-1] phase=Running ready=false
2026-02-06T18:39:00.1972109Z Follower [vllm-0-1] not Ready yet...
2026-02-06T18:39:00.3148388Z Leader [vllm-0] phase=Running ready=false
2026-02-06T18:39:00.3148662Z Leader not Ready yet...
2026-02-06T18:39:02.4337772Z Follower [vllm-0-1] phase=Running ready=false
2026-02-06T18:39:02.4338059Z Follower [vllm-0-1] not Ready yet...
2026-02-06T18:39:02.5585636Z Leader [vllm-0] phase=Running ready=false
2026-02-06T18:39:02.5585899Z Leader not Ready yet...
2026-02-06T18:39:04.6805221Z Follower [vllm-0-1] phase=Running ready=false
2026-02-06T18:39:04.6805503Z Follower [vllm-0-1] not Ready yet...
2026-02-06T18:39:04.8003514Z Leader [vllm-0] phase=Running ready=false
2026-02-06T18:39:04.8003770Z Leader not Ready yet...
2026-02-06T18:39:06.9268446Z Follower [vllm-0-1] phase=Running ready=false
2026-02-06T18:39:06.9268732Z Follower [vllm-0-1] not Ready yet...
2026-02-06T18:39:07.0435898Z Leader [vllm-0] phase=Running ready=false
2026-02-06T18:39:07.0436171Z Leader not Ready yet...
2026-02-06T18:39:09.1582339Z Follower [vllm-0-1] phase=Running ready=false
2026-02-06T18:39:09.1582679Z Follower [vllm-0-1] not Ready yet...
2026-02-06T18:39:09.2791074Z Leader [vllm-0] phase=Running ready=false
2026-02-06T18:39:09.2791318Z Leader not Ready yet...
2026-02-06T18:39:11.3937654Z Follower [vllm-0-1] phase=Running ready=false
2026-02-06T18:39:11.3937933Z Follower [vllm-0-1] not Ready yet...
2026-02-06T18:39:11.5187524Z Leader [vllm-0] phase=Running ready=false
2026-02-06T18:39:11.5187787Z Leader not Ready yet...
2026-02-06T18:39:13.6351575Z Follower [vllm-0-1] phase=Running ready=false
2026-02-06T18:39:13.6351854Z Follower [vllm-0-1] not Ready yet...
2026-02-06T18:39:13.7517603Z Leader [vllm-0] phase=Running ready=false
2026-02-06T18:39:13.7517858Z Leader not Ready yet...
2026-02-06T18:39:15.8730134Z Follower [vllm-0-1] phase=Running ready=false
2026-02-06T18:39:15.8730430Z Follower [vllm-0-1] not Ready yet...
2026-02-06T18:39:15.9884109Z Leader [vllm-0] phase=Running ready=false
2026-02-06T18:39:15.9884371Z Leader not Ready yet...
2026-02-06T18:39:18.1103240Z Follower [vllm-0-1] phase=Running ready=false
2026-02-06T18:39:18.1103559Z Follower [vllm-0-1] not Ready yet...
2026-02-06T18:39:18.2199472Z Leader [vllm-0] phase=Running ready=false
2026-02-06T18:39:18.2199741Z Leader not Ready yet...
2026-02-06T18:39:20.3394643Z Follower [vllm-0-1] phase=Running ready=false
2026-02-06T18:39:20.3394917Z Follower [vllm-0-1] not Ready yet...
2026-02-06T18:39:20.4572757Z Leader [vllm-0] phase=Running ready=false
2026-02-06T18:39:20.4573016Z Leader not Ready yet...
2026-02-06T18:39:22.5916964Z Follower [vllm-0-1] phase=Running ready=false
2026-02-06T18:39:22.5917263Z Follower [vllm-0-1] not Ready yet...
2026-02-06T18:39:22.7030386Z Leader [vllm-0] phase=Running ready=false
2026-02-06T18:39:22.7030614Z Leader not Ready yet...
2026-02-06T18:39:24.8200887Z Follower [vllm-0-1] phase=Running ready=false
2026-02-06T18:39:24.8201160Z Follower [vllm-0-1] not Ready yet...
2026-02-06T18:39:24.9297563Z Leader [vllm-0] phase=Running ready=false
2026-02-06T18:39:24.9297848Z Leader not Ready yet...
2026-02-06T18:39:27.0410175Z Follower [vllm-0-1] phase=Running ready=false
2026-02-06T18:39:27.0410445Z Follower [vllm-0-1] not Ready yet...
2026-02-06T18:39:27.1536850Z Leader [vllm-0] phase=Running ready=false
2026-02-06T18:39:27.1537111Z Leader not Ready yet...
2026-02-06T18:39:29.2710381Z Follower [vllm-0-1] phase=Running ready=false
2026-02-06T18:39:29.2710684Z Follower [vllm-0-1] not Ready yet...
2026-02-06T18:39:29.3940635Z Leader [vllm-0] phase=Running ready=false
2026-02-06T18:39:29.3940889Z Leader not Ready yet...
2026-02-06T18:39:31.5186333Z Follower [vllm-0-1] phase=Running ready=false
2026-02-06T18:39:31.5186609Z Follower [vllm-0-1] not Ready yet...
2026-02-06T18:39:31.6340995Z Leader [vllm-0] phase=Running ready=false
2026-02-06T18:39:31.6341225Z Leader not Ready yet...
2026-02-06T18:39:33.7570504Z Follower [vllm-0-1] phase=Running ready=false
2026-02-06T18:39:33.7570792Z Follower [vllm-0-1] not Ready yet...
2026-02-06T18:39:33.8775870Z Leader [vllm-0] phase=Running ready=false
2026-02-06T18:39:33.8776121Z Leader not Ready yet...
2026-02-06T18:39:35.9905909Z Follower [vllm-0-1] phase=Running ready=false
2026-02-06T18:39:35.9906215Z Follower [vllm-0-1] not Ready yet...
2026-02-06T18:39:36.1055746Z Leader [vllm-0] phase=Running ready=false
2026-02-06T18:39:36.1055964Z Leader not Ready yet...
2026-02-06T18:39:38.2307613Z Follower [vllm-0-1] phase=Running ready=false
2026-02-06T18:39:38.2307889Z Follower [vllm-0-1] not Ready yet...
2026-02-06T18:39:38.3612468Z Leader [vllm-0] phase=Running ready=false
2026-02-06T18:39:38.3612693Z Leader not Ready yet...
2026-02-06T18:39:40.4860725Z Follower [vllm-0-1] phase=Running ready=false
2026-02-06T18:39:40.4861010Z Follower [vllm-0-1] not Ready yet...
2026-02-06T18:39:40.6111831Z Leader [vllm-0] phase=Running ready=false
2026-02-06T18:39:40.6112178Z Leader not Ready yet...
2026-02-06T18:39:42.7350312Z Follower [vllm-0-1] phase=Running ready=false
2026-02-06T18:39:42.7350596Z Follower [vllm-0-1] not Ready yet...
2026-02-06T18:39:42.8484935Z Leader [vllm-0] phase=Running ready=false
2026-02-06T18:39:42.8485236Z Leader not Ready yet...
2026-02-06T18:39:44.9594300Z Follower [vllm-0-1] phase=Running ready=false
2026-02-06T18:39:44.9594596Z Follower [vllm-0-1] not Ready yet...
2026-02-06T18:39:45.0825635Z Leader [vllm-0] phase=Running ready=false
2026-02-06T18:39:45.0825873Z Leader not Ready yet...
2026-02-06T18:39:47.2001358Z Follower [vllm-0-1] phase=Running ready=false
2026-02-06T18:39:47.2001642Z Follower [vllm-0-1] not Ready yet...
2026-02-06T18:39:47.3235896Z Leader [vllm-0] phase=Running ready=false
2026-02-06T18:39:47.3236136Z Leader not Ready yet...
2026-02-06T18:39:49.4583858Z Follower [vllm-0-1] phase=Running ready=false
2026-02-06T18:39:49.4584213Z Follower [vllm-0-1] not Ready yet...
2026-02-06T18:39:49.5743493Z Leader [vllm-0] phase=Running ready=false
2026-02-06T18:39:49.5743717Z Leader not Ready yet...
2026-02-06T18:39:51.7021727Z Follower [vllm-0-1] phase=Running ready=false
2026-02-06T18:39:51.7022099Z Follower [vllm-0-1] not Ready yet...
2026-02-06T18:39:51.8223033Z Leader [vllm-0] phase=Running ready=false
2026-02-06T18:39:51.8223343Z Leader not Ready yet...
2026-02-06T18:39:53.9454896Z Follower [vllm-0-1] phase=Running ready=false
2026-02-06T18:39:53.9455180Z Follower [vllm-0-1] not Ready yet...
2026-02-06T18:39:54.0564073Z Leader [vllm-0] phase=Running ready=false
2026-02-06T18:39:54.0564306Z Leader not Ready yet...
2026-02-06T18:39:56.1735196Z Follower [vllm-0-1] phase=Running ready=false
2026-02-06T18:39:56.1735481Z Follower [vllm-0-1] not Ready yet...
2026-02-06T18:39:56.2944457Z Leader [vllm-0] phase=Running ready=false
2026-02-06T18:39:56.2944703Z Leader not Ready yet...
2026-02-06T18:39:58.4181875Z Follower [vllm-0-1] phase=Running ready=false
2026-02-06T18:39:58.4182264Z Follower [vllm-0-1] not Ready yet...
2026-02-06T18:39:58.5345712Z Leader [vllm-0] phase=Running ready=false
2026-02-06T18:39:58.5345990Z Leader not Ready yet...
2026-02-06T18:40:00.6566860Z Follower [vllm-0-1] phase=Running ready=false
2026-02-06T18:40:00.6567220Z Follower [vllm-0-1] not Ready yet...
2026-02-06T18:40:00.7754685Z Leader [vllm-0] phase=Running ready=false
2026-02-06T18:40:00.7754951Z Leader not Ready yet...
2026-02-06T18:40:03.1573481Z Follower [vllm-0-1] phase=Running ready=false
2026-02-06T18:40:03.1573763Z Follower [vllm-0-1] not Ready yet...
2026-02-06T18:40:03.2672369Z Leader [vllm-0] phase=Running ready=false
2026-02-06T18:40:03.2672658Z Leader not Ready yet...
2026-02-06T18:40:05.3793808Z Follower [vllm-0-1] phase=Running ready=false
2026-02-06T18:40:05.3794083Z Follower [vllm-0-1] not Ready yet...
2026-02-06T18:40:05.4953057Z Leader [vllm-0] phase=Running ready=false
2026-02-06T18:40:05.4953323Z Leader not Ready yet...
2026-02-06T18:40:07.6232142Z Follower [vllm-0-1] phase=Running ready=false
2026-02-06T18:40:07.6232416Z Follower [vllm-0-1] not Ready yet...
2026-02-06T18:40:07.7382748Z Leader [vllm-0] phase=Running ready=false
2026-02-06T18:40:07.7382980Z Leader not Ready yet...
2026-02-06T18:40:09.8521905Z Follower [vllm-0-1] phase=Running ready=false
2026-02-06T18:40:09.8522731Z Follower [vllm-0-1] not Ready yet...
2026-02-06T18:40:09.9645552Z Leader [vllm-0] phase=Running ready=false
2026-02-06T18:40:09.9645782Z Leader not Ready yet...
2026-02-06T18:40:12.0841745Z Follower [vllm-0-1] phase=Running ready=false
2026-02-06T18:40:12.0842112Z Follower [vllm-0-1] not Ready yet...
2026-02-06T18:40:12.2120503Z Leader [vllm-0] phase=Running ready=false
2026-02-06T18:40:12.2120749Z Leader not Ready yet...
2026-02-06T18:40:14.3311771Z Follower [vllm-0-1] phase=Running ready=false
2026-02-06T18:40:14.3312159Z Follower [vllm-0-1] not Ready yet...
2026-02-06T18:40:14.4468342Z Leader [vllm-0] phase=Running ready=false
2026-02-06T18:40:14.4468608Z Leader not Ready yet...
2026-02-06T18:40:16.5658377Z Follower [vllm-0-1] phase=Running ready=false
2026-02-06T18:40:16.5658657Z Follower [vllm-0-1] not Ready yet...
2026-02-06T18:40:16.6894995Z Leader [vllm-0] phase=Running ready=false
2026-02-06T18:40:16.6895223Z Leader not Ready yet...
2026-02-06T18:40:18.8044912Z Follower [vllm-0-1] phase=Running ready=false
2026-02-06T18:40:18.8045211Z Follower [vllm-0-1] not Ready yet...
2026-02-06T18:40:18.9159059Z Leader [vllm-0] phase=Running ready=false
2026-02-06T18:40:18.9159300Z Leader not Ready yet...
2026-02-06T18:40:21.0383110Z Follower [vllm-0-1] phase=Running ready=false
2026-02-06T18:40:21.0383402Z Follower [vllm-0-1] not Ready yet...
2026-02-06T18:40:21.1528612Z Leader [vllm-0] phase=Running ready=false
2026-02-06T18:40:21.1528843Z Leader not Ready yet...
2026-02-06T18:40:23.2707322Z Follower [vllm-0-1] phase=Running ready=false
2026-02-06T18:40:23.2707599Z Follower [vllm-0-1] not Ready yet...
2026-02-06T18:40:23.3909925Z Leader [vllm-0] phase=Running ready=false
2026-02-06T18:40:23.3910142Z Leader not Ready yet...
2026-02-06T18:40:25.5080367Z Follower [vllm-0-1] phase=Running ready=false
2026-02-06T18:40:25.5080646Z Follower [vllm-0-1] not Ready yet...
2026-02-06T18:40:25.6224858Z Leader [vllm-0] phase=Running ready=false
2026-02-06T18:40:25.6225084Z Leader not Ready yet...
2026-02-06T18:40:27.7427179Z Follower [vllm-0-1] phase=Running ready=false
2026-02-06T18:40:27.7427451Z Follower [vllm-0-1] not Ready yet...
2026-02-06T18:40:27.8613550Z Leader [vllm-0] phase=Running ready=false
2026-02-06T18:40:27.8613780Z Leader not Ready yet...
2026-02-06T18:40:29.9775480Z Follower [vllm-0-1] phase=Running ready=false
2026-02-06T18:40:29.9775750Z Follower [vllm-0-1] not Ready yet...
2026-02-06T18:40:30.0967631Z Leader [vllm-0] phase=Running ready=false
2026-02-06T18:40:30.0967888Z Leader not Ready yet...
2026-02-06T18:40:32.2129279Z Follower [vllm-0-1] phase=Running ready=false
2026-02-06T18:40:32.2129582Z Follower [vllm-0-1] not Ready yet...
2026-02-06T18:40:32.3257506Z Leader [vllm-0] phase=Running ready=false
2026-02-06T18:40:32.3257788Z Leader not Ready yet...
2026-02-06T18:40:34.4509125Z Follower [vllm-0-1] phase=Running ready=false
2026-02-06T18:40:34.4509402Z Follower [vllm-0-1] not Ready yet...
2026-02-06T18:40:34.5912156Z Leader [vllm-0] phase=Running ready=false
2026-02-06T18:40:34.5912368Z Leader not Ready yet...
2026-02-06T18:40:36.7110790Z Follower [vllm-0-1] phase=Running ready=false
2026-02-06T18:40:36.7111068Z Follower [vllm-0-1] not Ready yet...
2026-02-06T18:40:36.8355531Z Leader [vllm-0] phase=Running ready=false
2026-02-06T18:40:36.8355771Z Leader not Ready yet...
2026-02-06T18:40:38.9512124Z Follower [vllm-0-1] phase=Running ready=false
2026-02-06T18:40:38.9512426Z Follower [vllm-0-1] not Ready yet...
2026-02-06T18:40:39.0662858Z Leader [vllm-0] phase=Running ready=false
2026-02-06T18:40:39.0663077Z Leader not Ready yet...
2026-02-06T18:40:41.1867820Z Follower [vllm-0-1] phase=Running ready=false
2026-02-06T18:40:41.1868180Z Follower [vllm-0-1] not Ready yet...
2026-02-06T18:40:41.3023623Z Leader [vllm-0] phase=Running ready=false
2026-02-06T18:40:41.3023883Z Leader not Ready yet...
2026-02-06T18:40:43.4230054Z Follower [vllm-0-1] phase=Running ready=false
2026-02-06T18:40:43.4230330Z Follower [vllm-0-1] not Ready yet...
2026-02-06T18:40:43.5427328Z Leader [vllm-0] phase=Running ready=false
2026-02-06T18:40:43.5428087Z Leader not Ready yet...
2026-02-06T18:40:45.6654167Z Follower [vllm-0-1] phase=Running ready=false
2026-02-06T18:40:45.6654478Z Follower [vllm-0-1] not Ready yet...
2026-02-06T18:40:45.7834500Z Leader [vllm-0] phase=Running ready=false
2026-02-06T18:40:45.7834785Z Leader not Ready yet...
2026-02-06T18:40:47.9015262Z Follower [vllm-0-1] phase=Running ready=false
2026-02-06T18:40:47.9015570Z Follower [vllm-0-1] not Ready yet...
2026-02-06T18:40:48.0247680Z Leader [vllm-0] phase=Running ready=false
2026-02-06T18:40:48.0247896Z Leader not Ready yet...
2026-02-06T18:40:50.1500754Z Follower [vllm-0-1] phase=Running ready=false
2026-02-06T18:40:50.1501069Z Follower [vllm-0-1] not Ready yet...
2026-02-06T18:40:50.2677433Z Leader [vllm-0] phase=Running ready=false
2026-02-06T18:40:50.2677657Z Leader not Ready yet...
2026-02-06T18:40:52.3964958Z Follower [vllm-0-1] phase=Running ready=false
2026-02-06T18:40:52.3965247Z Follower [vllm-0-1] not Ready yet...
2026-02-06T18:40:52.5094671Z Leader [vllm-0] phase=Running ready=false
2026-02-06T18:40:52.5094967Z Leader not Ready yet...
2026-02-06T18:40:54.6344441Z Follower [vllm-0-1] phase=Running ready=false
2026-02-06T18:40:54.6344728Z Follower [vllm-0-1] not Ready yet...
2026-02-06T18:40:54.7525279Z Leader [vllm-0] phase=Running ready=false
2026-02-06T18:40:54.7525524Z Leader not Ready yet...
2026-02-06T18:40:56.8695526Z Follower [vllm-0-1] phase=Running ready=false
2026-02-06T18:40:56.8695798Z Follower [vllm-0-1] not Ready yet...
2026-02-06T18:40:56.9984345Z Leader [vllm-0] phase=Running ready=false
2026-02-06T18:40:56.9984594Z Leader not Ready yet...
2026-02-06T18:40:59.1303929Z Follower [vllm-0-1] phase=Running ready=false
2026-02-06T18:40:59.1304209Z Follower [vllm-0-1] not Ready yet...
2026-02-06T18:40:59.2455572Z Leader [vllm-0] phase=Running ready=false
2026-02-06T18:40:59.2455804Z Leader not Ready yet...
2026-02-06T18:41:01.3613311Z Follower [vllm-0-1] phase=Running ready=false
2026-02-06T18:41:01.3613690Z Follower [vllm-0-1] not Ready yet...
2026-02-06T18:41:01.4765764Z Leader [vllm-0] phase=Running ready=false
2026-02-06T18:41:01.4766002Z Leader not Ready yet...
2026-02-06T18:41:03.6150129Z Follower [vllm-0-1] phase=Running ready=false
2026-02-06T18:41:03.6150414Z Follower [vllm-0-1] not Ready yet...
2026-02-06T18:41:03.7275831Z Leader [vllm-0] phase=Running ready=false
2026-02-06T18:41:03.7276097Z Leader not Ready yet...
2026-02-06T18:41:05.8436506Z Follower [vllm-0-1] phase=Running ready=false
2026-02-06T18:41:05.8436775Z Follower [vllm-0-1] not Ready yet...
2026-02-06T18:41:05.9574037Z Leader [vllm-0] phase=Running ready=false
2026-02-06T18:41:05.9574300Z Leader not Ready yet...
2026-02-06T18:41:08.0770282Z Follower [vllm-0-1] phase=Running ready=false
2026-02-06T18:41:08.0770561Z Follower [vllm-0-1] not Ready yet...
2026-02-06T18:41:08.1938512Z Leader [vllm-0] phase=Running ready=false
2026-02-06T18:41:08.1938747Z Leader not Ready yet...
2026-02-06T18:41:10.3096981Z Follower [vllm-0-1] phase=Running ready=false
2026-02-06T18:41:10.3097266Z Follower [vllm-0-1] not Ready yet...
2026-02-06T18:41:10.4234796Z Leader [vllm-0] phase=Running ready=false
2026-02-06T18:41:10.4235077Z Leader not Ready yet...
2026-02-06T18:41:12.5435400Z Follower [vllm-0-1] phase=Running ready=false
2026-02-06T18:41:12.5435679Z Follower [vllm-0-1] not Ready yet...
2026-02-06T18:41:12.6548801Z Leader [vllm-0] phase=Running ready=false
2026-02-06T18:41:12.6549023Z Leader not Ready yet...
2026-02-06T18:41:14.7773610Z Follower [vllm-0-1] phase=Running ready=false
2026-02-06T18:41:14.7773882Z Follower [vllm-0-1] not Ready yet...
2026-02-06T18:41:14.8989007Z Leader [vllm-0] phase=Running ready=false
2026-02-06T18:41:14.8989269Z Leader not Ready yet...
2026-02-06T18:41:17.0211650Z Follower [vllm-0-1] phase=Running ready=false
2026-02-06T18:41:17.0211922Z Follower [vllm-0-1] not Ready yet...
2026-02-06T18:41:17.1388807Z Leader [vllm-0] phase=Running ready=false
2026-02-06T18:41:17.1389032Z Leader not Ready yet...
2026-02-06T18:41:19.2685038Z Follower [vllm-0-1] phase=Running ready=false
2026-02-06T18:41:19.2685768Z Follower [vllm-0-1] not Ready yet...
2026-02-06T18:41:19.3828999Z Leader [vllm-0] phase=Running ready=false
2026-02-06T18:41:19.3829236Z Leader not Ready yet...
2026-02-06T18:41:21.4997121Z Follower [vllm-0-1] phase=Running ready=false
2026-02-06T18:41:21.4997414Z Follower [vllm-0-1] not Ready yet...
2026-02-06T18:41:21.6116723Z Leader [vllm-0] phase=Running ready=false
2026-02-06T18:41:21.6116976Z Leader not Ready yet...
2026-02-06T18:41:23.7269858Z Follower [vllm-0-1] phase=Running ready=false
2026-02-06T18:41:23.7270170Z Follower [vllm-0-1] not Ready yet...
2026-02-06T18:41:23.8427309Z Leader [vllm-0] phase=Running ready=false
2026-02-06T18:41:23.8427552Z Leader not Ready yet...
2026-02-06T18:41:25.9536412Z Follower [vllm-0-1] phase=Running ready=false
2026-02-06T18:41:25.9536701Z Follower [vllm-0-1] not Ready yet...
2026-02-06T18:41:26.0713053Z Leader [vllm-0] phase=Running ready=false
2026-02-06T18:41:26.0713279Z Leader not Ready yet...
2026-02-06T18:41:28.1815850Z Follower [vllm-0-1] phase=Running ready=false
2026-02-06T18:41:28.1816165Z Follower [vllm-0-1] not Ready yet...
2026-02-06T18:41:28.2990975Z Leader [vllm-0] phase=Running ready=false
2026-02-06T18:41:28.2991243Z Leader not Ready yet...
2026-02-06T18:41:30.3010523Z Timeout reached after 1200s
2026-02-06T18:41:30.3010789Z Dumping pod status for debugging:
2026-02-06T18:41:30.3862868Z NAME                                             READY   STATUS             RESTARTS        AGE
2026-02-06T18:41:30.3863398Z linux-aarch64-a3-0-wgt9d-runner-8x7dg            1/1     Running            0               24m
2026-02-06T18:41:30.3863866Z linux-aarch64-a3-0-wgt9d-runner-8x7dg-workflow   1/1     Running            0               24m
2026-02-06T18:41:30.3864238Z vllm-0                                           0/1     CrashLoopBackOff   8 (4m32s ago)   20m
2026-02-06T18:41:30.3864589Z vllm-0-1                                         0/1     CrashLoopBackOff   8 (4m14s ago)   20m
2026-02-06T18:41:30.4805792Z Name:             vllm-0
2026-02-06T18:41:30.4806127Z Namespace:        vllm-project
2026-02-06T18:41:30.4806337Z Priority:         0
2026-02-06T18:41:30.4806829Z Service Account:  default
2026-02-06T18:41:30.4807007Z Node:             172.22.5.112/172.22.5.112
2026-02-06T18:41:30.4807217Z Start Time:       Fri, 06 Feb 2026 18:21:08 +0000
2026-02-06T18:41:30.4807449Z Labels:           apps.kubernetes.io/pod-index=0
2026-02-06T18:41:30.4807721Z                   controller-revision-hash=vllm-5b6dfb7656
2026-02-06T18:41:30.4808026Z                   leaderworkerset.sigs.k8s.io/group-index=0
2026-02-06T18:41:30.4808370Z                   leaderworkerset.sigs.k8s.io/group-key=25e9b5ff19e8f82d5e17dacd84730be69a447a94
2026-02-06T18:41:30.4808713Z                   leaderworkerset.sigs.k8s.io/name=vllm
2026-02-06T18:41:30.4808997Z                   leaderworkerset.sigs.k8s.io/template-revision-hash=bf9955647
2026-02-06T18:41:30.4809304Z                   leaderworkerset.sigs.k8s.io/worker-index=0
2026-02-06T18:41:30.4809528Z                   role=leader
2026-02-06T18:41:30.4809732Z                   statefulset.kubernetes.io/pod-name=vllm-0
2026-02-06T18:41:30.4810038Z Annotations:      cce.kubectl.kubernetes.io/ascend-1980-configuration:
2026-02-06T18:41:30.4810524Z                     {"pod_name":"vllm-0","server_id":"172.22.5.112","devices":[{"device_id":"0","device_ip":"40.130.137.25","super_device_id":"184549376","tor...
2026-02-06T18:41:30.4810919Z                   huawei.com/AscendReal:
2026-02-06T18:41:30.4811495Z                     Ascend910-15,Ascend910-14,Ascend910-13,Ascend910-10,Ascend910-4,Ascend910-2,Ascend910-9,Ascend910-12,Ascend910-0,Ascend910-11,Ascend910-6,...
2026-02-06T18:41:30.4812100Z                   huawei.com/kltDev:
2026-02-06T18:41:30.4812625Z                     Ascend910-15,Ascend910-14,Ascend910-13,Ascend910-10,Ascend910-4,Ascend910-2,Ascend910-9,Ascend910-12,Ascend910-0,Ascend910-11,Ascend910-6,...
2026-02-06T18:41:30.4813144Z                   leaderworkerset.sigs.k8s.io/size: 2
2026-02-06T18:41:30.4813382Z                   localdns.cce.io/servers: ["169.254.20.10"]
2026-02-06T18:41:30.4813754Z                   node-local-dns-webhook.k8s.io/status: injected
2026-02-06T18:41:30.4813986Z Status:           Running
2026-02-06T18:41:30.4814144Z IP:               10.0.0.189
2026-02-06T18:41:30.4814303Z IPs:
2026-02-06T18:41:30.4814432Z   IP:           10.0.0.189
2026-02-06T18:41:30.4814596Z Controlled By:  StatefulSet/vllm
2026-02-06T18:41:30.4814770Z Containers:
2026-02-06T18:41:30.4814904Z   vllm-leader:
2026-02-06T18:41:30.4815226Z     Container ID:  docker://af71884b0d5674f3cd2af37e2f4e65d92b033a57673b2c424951c924324246b4
2026-02-06T18:41:30.4815693Z     Image:         swr.cn-southwest-2.myhuaweicloud.com/base_image/ascend-ci/vllm-ascend:nightly-a3
2026-02-06T18:41:30.4816378Z     Image ID:      docker-pullable://swr.cn-southwest-2.myhuaweicloud.com/base_image/ascend-ci/vllm-ascend@sha256:c094e759aa02f2a449183a3119dff2b35cc874df1a598c6d6be603ea8c31d6a4
2026-02-06T18:41:30.4816923Z     Port:          8080/TCP
2026-02-06T18:41:30.4817093Z     Host Port:     0/TCP
2026-02-06T18:41:30.4817244Z     Command:
2026-02-06T18:41:30.4817373Z       sh
2026-02-06T18:41:30.4817509Z       -c
2026-02-06T18:41:30.4817644Z       bash /root/.cache/tests/run.sh
2026-02-06T18:41:30.4817821Z       
2026-02-06T18:41:30.4817951Z     State:          Waiting
2026-02-06T18:41:30.4818116Z       Reason:       CrashLoopBackOff
2026-02-06T18:41:30.4818347Z     Last State:     Terminated
2026-02-06T18:41:30.4818509Z       Reason:       Error
2026-02-06T18:41:30.4818664Z       Exit Code:    1
2026-02-06T18:41:30.4818834Z       Started:      Fri, 06 Feb 2026 18:36:58 +0000
2026-02-06T18:41:30.4819046Z       Finished:     Fri, 06 Feb 2026 18:36:58 +0000
2026-02-06T18:41:30.4819239Z     Ready:          False
2026-02-06T18:41:30.4819389Z     Restart Count:  8
2026-02-06T18:41:30.4819524Z     Limits:
2026-02-06T18:41:30.4819668Z       ephemeral-storage:       100Gi
2026-02-06T18:41:30.4819856Z       huawei.com/ascend-1980:  16
2026-02-06T18:41:30.4820036Z       memory:                  512Gi
2026-02-06T18:41:30.4820205Z     Requests:
2026-02-06T18:41:30.4820340Z       cpu:                     125
2026-02-06T18:41:30.4820595Z       ephemeral-storage:       100Gi
2026-02-06T18:41:30.4820783Z       huawei.com/ascend-1980:  16
2026-02-06T18:41:30.4821105Z       memory:                  512Gi
2026-02-06T18:41:30.4822852Z     Environment:
2026-02-06T18:41:30.4823036Z       LWS_LEADER_ADDRESS:  vllm-0.vllm.vllm-project
2026-02-06T18:41:30.4823246Z       LWS_GROUP_SIZE:      2
2026-02-06T18:41:30.4823416Z       LWS_WORKER_INDEX:    0
2026-02-06T18:41:30.4823634Z       CONFIG_YAML_PATH:    DeepSeek-V3_2-W8A8-A3-dual-nodes.yaml
2026-02-06T18:41:30.4823876Z       WORKSPACE:           /vllm-workspace
2026-02-06T18:41:30.4824124Z       FAIL_TAG:            FAIL_TAG_DeepSeek-V3_2-W8A8-A3-dual-nodes.yaml
2026-02-06T18:41:30.4824356Z     Mounts:
2026-02-06T18:41:30.4824492Z       /dev/shm from dshm (rw)
2026-02-06T18:41:30.4824673Z       /root/.cache from shared-volume (rw)
2026-02-06T18:41:30.4824908Z       /usr/local/Ascend/driver/tools from driver-tools (rw)
2026-02-06T18:41:30.4825240Z       /var/run/secrets/kubernetes.io/serviceaccount from kube-api-access-nkjrk (ro)
2026-02-06T18:41:30.4825525Z Conditions:
2026-02-06T18:41:30.4825652Z   Type                        Status
2026-02-06T18:41:30.4825839Z   PodReadyToStartContainers   True 
2026-02-06T18:41:30.4826032Z   Initialized                 True 
2026-02-06T18:41:30.4826199Z   Ready                       False 
2026-02-06T18:41:30.4826375Z   ContainersReady             False 
2026-02-06T18:41:30.4826548Z   PodScheduled                True 
2026-02-06T18:41:30.4826714Z Volumes:
2026-02-06T18:41:30.4826838Z   dshm:
2026-02-06T18:41:30.4827038Z     Type:       EmptyDir (a temporary directory that shares a pod's lifetime)
2026-02-06T18:41:30.4827294Z     Medium:     Memory
2026-02-06T18:41:30.4827442Z     SizeLimit:  15Gi
2026-02-06T18:41:30.4827594Z   shared-volume:
2026-02-06T18:41:30.4827882Z     Type:       PersistentVolumeClaim (a reference to a PersistentVolumeClaim in the same namespace)
2026-02-06T18:41:30.4828339Z     ClaimName:  nv-action-vllm-benchmarks-v2
2026-02-06T18:41:30.4828540Z     ReadOnly:   false
2026-02-06T18:41:30.4828739Z   driver-tools:
2026-02-06T18:41:30.4828913Z     Type:          HostPath (bare host directory volume)
2026-02-06T18:41:30.4829144Z     Path:          /usr/local/Ascend/driver/tools
2026-02-06T18:41:30.4829342Z     HostPathType:  
2026-02-06T18:41:30.4829491Z   kube-api-access-nkjrk:
2026-02-06T18:41:30.4829761Z     Type:                    Projected (a volume that contains injected data from multiple sources)
2026-02-06T18:41:30.4830063Z     TokenExpirationSeconds:  3607
2026-02-06T18:41:30.4830264Z     ConfigMapName:           kube-root-ca.crt
2026-02-06T18:41:30.4830464Z     Optional:                false
2026-02-06T18:41:30.4830634Z     DownwardAPI:             true
2026-02-06T18:41:30.4830809Z QoS Class:                   Burstable
2026-02-06T18:41:30.4830997Z Node-Selectors:              <none>
2026-02-06T18:41:30.4831264Z Tolerations:                 node.kubernetes.io/not-ready:NoExecute op=Exists for 300s
2026-02-06T18:41:30.4831703Z                              node.kubernetes.io/unreachable:NoExecute op=Exists for 300s
2026-02-06T18:41:30.4831962Z Events:
2026-02-06T18:41:30.4832243Z   Type     Reason                 Age                 From               Message
2026-02-06T18:41:30.4832540Z   ----     ------                 ----                ----               -------
2026-02-06T18:41:30.4832934Z   Normal   Scheduled              20m                 default-scheduler  Successfully assigned vllm-project/vllm-0 to 172.22.5.112
2026-02-06T18:41:30.4833584Z   Normal   SuccessfulMountVolume  20m (x2 over 20m)   kubelet            Successfully mounted volumes for pod "vllm-0_vllm-project(1d0bf9ce-fb90-400c-a92f-bb8a7429b4be)"
2026-02-06T18:41:30.4834568Z   Normal   Pulled                 20m                 kubelet            spec.containers{vllm-leader}: Successfully pulled image "swr.cn-southwest-2.myhuaweicloud.com/base_image/ascend-ci/vllm-ascend:nightly-a3" in 148ms (148ms including waiting). Image size: 16692821995 bytes.
2026-02-06T18:41:30.4835859Z   Normal   Pulled                 20m                 kubelet            spec.containers{vllm-leader}: Successfully pulled image "swr.cn-southwest-2.myhuaweicloud.com/base_image/ascend-ci/vllm-ascend:nightly-a3" in 104ms (104ms including waiting). Image size: 16692821995 bytes.
2026-02-06T18:41:30.4836901Z   Normal   Pulling                20m (x3 over 20m)   kubelet            spec.containers{vllm-leader}: Pulling image "swr.cn-southwest-2.myhuaweicloud.com/base_image/ascend-ci/vllm-ascend:nightly-a3"
2026-02-06T18:41:30.4837607Z   Normal   SuccessfulCreate       20m (x3 over 20m)   kubelet            spec.containers{vllm-leader}: Created container: vllm-leader
2026-02-06T18:41:30.4838138Z   Normal   Started                20m (x3 over 20m)   kubelet            spec.containers{vllm-leader}: Started container vllm-leader
2026-02-06T18:41:30.4838996Z   Normal   Pulled                 20m                 kubelet            spec.containers{vllm-leader}: Successfully pulled image "swr.cn-southwest-2.myhuaweicloud.com/base_image/ascend-ci/vllm-ascend:nightly-a3" in 114ms (114ms including waiting). Image size: 16692821995 bytes.
2026-02-06T18:41:30.4839924Z   Warning  BackOffStart           20m (x3 over 20m)   kubelet            spec.containers{vllm-leader}: Back-off restarting failed container
2026-02-06T18:41:30.4840508Z   Warning  BackOffStart           19m (x4 over 20m)   kubelet            spec.containers{vllm-leader}: the failed container exited with ExitCode: 1
2026-02-06T18:41:30.4841317Z   Warning  BackOffStart           13s (x96 over 20m)  kubelet            spec.containers{vllm-leader}: Back-off restarting failed container vllm-leader in pod vllm-0_vllm-project(1d0bf9ce-fb90-400c-a92f-bb8a7429b4be)
2026-02-06T18:41:30.5597781Z ##[error]Error: failed to run script step: Error: command terminated with non-zero exit code: command terminated with exit code 1
2026-02-06T18:41:30.5637874Z ##[error]Process completed with exit code 1.
2026-02-06T18:41:30.5734089Z ##[error]Executing the custom container implementation failed. Please contact your self hosted runner administrator.
2026-02-06T18:41:30.6122736Z ##[group]Run actions/upload-artifact@v6
2026-02-06T18:41:30.6122953Z with:
2026-02-06T18:41:30.6123134Z   name: DeepSeek-V3_2-W8A8-A3-dual-nodes.yaml-pod-logs
2026-02-06T18:41:30.6123372Z   path: /tmp/vllm*_logs.txt
2026-02-06T18:41:30.6123546Z   retention-days: 7
2026-02-06T18:41:30.6123741Z   if-no-files-found: warn
2026-02-06T18:41:30.6123910Z   compression-level: 6
2026-02-06T18:41:30.6124062Z   overwrite: false
2026-02-06T18:41:30.6124216Z   include-hidden-files: false
2026-02-06T18:41:30.6124386Z env:
2026-02-06T18:41:30.6124560Z   FAIL_TAG: FAIL_TAG_DeepSeek-V3_2-W8A8-A3-dual-nodes.yaml
2026-02-06T18:41:30.6124783Z ##[endgroup]
2026-02-06T18:41:30.6150477Z ##[group]Run '/home/runner/k8s/index.js'
2026-02-06T18:41:30.6151231Z shell: /home/runner/externals/node20/bin/node {0}
2026-02-06T18:41:30.6151612Z ##[endgroup]
2026-02-06T18:41:30.9687443Z (node:10401) [DEP0005] DeprecationWarning: Buffer() is deprecated due to security and usability issues. Please use the Buffer.alloc(), Buffer.allocUnsafe(), or Buffer.from() methods instead.
2026-02-06T18:41:30.9688103Z (Use `node --trace-deprecation ...` to show where the warning was created)
2026-02-06T18:41:49.9219682Z ##[warning]No files were found with the provided path: /tmp/vllm*_logs.txt. No artifacts will be uploaded.
2026-02-06T18:42:08.1606623Z ##[group]Run kubectl get pods -n "$NAMESPACE" --ignore-not-found=true
2026-02-06T18:42:08.1607001Z [36;1mkubectl get pods -n "$NAMESPACE" --ignore-not-found=true[0m
2026-02-06T18:42:08.1607318Z [36;1mkubectl delete -f ./lws.yaml --ignore-not-found=true || true[0m
2026-02-06T18:42:08.1607638Z shell: bash -el {0}
2026-02-06T18:42:08.1607780Z env:
2026-02-06T18:42:08.1607959Z   FAIL_TAG: FAIL_TAG_DeepSeek-V3_2-W8A8-A3-dual-nodes.yaml
2026-02-06T18:42:08.1608198Z ##[endgroup]
2026-02-06T18:42:08.1814817Z ##[group]Run '/home/runner/k8s/index.js'
2026-02-06T18:42:08.1815436Z shell: /home/runner/externals/node20/bin/node {0}
2026-02-06T18:42:08.1815642Z ##[endgroup]
2026-02-06T18:42:08.5409931Z (node:11872) [DEP0005] DeprecationWarning: Buffer() is deprecated due to security and usability issues. Please use the Buffer.alloc(), Buffer.allocUnsafe(), or Buffer.from() methods instead.
2026-02-06T18:42:08.5410709Z (Use `node --trace-deprecation ...` to show where the warning was created)
2026-02-06T18:42:27.0697100Z NAME                                             READY   STATUS             RESTARTS        AGE
2026-02-06T18:42:27.0697526Z linux-aarch64-a3-0-wgt9d-runner-8x7dg            1/1     Running            0               25m
2026-02-06T18:42:27.0697980Z linux-aarch64-a3-0-wgt9d-runner-8x7dg-workflow   1/1     Running            0               25m
2026-02-06T18:42:27.0698372Z vllm-0                                           0/1     CrashLoopBackOff   9 (21s ago)     21m
2026-02-06T18:42:27.0698699Z vllm-0-1                                         0/1     Error              9 (5m11s ago)   21m
2026-02-06T18:42:27.1302650Z leaderworkerset.leaderworkerset.x-k8s.io "vllm" deleted from vllm-project namespace
2026-02-06T18:42:27.1516448Z service "vllm-leader" deleted from vllm-project namespace
2026-02-06T18:42:45.5856641Z Post job cleanup.
2026-02-06T18:42:45.5876803Z ##[group]Run '/home/runner/k8s/index.js'
2026-02-06T18:42:45.5877437Z shell: /home/runner/externals/node20/bin/node {0}
2026-02-06T18:42:45.5877648Z ##[endgroup]
2026-02-06T18:42:45.9399777Z (node:13529) [DEP0005] DeprecationWarning: Buffer() is deprecated due to security and usability issues. Please use the Buffer.alloc(), Buffer.allocUnsafe(), or Buffer.from() methods instead.
2026-02-06T18:42:45.9400443Z (Use `node --trace-deprecation ...` to show where the warning was created)
2026-02-06T18:43:04.6192201Z [command]/usr/bin/git version
2026-02-06T18:43:04.6432078Z git version 2.34.1
2026-02-06T18:43:04.6462460Z Copying '/root/.gitconfig' to '/__w/_temp/bede2b9d-3d24-4acc-86e2-13afb0ca79dd/.gitconfig'
2026-02-06T18:43:04.6469177Z Temporarily overriding HOME='/__w/_temp/bede2b9d-3d24-4acc-86e2-13afb0ca79dd' before making global git config changes
2026-02-06T18:43:04.6469705Z Adding repository directory to the temporary git global config as a safe directory
2026-02-06T18:43:04.6473392Z [command]/usr/bin/git config --global --add safe.directory /__w/vllm-ascend/vllm-ascend
2026-02-06T18:43:04.6510503Z Removing SSH command configuration
2026-02-06T18:43:04.6515546Z [command]/usr/bin/git config --local --name-only --get-regexp core\.sshCommand
2026-02-06T18:43:04.6592151Z [command]/usr/bin/git submodule foreach --recursive sh -c "git config --local --name-only --get-regexp 'core\.sshCommand' && git config --local --unset-all 'core.sshCommand' || :"
2026-02-06T18:43:04.7070227Z Removing HTTP extra header
2026-02-06T18:43:04.7073792Z [command]/usr/bin/git config --local --name-only --get-regexp http\.https\:\/\/github\.com\/\.extraheader
2026-02-06T18:43:04.7101617Z [command]/usr/bin/git submodule foreach --recursive sh -c "git config --local --name-only --get-regexp 'http\.https\:\/\/github\.com\/\.extraheader' && git config --local --unset-all 'http.https://github.com/.extraheader' || :"
2026-02-06T18:43:04.7286582Z Removing includeIf entries pointing to credentials config files
2026-02-06T18:43:04.7290706Z [command]/usr/bin/git config --local --name-only --get-regexp ^includeIf\.gitdir:
2026-02-06T18:43:04.7313296Z includeif.gitdir:/__w/vllm-ascend/vllm-ascend/.git.path
2026-02-06T18:43:04.7313605Z includeif.gitdir:/__w/vllm-ascend/vllm-ascend/.git/worktrees/*.path
2026-02-06T18:43:04.7313896Z includeif.gitdir:/github/workspace/.git.path
2026-02-06T18:43:04.7314149Z includeif.gitdir:/github/workspace/.git/worktrees/*.path
2026-02-06T18:43:04.7317461Z [command]/usr/bin/git config --local --get-all includeif.gitdir:/__w/vllm-ascend/vllm-ascend/.git.path
2026-02-06T18:43:04.7334345Z /__w/_temp/git-credentials-6c43b310-e432-4b03-babf-af75e0cfea1c.config
2026-02-06T18:43:04.7387853Z [command]/usr/bin/git config --local --unset includeif.gitdir:/__w/vllm-ascend/vllm-ascend/.git.path /__w/_temp/git-credentials-6c43b310-e432-4b03-babf-af75e0cfea1c.config
2026-02-06T18:43:04.7388764Z [command]/usr/bin/git config --local --get-all includeif.gitdir:/__w/vllm-ascend/vllm-ascend/.git/worktrees/*.path
2026-02-06T18:43:04.7391676Z /__w/_temp/git-credentials-6c43b310-e432-4b03-babf-af75e0cfea1c.config
2026-02-06T18:43:04.7399006Z [command]/usr/bin/git config --local --unset includeif.gitdir:/__w/vllm-ascend/vllm-ascend/.git/worktrees/*.path /__w/_temp/git-credentials-6c43b310-e432-4b03-babf-af75e0cfea1c.config
2026-02-06T18:43:04.7429157Z [command]/usr/bin/git config --local --get-all includeif.gitdir:/github/workspace/.git.path
2026-02-06T18:43:04.7446719Z /github/runner_temp/git-credentials-6c43b310-e432-4b03-babf-af75e0cfea1c.config
2026-02-06T18:43:04.7452779Z [command]/usr/bin/git config --local --unset includeif.gitdir:/github/workspace/.git.path /github/runner_temp/git-credentials-6c43b310-e432-4b03-babf-af75e0cfea1c.config
2026-02-06T18:43:04.7483734Z [command]/usr/bin/git config --local --get-all includeif.gitdir:/github/workspace/.git/worktrees/*.path
2026-02-06T18:43:04.7501015Z /github/runner_temp/git-credentials-6c43b310-e432-4b03-babf-af75e0cfea1c.config
2026-02-06T18:43:04.7507877Z [command]/usr/bin/git config --local --unset includeif.gitdir:/github/workspace/.git/worktrees/*.path /github/runner_temp/git-credentials-6c43b310-e432-4b03-babf-af75e0cfea1c.config
2026-02-06T18:43:04.7535887Z [command]/usr/bin/git submodule foreach --recursive git config --local --show-origin --name-only --get-regexp remote.origin.url
2026-02-06T18:43:04.7710186Z Removing credentials config '/__w/_temp/git-credentials-6c43b310-e432-4b03-babf-af75e0cfea1c.config'
2026-02-06T18:43:23.1188642Z ##[group]Run '/home/runner/k8s/index.js'
2026-02-06T18:43:23.1189319Z shell: /home/runner/externals/node20/bin/node {0}
2026-02-06T18:43:23.1189575Z ##[endgroup]
2026-02-06T18:43:23.5196533Z Cleaning up orphan processes
