# Run ID: 22231958921
# Commit: f0caeeadcb37261beebd4a6e32934fa9f460db98
# Job: single-node (deepseek3_2-w8a8, linux-aarch64-a3-16, tests/e2e/nightly/single_node/models/test_dee... / tests/e2e/nightly/single_node/models/test_deepseek_v3_2_w8a8.py
# Date: 2026-02-20
============================================================

ï»¿2026-02-20T21:17:34.9529843Z Current runner version: '2.330.0'
2026-02-20T21:17:34.9534434Z Runner name: 'linux-aarch64-a3-16-jl5bl-runner-v68j8'
2026-02-20T21:17:34.9535153Z Runner group name: 'Default'
2026-02-20T21:17:34.9535872Z Machine name: 'linux-aarch64-a3-16-jl5bl-runner-v68j8'
2026-02-20T21:17:34.9539440Z ##[group]GITHUB_TOKEN Permissions
2026-02-20T21:17:34.9541549Z Actions: write
2026-02-20T21:17:34.9541952Z ArtifactMetadata: write
2026-02-20T21:17:34.9542600Z Attestations: write
2026-02-20T21:17:34.9543014Z Checks: write
2026-02-20T21:17:34.9543404Z Contents: write
2026-02-20T21:17:34.9543743Z Deployments: write
2026-02-20T21:17:34.9544168Z Discussions: write
2026-02-20T21:17:34.9544525Z Issues: write
2026-02-20T21:17:34.9544889Z Metadata: read
2026-02-20T21:17:34.9545288Z Models: read
2026-02-20T21:17:34.9545713Z Packages: write
2026-02-20T21:17:34.9546072Z Pages: write
2026-02-20T21:17:34.9546439Z PullRequests: write
2026-02-20T21:17:34.9546841Z RepositoryProjects: write
2026-02-20T21:17:34.9547490Z SecurityEvents: write
2026-02-20T21:17:34.9547944Z Statuses: write
2026-02-20T21:17:34.9548314Z ##[endgroup]
2026-02-20T21:17:34.9550060Z Secret source: Actions
2026-02-20T21:17:34.9550577Z Prepare workflow directory
2026-02-20T21:17:35.0203372Z Prepare all required actions
2026-02-20T21:17:35.0253739Z Uses: vllm-project/vllm-ascend/.github/workflows/_e2e_nightly_single_node.yaml@refs/heads/main (f0caeeadcb37261beebd4a6e32934fa9f460db98)
2026-02-20T21:17:35.0257505Z ##[group] Inputs
2026-02-20T21:17:35.0257991Z   runner: linux-aarch64-a3-16
2026-02-20T21:17:35.0258656Z   image: swr.cn-southwest-2.myhuaweicloud.com/base_image/ascend-ci/vllm-ascend:nightly-a3
2026-02-20T21:17:35.0259516Z   tests: tests/e2e/nightly/single_node/models/test_deepseek_v3_2_w8a8.py
2026-02-20T21:17:35.0260129Z   name: deepseek3_2-w8a8
2026-02-20T21:17:35.0260517Z ##[endgroup]
2026-02-20T21:17:35.0261643Z Complete job name: single-node (deepseek3_2-w8a8, linux-aarch64-a3-16, tests/e2e/nightly/single_node/models/test_dee... / tests/e2e/nightly/single_node/models/test_deepseek_v3_2_w8a8.py
2026-02-20T21:17:35.0755360Z ##[group]Run '/home/runner/k8s/index.js'
2026-02-20T21:17:35.0762721Z shell: /home/runner/externals/node20/bin/node {0}
2026-02-20T21:17:35.0763608Z ##[endgroup]
2026-02-20T21:18:06.5873601Z (node:51) [DEP0005] DeprecationWarning: Buffer() is deprecated due to security and usability issues. Please use the Buffer.alloc(), Buffer.allocUnsafe(), or Buffer.from() methods instead.
2026-02-20T21:18:06.5874723Z (Use `node --trace-deprecation ...` to show where the warning was created)
2026-02-20T21:18:07.1271091Z ##[group]Run npu-smi info
2026-02-20T21:18:07.1271483Z [36;1mnpu-smi info[0m
2026-02-20T21:18:07.1271938Z [36;1mcat /usr/local/Ascend/ascend-toolkit/latest/"$(uname -i)"-linux/ascend_toolkit_install.info[0m
2026-02-20T21:18:07.1272884Z shell: bash -el {0}
2026-02-20T21:18:07.1273161Z env:
2026-02-20T21:18:07.1273475Z   HF_HUB_OFFLINE: 1
2026-02-20T21:18:07.1273728Z   VLLM_USE_MODELSCOPE: true
2026-02-20T21:18:07.1274030Z ##[endgroup]
2026-02-20T21:18:07.1401076Z ##[group]Run '/home/runner/k8s/index.js'
2026-02-20T21:18:07.1402340Z shell: /home/runner/externals/node20/bin/node {0}
2026-02-20T21:18:07.1402763Z ##[endgroup]
2026-02-20T21:18:07.4990948Z (node:78) [DEP0005] DeprecationWarning: Buffer() is deprecated due to security and usability issues. Please use the Buffer.alloc(), Buffer.allocUnsafe(), or Buffer.from() methods instead.
2026-02-20T21:18:07.4991894Z (Use `node --trace-deprecation ...` to show where the warning was created)
2026-02-20T21:18:10.1987975Z +------------------------------------------------------------------------------------------------+
2026-02-20T21:18:10.1988654Z | npu-smi 25.5.0                   Version: 25.5.0                                               |
2026-02-20T21:18:10.1989380Z +---------------------------+---------------+----------------------------------------------------+
2026-02-20T21:18:10.1989929Z | NPU   Name                | Health        | Power(W)    Temp(C)           Hugepages-Usage(page)|
2026-02-20T21:18:10.1990894Z | Chip  Phy-ID              | Bus-Id        | AICore(%)   Memory-Usage(MB)  HBM-Usage(MB)        |
2026-02-20T21:18:10.1991338Z +===========================+===============+====================================================+
2026-02-20T21:18:10.1991820Z | 0     Ascend910           | OK            | 163.7       36                0    / 0             |
2026-02-20T21:18:10.1992418Z | 0     0                   | 0000:9D:00.0  | 0           0    / 0          3150 / 65536         |
2026-02-20T21:18:10.1992876Z +------------------------------------------------------------------------------------------------+
2026-02-20T21:18:10.1993402Z | 0     Ascend910           | OK            | -           37                0    / 0             |
2026-02-20T21:18:10.1993833Z | 1     1                   | 0000:9F:00.0  | 0           0    / 0          2896 / 65536         |
2026-02-20T21:18:10.1994255Z +===========================+===============+====================================================+
2026-02-20T21:18:10.1994667Z | 1     Ascend910           | OK            | 163.2       36                0    / 0             |
2026-02-20T21:18:10.1995091Z | 0     2                   | 0000:99:00.0  | 0           0    / 0          3160 / 65536         |
2026-02-20T21:18:10.1995583Z +------------------------------------------------------------------------------------------------+
2026-02-20T21:18:10.1996106Z | 1     Ascend910           | OK            | -           37                0    / 0             |
2026-02-20T21:18:10.1996634Z | 1     3                   | 0000:9B:00.0  | 0           0    / 0          2885 / 65536         |
2026-02-20T21:18:10.1997084Z +===========================+===============+====================================================+
2026-02-20T21:18:10.1997568Z | 2     Ascend910           | OK            | 164.6       37                0    / 0             |
2026-02-20T21:18:10.1998009Z | 0     4                   | 0000:95:00.0  | 0           0    / 0          3161 / 65536         |
2026-02-20T21:18:10.1998464Z +------------------------------------------------------------------------------------------------+
2026-02-20T21:18:10.1998893Z | 2     Ascend910           | OK            | -           38                0    / 0             |
2026-02-20T21:18:10.1999314Z | 1     5                   | 0000:97:00.0  | 0           0    / 0          2886 / 65536         |
2026-02-20T21:18:10.1999695Z +===========================+===============+====================================================+
2026-02-20T21:18:10.2000236Z | 3     Ascend910           | OK            | 172.7       37                0    / 0             |
2026-02-20T21:18:10.2000680Z | 0     6                   | 0000:91:00.0  | 0           0    / 0          3150 / 65536         |
2026-02-20T21:18:10.2001094Z +------------------------------------------------------------------------------------------------+
2026-02-20T21:18:10.2001557Z | 3     Ascend910           | OK            | -           37                0    / 0             |
2026-02-20T21:18:10.2002082Z | 1     7                   | 0000:93:00.0  | 0           0    / 0          2896 / 65536         |
2026-02-20T21:18:10.2002551Z +===========================+===============+====================================================+
2026-02-20T21:18:10.2002974Z | 4     Ascend910           | OK            | 163.8       36                0    / 0             |
2026-02-20T21:18:10.2003372Z | 0     8                   | 0000:8D:00.0  | 0           0    / 0          3154 / 65536         |
2026-02-20T21:18:10.2003836Z +------------------------------------------------------------------------------------------------+
2026-02-20T21:18:10.2004282Z | 4     Ascend910           | OK            | -           36                0    / 0             |
2026-02-20T21:18:10.2004706Z | 1     9                   | 0000:8F:00.0  | 0           0    / 0          2897 / 65536         |
2026-02-20T21:18:10.2005104Z +===========================+===============+====================================================+
2026-02-20T21:18:10.2005567Z | 5     Ascend910           | OK            | 165.2       35                0    / 0             |
2026-02-20T21:18:10.2005989Z | 0     10                  | 0000:89:00.0  | 0           0    / 0          3149 / 65536         |
2026-02-20T21:18:10.2006417Z +------------------------------------------------------------------------------------------------+
2026-02-20T21:18:10.2006945Z | 5     Ascend910           | OK            | -           37                0    / 0             |
2026-02-20T21:18:10.2007410Z | 1     11                  | 0000:8B:00.0  | 0           0    / 0          2897 / 65536         |
2026-02-20T21:18:10.5010355Z +===========================+===============+====================================================+
2026-02-20T21:18:10.5010844Z | 6     Ascend910           | OK            | 166.5       37                0    / 0             |
2026-02-20T21:18:10.5011236Z | 0     12                  | 0000:85:00.0  | 0           0    / 0          3149 / 65536         |
2026-02-20T21:18:10.5011723Z +------------------------------------------------------------------------------------------------+
2026-02-20T21:18:10.5012335Z | 6     Ascend910           | OK            | -           36                0    / 0             |
2026-02-20T21:18:10.5012703Z | 1     13                  | 0000:87:00.0  | 0           0    / 0          2896 / 65536         |
2026-02-20T21:18:10.5013053Z +===========================+===============+====================================================+
2026-02-20T21:18:10.5013445Z | 7     Ascend910           | OK            | 164.1       37                0    / 0             |
2026-02-20T21:18:10.5013893Z | 0     14                  | 0000:81:00.0  | 0           0    / 0          3157 / 65536         |
2026-02-20T21:18:10.5014653Z +------------------------------------------------------------------------------------------------+
2026-02-20T21:18:10.5015056Z | 7     Ascend910           | OK            | -           37                0    / 0             |
2026-02-20T21:18:10.5015412Z | 1     15                  | 0000:83:00.0  | 0           0    / 0          2882 / 65536         |
2026-02-20T21:18:10.5015766Z +===========================+===============+====================================================+
2026-02-20T21:18:10.5016144Z +---------------------------+---------------+----------------------------------------------------+
2026-02-20T21:18:10.5016648Z | NPU     Chip              | Process id    | Process name             | Process memory(MB)      |
2026-02-20T21:18:10.5017289Z +===========================+===============+====================================================+
2026-02-20T21:18:10.5017648Z | No running processes found in NPU 0                                                            |
2026-02-20T21:18:10.5018072Z +===========================+===============+====================================================+
2026-02-20T21:18:10.5018457Z | No running processes found in NPU 1                                                            |
2026-02-20T21:18:10.5018816Z +===========================+===============+====================================================+
2026-02-20T21:18:10.5019190Z | No running processes found in NPU 2                                                            |
2026-02-20T21:18:10.5019556Z +===========================+===============+====================================================+
2026-02-20T21:18:10.5019953Z | No running processes found in NPU 3                                                            |
2026-02-20T21:18:10.5020332Z +===========================+===============+====================================================+
2026-02-20T21:18:10.5020673Z | No running processes found in NPU 4                                                            |
2026-02-20T21:18:10.5021064Z +===========================+===============+====================================================+
2026-02-20T21:18:10.5021412Z | No running processes found in NPU 5                                                            |
2026-02-20T21:18:10.5021867Z +===========================+===============+====================================================+
2026-02-20T21:18:10.5022375Z | No running processes found in NPU 6                                                            |
2026-02-20T21:18:10.5022829Z +===========================+===============+====================================================+
2026-02-20T21:18:10.5023241Z | No running processes found in NPU 7                                                            |
2026-02-20T21:18:10.5023643Z +===========================+===============+====================================================+
2026-02-20T21:18:10.5061926Z package_name=Ascend-cann-toolkit
2026-02-20T21:18:10.5062433Z version=8.5.0
2026-02-20T21:18:10.5062690Z innerversion=V100R001C25SPC001B232
2026-02-20T21:18:10.5063086Z compatible_version=[V100R001C15],[V100R001C18],[V100R001C19],[V100R001C20],[V100R001C21],[V100R001C23]
2026-02-20T21:18:10.5063428Z arch=aarch64
2026-02-20T21:18:10.5063653Z os=linux
2026-02-20T21:18:10.5063850Z path=/usr/local/Ascend/cann-8.5.0
2026-02-20T21:18:10.9201443Z ##[group]Run echo "Installed vLLM-related Python packages:"
2026-02-20T21:18:10.9201914Z [36;1mecho "Installed vLLM-related Python packages:"[0m
2026-02-20T21:18:10.9202381Z [36;1mpip list | grep vllm || echo "No vllm packages found."[0m
2026-02-20T21:18:10.9202700Z [36;1m[0m
2026-02-20T21:18:10.9202907Z [36;1mecho ""[0m
2026-02-20T21:18:10.9203113Z [36;1mecho "============================"[0m
2026-02-20T21:18:10.9203399Z [36;1mecho "vLLM Git information"[0m
2026-02-20T21:18:10.9203735Z [36;1mecho "============================"[0m
2026-02-20T21:18:10.9203958Z [36;1mcd vllm[0m
2026-02-20T21:18:10.9204200Z [36;1mif [ -d .git ]; then[0m
2026-02-20T21:18:10.9204472Z [36;1m  echo "Branch:      $(git rev-parse --abbrev-ref HEAD)"[0m
2026-02-20T21:18:10.9204821Z [36;1m  echo "Commit hash: $(git rev-parse HEAD)"[0m
2026-02-20T21:18:10.9205128Z [36;1m  echo "Author:      $(git log -1 --pretty=format:'%an <%ae>')"[0m
2026-02-20T21:18:10.9205617Z [36;1m  echo "Date:        $(git log -1 --pretty=format:'%ad' --date=iso)"[0m
2026-02-20T21:18:10.9205955Z [36;1m  echo "Message:     $(git log -1 --pretty=format:'%s')"[0m
2026-02-20T21:18:10.9206327Z [36;1m  echo "Tags:        $(git tag --points-at HEAD || echo 'None')"[0m
2026-02-20T21:18:10.9206734Z [36;1m  echo "Remote:      $(git remote -v | head -n1)"[0m
2026-02-20T21:18:10.9207002Z [36;1m  echo ""[0m
2026-02-20T21:18:10.9207292Z [36;1melse[0m
2026-02-20T21:18:10.9207498Z [36;1m  echo "No .git directory found in vllm"[0m
2026-02-20T21:18:10.9207767Z [36;1mfi[0m
2026-02-20T21:18:10.9207961Z [36;1mcd ..[0m
2026-02-20T21:18:10.9208171Z [36;1m[0m
2026-02-20T21:18:10.9208340Z [36;1mecho ""[0m
2026-02-20T21:18:10.9208579Z [36;1mecho "============================"[0m
2026-02-20T21:18:10.9208868Z [36;1mecho "vLLM-Ascend Git information"[0m
2026-02-20T21:18:10.9209165Z [36;1mecho "============================"[0m
2026-02-20T21:18:10.9209430Z [36;1mcd vllm-ascend[0m
2026-02-20T21:18:10.9209668Z [36;1mif [ -d .git ]; then[0m
2026-02-20T21:18:10.9209961Z [36;1m  echo "Branch:      $(git rev-parse --abbrev-ref HEAD)"[0m
2026-02-20T21:18:10.9210340Z [36;1m  echo "Commit hash: $(git rev-parse HEAD)"[0m
2026-02-20T21:18:10.9210653Z [36;1m  echo "Author:      $(git log -1 --pretty=format:'%an <%ae>')"[0m
2026-02-20T21:18:10.9211028Z [36;1m  echo "Date:        $(git log -1 --pretty=format:'%ad' --date=iso)"[0m
2026-02-20T21:18:10.9211357Z [36;1m  echo "Message:     $(git log -1 --pretty=format:'%s')"[0m
2026-02-20T21:18:10.9211731Z [36;1m  echo "Tags:        $(git tag --points-at HEAD || echo 'None')"[0m
2026-02-20T21:18:10.9212179Z [36;1m  echo "Remote:      $(git remote -v | head -n1)"[0m
2026-02-20T21:18:10.9212442Z [36;1m  echo ""[0m
2026-02-20T21:18:10.9212680Z [36;1melse[0m
2026-02-20T21:18:10.9212907Z [36;1m  echo "No .git directory found in vllm-ascend"[0m
2026-02-20T21:18:10.9213182Z [36;1mfi[0m
2026-02-20T21:18:10.9213374Z [36;1mcd ..[0m
2026-02-20T21:18:10.9213912Z shell: bash -el {0}
2026-02-20T21:18:10.9214091Z env:
2026-02-20T21:18:10.9214403Z   HF_HUB_OFFLINE: 1
2026-02-20T21:18:10.9214630Z   VLLM_USE_MODELSCOPE: true
2026-02-20T21:18:10.9214827Z ##[endgroup]
2026-02-20T21:18:10.9311858Z ##[group]Run '/home/runner/k8s/index.js'
2026-02-20T21:18:10.9312882Z shell: /home/runner/externals/node20/bin/node {0}
2026-02-20T21:18:10.9313147Z ##[endgroup]
2026-02-20T21:18:11.2911567Z (node:111) [DEP0005] DeprecationWarning: Buffer() is deprecated due to security and usability issues. Please use the Buffer.alloc(), Buffer.allocUnsafe(), or Buffer.from() methods instead.
2026-02-20T21:18:11.2912516Z (Use `node --trace-deprecation ...` to show where the warning was created)
2026-02-20T21:18:12.1229171Z Installed vLLM-related Python packages:
2026-02-20T21:18:13.3351476Z ais_bench_benchmark               3.0.20250930                /vllm-workspace/vllm-ascend/benchmark
2026-02-20T21:18:13.3351953Z vllm                              0.15.0+empty                /vllm-workspace/vllm
2026-02-20T21:18:13.3352773Z vllm_ascend                       0.14.0rc2.dev171+gf0caeeadc /vllm-workspace/vllm-ascend
2026-02-20T21:18:13.3353110Z 
2026-02-20T21:18:13.3353194Z ============================
2026-02-20T21:18:13.3353443Z vLLM Git information
2026-02-20T21:18:13.3353675Z ============================
2026-02-20T21:18:13.3623927Z Branch:      HEAD
2026-02-20T21:18:13.3624647Z Commit hash: f176443446f659dbab5315e056e605d8984fd976
2026-02-20T21:18:13.3693725Z Author:      TJian <tunjian.tan@embeddedllm.com>
2026-02-20T21:18:13.3718558Z Date:        2026-01-29 14:45:42 +0800
2026-02-20T21:18:13.3741054Z Message:     [Release] [CI] Optim release pipeline (#33156)
2026-02-20T21:18:13.3765029Z Tags:        v0.15.0
2026-02-20T21:18:13.3797782Z Remote:      origin	https://gh-proxy.test.osinfra.cn/https://github.com/vllm-project/vllm.git (fetch)
2026-02-20T21:18:13.3798134Z 
2026-02-20T21:18:13.3798137Z 
2026-02-20T21:18:13.3798271Z ============================
2026-02-20T21:18:13.3798527Z vLLM-Ascend Git information
2026-02-20T21:18:13.3798811Z ============================
2026-02-20T21:18:13.3863310Z Branch:      main
2026-02-20T21:18:13.3884378Z Commit hash: f0caeeadcb37261beebd4a6e32934fa9f460db98
2026-02-20T21:18:13.3969138Z Author:      Nengjun Ma <nengjunma@outlook.com>
2026-02-20T21:18:13.3991793Z Date:        2026-02-14 18:54:04 +0800
2026-02-20T21:18:13.4016298Z Message:     [CI] unlock when load model (#6771)
2026-02-20T21:18:13.4300684Z Tags:        
2026-02-20T21:18:13.4327865Z Remote:      origin	https://gh-proxy.test.osinfra.cn/https://github.com/vllm-project/vllm-ascend (fetch)
2026-02-20T21:18:13.4328220Z 
2026-02-20T21:18:13.8553952Z ##[group]Run apt-get update && apt-get -y install clang-15
2026-02-20T21:18:13.8554446Z [36;1mapt-get update && apt-get -y install clang-15[0m
2026-02-20T21:18:13.8554851Z [36;1mupdate-alternatives --install /usr/bin/clang clang /usr/bin/clang-15 20[0m
2026-02-20T21:18:13.8555304Z [36;1mupdate-alternatives --install /usr/bin/clang++ clang++ /usr/bin/clang++-15 20[0m
2026-02-20T21:18:13.8555818Z shell: bash -l {0}
2026-02-20T21:18:13.8556046Z env:
2026-02-20T21:18:13.8556235Z   HF_HUB_OFFLINE: 1
2026-02-20T21:18:13.8556472Z   VLLM_USE_MODELSCOPE: true
2026-02-20T21:18:13.8556683Z ##[endgroup]
2026-02-20T21:18:13.8646811Z ##[group]Run '/home/runner/k8s/index.js'
2026-02-20T21:18:13.8647802Z shell: /home/runner/externals/node20/bin/node {0}
2026-02-20T21:18:13.8648066Z ##[endgroup]
2026-02-20T21:18:14.2113932Z (node:154) [DEP0005] DeprecationWarning: Buffer() is deprecated due to security and usability issues. Please use the Buffer.alloc(), Buffer.allocUnsafe(), or Buffer.from() methods instead.
2026-02-20T21:18:14.2114793Z (Use `node --trace-deprecation ...` to show where the warning was created)
2026-02-20T21:18:15.8208997Z Get:1 http://ports.ubuntu.com/ubuntu-ports jammy InRelease [270 kB]
2026-02-20T21:18:17.4955755Z Get:2 http://ports.ubuntu.com/ubuntu-ports jammy-updates InRelease [128 kB]
2026-02-20T21:18:17.9055831Z Get:3 http://ports.ubuntu.com/ubuntu-ports jammy-backports InRelease [127 kB]
2026-02-20T21:18:18.3133251Z Get:4 http://ports.ubuntu.com/ubuntu-ports jammy-security InRelease [129 kB]
2026-02-20T21:18:18.7281171Z Get:5 http://ports.ubuntu.com/ubuntu-ports jammy/restricted arm64 Packages [24.2 kB]
2026-02-20T21:18:18.7528261Z Get:6 http://ports.ubuntu.com/ubuntu-ports jammy/multiverse arm64 Packages [224 kB]
2026-02-20T21:18:18.9348709Z Get:7 http://ports.ubuntu.com/ubuntu-ports jammy/main arm64 Packages [1758 kB]
2026-02-20T21:18:19.7091879Z Get:8 http://ports.ubuntu.com/ubuntu-ports jammy/universe arm64 Packages [17.2 MB]
2026-02-20T21:18:21.4523499Z Get:9 http://ports.ubuntu.com/ubuntu-ports jammy-updates/main arm64 Packages [3841 kB]
2026-02-20T21:18:21.8364266Z Get:10 http://ports.ubuntu.com/ubuntu-ports jammy-updates/universe arm64 Packages [1654 kB]
2026-02-20T21:18:21.9811308Z Get:11 http://ports.ubuntu.com/ubuntu-ports jammy-updates/multiverse arm64 Packages [47.7 kB]
2026-02-20T21:18:21.9844480Z Get:12 http://ports.ubuntu.com/ubuntu-ports jammy-updates/restricted arm64 Packages [6534 kB]
2026-02-20T21:18:22.6110081Z Get:13 http://ports.ubuntu.com/ubuntu-ports jammy-backports/universe arm64 Packages [35.3 kB]
2026-02-20T21:18:22.6123618Z Get:14 http://ports.ubuntu.com/ubuntu-ports jammy-backports/main arm64 Packages [83.5 kB]
2026-02-20T21:18:22.6188586Z Get:15 http://ports.ubuntu.com/ubuntu-ports jammy-security/universe arm64 Packages [1351 kB]
2026-02-20T21:18:22.7740667Z Get:16 http://ports.ubuntu.com/ubuntu-ports jammy-security/restricted arm64 Packages [6342 kB]
2026-02-20T21:18:23.3873221Z Get:17 http://ports.ubuntu.com/ubuntu-ports jammy-security/main arm64 Packages [3522 kB]
2026-02-20T21:18:23.7257815Z Get:18 http://ports.ubuntu.com/ubuntu-ports jammy-security/multiverse arm64 Packages [41.2 kB]
2026-02-20T21:18:23.8718629Z Fetched 43.3 MB in 9s (4974 kB/s)
2026-02-20T21:18:24.7835324Z Reading package lists...
2026-02-20T21:18:25.7240890Z Reading package lists...
2026-02-20T21:18:25.9220516Z Building dependency tree...
2026-02-20T21:18:25.9227087Z Reading state information...
2026-02-20T21:18:26.1611950Z clang-15 is already the newest version (1:15.0.7-0ubuntu0.22.04.3).
2026-02-20T21:18:26.1612633Z The following packages were automatically installed and are no longer required:
2026-02-20T21:18:26.1621725Z   autoconf automake autotools-dev file javascript-common libboost-atomic-dev
2026-02-20T21:18:26.1622327Z   libboost-atomic1.74-dev libboost-atomic1.74.0 libboost-chrono-dev
2026-02-20T21:18:26.1622774Z   libboost-chrono1.74-dev libboost-chrono1.74.0 libboost-container-dev
2026-02-20T21:18:26.1623626Z   libboost-container1.74-dev libboost-container1.74.0 libboost-context-dev
2026-02-20T21:18:26.1624034Z   libboost-context1.74-dev libboost-context1.74.0 libboost-coroutine-dev
2026-02-20T21:18:26.1624502Z   libboost-coroutine1.74-dev libboost-coroutine1.74.0 libboost-date-time-dev
2026-02-20T21:18:26.1624905Z   libboost-date-time1.74-dev libboost-date-time1.74.0 libboost-dev
2026-02-20T21:18:26.1625323Z   libboost-exception-dev libboost-exception1.74-dev libboost-fiber-dev
2026-02-20T21:18:26.1625734Z   libboost-fiber1.74-dev libboost-fiber1.74.0 libboost-filesystem-dev
2026-02-20T21:18:26.1626160Z   libboost-filesystem1.74-dev libboost-filesystem1.74.0 libboost-graph-dev
2026-02-20T21:18:26.1626577Z   libboost-graph-parallel-dev libboost-graph-parallel1.74-dev
2026-02-20T21:18:26.1627004Z   libboost-graph-parallel1.74.0 libboost-graph1.74-dev libboost-graph1.74.0
2026-02-20T21:18:26.1627459Z   libboost-iostreams-dev libboost-iostreams1.74-dev libboost-iostreams1.74.0
2026-02-20T21:18:26.1627871Z   libboost-locale-dev libboost-locale1.74-dev libboost-locale1.74.0
2026-02-20T21:18:26.1628314Z   libboost-log-dev libboost-log1.74-dev libboost-log1.74.0 libboost-math-dev
2026-02-20T21:18:26.1628732Z   libboost-math1.74-dev libboost-math1.74.0 libboost-mpi1.74.0
2026-02-20T21:18:26.1629187Z   libboost-nowide-dev libboost-nowide1.74-dev libboost-nowide1.74.0
2026-02-20T21:18:26.1629623Z   libboost-numpy-dev libboost-numpy1.74-dev libboost-numpy1.74.0
2026-02-20T21:18:26.1630123Z   libboost-program-options-dev libboost-program-options1.74-dev
2026-02-20T21:18:26.1630530Z   libboost-program-options1.74.0 libboost-python-dev libboost-python1.74-dev
2026-02-20T21:18:26.1631216Z   libboost-python1.74.0 libboost-random-dev libboost-random1.74-dev
2026-02-20T21:18:26.1631597Z   libboost-random1.74.0 libboost-regex-dev libboost-regex1.74-dev
2026-02-20T21:18:26.1632424Z   libboost-regex1.74.0 libboost-serialization-dev
2026-02-20T21:18:26.1632861Z   libboost-serialization1.74-dev libboost-serialization1.74.0
2026-02-20T21:18:26.1633268Z   libboost-stacktrace-dev libboost-stacktrace1.74-dev
2026-02-20T21:18:26.1633660Z   libboost-stacktrace1.74.0 libboost-system-dev libboost-system1.74-dev
2026-02-20T21:18:26.1634043Z   libboost-system1.74.0 libboost-test-dev libboost-test1.74-dev
2026-02-20T21:18:26.1634439Z   libboost-test1.74.0 libboost-thread-dev libboost-thread1.74-dev
2026-02-20T21:18:26.1634936Z   libboost-thread1.74.0 libboost-timer-dev libboost-timer1.74-dev
2026-02-20T21:18:26.1635308Z   libboost-timer1.74.0 libboost-tools-dev libboost-type-erasure-dev
2026-02-20T21:18:26.1635750Z   libboost-type-erasure1.74-dev libboost-type-erasure1.74.0 libboost-wave-dev
2026-02-20T21:18:26.1636133Z   libboost-wave1.74-dev libboost-wave1.74.0 libboost1.74-dev
2026-02-20T21:18:26.1636558Z   libboost1.74-tools-dev libcaf-openmpi-3 libcoarrays-dev libevent-2.1-7
2026-02-20T21:18:26.1637012Z   libevent-core-2.1-7 libevent-dev libevent-extra-2.1-7 libevent-openssl-2.1-7
2026-02-20T21:18:26.1637410Z   libevent-pthreads-2.1-7 libhwloc-dev libjs-jquery libjs-jquery-ui
2026-02-20T21:18:26.1637850Z   libjs-sphinxdoc libjs-underscore libltdl-dev libltdl7 libmagic-mgc libmagic1
2026-02-20T21:18:26.1638254Z   libopenmpi3 libpmix-dev libpmix2 libsigsegv2 libtool libucx0 m4
2026-02-20T21:18:26.1638666Z   openmpi-common python3-dev python3-distutils python3-lib2to3 python3.10-dev
2026-02-20T21:18:26.1639018Z Use 'apt autoremove' to remove them.
2026-02-20T21:18:26.1935602Z 0 upgraded, 0 newly installed, 0 to remove and 10 not upgraded.
2026-02-20T21:18:26.6529558Z ##[group]Run # ignore test_dispatch_ffn_combine until the test is fixed
2026-02-20T21:18:26.6530100Z [36;1m# ignore test_dispatch_ffn_combine until the test is fixed[0m
2026-02-20T21:18:26.6530558Z [36;1mpytest -sv tests/e2e/nightly/single_node/models/test_deepseek_v3_2_w8a8.py \[0m
2026-02-20T21:18:26.6531075Z [36;1m--ignore=tests/e2e/nightly/single_node/ops/singlecard_ops/test_fused_moe.py[0m
2026-02-20T21:18:26.6531643Z shell: bash -el {0}
2026-02-20T21:18:26.6531868Z env:
2026-02-20T21:18:26.6532174Z   HF_HUB_OFFLINE: 1
2026-02-20T21:18:26.6532434Z   VLLM_USE_MODELSCOPE: true
2026-02-20T21:18:26.6532713Z   VLLM_WORKER_MULTIPROC_METHOD: spawn
2026-02-20T21:18:26.6532984Z   VLLM_CI_RUNNER: linux-aarch64-a3-16
2026-02-20T21:18:26.6533278Z   BENCHMARK_HOME: /vllm-workspace/vllm-ascend/benchmark
2026-02-20T21:18:26.6533576Z ##[endgroup]
2026-02-20T21:18:26.6619439Z ##[group]Run '/home/runner/k8s/index.js'
2026-02-20T21:18:26.6620381Z shell: /home/runner/externals/node20/bin/node {0}
2026-02-20T21:18:26.6620702Z ##[endgroup]
2026-02-20T21:18:27.0190464Z (node:209) [DEP0005] DeprecationWarning: Buffer() is deprecated due to security and usability issues. Please use the Buffer.alloc(), Buffer.allocUnsafe(), or Buffer.from() methods instead.
2026-02-20T21:18:27.0191313Z (Use `node --trace-deprecation ...` to show where the warning was created)
2026-02-20T21:18:42.2019582Z INFO 02-20 21:18:42 [__init__.py:43] Available plugins for group vllm.platform_plugins:
2026-02-20T21:18:42.2020058Z INFO 02-20 21:18:42 [__init__.py:45] - ascend -> vllm_ascend:register
2026-02-20T21:18:42.2020597Z INFO 02-20 21:18:42 [__init__.py:48] All plugins in this group will be loaded. Set `VLLM_PLUGINS` to control which plugins to load.
2026-02-20T21:18:42.2496433Z INFO 02-20 21:18:42 [__init__.py:217] Platform plugin ascend is activated
2026-02-20T21:18:49.5629548Z ============================= test session starts ==============================
2026-02-20T21:18:49.5630503Z platform linux -- Python 3.11.14, pytest-8.4.2, pluggy-1.6.0 -- /usr/local/python3.11.14/bin/python3
2026-02-20T21:18:49.5630918Z cachedir: .pytest_cache
2026-02-20T21:18:49.5631139Z rootdir: /vllm-workspace/vllm-ascend
2026-02-20T21:18:49.5631447Z configfile: pyproject.toml
2026-02-20T21:18:49.5631741Z plugins: cov-7.0.0, asyncio-1.3.0, mock-3.15.1, anyio-4.12.1
2026-02-20T21:18:49.5632331Z asyncio: mode=Mode.STRICT, debug=False, asyncio_default_fixture_loop_scope=None, asyncio_default_test_loop_scope=function
2026-02-20T21:18:50.3874546Z collecting ... collected 1 item
2026-02-20T21:18:50.3874772Z 
2026-02-20T21:18:50.3888804Z [2026-02-20 21:18:50] INFO conftest.py:241: Starting server with command: vllm serve vllm-ascend/DeepSeek-V3.2-W8A8 --enable-expert-parallel --tensor-parallel-size 8 --data-parallel-size 2 --port 47751 --max-model-len 8192 --max-num-batched-tokens 8192 --max-num-seqs 4 --trust-remote-code --quantization ascend --gpu-memory-utilization 0.92 --compilation-config {"cudagraph_capture_sizes":[3, 6, 9, 12], "cudagraph_mode":"FULL_DECODE_ONLY"} --speculative-config {"num_speculative_tokens": 2, "method":"deepseek_mtp"} --additional-config {"layer_sharding": ["q_b_proj", "o_proj"]} --reasoning-parser deepseek_v3 --tokenizer_mode deepseek_v32
2026-02-20T21:18:54.7020319Z tests/e2e/nightly/single_node/models/test_deepseek_v3_2_w8a8.py::test_models[2-8-vllm-ascend/DeepSeek-V3.2-W8A8] INFO 02-20 21:18:54 [__init__.py:43] Available plugins for group vllm.platform_plugins:
2026-02-20T21:18:54.7021192Z INFO 02-20 21:18:54 [__init__.py:45] - ascend -> vllm_ascend:register
2026-02-20T21:18:54.7021662Z INFO 02-20 21:18:54 [__init__.py:48] All plugins in this group will be loaded. Set `VLLM_PLUGINS` to control which plugins to load.
2026-02-20T21:18:54.7086399Z INFO 02-20 21:18:54 [__init__.py:217] Platform plugin ascend is activated
2026-02-20T21:19:00.8026620Z 2026-02-20 21:19:00,801 - 979 - vllmProfiler - INFO - VLLM_USE_V1 not set, auto-detected via vLLM 0.15.0+empty: default 1
2026-02-20T21:19:00.8342775Z INFO 02-20 21:19:00 [__init__.py:108] Registered model loader `<class 'vllm_ascend.model_loader.netloader.netloader.ModelNetLoaderElastic'>` with load format `netloader`
2026-02-20T21:19:00.9772323Z INFO 02-20 21:19:00 [serve.py:100] Defaulting api_server_count to data_parallel_size (2).
2026-02-20T21:19:00.9772779Z INFO 02-20 21:19:00 [utils.py:325] 
2026-02-20T21:19:00.9846677Z INFO 02-20 21:19:00 [utils.py:325]        â–ˆ     â–ˆ     â–ˆâ–„   â–„â–ˆ
2026-02-20T21:19:00.9848761Z INFO 02-20 21:19:00 [utils.py:325]  â–„â–„ â–„â–ˆ â–ˆ     â–ˆ     â–ˆ â–€â–„â–€ â–ˆ  version 0.15.0
2026-02-20T21:19:00.9849261Z INFO 02-20 21:19:00 [utils.py:325]   â–ˆâ–„â–ˆâ–€ â–ˆ     â–ˆ     â–ˆ     â–ˆ  model   vllm-ascend/DeepSeek-V3.2-W8A8
2026-02-20T21:19:00.9849746Z INFO 02-20 21:19:00 [utils.py:325]    â–€â–€  â–€â–€â–€â–€â–€ â–€â–€â–€â–€â–€ â–€     â–€
2026-02-20T21:19:00.9850021Z INFO 02-20 21:19:00 [utils.py:325] 
2026-02-20T21:19:00.9853950Z INFO 02-20 21:19:00 [utils.py:261] non-default args: {'model_tag': 'vllm-ascend/DeepSeek-V3.2-W8A8', 'api_server_count': 2, 'port': 47751, 'model': 'vllm-ascend/DeepSeek-V3.2-W8A8', 'tokenizer_mode': 'deepseek_v32', 'trust_remote_code': True, 'max_model_len': 8192, 'quantization': 'ascend', 'reasoning_parser': 'deepseek_v3', 'tensor_parallel_size': 8, 'data_parallel_size': 2, 'enable_expert_parallel': True, 'gpu_memory_utilization': 0.92, 'max_num_batched_tokens': 8192, 'max_num_seqs': 4, 'speculative_config': {'num_speculative_tokens': 2, 'method': 'deepseek_mtp'}, 'compilation_config': {'level': None, 'mode': None, 'debug_dump_path': None, 'cache_dir': '', 'compile_cache_save_format': 'binary', 'backend': 'vllm_ascend.compilation.compiler_interface.AscendCompiler', 'custom_ops': [], 'splitting_ops': None, 'compile_mm_encoder': False, 'compile_sizes': None, 'compile_ranges_split_points': None, 'inductor_compile_config': {'enable_auto_functionalized_v2': False, 'combo_kernels': True, 'benchmark_combo_kernel': True}, 'inductor_passes': {}, 'cudagraph_mode': <CUDAGraphMode.FULL_DECODE_ONLY: (2, 0)>, 'cudagraph_num_of_warmups': 0, 'cudagraph_capture_sizes': [3, 6, 9, 12], 'cudagraph_copy_inputs': False, 'cudagraph_specialize_lora': True, 'use_inductor_graph_partition': None, 'pass_config': {}, 'max_cudagraph_capture_size': None, 'dynamic_shapes_config': {'type': <DynamicShapesType.BACKED: 'backed'>, 'evaluate_guards': False, 'assume_32_bit_indexing': True}, 'local_cache_dir': None}, 'additional_config': {'layer_sharding': ['q_b_proj', 'o_proj']}}
2026-02-20T21:19:01.0251154Z 2026-02-20 21:19:01,024 - modelscope - WARNING - We can not confirm the cached file is for revision: master
2026-02-20T21:19:01.0303705Z INFO 02-20 21:19:01 [arg_utils.py:602] HF_HUB_OFFLINE is True, replace model_id [vllm-ascend/DeepSeek-V3.2-W8A8] to model_path [/root/.cache/modelscope/hub/models/vllm-ascend/DeepSeek-V3___2-W8A8]
2026-02-20T21:19:01.0310688Z The argument `trust_remote_code` is to be used with Auto classes. It has no effect here and is ignored.
2026-02-20T21:19:01.0311360Z [2026-02-20 21:19:01] WARNING configuration_utils.py:697: The argument `trust_remote_code` is to be used with Auto classes. It has no effect here and is ignored.
2026-02-20T21:19:01.0369405Z The argument `trust_remote_code` is to be used with Auto classes. It has no effect here and is ignored.
2026-02-20T21:19:01.0370030Z [2026-02-20 21:19:01] WARNING configuration_utils.py:697: The argument `trust_remote_code` is to be used with Auto classes. It has no effect here and is ignored.
2026-02-20T21:19:01.0379147Z The argument `trust_remote_code` is to be used with Auto classes. It has no effect here and is ignored.
2026-02-20T21:19:01.0379795Z [2026-02-20 21:19:01] WARNING configuration_utils.py:697: The argument `trust_remote_code` is to be used with Auto classes. It has no effect here and is ignored.
2026-02-20T21:19:01.0386255Z You are using a model of type deepseek_v32 to instantiate a model of type deepseek_v3. This is not supported for all configurations of models and can yield errors.
2026-02-20T21:19:01.0387406Z [2026-02-20 21:19:01] WARNING configuration_utils.py:635: You are using a model of type deepseek_v32 to instantiate a model of type deepseek_v3. This is not supported for all configurations of models and can yield errors.
2026-02-20T21:19:01.0577810Z INFO 02-20 21:19:01 [model.py:541] Resolved architecture: DeepseekV32ForCausalLM
2026-02-20T21:19:01.0578170Z INFO 02-20 21:19:01 [model.py:1561] Using max model len 8192
2026-02-20T21:19:01.3600716Z WARNING 02-20 21:19:01 [speculative.py:270] method `deepseek_mtp` is deprecated and replaced with mtp.
2026-02-20T21:19:01.3603261Z The argument `trust_remote_code` is to be used with Auto classes. It has no effect here and is ignored.
2026-02-20T21:19:01.3603918Z [2026-02-20 21:19:01] WARNING configuration_utils.py:697: The argument `trust_remote_code` is to be used with Auto classes. It has no effect here and is ignored.
2026-02-20T21:19:01.3612193Z The argument `trust_remote_code` is to be used with Auto classes. It has no effect here and is ignored.
2026-02-20T21:19:01.3612875Z [2026-02-20 21:19:01] WARNING configuration_utils.py:697: The argument `trust_remote_code` is to be used with Auto classes. It has no effect here and is ignored.
2026-02-20T21:19:01.3619298Z You are using a model of type deepseek_v32 to instantiate a model of type deepseek_v3. This is not supported for all configurations of models and can yield errors.
2026-02-20T21:19:01.3620209Z [2026-02-20 21:19:01] WARNING configuration_utils.py:635: You are using a model of type deepseek_v32 to instantiate a model of type deepseek_v3. This is not supported for all configurations of models and can yield errors.
2026-02-20T21:19:01.3717002Z INFO 02-20 21:19:01 [model.py:541] Resolved architecture: DeepSeekMTPModel
2026-02-20T21:19:01.3723896Z INFO 02-20 21:19:01 [model.py:1561] Using max model len 163840
2026-02-20T21:19:01.3725710Z WARNING 02-20 21:19:01 [speculative.py:388] Enabling num_speculative_tokens > 1 will runmultiple times of forward on same MTP layer,which may result in lower acceptance rate
2026-02-20T21:19:01.3729162Z INFO 02-20 21:19:01 [scheduler.py:226] Chunked prefill is enabled with max_num_batched_tokens=8192.
2026-02-20T21:19:01.9888986Z INFO 02-20 21:19:01 [vllm.py:624] Asynchronous scheduling is enabled.
2026-02-20T21:19:01.9889527Z INFO 02-20 21:19:01 [vllm.py:634] Disabling NCCL for DP synchronization when using async scheduling.
2026-02-20T21:19:01.9890201Z WARNING 02-20 21:19:01 [platform.py:730] Speculative quantization is set but Ascend automatically uses the main model's quantization method. Resetting to None.
2026-02-20T21:19:01.9891217Z WARNING 02-20 21:19:01 [platform.py:771] Ignored parameter 'use_trtllm_ragged_deepseek_prefill'. This is a GPU-specific feature not supported on Ascend. Resetting to False.
2026-02-20T21:19:01.9891794Z INFO 02-20 21:19:01 [ascend_config.py:412] Dynamic EPLB is False
2026-02-20T21:19:01.9892285Z INFO 02-20 21:19:01 [ascend_config.py:413] The number of redundant experts is 0
2026-02-20T21:19:01.9893117Z INFO 02-20 21:19:01 [ascend_config.py:54] Linear layer sharding enabled with config: ['q_b_proj', 'o_proj']. Note: This feature works optimally with FLASHCOMM2 and DSA-CP enabled; using it without these features may result in significant performance degradation.
2026-02-20T21:19:01.9894158Z WARNING 02-20 21:19:01 [vllm.py:1062] Batch sizes [3, 6, 9, 12] are removed because they are not multiple of tp_size 8 when sequence parallelism is enabled
2026-02-20T21:19:01.9913062Z Traceback (most recent call last):
2026-02-20T21:19:01.9913361Z   File "/usr/local/python3.11.14/bin/vllm", line 7, in <module>
2026-02-20T21:19:01.9913832Z     sys.exit(main())
2026-02-20T21:19:01.9914080Z              ^^^^^^
2026-02-20T21:19:01.9914362Z   File "/vllm-workspace/vllm/vllm/entrypoints/cli/main.py", line 73, in main
2026-02-20T21:19:01.9914744Z     args.dispatch_function(args)
2026-02-20T21:19:01.9915065Z   File "/vllm-workspace/vllm/vllm/entrypoints/cli/serve.py", line 108, in cmd
2026-02-20T21:19:01.9915412Z     run_multi_api_server(args)
2026-02-20T21:19:01.9915761Z   File "/vllm-workspace/vllm/vllm/entrypoints/cli/serve.py", line 232, in run_multi_api_server
2026-02-20T21:19:01.9916626Z     vllm_config = engine_args.create_engine_config(usage_context=usage_context)
2026-02-20T21:19:01.9917069Z                   ^^^^^^^^^^^^^^^^^^^^^^^^^^^^^^^^^^^^^^^^^^^^^^^^^^^^^^^^^^^^^
2026-02-20T21:19:01.9917450Z   File "/vllm-workspace/vllm/vllm/engine/arg_utils.py", line 1754, in create_engine_config
2026-02-20T21:19:01.9917908Z     config = VllmConfig(
2026-02-20T21:19:01.9918098Z              ^^^^^^^^^^^
2026-02-20T21:19:01.9918542Z   File "/usr/local/python3.11.14/lib/python3.11/site-packages/pydantic/_internal/_dataclasses.py", line 121, in __init__
2026-02-20T21:19:01.9927658Z     s.__pydantic_validator__.validate_python(ArgsKwargs(args, kwargs), self_instance=s)
2026-02-20T21:19:01.9944073Z pydantic_core._pydantic_core.ValidationError: 1 validation error for VllmConfig
2026-02-20T21:19:01.9944924Z   Assertion failed, cudagraph_capture_sizes [3, 6, 9, 12] does not containvalues that are multiples of tp_size 8 [type=assertion_error, input_value=ArgsKwargs((), {'model_co...timizationLevel.O2: 2>}), input_type=ArgsKwargs]
2026-02-20T21:19:01.9945738Z     For further information visit https://errors.pydantic.dev/2.12/v/assertion_error
2026-02-20T21:19:02.0498466Z [ERROR] 2026-02-20-21:19:02 (PID:979, Device:-1, RankID:-1) ERR99999 UNKNOWN applicaiton exception
2026-02-20T21:19:02.3344849Z sys:1: DeprecationWarning: builtin type swigvarlink has no __module__ attribute
2026-02-20T21:19:06.8304505Z FAILED
2026-02-20T21:19:06.8304796Z 
2026-02-20T21:19:06.8304934Z =================================== FAILURES ===================================
2026-02-20T21:19:06.8305499Z _______________ test_models[2-8-vllm-ascend/DeepSeek-V3.2-W8A8] ________________
2026-02-20T21:19:06.8305747Z 
2026-02-20T21:19:06.8305934Z model = 'vllm-ascend/DeepSeek-V3.2-W8A8', tp_size = 8, dp_size = 2
2026-02-20T21:19:06.8306144Z 
2026-02-20T21:19:06.8306223Z     @pytest.mark.asyncio
2026-02-20T21:19:06.8306524Z     @pytest.mark.parametrize("model", MODELS)
2026-02-20T21:19:06.8307089Z     @pytest.mark.parametrize("tp_size", TENSOR_PARALLELS)
2026-02-20T21:19:06.8307438Z     @pytest.mark.parametrize("dp_size", DATA_PARALLELS)
2026-02-20T21:19:06.8307848Z     async def test_models(model: str, tp_size: int, dp_size: int) -> None:
2026-02-20T21:19:06.8308189Z         port = get_open_port()
2026-02-20T21:19:06.8308421Z         env_dict = {
2026-02-20T21:19:06.8308734Z             "HCCL_OP_EXPANSION_MODE": "AIV",
2026-02-20T21:19:06.8309014Z             "OMP_PROC_BIND": "false",
2026-02-20T21:19:06.8309252Z             "OMP_NUM_THREADS": "1",
2026-02-20T21:19:06.8309521Z             "HCCL_BUFFSIZE": "1024",
2026-02-20T21:19:06.8309761Z             "VLLM_ASCEND_ENABLE_MLAPO": "1",
2026-02-20T21:19:06.8310078Z             "PYTORCH_NPU_ALLOC_CONF": "expandable_segments:True",
2026-02-20T21:19:06.8310374Z             "VLLM_ASCEND_ENABLE_FLASHCOMM1": "1",
2026-02-20T21:19:06.8310645Z         }
2026-02-20T21:19:06.8310840Z     
2026-02-20T21:19:06.8311007Z         server_args = [
2026-02-20T21:19:06.8311318Z             "--enable-expert-parallel", "--tensor-parallel-size",
2026-02-20T21:19:06.8311625Z             str(tp_size), "--data-parallel-size",
2026-02-20T21:19:06.8312147Z             str(dp_size), "--port",
2026-02-20T21:19:06.8312459Z             str(port), "--max-model-len", "8192", "--max-num-batched-tokens",
2026-02-20T21:19:06.8312867Z             "8192", "--max-num-seqs", "4", "--trust-remote-code", "--quantization",
2026-02-20T21:19:06.8313280Z             "ascend", "--gpu-memory-utilization", "0.92", "--compilation-config",
2026-02-20T21:19:06.8313707Z             '{"cudagraph_capture_sizes":[3, 6, 9, 12], "cudagraph_mode":"FULL_DECODE_ONLY"}',
2026-02-20T21:19:06.8314083Z             "--speculative-config",
2026-02-20T21:19:06.8314347Z             '{"num_speculative_tokens": 2, "method":"deepseek_mtp"}',
2026-02-20T21:19:06.8314685Z             "--additional-config",
2026-02-20T21:19:06.8314938Z             '{"layer_sharding": ["q_b_proj", "o_proj"]}',
2026-02-20T21:19:06.8315462Z             "--reasoning-parser", "deepseek_v3", "--tokenizer_mode", "deepseek_v32"
2026-02-20T21:19:06.8315815Z         ]
2026-02-20T21:19:06.8316025Z         request_keyword_args: dict[str, Any] = {
2026-02-20T21:19:06.8316369Z             **api_keyword_args,
2026-02-20T21:19:06.8316592Z         }
2026-02-20T21:19:06.8316819Z >       with RemoteOpenAIServer(model,
2026-02-20T21:19:06.8317062Z                                 server_args,
2026-02-20T21:19:06.8317337Z                                 server_port=port,
2026-02-20T21:19:06.8317620Z                                 env_dict=env_dict,
2026-02-20T21:19:06.8317880Z                                 auto_port=False) as server:
2026-02-20T21:19:06.8318038Z 
2026-02-20T21:19:06.8318243Z tests/e2e/nightly/single_node/models/test_deepseek_v3_2_w8a8.py:95: 
2026-02-20T21:19:06.8318586Z _ _ _ _ _ _ _ _ _ _ _ _ _ _ _ _ _ _ _ _ _ _ _ _ _ _ _ _ _ _ _ _ _ _ _ _ _ _ _ _ 
2026-02-20T21:19:06.8318896Z tests/e2e/conftest.py:306: in __init__
2026-02-20T21:19:06.8319133Z     self._wait_for_multiple_servers(
2026-02-20T21:19:06.8319444Z _ _ _ _ _ _ _ _ _ _ _ _ _ _ _ _ _ _ _ _ _ _ _ _ _ _ _ _ _ _ _ _ _ _ _ _ _ _ _ _ 
2026-02-20T21:19:06.8319628Z 
2026-02-20T21:19:06.8319899Z self = <tests.e2e.conftest.RemoteOpenAIServer object at 0xffff2c6971d0>
2026-02-20T21:19:06.8320396Z targets = [('0.0.0.0', 'http://0.0.0.0:47751/health')], timeout = 2800
2026-02-20T21:19:06.8320722Z log_interval = 30.0
2026-02-20T21:19:06.8320840Z 
2026-02-20T21:19:06.8320935Z     def _wait_for_multiple_servers(self,
2026-02-20T21:19:06.8321205Z                                    targets,
2026-02-20T21:19:06.8321489Z                                    timeout: float,
2026-02-20T21:19:06.8321751Z                                    log_interval: float = 30.0):
2026-02-20T21:19:06.8322227Z         """
2026-02-20T21:19:06.8322429Z         targets: List[(node_ip, url)]
2026-02-20T21:19:06.8322683Z         log_interval
2026-02-20T21:19:06.8322855Z         """
2026-02-20T21:19:06.8323169Z         start = time.time()
2026-02-20T21:19:06.8323467Z         client = requests
2026-02-20T21:19:06.8323692Z     
2026-02-20T21:19:06.8323946Z         ready = {node_ip: False for node_ip, _ in targets}
2026-02-20T21:19:06.8324188Z     
2026-02-20T21:19:06.8324376Z         last_log_time = 0.0
2026-02-20T21:19:06.8324588Z     
2026-02-20T21:19:06.8324807Z         while True:
2026-02-20T21:19:06.8325107Z             now = time.time()
2026-02-20T21:19:06.8325337Z             all_ready = True
2026-02-20T21:19:06.8325672Z             should_log = (now - last_log_time) >= log_interval
2026-02-20T21:19:06.8325924Z     
2026-02-20T21:19:06.8326186Z             for node_ip, url in targets:
2026-02-20T21:19:06.8326509Z                 if ready[node_ip]:
2026-02-20T21:19:06.8326763Z                     continue
2026-02-20T21:19:06.8326954Z     
2026-02-20T21:19:06.8327171Z                 try:
2026-02-20T21:19:06.8327371Z                     resp = client.get(url)
2026-02-20T21:19:06.8327638Z                     if resp.status_code == 200:
2026-02-20T21:19:06.8327945Z                         ready[node_ip] = True
2026-02-20T21:19:06.8328221Z                         logger.info(f"[READY] Node {node_ip} is ready.")
2026-02-20T21:19:06.8328523Z                 except RequestException:
2026-02-20T21:19:06.8328856Z                     all_ready = False
2026-02-20T21:19:06.8329116Z                     if should_log:
2026-02-20T21:19:06.8329363Z                         logger.debug(f"[WAIT] {url}: connection failed")
2026-02-20T21:19:06.8329748Z     
2026-02-20T21:19:06.8329955Z                     # check unexpected exit
2026-02-20T21:19:06.8330177Z                     result = self._poll()
2026-02-20T21:19:06.8330491Z                     if result is not None and result != 0:
2026-02-20T21:19:06.8330757Z >                       raise RuntimeError(
2026-02-20T21:19:06.8331040Z                             f"Server at {node_ip} exited unexpectedly."
2026-02-20T21:19:06.8331328Z                         ) from None
2026-02-20T21:19:06.8331706Z E                       RuntimeError: Server at 0.0.0.0 exited unexpectedly.
2026-02-20T21:19:06.8332093Z 
2026-02-20T21:19:06.8332217Z tests/e2e/conftest.py:399: RuntimeError
2026-02-20T21:19:06.8332558Z ------------------------------ Captured log call -------------------------------
2026-02-20T21:19:06.8334379Z INFO     tests.e2e.conftest:conftest.py:241 Starting server with command: vllm serve vllm-ascend/DeepSeek-V3.2-W8A8 --enable-expert-parallel --tensor-parallel-size 8 --data-parallel-size 2 --port 47751 --max-model-len 8192 --max-num-batched-tokens 8192 --max-num-seqs 4 --trust-remote-code --quantization ascend --gpu-memory-utilization 0.92 --compilation-config {"cudagraph_capture_sizes":[3, 6, 9, 12], "cudagraph_mode":"FULL_DECODE_ONLY"} --speculative-config {"num_speculative_tokens": 2, "method":"deepseek_mtp"} --additional-config {"layer_sharding": ["q_b_proj", "o_proj"]} --reasoning-parser deepseek_v3 --tokenizer_mode deepseek_v32
2026-02-20T21:19:06.8336212Z =============================== warnings summary ===============================
2026-02-20T21:19:06.8336604Z <frozen importlib._bootstrap>:241
2026-02-20T21:19:06.8337040Z   <frozen importlib._bootstrap>:241: DeprecationWarning: builtin type SwigPyPacked has no __module__ attribute
2026-02-20T21:19:06.8337361Z 
2026-02-20T21:19:06.8337472Z <frozen importlib._bootstrap>:241
2026-02-20T21:19:06.8337868Z   <frozen importlib._bootstrap>:241: DeprecationWarning: builtin type SwigPyObject has no __module__ attribute
2026-02-20T21:19:06.8338217Z 
2026-02-20T21:19:06.8338480Z ../../usr/local/python3.11.14/lib/python3.11/site-packages/transformers/models/auto/image_processing_auto.py:647
2026-02-20T21:19:06.8339487Z   /usr/local/python3.11.14/lib/python3.11/site-packages/transformers/models/auto/image_processing_auto.py:647: FutureWarning: The image_processor_class argument is deprecated and will be removed in v4.42. Please use `slow_image_processor_class`, or `fast_image_processor_class` instead
2026-02-20T21:19:06.8340328Z     warnings.warn(
2026-02-20T21:19:06.8340513Z 
2026-02-20T21:19:06.8340769Z ../../usr/local/python3.11.14/lib/python3.11/site-packages/torch_npu/dynamo/torchair/__init__.py:8
2026-02-20T21:19:06.8341574Z   /usr/local/python3.11.14/lib/python3.11/site-packages/torch_npu/dynamo/torchair/__init__.py:8: DeprecationWarning: pkg_resources is deprecated as an API. See https://setuptools.pypa.io/en/latest/pkg_resources.html
2026-02-20T21:19:06.8342422Z     import pkg_resources
2026-02-20T21:19:06.8342556Z 
2026-02-20T21:19:06.8342767Z -- Docs: https://docs.pytest.org/en/stable/how-to/capture-warnings.html
2026-02-20T21:19:06.8343120Z =========================== short test summary info ============================
2026-02-20T21:19:06.8343875Z FAILED tests/e2e/nightly/single_node/models/test_deepseek_v3_2_w8a8.py::test_models[2-8-vllm-ascend/DeepSeek-V3.2-W8A8] - RuntimeError: Server at 0.0.0.0 exited unexpectedly.
2026-02-20T21:19:06.8344480Z ======================== 1 failed, 4 warnings in 16.03s ========================
2026-02-20T21:19:08.5939756Z ##[error]Error: failed to run script step: Error: command terminated with non-zero exit code: command terminated with exit code 1
2026-02-20T21:19:08.5977565Z ##[error]Process completed with exit code 1.
2026-02-20T21:19:08.6070584Z ##[error]Executing the custom container implementation failed. Please contact your self hosted runner administrator.
2026-02-20T21:19:08.6116844Z ##[group]Run '/home/runner/k8s/index.js'
2026-02-20T21:19:08.6117790Z shell: /home/runner/externals/node20/bin/node {0}
2026-02-20T21:19:08.6118105Z ##[endgroup]
2026-02-20T21:19:08.9961415Z Cleaning up orphan processes
