# Run ID: 21833300382
# Commit: 905f0764e047dff6ae096149a3015cf9c84aa7d7
# Job: multi-node (multi-node-dpsk3.2-2node, DeepSeek-V3_2-W8A8-A3-dual-nodes.yaml, 2) / DeepSeek-V3_2-W8A8-A3-dual-nodes.yaml
# Date: 2026-02-09
============================================================

ï»¿2026-02-09T18:33:46.6232642Z Current runner version: '2.330.0'
2026-02-09T18:33:46.6236978Z Runner name: 'linux-aarch64-a3-0-wgt9d-runner-9lfvq'
2026-02-09T18:33:46.6237762Z Runner group name: 'Default'
2026-02-09T18:33:46.6238611Z Machine name: 'linux-aarch64-a3-0-wgt9d-runner-9lfvq'
2026-02-09T18:33:46.6242296Z ##[group]GITHUB_TOKEN Permissions
2026-02-09T18:33:46.6244329Z Actions: write
2026-02-09T18:33:46.6244767Z ArtifactMetadata: write
2026-02-09T18:33:46.6245201Z Attestations: write
2026-02-09T18:33:46.6245585Z Checks: write
2026-02-09T18:33:46.6245969Z Contents: write
2026-02-09T18:33:46.6246316Z Deployments: write
2026-02-09T18:33:46.6246745Z Discussions: write
2026-02-09T18:33:46.6247212Z Issues: write
2026-02-09T18:33:46.6247545Z Metadata: read
2026-02-09T18:33:46.6248068Z Models: read
2026-02-09T18:33:46.6248467Z Packages: write
2026-02-09T18:33:46.6248805Z Pages: write
2026-02-09T18:33:46.6249211Z PullRequests: write
2026-02-09T18:33:46.6249588Z RepositoryProjects: write
2026-02-09T18:33:46.6250176Z SecurityEvents: write
2026-02-09T18:33:46.6250622Z Statuses: write
2026-02-09T18:33:46.6251006Z ##[endgroup]
2026-02-09T18:33:46.6253192Z Secret source: Actions
2026-02-09T18:33:46.6253690Z Prepare workflow directory
2026-02-09T18:33:46.6789556Z Prepare all required actions
2026-02-09T18:33:46.6821718Z Getting action download info
2026-02-09T18:33:48.1089184Z Download action repository 'actions/checkout@v6' (SHA:de0fac2e4500dabe0009e67214ff5f5447ce83dd)
2026-02-09T18:33:52.5295232Z Download action repository 'actions/upload-artifact@v6' (SHA:b7c566a772e6b6bfb58ed0dc250532a479d7789f)
2026-02-09T18:33:59.8792700Z Uses: vllm-project/vllm-ascend/.github/workflows/_e2e_nightly_multi_node.yaml@refs/heads/main (905f0764e047dff6ae096149a3015cf9c84aa7d7)
2026-02-09T18:33:59.8795983Z ##[group] Inputs
2026-02-09T18:33:59.8796263Z   soc_version: a3
2026-02-09T18:33:59.8796553Z   runner: linux-aarch64-a3-0
2026-02-09T18:33:59.8796991Z   image: swr.cn-southwest-2.myhuaweicloud.com/base_image/ascend-ci/vllm-ascend:nightly-a3
2026-02-09T18:33:59.8797447Z   config_file_path: DeepSeek-V3_2-W8A8-A3-dual-nodes.yaml
2026-02-09T18:33:59.8797780Z   replicas: 1
2026-02-09T18:33:59.8798028Z   size: 2
2026-02-09T18:33:59.8798230Z   vllm_version: v0.15.0
2026-02-09T18:33:59.8798622Z   vllm_ascend_remote_url: https://github.com/vllm-project/vllm-ascend.git
2026-02-09T18:33:59.8798940Z   vllm_ascend_ref: main
2026-02-09T18:33:59.8799184Z ##[endgroup]
2026-02-09T18:33:59.8799694Z Complete job name: multi-node (multi-node-dpsk3.2-2node, DeepSeek-V3_2-W8A8-A3-dual-nodes.yaml, 2) / DeepSeek-V3_2-W8A8-A3-dual-nodes.yaml
2026-02-09T18:33:59.9292211Z ##[group]Run '/home/runner/k8s/index.js'
2026-02-09T18:33:59.9294691Z shell: /home/runner/externals/node20/bin/node {0}
2026-02-09T18:33:59.9295137Z ##[endgroup]
2026-02-09T18:34:15.4421614Z (node:70) [DEP0005] DeprecationWarning: Buffer() is deprecated due to security and usability issues. Please use the Buffer.alloc(), Buffer.allocUnsafe(), or Buffer.from() methods instead.
2026-02-09T18:34:15.4422663Z (Use `node --trace-deprecation ...` to show where the warning was created)
2026-02-09T18:34:41.6396888Z ##[group]Run # Decode and save kubeconfig
2026-02-09T18:34:41.6397346Z [36;1m# Decode and save kubeconfig[0m
2026-02-09T18:34:41.6429480Z [36;1mecho "***" | base64 -d > "$KUBECONFIG"[0m
2026-02-09T18:34:41.6430319Z shell: bash -el {0}
2026-02-09T18:34:41.6430626Z ##[endgroup]
2026-02-09T18:34:41.6545584Z ##[group]Run '/home/runner/k8s/index.js'
2026-02-09T18:34:41.6546480Z shell: /home/runner/externals/node20/bin/node {0}
2026-02-09T18:34:41.6546766Z ##[endgroup]
2026-02-09T18:34:42.0040444Z (node:5684) [DEP0005] DeprecationWarning: Buffer() is deprecated due to security and usability issues. Please use the Buffer.alloc(), Buffer.allocUnsafe(), or Buffer.from() methods instead.
2026-02-09T18:34:42.0041354Z (Use `node --trace-deprecation ...` to show where the warning was created)
2026-02-09T18:35:17.4287627Z ##[group]Run actions/checkout@v6
2026-02-09T18:35:17.4287976Z with:
2026-02-09T18:35:17.4288305Z   repository: vllm-project/vllm-ascend
2026-02-09T18:35:17.4289023Z   token: ***
2026-02-09T18:35:17.4289247Z   ssh-strict: true
2026-02-09T18:35:17.4289475Z   ssh-user: git
2026-02-09T18:35:17.4289687Z   persist-credentials: true
2026-02-09T18:35:17.4289918Z   clean: true
2026-02-09T18:35:17.4290156Z   sparse-checkout-cone-mode: true
2026-02-09T18:35:17.4290394Z   fetch-depth: 1
2026-02-09T18:35:17.4290624Z   fetch-tags: false
2026-02-09T18:35:17.4290857Z   show-progress: true
2026-02-09T18:35:17.4291050Z   lfs: false
2026-02-09T18:35:17.4291271Z   submodules: false
2026-02-09T18:35:17.4291548Z   set-safe-directory: true
2026-02-09T18:35:17.4291765Z ##[endgroup]
2026-02-09T18:35:17.4347898Z ##[group]Run '/home/runner/k8s/index.js'
2026-02-09T18:35:17.4348799Z shell: /home/runner/externals/node20/bin/node {0}
2026-02-09T18:35:17.4349092Z ##[endgroup]
2026-02-09T18:35:17.7806625Z (node:6112) [DEP0005] DeprecationWarning: Buffer() is deprecated due to security and usability issues. Please use the Buffer.alloc(), Buffer.allocUnsafe(), or Buffer.from() methods instead.
2026-02-09T18:35:17.7807645Z (Use `node --trace-deprecation ...` to show where the warning was created)
2026-02-09T18:35:37.5241270Z Syncing repository: vllm-project/vllm-ascend
2026-02-09T18:35:37.5242408Z ##[group]Getting Git version info
2026-02-09T18:35:37.5242669Z Working directory is '/__w/vllm-ascend/vllm-ascend'
2026-02-09T18:35:37.5243032Z [command]/usr/bin/git version
2026-02-09T18:35:37.5402447Z git version 2.34.1
2026-02-09T18:35:37.5420814Z ##[endgroup]
2026-02-09T18:35:37.5429142Z Copying '/root/.gitconfig' to '/__w/_temp/eade0f30-3f59-479e-9ee5-aefbde163397/.gitconfig'
2026-02-09T18:35:37.5440934Z Temporarily overriding HOME='/__w/_temp/eade0f30-3f59-479e-9ee5-aefbde163397' before making global git config changes
2026-02-09T18:35:37.5441486Z Adding repository directory to the temporary git global config as a safe directory
2026-02-09T18:35:37.5444081Z [command]/usr/bin/git config --global --add safe.directory /__w/vllm-ascend/vllm-ascend
2026-02-09T18:35:37.5494465Z Deleting the contents of '/__w/vllm-ascend/vllm-ascend'
2026-02-09T18:35:37.5497523Z ##[group]Initializing the repository
2026-02-09T18:35:37.5501521Z [command]/usr/bin/git init /__w/vllm-ascend/vllm-ascend
2026-02-09T18:35:37.5625748Z hint: Using 'master' as the name for the initial branch. This default branch name
2026-02-09T18:35:37.5626143Z hint: is subject to change. To configure the initial branch name to use in all
2026-02-09T18:35:37.5626486Z hint: of your new repositories, which will suppress this warning, call:
2026-02-09T18:35:37.5626746Z hint: 
2026-02-09T18:35:37.5626976Z hint: 	git config --global init.defaultBranch <name>
2026-02-09T18:35:37.5627187Z hint: 
2026-02-09T18:35:37.5627397Z hint: Names commonly chosen instead of 'master' are 'main', 'trunk' and
2026-02-09T18:35:37.5627757Z hint: 'development'. The just-created branch can be renamed via this command:
2026-02-09T18:35:37.5628116Z hint: 
2026-02-09T18:35:37.5628272Z hint: 	git branch -m <name>
2026-02-09T18:35:37.5635758Z Initialized empty Git repository in /__w/vllm-ascend/vllm-ascend/.git/
2026-02-09T18:35:37.5644747Z [command]/usr/bin/git remote add origin https://github.com/vllm-project/vllm-ascend
2026-02-09T18:35:37.5694767Z ##[endgroup]
2026-02-09T18:35:37.5695057Z ##[group]Disabling automatic garbage collection
2026-02-09T18:35:37.5699250Z [command]/usr/bin/git config --local gc.auto 0
2026-02-09T18:35:37.5724301Z ##[endgroup]
2026-02-09T18:35:37.5724560Z ##[group]Setting up auth
2026-02-09T18:35:37.5725808Z Removing SSH command configuration
2026-02-09T18:35:37.5730757Z [command]/usr/bin/git config --local --name-only --get-regexp core\.sshCommand
2026-02-09T18:35:37.5759235Z [command]/usr/bin/git submodule foreach --recursive sh -c "git config --local --name-only --get-regexp 'core\.sshCommand' && git config --local --unset-all 'core.sshCommand' || :"
2026-02-09T18:35:37.6206489Z Removing HTTP extra header
2026-02-09T18:35:37.6209640Z [command]/usr/bin/git config --local --name-only --get-regexp http\.https\:\/\/github\.com\/\.extraheader
2026-02-09T18:35:37.6236094Z [command]/usr/bin/git submodule foreach --recursive sh -c "git config --local --name-only --get-regexp 'http\.https\:\/\/github\.com\/\.extraheader' && git config --local --unset-all 'http.https://github.com/.extraheader' || :"
2026-02-09T18:35:37.6444202Z Removing includeIf entries pointing to credentials config files
2026-02-09T18:35:37.6449563Z [command]/usr/bin/git config --local --name-only --get-regexp ^includeIf\.gitdir:
2026-02-09T18:35:37.6475619Z [command]/usr/bin/git submodule foreach --recursive git config --local --show-origin --name-only --get-regexp remote.origin.url
2026-02-09T18:35:37.6688330Z [command]/usr/bin/git config --file /__w/_temp/git-credentials-8a39cc64-50cd-4b86-9cfb-c717c11a82ff.config http.https://github.com/.extraheader AUTHORIZATION: basic ***
2026-02-09T18:35:37.6728778Z [command]/usr/bin/git config --local includeIf.gitdir:/__w/vllm-ascend/vllm-ascend/.git.path /__w/_temp/git-credentials-8a39cc64-50cd-4b86-9cfb-c717c11a82ff.config
2026-02-09T18:35:37.6758100Z [command]/usr/bin/git config --local includeIf.gitdir:/__w/vllm-ascend/vllm-ascend/.git/worktrees/*.path /__w/_temp/git-credentials-8a39cc64-50cd-4b86-9cfb-c717c11a82ff.config
2026-02-09T18:35:37.6786177Z [command]/usr/bin/git config --local includeIf.gitdir:/github/workspace/.git.path /github/runner_temp/git-credentials-8a39cc64-50cd-4b86-9cfb-c717c11a82ff.config
2026-02-09T18:35:37.6814189Z [command]/usr/bin/git config --local includeIf.gitdir:/github/workspace/.git/worktrees/*.path /github/runner_temp/git-credentials-8a39cc64-50cd-4b86-9cfb-c717c11a82ff.config
2026-02-09T18:35:37.6842203Z ##[endgroup]
2026-02-09T18:35:37.6842487Z ##[group]Fetching the repository
2026-02-09T18:35:37.6849886Z [command]/usr/bin/git -c protocol.version=2 fetch --no-tags --prune --no-recurse-submodules --depth=1 origin +905f0764e047dff6ae096149a3015cf9c84aa7d7:refs/remotes/origin/main
2026-02-09T18:35:39.4881687Z From https://gh-proxy.test.osinfra.cn/https://github.com/vllm-project/vllm-ascend
2026-02-09T18:35:39.4882266Z  * [new ref]         905f0764e047dff6ae096149a3015cf9c84aa7d7 -> origin/main
2026-02-09T18:35:39.4910732Z [command]/usr/bin/git branch --list --remote origin/main
2026-02-09T18:35:39.4940574Z   origin/main
2026-02-09T18:35:39.4952235Z [command]/usr/bin/git rev-parse refs/remotes/origin/main
2026-02-09T18:35:39.5012801Z 905f0764e047dff6ae096149a3015cf9c84aa7d7
2026-02-09T18:35:39.5013342Z ##[endgroup]
2026-02-09T18:35:39.5013691Z ##[group]Determining the checkout info
2026-02-09T18:35:39.5013981Z ##[endgroup]
2026-02-09T18:35:39.5014159Z [command]/usr/bin/git sparse-checkout disable
2026-02-09T18:35:39.5044025Z [command]/usr/bin/git config --local --unset-all extensions.worktreeConfig
2026-02-09T18:35:39.5093334Z ##[group]Checking out the ref
2026-02-09T18:35:39.5093646Z [command]/usr/bin/git checkout --progress --force -B main refs/remotes/origin/main
2026-02-09T18:35:39.5984976Z Switched to a new branch 'main'
2026-02-09T18:35:39.5985300Z Branch 'main' set up to track remote branch 'main' from 'origin'.
2026-02-09T18:35:39.5996934Z ##[endgroup]
2026-02-09T18:35:39.6039977Z [command]/usr/bin/git log -1 --format=%H
2026-02-09T18:35:39.6063518Z 905f0764e047dff6ae096149a3015cf9c84aa7d7
2026-02-09T18:35:57.7096105Z ##[group]Run # prepare for lws entrypoint scripts
2026-02-09T18:35:57.7096408Z [36;1m# prepare for lws entrypoint scripts[0m
2026-02-09T18:35:57.7096741Z [36;1minstall -D tests/e2e/nightly/multi_node/scripts/run.sh /root/.cache/tests/run.sh[0m
2026-02-09T18:35:57.7097163Z shell: bash -el {0}
2026-02-09T18:35:57.7097320Z ##[endgroup]
2026-02-09T18:35:57.7164879Z ##[group]Run '/home/runner/k8s/index.js'
2026-02-09T18:35:57.7165540Z shell: /home/runner/externals/node20/bin/node {0}
2026-02-09T18:35:57.7165752Z ##[endgroup]
2026-02-09T18:35:58.1018457Z (node:6700) [DEP0005] DeprecationWarning: Buffer() is deprecated due to security and usability issues. Please use the Buffer.alloc(), Buffer.allocUnsafe(), or Buffer.from() methods instead.
2026-02-09T18:35:58.1019123Z (Use `node --trace-deprecation ...` to show where the warning was created)
2026-02-09T18:36:34.0614342Z ##[group]Run set -euo pipefail
2026-02-09T18:36:34.0614712Z [36;1mset -euo pipefail[0m
2026-02-09T18:36:34.0614971Z [36;1m[0m
2026-02-09T18:36:34.0615198Z [36;1mCRD_NAME="${CRD_NAME:-vllm}"[0m
2026-02-09T18:36:34.0615445Z [36;1mTIMEOUT=${TIMEOUT:-120}[0m
2026-02-09T18:36:34.0615702Z [36;1mSLEEP_INTERVAL=2[0m
2026-02-09T18:36:34.0615894Z [36;1m[0m
2026-02-09T18:36:34.0616223Z [36;1mecho "Deleting leaderworkerset [$CRD_NAME] in namespace [$NAMESPACE]..."[0m
2026-02-09T18:36:34.0616705Z [36;1mkubectl delete leaderworkerset "$CRD_NAME" -n "$NAMESPACE" --ignore-not-found[0m
2026-02-09T18:36:34.0617040Z [36;1m[0m
2026-02-09T18:36:34.0617389Z [36;1mecho "Waiting for all pods starting with 'vllm' to be deleted..."[0m
2026-02-09T18:36:34.0617732Z [36;1mSTART_TIME=$(date +%s)[0m
2026-02-09T18:36:34.0617951Z [36;1m[0m
2026-02-09T18:36:34.0618177Z [36;1mwhile true; do[0m
2026-02-09T18:36:34.0618418Z [36;1m  NOW=$(date +%s)[0m
2026-02-09T18:36:34.0618659Z [36;1m  ELAPSED=$((NOW - START_TIME))[0m
2026-02-09T18:36:34.0618839Z [36;1m[0m
2026-02-09T18:36:34.0618997Z [36;1m  if [[ $ELAPSED -ge $TIMEOUT ]]; then[0m
2026-02-09T18:36:34.0619275Z [36;1m    echo "Timeout reached ($TIMEOUT seconds), some pods still exist:"[0m
2026-02-09T18:36:34.0619589Z [36;1m    kubectl get pods -n "$NAMESPACE" | grep '^vllm' || true[0m
2026-02-09T18:36:34.0619829Z [36;1m    exit 1[0m
2026-02-09T18:36:34.0619970Z [36;1m  fi[0m
2026-02-09T18:36:34.0620105Z [36;1m[0m
2026-02-09T18:36:34.0620464Z [36;1m  PODS_EXIST=$(kubectl get pods -n "$NAMESPACE" -o jsonpath='{.items[*].metadata.name}' 2>/dev/null | tr ' ' '\n' | grep '^vllm' || true)[0m
2026-02-09T18:36:34.0620859Z [36;1m[0m
2026-02-09T18:36:34.0621010Z [36;1m  if [[ -z "$PODS_EXIST" ]]; then[0m
2026-02-09T18:36:34.0621220Z [36;1m    echo "All vllm pods deleted."[0m
2026-02-09T18:36:34.0621400Z [36;1m    break[0m
2026-02-09T18:36:34.0621544Z [36;1m  else[0m
2026-02-09T18:36:34.0621745Z [36;1m    echo "Waiting for pods to be deleted: $PODS_EXIST"[0m
2026-02-09T18:36:34.0622092Z [36;1m    sleep $SLEEP_INTERVAL[0m
2026-02-09T18:36:34.0622288Z [36;1m  fi[0m
2026-02-09T18:36:34.0622419Z [36;1mdone[0m
2026-02-09T18:36:34.0622753Z shell: bash -el {0}
2026-02-09T18:36:34.0622911Z ##[endgroup]
2026-02-09T18:36:34.0728535Z ##[group]Run '/home/runner/k8s/index.js'
2026-02-09T18:36:34.0729154Z shell: /home/runner/externals/node20/bin/node {0}
2026-02-09T18:36:34.0729359Z ##[endgroup]
2026-02-09T18:36:34.4212694Z (node:7482) [DEP0005] DeprecationWarning: Buffer() is deprecated due to security and usability issues. Please use the Buffer.alloc(), Buffer.allocUnsafe(), or Buffer.from() methods instead.
2026-02-09T18:36:34.4213417Z (Use `node --trace-deprecation ...` to show where the warning was created)
2026-02-09T18:36:52.9613939Z Deleting leaderworkerset [vllm] in namespace [vllm-project]...
2026-02-09T18:36:53.2474675Z Waiting for all pods starting with 'vllm' to be deleted...
2026-02-09T18:36:53.3400906Z All vllm pods deleted.
2026-02-09T18:37:11.3992581Z ##[group]Run set -e
2026-02-09T18:37:11.3992816Z [36;1mset -e[0m
2026-02-09T18:37:11.3992963Z [36;1m[0m
2026-02-09T18:37:11.3993093Z [36;1msize="2"[0m
2026-02-09T18:37:11.3993328Z [36;1mreplicas="1"[0m
2026-02-09T18:37:11.3993663Z [36;1mimage="swr.cn-southwest-2.myhuaweicloud.com/base_image/ascend-ci/vllm-ascend:nightly-a3"[0m
2026-02-09T18:37:11.3994065Z [36;1mconfig_file_path="DeepSeek-V3_2-W8A8-A3-dual-nodes.yaml"[0m
2026-02-09T18:37:11.3994373Z [36;1mfail_tag=FAIL_TAG_"DeepSeek-V3_2-W8A8-A3-dual-nodes.yaml"[0m
2026-02-09T18:37:11.3994651Z [36;1mecho "FAIL_TAG=${fail_tag}" >> "$GITHUB_ENV"[0m
2026-02-09T18:37:11.3994851Z [36;1m[0m
2026-02-09T18:37:11.3995060Z [36;1mrequired_params=("size" "replicas" "image" "config_file_path")[0m
2026-02-09T18:37:11.3995345Z [36;1mfor param in "${required_params[@]}"; do[0m
2026-02-09T18:37:11.3995559Z [36;1m  if [ -z "${!param}" ]; then[0m
2026-02-09T18:37:11.3996005Z [36;1m    echo "Error: Parameter '$param' is required but empty"[0m
2026-02-09T18:37:11.3996265Z [36;1m    exit 1[0m
2026-02-09T18:37:11.3996403Z [36;1m  fi[0m
2026-02-09T18:37:11.3996539Z [36;1mdone[0m
2026-02-09T18:37:11.3996664Z [36;1m[0m
2026-02-09T18:37:11.3996803Z [36;1mif [ "a3" = "a3" ]; then[0m
2026-02-09T18:37:11.3996988Z [36;1m  npu_per_node=16[0m
2026-02-09T18:37:11.3997242Z [36;1m  TEMPLATE_FILE="tests/e2e/nightly/multi_node/scripts/lws.yaml.jinja2"[0m
2026-02-09T18:37:11.3997515Z [36;1melse[0m
2026-02-09T18:37:11.3997657Z [36;1m  npu_per_node=8[0m
2026-02-09T18:37:11.3997907Z [36;1m  TEMPLATE_FILE="tests/e2e/nightly/multi_node/scripts/lws-a2.yaml.jinja2"[0m
2026-02-09T18:37:11.3998180Z [36;1mfi[0m
2026-02-09T18:37:11.3998310Z [36;1m[0m
2026-02-09T18:37:11.3998447Z [36;1mjinja2 $TEMPLATE_FILE \[0m
2026-02-09T18:37:11.3998629Z [36;1m  -D size="$size" \[0m
2026-02-09T18:37:11.3998804Z [36;1m  -D replicas="$replicas" \[0m
2026-02-09T18:37:11.3998992Z [36;1m  -D image="$image" \[0m
2026-02-09T18:37:11.3999207Z [36;1m  -D config_file_path="$config_file_path" \[0m
2026-02-09T18:37:11.3999432Z [36;1m  -D npu_per_node="$npu_per_node" \[0m
2026-02-09T18:37:11.3999635Z [36;1m  -D fail_tag="$fail_tag" \[0m
2026-02-09T18:37:11.3999821Z [36;1m  --outfile lws.yaml[0m
2026-02-09T18:37:11.3999979Z [36;1m[0m
2026-02-09T18:37:11.4000123Z [36;1mkubectl apply -f ./lws.yaml[0m
2026-02-09T18:37:11.4000429Z shell: bash -el {0}
2026-02-09T18:37:11.4000573Z ##[endgroup]
2026-02-09T18:37:11.4097142Z ##[group]Run '/home/runner/k8s/index.js'
2026-02-09T18:37:11.4097960Z shell: /home/runner/externals/node20/bin/node {0}
2026-02-09T18:37:11.4098176Z ##[endgroup]
2026-02-09T18:37:11.7657780Z (node:8449) [DEP0005] DeprecationWarning: Buffer() is deprecated due to security and usability issues. Please use the Buffer.alloc(), Buffer.allocUnsafe(), or Buffer.from() methods instead.
2026-02-09T18:37:11.7658437Z (Use `node --trace-deprecation ...` to show where the warning was created)
2026-02-09T18:37:31.0347289Z leaderworkerset.leaderworkerset.x-k8s.io/vllm created
2026-02-09T18:37:31.0572206Z service/vllm-leader created
2026-02-09T18:37:49.3019392Z ##[group]Run POD_PREFIX="${POD_PREFIX:-vllm-0}"
2026-02-09T18:37:49.3019698Z [36;1mPOD_PREFIX="${POD_PREFIX:-vllm-0}"[0m
2026-02-09T18:37:49.3019892Z [36;1mSIZE="2"[0m
2026-02-09T18:37:49.3020068Z [36;1mTIMEOUT=1200  # default timeout 20 minutes[0m
2026-02-09T18:37:49.3020275Z [36;1m[0m
2026-02-09T18:37:49.3020570Z [36;1mecho "Waiting for Pods in namespace [$NAMESPACE] to become Running and Ready (timeout ${TIMEOUT}s)..."[0m
2026-02-09T18:37:49.3020911Z [36;1m[0m
2026-02-09T18:37:49.3021047Z [36;1mSTART_TIME=$(date +%s)[0m
2026-02-09T18:37:49.3021249Z [36;1m[0m
2026-02-09T18:37:49.3021377Z [36;1mwhile true; do[0m
2026-02-09T18:37:49.3021542Z [36;1m  NOW=$(date +%s)[0m
2026-02-09T18:37:49.3021726Z [36;1m  ELAPSED=$((NOW - START_TIME))[0m
2026-02-09T18:37:49.3021933Z [36;1m  if [[ $ELAPSED -ge $TIMEOUT ]]; then[0m
2026-02-09T18:37:49.3022376Z [36;1m    echo "Timeout reached after ${ELAPSED}s"[0m
2026-02-09T18:37:49.3022657Z [36;1m    echo "Dumping pod status for debugging:"[0m
2026-02-09T18:37:49.3022891Z [36;1m    kubectl get pods -n "$NAMESPACE"[0m
2026-02-09T18:37:49.3023135Z [36;1m    kubectl describe pod "$LEADER_POD" -n "$NAMESPACE"[0m
2026-02-09T18:37:49.3023365Z [36;1m    exit 1[0m
2026-02-09T18:37:49.3023507Z [36;1m  fi[0m
2026-02-09T18:37:49.3023710Z [36;1m[0m
2026-02-09T18:37:49.3023855Z [36;1m  # 1) check follower pods[0m
2026-02-09T18:37:49.3024040Z [36;1m  ALL_FOLLOWERS_READY=true[0m
2026-02-09T18:37:49.3024231Z [36;1m  for ((i=1; i<SIZE; i++)); do[0m
2026-02-09T18:37:49.3024427Z [36;1m    POD="${POD_PREFIX}-${i}"[0m
2026-02-09T18:37:49.3024780Z [36;1m    PHASE=$(kubectl get pod "$POD" -n "$NAMESPACE" -o jsonpath='{.status.phase}' 2>/dev/null || echo "NotFound")[0m
2026-02-09T18:37:49.3025314Z [36;1m    READY=$(kubectl get pod "$POD" -n "$NAMESPACE" -o jsonpath='{.status.containerStatuses[*].ready}' 2>/dev/null)[0m
2026-02-09T18:37:49.3025822Z [36;1m[0m
2026-02-09T18:37:49.3026004Z [36;1m    echo "Follower [$POD] phase=$PHASE ready=$READY"[0m
2026-02-09T18:37:49.3026231Z [36;1m[0m
2026-02-09T18:37:49.3026415Z [36;1m    if [[ "$PHASE" != "Running" || "$READY" != "true" ]]; then[0m
2026-02-09T18:37:49.3026683Z [36;1m      echo "Follower [$POD] not Ready yet..."[0m
2026-02-09T18:37:49.3026908Z [36;1m      ALL_FOLLOWERS_READY=false[0m
2026-02-09T18:37:49.3027095Z [36;1m      break[0m
2026-02-09T18:37:49.3027234Z [36;1m    fi[0m
2026-02-09T18:37:49.3027371Z [36;1m  done[0m
2026-02-09T18:37:49.3027497Z [36;1m[0m
2026-02-09T18:37:49.3027636Z [36;1m  # 2) check leader pod[0m
2026-02-09T18:37:49.3028014Z [36;1m  LEADER_PHASE=$(kubectl get pod "$LEADER_POD" -n "$NAMESPACE" -o jsonpath='{.status.phase}' 2>/dev/null || echo "NotFound")[0m
2026-02-09T18:37:49.3028593Z [36;1m  LEADER_READY=$(kubectl get pod "$LEADER_POD" -n "$NAMESPACE" -o jsonpath='{.status.containerStatuses[*].ready}' 2>/dev/null)[0m
2026-02-09T18:37:49.3028982Z [36;1m[0m
2026-02-09T18:37:49.3029202Z [36;1m  echo "Leader [$LEADER_POD] phase=$LEADER_PHASE ready=$LEADER_READY"[0m
2026-02-09T18:37:49.3029453Z [36;1m[0m
2026-02-09T18:37:49.3029659Z [36;1m  if [[ "$LEADER_PHASE" != "Running" || "$LEADER_READY" != "true" ]]; then[0m
2026-02-09T18:37:49.3029938Z [36;1m    echo "Leader not Ready yet..."[0m
2026-02-09T18:37:49.3030139Z [36;1m    ALL_FOLLOWERS_READY=false[0m
2026-02-09T18:37:49.3030319Z [36;1m  fi[0m
2026-02-09T18:37:49.3030454Z [36;1m[0m
2026-02-09T18:37:49.3030615Z [36;1m  if [[ "$ALL_FOLLOWERS_READY" == "true" ]]; then[0m
2026-02-09T18:37:49.3030940Z [36;1m    echo "All follower pods and leader pod are Running and Ready â€” continuing."[0m
2026-02-09T18:37:49.3031227Z [36;1m    break[0m
2026-02-09T18:37:49.3031362Z [36;1m  fi[0m
2026-02-09T18:37:49.3031491Z [36;1m[0m
2026-02-09T18:37:49.3031613Z [36;1m  sleep 2[0m
2026-02-09T18:37:49.3031757Z [36;1mdone[0m
2026-02-09T18:37:49.3032158Z shell: bash -el {0}
2026-02-09T18:37:49.3032308Z env:
2026-02-09T18:37:49.3032657Z   FAIL_TAG: FAIL_TAG_DeepSeek-V3_2-W8A8-A3-dual-nodes.yaml
2026-02-09T18:37:49.3032917Z ##[endgroup]
2026-02-09T18:37:49.3107428Z ##[group]Run '/home/runner/k8s/index.js'
2026-02-09T18:37:49.3108132Z shell: /home/runner/externals/node20/bin/node {0}
2026-02-09T18:37:49.3108346Z ##[endgroup]
2026-02-09T18:37:49.6635999Z (node:9591) [DEP0005] DeprecationWarning: Buffer() is deprecated due to security and usability issues. Please use the Buffer.alloc(), Buffer.allocUnsafe(), or Buffer.from() methods instead.
2026-02-09T18:37:49.6636646Z (Use `node --trace-deprecation ...` to show where the warning was created)
2026-02-09T18:38:08.3073222Z Waiting for Pods in namespace [vllm-project] to become Running and Ready (timeout 1200s)...
2026-02-09T18:38:08.4341948Z Follower [vllm-0-1] phase=Running ready=false
2026-02-09T18:38:08.4342303Z Follower [vllm-0-1] not Ready yet...
2026-02-09T18:38:08.5534411Z Leader [vllm-0] phase=Running ready=false
2026-02-09T18:38:08.5534718Z Leader not Ready yet...
2026-02-09T18:38:10.6777668Z Follower [vllm-0-1] phase=Running ready=false
2026-02-09T18:38:10.6777948Z Follower [vllm-0-1] not Ready yet...
2026-02-09T18:38:10.7932296Z Leader [vllm-0] phase=Running ready=false
2026-02-09T18:38:10.7932511Z Leader not Ready yet...
2026-02-09T18:38:12.9197622Z Follower [vllm-0-1] phase=Running ready=false
2026-02-09T18:38:12.9197910Z Follower [vllm-0-1] not Ready yet...
2026-02-09T18:38:13.0414172Z Leader [vllm-0] phase=Running ready=false
2026-02-09T18:38:13.0414414Z Leader not Ready yet...
2026-02-09T18:38:15.1634618Z Follower [vllm-0-1] phase=Running ready=false
2026-02-09T18:38:15.1634957Z Follower [vllm-0-1] not Ready yet...
2026-02-09T18:38:15.2777672Z Leader [vllm-0] phase=Running ready=false
2026-02-09T18:38:15.2777919Z Leader not Ready yet...
2026-02-09T18:38:17.3897316Z Follower [vllm-0-1] phase=Running ready=false
2026-02-09T18:38:17.3897603Z Follower [vllm-0-1] not Ready yet...
2026-02-09T18:38:17.5183555Z Leader [vllm-0] phase=Running ready=false
2026-02-09T18:38:17.5183783Z Leader not Ready yet...
2026-02-09T18:38:19.6408379Z Follower [vllm-0-1] phase=Running ready=false
2026-02-09T18:38:19.6408653Z Follower [vllm-0-1] not Ready yet...
2026-02-09T18:38:19.7545940Z Leader [vllm-0] phase=Running ready=false
2026-02-09T18:38:19.7546172Z Leader not Ready yet...
2026-02-09T18:38:21.8799236Z Follower [vllm-0-1] phase=Running ready=false
2026-02-09T18:38:21.8799545Z Follower [vllm-0-1] not Ready yet...
2026-02-09T18:38:22.0000737Z Leader [vllm-0] phase=Running ready=false
2026-02-09T18:38:22.0000973Z Leader not Ready yet...
2026-02-09T18:38:24.1245815Z Follower [vllm-0-1] phase=Running ready=false
2026-02-09T18:38:24.1246079Z Follower [vllm-0-1] not Ready yet...
2026-02-09T18:38:24.2392676Z Leader [vllm-0] phase=Running ready=false
2026-02-09T18:38:24.2392923Z Leader not Ready yet...
2026-02-09T18:38:26.3523952Z Follower [vllm-0-1] phase=Running ready=false
2026-02-09T18:38:26.3524227Z Follower [vllm-0-1] not Ready yet...
2026-02-09T18:38:26.4657973Z Leader [vllm-0] phase=Running ready=true
2026-02-09T18:38:28.5866319Z Follower [vllm-0-1] phase=Running ready=false
2026-02-09T18:38:28.5866600Z Follower [vllm-0-1] not Ready yet...
2026-02-09T18:38:28.7047550Z Leader [vllm-0] phase=Running ready=false
2026-02-09T18:38:28.7047805Z Leader not Ready yet...
2026-02-09T18:38:30.8285459Z Follower [vllm-0-1] phase=Running ready=false
2026-02-09T18:38:30.8285745Z Follower [vllm-0-1] not Ready yet...
2026-02-09T18:38:30.9558185Z Leader [vllm-0] phase=Running ready=false
2026-02-09T18:38:30.9558411Z Leader not Ready yet...
2026-02-09T18:38:33.0874422Z Follower [vllm-0-1] phase=Running ready=false
2026-02-09T18:38:33.0874707Z Follower [vllm-0-1] not Ready yet...
2026-02-09T18:38:33.1984281Z Leader [vllm-0] phase=Running ready=false
2026-02-09T18:38:33.1984547Z Leader not Ready yet...
2026-02-09T18:38:35.3260301Z Follower [vllm-0-1] phase=Running ready=false
2026-02-09T18:38:35.3260564Z Follower [vllm-0-1] not Ready yet...
2026-02-09T18:38:35.4449523Z Leader [vllm-0] phase=Running ready=false
2026-02-09T18:38:35.4449729Z Leader not Ready yet...
2026-02-09T18:38:37.5677918Z Follower [vllm-0-1] phase=Running ready=false
2026-02-09T18:38:37.5678212Z Follower [vllm-0-1] not Ready yet...
2026-02-09T18:38:37.6866800Z Leader [vllm-0] phase=Running ready=false
2026-02-09T18:38:37.6867074Z Leader not Ready yet...
2026-02-09T18:38:39.8128518Z Follower [vllm-0-1] phase=Running ready=false
2026-02-09T18:38:39.8128797Z Follower [vllm-0-1] not Ready yet...
2026-02-09T18:38:39.9365905Z Leader [vllm-0] phase=Running ready=false
2026-02-09T18:38:39.9366141Z Leader not Ready yet...
2026-02-09T18:38:42.0577704Z Follower [vllm-0-1] phase=Running ready=false
2026-02-09T18:38:42.0578060Z Follower [vllm-0-1] not Ready yet...
2026-02-09T18:38:42.1741264Z Leader [vllm-0] phase=Running ready=false
2026-02-09T18:38:42.1741510Z Leader not Ready yet...
2026-02-09T18:38:44.2914655Z Follower [vllm-0-1] phase=Running ready=false
2026-02-09T18:38:44.2914951Z Follower [vllm-0-1] not Ready yet...
2026-02-09T18:38:44.4099759Z Leader [vllm-0] phase=Running ready=false
2026-02-09T18:38:44.4099992Z Leader not Ready yet...
2026-02-09T18:38:46.5239303Z Follower [vllm-0-1] phase=Running ready=false
2026-02-09T18:38:46.5239577Z Follower [vllm-0-1] not Ready yet...
2026-02-09T18:38:46.6483658Z Leader [vllm-0] phase=Running ready=false
2026-02-09T18:38:46.6483896Z Leader not Ready yet...
2026-02-09T18:38:48.7827300Z Follower [vllm-0-1] phase=Running ready=false
2026-02-09T18:38:48.7827581Z Follower [vllm-0-1] not Ready yet...
2026-02-09T18:38:48.9067003Z Leader [vllm-0] phase=Running ready=false
2026-02-09T18:38:48.9067242Z Leader not Ready yet...
2026-02-09T18:38:51.0424633Z Follower [vllm-0-1] phase=Running ready=false
2026-02-09T18:38:51.0424898Z Follower [vllm-0-1] not Ready yet...
2026-02-09T18:38:51.1664636Z Leader [vllm-0] phase=Running ready=false
2026-02-09T18:38:51.1664899Z Leader not Ready yet...
2026-02-09T18:38:53.2839234Z Follower [vllm-0-1] phase=Running ready=false
2026-02-09T18:38:53.2839844Z Follower [vllm-0-1] not Ready yet...
2026-02-09T18:38:53.3949562Z Leader [vllm-0] phase=Running ready=false
2026-02-09T18:38:53.3949894Z Leader not Ready yet...
2026-02-09T18:38:55.5153539Z Follower [vllm-0-1] phase=Running ready=false
2026-02-09T18:38:55.5153800Z Follower [vllm-0-1] not Ready yet...
2026-02-09T18:38:55.6210899Z Leader [vllm-0] phase=Running ready=false
2026-02-09T18:38:55.6211119Z Leader not Ready yet...
2026-02-09T18:38:57.7358786Z Follower [vllm-0-1] phase=Running ready=false
2026-02-09T18:38:57.7359049Z Follower [vllm-0-1] not Ready yet...
2026-02-09T18:38:57.8511725Z Leader [vllm-0] phase=Running ready=false
2026-02-09T18:38:57.8512161Z Leader not Ready yet...
2026-02-09T18:38:59.9718414Z Follower [vllm-0-1] phase=Running ready=false
2026-02-09T18:38:59.9718671Z Follower [vllm-0-1] not Ready yet...
2026-02-09T18:39:00.0991721Z Leader [vllm-0] phase=Running ready=false
2026-02-09T18:39:00.0991973Z Leader not Ready yet...
2026-02-09T18:39:02.2184066Z Follower [vllm-0-1] phase=Running ready=false
2026-02-09T18:39:02.2184336Z Follower [vllm-0-1] not Ready yet...
2026-02-09T18:39:02.3320109Z Leader [vllm-0] phase=Running ready=false
2026-02-09T18:39:02.3320375Z Leader not Ready yet...
2026-02-09T18:39:04.4506460Z Follower [vllm-0-1] phase=Running ready=false
2026-02-09T18:39:04.4506741Z Follower [vllm-0-1] not Ready yet...
2026-02-09T18:39:04.5769742Z Leader [vllm-0] phase=Running ready=false
2026-02-09T18:39:04.5770021Z Leader not Ready yet...
2026-02-09T18:39:06.7076653Z Follower [vllm-0-1] phase=Running ready=false
2026-02-09T18:39:06.7076922Z Follower [vllm-0-1] not Ready yet...
2026-02-09T18:39:06.8221792Z Leader [vllm-0] phase=Running ready=false
2026-02-09T18:39:06.8222166Z Leader not Ready yet...
2026-02-09T18:39:08.9439206Z Follower [vllm-0-1] phase=Running ready=false
2026-02-09T18:39:08.9439485Z Follower [vllm-0-1] not Ready yet...
2026-02-09T18:39:09.0715951Z Leader [vllm-0] phase=Running ready=false
2026-02-09T18:39:09.0716179Z Leader not Ready yet...
2026-02-09T18:39:11.1911071Z Follower [vllm-0-1] phase=Running ready=false
2026-02-09T18:39:11.1911912Z Follower [vllm-0-1] not Ready yet...
2026-02-09T18:39:11.3241467Z Leader [vllm-0] phase=Running ready=false
2026-02-09T18:39:11.3241717Z Leader not Ready yet...
2026-02-09T18:39:13.4468112Z Follower [vllm-0-1] phase=Running ready=false
2026-02-09T18:39:13.4468382Z Follower [vllm-0-1] not Ready yet...
2026-02-09T18:39:13.5663727Z Leader [vllm-0] phase=Running ready=false
2026-02-09T18:39:13.5663948Z Leader not Ready yet...
2026-02-09T18:39:15.6842294Z Follower [vllm-0-1] phase=Running ready=false
2026-02-09T18:39:15.6842559Z Follower [vllm-0-1] not Ready yet...
2026-02-09T18:39:15.7963145Z Leader [vllm-0] phase=Running ready=false
2026-02-09T18:39:15.7963392Z Leader not Ready yet...
2026-02-09T18:39:17.9200784Z Follower [vllm-0-1] phase=Running ready=false
2026-02-09T18:39:17.9201072Z Follower [vllm-0-1] not Ready yet...
2026-02-09T18:39:18.0413033Z Leader [vllm-0] phase=Running ready=false
2026-02-09T18:39:18.0413285Z Leader not Ready yet...
2026-02-09T18:39:20.1679764Z Follower [vllm-0-1] phase=Running ready=false
2026-02-09T18:39:20.1680055Z Follower [vllm-0-1] not Ready yet...
2026-02-09T18:39:20.2855428Z Leader [vllm-0] phase=Running ready=false
2026-02-09T18:39:20.2855650Z Leader not Ready yet...
2026-02-09T18:39:22.4174015Z Follower [vllm-0-1] phase=Running ready=false
2026-02-09T18:39:22.4174294Z Follower [vllm-0-1] not Ready yet...
2026-02-09T18:39:22.5778464Z Leader [vllm-0] phase=Running ready=false
2026-02-09T18:39:22.5778698Z Leader not Ready yet...
2026-02-09T18:39:24.7015631Z Follower [vllm-0-1] phase=Running ready=false
2026-02-09T18:39:24.7015904Z Follower [vllm-0-1] not Ready yet...
2026-02-09T18:39:24.8146377Z Leader [vllm-0] phase=Running ready=false
2026-02-09T18:39:24.8146622Z Leader not Ready yet...
2026-02-09T18:39:26.9391808Z Follower [vllm-0-1] phase=Running ready=false
2026-02-09T18:39:26.9392186Z Follower [vllm-0-1] not Ready yet...
2026-02-09T18:39:27.0542144Z Leader [vllm-0] phase=Running ready=false
2026-02-09T18:39:27.0542685Z Leader not Ready yet...
2026-02-09T18:39:29.1754410Z Follower [vllm-0-1] phase=Running ready=false
2026-02-09T18:39:29.1754685Z Follower [vllm-0-1] not Ready yet...
2026-02-09T18:39:29.2984018Z Leader [vllm-0] phase=Running ready=false
2026-02-09T18:39:29.2984269Z Leader not Ready yet...
2026-02-09T18:39:31.4189274Z Follower [vllm-0-1] phase=Running ready=false
2026-02-09T18:39:31.4189555Z Follower [vllm-0-1] not Ready yet...
2026-02-09T18:39:31.5314421Z Leader [vllm-0] phase=Running ready=false
2026-02-09T18:39:31.5314677Z Leader not Ready yet...
2026-02-09T18:39:33.6674347Z Follower [vllm-0-1] phase=Running ready=false
2026-02-09T18:39:33.6674602Z Follower [vllm-0-1] not Ready yet...
2026-02-09T18:39:33.7840468Z Leader [vllm-0] phase=Running ready=false
2026-02-09T18:39:33.7840713Z Leader not Ready yet...
2026-02-09T18:39:35.9093958Z Follower [vllm-0-1] phase=Running ready=false
2026-02-09T18:39:35.9094239Z Follower [vllm-0-1] not Ready yet...
2026-02-09T18:39:36.0252344Z Leader [vllm-0] phase=Running ready=false
2026-02-09T18:39:36.0252650Z Leader not Ready yet...
2026-02-09T18:39:38.1491063Z Follower [vllm-0-1] phase=Running ready=false
2026-02-09T18:39:38.1491358Z Follower [vllm-0-1] not Ready yet...
2026-02-09T18:39:38.2554209Z Leader [vllm-0] phase=Running ready=false
2026-02-09T18:39:38.2554456Z Leader not Ready yet...
2026-02-09T18:39:40.3729118Z Follower [vllm-0-1] phase=Running ready=false
2026-02-09T18:39:40.3729447Z Follower [vllm-0-1] not Ready yet...
2026-02-09T18:39:40.4860944Z Leader [vllm-0] phase=Running ready=false
2026-02-09T18:39:40.4861162Z Leader not Ready yet...
2026-02-09T18:39:42.6063206Z Follower [vllm-0-1] phase=Running ready=false
2026-02-09T18:39:42.6063476Z Follower [vllm-0-1] not Ready yet...
2026-02-09T18:39:42.7237687Z Leader [vllm-0] phase=Running ready=false
2026-02-09T18:39:42.7237953Z Leader not Ready yet...
2026-02-09T18:39:44.8637905Z Follower [vllm-0-1] phase=Running ready=false
2026-02-09T18:39:44.8638168Z Follower [vllm-0-1] not Ready yet...
2026-02-09T18:39:44.9946077Z Leader [vllm-0] phase=Running ready=false
2026-02-09T18:39:44.9946613Z Leader not Ready yet...
2026-02-09T18:39:47.1087220Z Follower [vllm-0-1] phase=Running ready=false
2026-02-09T18:39:47.1087500Z Follower [vllm-0-1] not Ready yet...
2026-02-09T18:39:47.2375358Z Leader [vllm-0] phase=Running ready=false
2026-02-09T18:39:47.2375716Z Leader not Ready yet...
2026-02-09T18:39:49.3702739Z Follower [vllm-0-1] phase=Running ready=false
2026-02-09T18:39:49.3703014Z Follower [vllm-0-1] not Ready yet...
2026-02-09T18:39:49.4918050Z Leader [vllm-0] phase=Running ready=false
2026-02-09T18:39:49.4918281Z Leader not Ready yet...
2026-02-09T18:39:51.6106139Z Follower [vllm-0-1] phase=Running ready=false
2026-02-09T18:39:51.6106412Z Follower [vllm-0-1] not Ready yet...
2026-02-09T18:39:51.7269452Z Leader [vllm-0] phase=Running ready=false
2026-02-09T18:39:51.7269692Z Leader not Ready yet...
2026-02-09T18:39:53.8382361Z Follower [vllm-0-1] phase=Running ready=false
2026-02-09T18:39:53.8382672Z Follower [vllm-0-1] not Ready yet...
2026-02-09T18:39:53.9670226Z Leader [vllm-0] phase=Running ready=false
2026-02-09T18:39:53.9670500Z Leader not Ready yet...
2026-02-09T18:39:56.0835476Z Follower [vllm-0-1] phase=Running ready=false
2026-02-09T18:39:56.0835767Z Follower [vllm-0-1] not Ready yet...
2026-02-09T18:39:56.2018793Z Leader [vllm-0] phase=Running ready=false
2026-02-09T18:39:56.2019073Z Leader not Ready yet...
2026-02-09T18:39:58.3123464Z Follower [vllm-0-1] phase=Running ready=false
2026-02-09T18:39:58.3123738Z Follower [vllm-0-1] not Ready yet...
2026-02-09T18:39:58.4312859Z Leader [vllm-0] phase=Running ready=false
2026-02-09T18:39:58.4313086Z Leader not Ready yet...
2026-02-09T18:40:00.5475560Z Follower [vllm-0-1] phase=Running ready=false
2026-02-09T18:40:00.5475861Z Follower [vllm-0-1] not Ready yet...
2026-02-09T18:40:00.6640627Z Leader [vllm-0] phase=Running ready=false
2026-02-09T18:40:00.6640941Z Leader not Ready yet...
2026-02-09T18:40:03.0003945Z Follower [vllm-0-1] phase=Running ready=false
2026-02-09T18:40:03.0005829Z Follower [vllm-0-1] not Ready yet...
2026-02-09T18:40:03.1327717Z Leader [vllm-0] phase=Running ready=false
2026-02-09T18:40:03.1328002Z Leader not Ready yet...
2026-02-09T18:40:05.2540969Z Follower [vllm-0-1] phase=Running ready=false
2026-02-09T18:40:05.2541255Z Follower [vllm-0-1] not Ready yet...
2026-02-09T18:40:05.3788922Z Leader [vllm-0] phase=Running ready=false
2026-02-09T18:40:05.3789166Z Leader not Ready yet...
2026-02-09T18:40:07.4990371Z Follower [vllm-0-1] phase=Running ready=false
2026-02-09T18:40:07.4990640Z Follower [vllm-0-1] not Ready yet...
2026-02-09T18:40:07.6133196Z Leader [vllm-0] phase=Running ready=false
2026-02-09T18:40:07.6133431Z Leader not Ready yet...
2026-02-09T18:40:09.7293345Z Follower [vllm-0-1] phase=Running ready=false
2026-02-09T18:40:09.7293634Z Follower [vllm-0-1] not Ready yet...
2026-02-09T18:40:09.8524879Z Leader [vllm-0] phase=Running ready=false
2026-02-09T18:40:09.8525130Z Leader not Ready yet...
2026-02-09T18:40:11.9786995Z Follower [vllm-0-1] phase=Running ready=false
2026-02-09T18:40:11.9787277Z Follower [vllm-0-1] not Ready yet...
2026-02-09T18:40:12.0918121Z Leader [vllm-0] phase=Running ready=false
2026-02-09T18:40:12.0918366Z Leader not Ready yet...
2026-02-09T18:40:14.2089540Z Follower [vllm-0-1] phase=Running ready=false
2026-02-09T18:40:14.2089866Z Follower [vllm-0-1] not Ready yet...
2026-02-09T18:40:14.3286803Z Leader [vllm-0] phase=Running ready=false
2026-02-09T18:40:14.3287017Z Leader not Ready yet...
2026-02-09T18:40:16.4490363Z Follower [vllm-0-1] phase=Running ready=false
2026-02-09T18:40:16.4490655Z Follower [vllm-0-1] not Ready yet...
2026-02-09T18:40:16.5706176Z Leader [vllm-0] phase=Running ready=false
2026-02-09T18:40:16.5706432Z Leader not Ready yet...
2026-02-09T18:40:18.6972632Z Follower [vllm-0-1] phase=Running ready=false
2026-02-09T18:40:18.6972913Z Follower [vllm-0-1] not Ready yet...
2026-02-09T18:40:18.8126723Z Leader [vllm-0] phase=Running ready=false
2026-02-09T18:40:18.8126990Z Leader not Ready yet...
2026-02-09T18:40:21.1561173Z Follower [vllm-0-1] phase=Running ready=false
2026-02-09T18:40:21.1563139Z Follower [vllm-0-1] not Ready yet...
2026-02-09T18:40:21.2747258Z Leader [vllm-0] phase=Running ready=false
2026-02-09T18:40:21.2747523Z Leader not Ready yet...
2026-02-09T18:40:23.3975700Z Follower [vllm-0-1] phase=Running ready=false
2026-02-09T18:40:23.3975997Z Follower [vllm-0-1] not Ready yet...
2026-02-09T18:40:23.5167084Z Leader [vllm-0] phase=Running ready=false
2026-02-09T18:40:23.5167333Z Leader not Ready yet...
2026-02-09T18:40:25.6488368Z Follower [vllm-0-1] phase=Running ready=false
2026-02-09T18:40:25.6488670Z Follower [vllm-0-1] not Ready yet...
2026-02-09T18:40:25.7623193Z Leader [vllm-0] phase=Running ready=false
2026-02-09T18:40:25.7623444Z Leader not Ready yet...
2026-02-09T18:40:27.8878343Z Follower [vllm-0-1] phase=Running ready=false
2026-02-09T18:40:27.8878664Z Follower [vllm-0-1] not Ready yet...
2026-02-09T18:40:28.0027567Z Leader [vllm-0] phase=Running ready=false
2026-02-09T18:40:28.0027831Z Leader not Ready yet...
2026-02-09T18:40:30.1238026Z Follower [vllm-0-1] phase=Running ready=false
2026-02-09T18:40:30.1238328Z Follower [vllm-0-1] not Ready yet...
2026-02-09T18:40:30.2564392Z Leader [vllm-0] phase=Running ready=false
2026-02-09T18:40:30.2564650Z Leader not Ready yet...
2026-02-09T18:40:32.3709394Z Follower [vllm-0-1] phase=Running ready=false
2026-02-09T18:40:32.3709690Z Follower [vllm-0-1] not Ready yet...
2026-02-09T18:40:32.4858819Z Leader [vllm-0] phase=Running ready=false
2026-02-09T18:40:32.4859060Z Leader not Ready yet...
2026-02-09T18:40:34.6180627Z Follower [vllm-0-1] phase=Running ready=false
2026-02-09T18:40:34.6180920Z Follower [vllm-0-1] not Ready yet...
2026-02-09T18:40:34.7319946Z Leader [vllm-0] phase=Running ready=false
2026-02-09T18:40:34.7320197Z Leader not Ready yet...
2026-02-09T18:40:36.8523862Z Follower [vllm-0-1] phase=Running ready=false
2026-02-09T18:40:36.8524125Z Follower [vllm-0-1] not Ready yet...
2026-02-09T18:40:36.9712181Z Leader [vllm-0] phase=Running ready=false
2026-02-09T18:40:36.9712440Z Leader not Ready yet...
2026-02-09T18:40:39.0875997Z Follower [vllm-0-1] phase=Running ready=false
2026-02-09T18:40:39.0876285Z Follower [vllm-0-1] not Ready yet...
2026-02-09T18:40:39.2076634Z Leader [vllm-0] phase=Running ready=false
2026-02-09T18:40:39.2076878Z Leader not Ready yet...
2026-02-09T18:40:41.3249859Z Follower [vllm-0-1] phase=Running ready=false
2026-02-09T18:40:41.3250120Z Follower [vllm-0-1] not Ready yet...
2026-02-09T18:40:41.4435429Z Leader [vllm-0] phase=Running ready=false
2026-02-09T18:40:41.4435662Z Leader not Ready yet...
2026-02-09T18:40:43.5621705Z Follower [vllm-0-1] phase=Running ready=false
2026-02-09T18:40:43.5621978Z Follower [vllm-0-1] not Ready yet...
2026-02-09T18:40:43.6840356Z Leader [vllm-0] phase=Running ready=false
2026-02-09T18:40:43.6840630Z Leader not Ready yet...
2026-02-09T18:40:45.7982437Z Follower [vllm-0-1] phase=Running ready=false
2026-02-09T18:40:45.7982713Z Follower [vllm-0-1] not Ready yet...
2026-02-09T18:40:45.9143402Z Leader [vllm-0] phase=Running ready=false
2026-02-09T18:40:45.9143657Z Leader not Ready yet...
2026-02-09T18:40:48.0388966Z Follower [vllm-0-1] phase=Running ready=false
2026-02-09T18:40:48.0389234Z Follower [vllm-0-1] not Ready yet...
2026-02-09T18:40:48.1710764Z Leader [vllm-0] phase=Running ready=false
2026-02-09T18:40:48.1711006Z Leader not Ready yet...
2026-02-09T18:40:50.2984189Z Follower [vllm-0-1] phase=Running ready=false
2026-02-09T18:40:50.2984460Z Follower [vllm-0-1] not Ready yet...
2026-02-09T18:40:50.4244729Z Leader [vllm-0] phase=Running ready=false
2026-02-09T18:40:50.4244988Z Leader not Ready yet...
2026-02-09T18:40:52.5408885Z Follower [vllm-0-1] phase=Running ready=false
2026-02-09T18:40:52.5409157Z Follower [vllm-0-1] not Ready yet...
2026-02-09T18:40:52.6560054Z Leader [vllm-0] phase=Running ready=false
2026-02-09T18:40:52.6560295Z Leader not Ready yet...
2026-02-09T18:40:54.7839266Z Follower [vllm-0-1] phase=Running ready=false
2026-02-09T18:40:54.7839566Z Follower [vllm-0-1] not Ready yet...
2026-02-09T18:40:54.9208295Z Leader [vllm-0] phase=Running ready=false
2026-02-09T18:40:54.9208862Z Leader not Ready yet...
2026-02-09T18:40:57.0390760Z Follower [vllm-0-1] phase=Running ready=false
2026-02-09T18:40:57.0391043Z Follower [vllm-0-1] not Ready yet...
2026-02-09T18:40:57.1680745Z Leader [vllm-0] phase=Running ready=false
2026-02-09T18:40:57.1681028Z Leader not Ready yet...
2026-02-09T18:40:59.2956104Z Follower [vllm-0-1] phase=Running ready=false
2026-02-09T18:40:59.2956390Z Follower [vllm-0-1] not Ready yet...
2026-02-09T18:40:59.4166831Z Leader [vllm-0] phase=Running ready=false
2026-02-09T18:40:59.4167073Z Leader not Ready yet...
2026-02-09T18:41:01.5433544Z Follower [vllm-0-1] phase=Running ready=false
2026-02-09T18:41:01.5433810Z Follower [vllm-0-1] not Ready yet...
2026-02-09T18:41:01.6563330Z Leader [vllm-0] phase=Running ready=false
2026-02-09T18:41:01.6563539Z Leader not Ready yet...
2026-02-09T18:41:03.7846686Z Follower [vllm-0-1] phase=Running ready=false
2026-02-09T18:41:03.7847065Z Follower [vllm-0-1] not Ready yet...
2026-02-09T18:41:03.9001692Z Leader [vllm-0] phase=Running ready=false
2026-02-09T18:41:03.9002108Z Leader not Ready yet...
2026-02-09T18:41:06.0212244Z Follower [vllm-0-1] phase=Running ready=false
2026-02-09T18:41:06.0212572Z Follower [vllm-0-1] not Ready yet...
2026-02-09T18:41:06.1500073Z Leader [vllm-0] phase=Running ready=false
2026-02-09T18:41:06.1500477Z Leader not Ready yet...
2026-02-09T18:41:08.2757381Z Follower [vllm-0-1] phase=Running ready=false
2026-02-09T18:41:08.2757885Z Follower [vllm-0-1] not Ready yet...
2026-02-09T18:41:08.3999897Z Leader [vllm-0] phase=Running ready=false
2026-02-09T18:41:08.4000190Z Leader not Ready yet...
2026-02-09T18:41:10.5285352Z Follower [vllm-0-1] phase=Running ready=false
2026-02-09T18:41:10.5285711Z Follower [vllm-0-1] not Ready yet...
2026-02-09T18:41:10.6437728Z Leader [vllm-0] phase=Running ready=false
2026-02-09T18:41:10.6438225Z Leader not Ready yet...
2026-02-09T18:41:12.7738235Z Follower [vllm-0-1] phase=Running ready=false
2026-02-09T18:41:12.7738738Z Follower [vllm-0-1] not Ready yet...
2026-02-09T18:41:12.9054680Z Leader [vllm-0] phase=Running ready=false
2026-02-09T18:41:12.9054991Z Leader not Ready yet...
2026-02-09T18:41:15.0469962Z Follower [vllm-0-1] phase=Running ready=false
2026-02-09T18:41:15.0470319Z Follower [vllm-0-1] not Ready yet...
2026-02-09T18:41:15.1774627Z Leader [vllm-0] phase=Running ready=false
2026-02-09T18:41:15.1775001Z Leader not Ready yet...
2026-02-09T18:41:17.3004750Z Follower [vllm-0-1] phase=Running ready=false
2026-02-09T18:41:17.3005055Z Follower [vllm-0-1] not Ready yet...
2026-02-09T18:41:17.4162515Z Leader [vllm-0] phase=Running ready=false
2026-02-09T18:41:17.4162910Z Leader not Ready yet...
2026-02-09T18:41:19.5307111Z Follower [vllm-0-1] phase=Running ready=false
2026-02-09T18:41:19.5307591Z Follower [vllm-0-1] not Ready yet...
2026-02-09T18:41:19.6428095Z Leader [vllm-0] phase=Running ready=false
2026-02-09T18:41:19.6428434Z Leader not Ready yet...
2026-02-09T18:41:21.7610123Z Follower [vllm-0-1] phase=Running ready=false
2026-02-09T18:41:21.7610568Z Follower [vllm-0-1] not Ready yet...
2026-02-09T18:41:21.8780781Z Leader [vllm-0] phase=Running ready=false
2026-02-09T18:41:21.8781163Z Leader not Ready yet...
2026-02-09T18:41:23.9956066Z Follower [vllm-0-1] phase=Running ready=false
2026-02-09T18:41:23.9956374Z Follower [vllm-0-1] not Ready yet...
2026-02-09T18:41:24.1064848Z Leader [vllm-0] phase=Running ready=false
2026-02-09T18:41:24.1065152Z Leader not Ready yet...
2026-02-09T18:41:26.2244789Z Follower [vllm-0-1] phase=Running ready=false
2026-02-09T18:41:26.2245160Z Follower [vllm-0-1] not Ready yet...
2026-02-09T18:41:26.3395178Z Leader [vllm-0] phase=Running ready=false
2026-02-09T18:41:26.3395487Z Leader not Ready yet...
2026-02-09T18:41:28.4521859Z Follower [vllm-0-1] phase=Running ready=false
2026-02-09T18:41:28.4522358Z Follower [vllm-0-1] not Ready yet...
2026-02-09T18:41:28.5674414Z Leader [vllm-0] phase=Running ready=false
2026-02-09T18:41:28.5674745Z Leader not Ready yet...
2026-02-09T18:41:30.6910254Z Follower [vllm-0-1] phase=Running ready=false
2026-02-09T18:41:30.6910909Z Follower [vllm-0-1] not Ready yet...
2026-02-09T18:41:30.8166774Z Leader [vllm-0] phase=Running ready=false
2026-02-09T18:41:30.8167105Z Leader not Ready yet...
2026-02-09T18:41:32.9389961Z Follower [vllm-0-1] phase=Running ready=false
2026-02-09T18:41:32.9390298Z Follower [vllm-0-1] not Ready yet...
2026-02-09T18:41:33.0703359Z Leader [vllm-0] phase=Running ready=false
2026-02-09T18:41:33.0703662Z Leader not Ready yet...
2026-02-09T18:41:35.1913340Z Follower [vllm-0-1] phase=Running ready=false
2026-02-09T18:41:35.1913683Z Follower [vllm-0-1] not Ready yet...
2026-02-09T18:41:35.3179486Z Leader [vllm-0] phase=Running ready=false
2026-02-09T18:41:35.3179876Z Leader not Ready yet...
2026-02-09T18:41:37.4491858Z Follower [vllm-0-1] phase=Running ready=false
2026-02-09T18:41:37.4492398Z Follower [vllm-0-1] not Ready yet...
2026-02-09T18:41:37.5738075Z Leader [vllm-0] phase=Running ready=false
2026-02-09T18:41:37.5738472Z Leader not Ready yet...
2026-02-09T18:41:39.7108745Z Follower [vllm-0-1] phase=Running ready=false
2026-02-09T18:41:39.7109138Z Follower [vllm-0-1] not Ready yet...
2026-02-09T18:41:39.8347871Z Leader [vllm-0] phase=Running ready=false
2026-02-09T18:41:39.8348216Z Leader not Ready yet...
2026-02-09T18:41:41.9479909Z Follower [vllm-0-1] phase=Running ready=false
2026-02-09T18:41:41.9480354Z Follower [vllm-0-1] not Ready yet...
2026-02-09T18:41:42.0620964Z Leader [vllm-0] phase=Running ready=false
2026-02-09T18:41:42.0621411Z Leader not Ready yet...
2026-02-09T18:41:44.1822844Z Follower [vllm-0-1] phase=Running ready=false
2026-02-09T18:41:44.1823294Z Follower [vllm-0-1] not Ready yet...
2026-02-09T18:41:44.2985169Z Leader [vllm-0] phase=Running ready=false
2026-02-09T18:41:44.2985482Z Leader not Ready yet...
2026-02-09T18:41:46.4150394Z Follower [vllm-0-1] phase=Running ready=false
2026-02-09T18:41:46.4150755Z Follower [vllm-0-1] not Ready yet...
2026-02-09T18:41:46.5325529Z Leader [vllm-0] phase=Running ready=false
2026-02-09T18:41:46.5325833Z Leader not Ready yet...
2026-02-09T18:41:48.6422333Z Follower [vllm-0-1] phase=Running ready=false
2026-02-09T18:41:48.6422681Z Follower [vllm-0-1] not Ready yet...
2026-02-09T18:41:48.7581760Z Leader [vllm-0] phase=Running ready=false
2026-02-09T18:41:48.7582156Z Leader not Ready yet...
2026-02-09T18:41:50.8778720Z Follower [vllm-0-1] phase=Running ready=false
2026-02-09T18:41:50.8779168Z Follower [vllm-0-1] not Ready yet...
2026-02-09T18:41:50.9957253Z Leader [vllm-0] phase=Running ready=false
2026-02-09T18:41:50.9957579Z Leader not Ready yet...
2026-02-09T18:41:53.1242801Z Follower [vllm-0-1] phase=Running ready=false
2026-02-09T18:41:53.1243122Z Follower [vllm-0-1] not Ready yet...
2026-02-09T18:41:53.2443999Z Leader [vllm-0] phase=Running ready=false
2026-02-09T18:41:53.2444361Z Leader not Ready yet...
2026-02-09T18:41:55.3698177Z Follower [vllm-0-1] phase=Running ready=false
2026-02-09T18:41:55.3698567Z Follower [vllm-0-1] not Ready yet...
2026-02-09T18:41:55.4917098Z Leader [vllm-0] phase=Running ready=false
2026-02-09T18:41:55.4917534Z Leader not Ready yet...
2026-02-09T18:41:57.6135068Z Follower [vllm-0-1] phase=Running ready=false
2026-02-09T18:41:57.6135475Z Follower [vllm-0-1] not Ready yet...
2026-02-09T18:41:57.7356699Z Leader [vllm-0] phase=Running ready=false
2026-02-09T18:41:57.7356999Z Leader not Ready yet...
2026-02-09T18:41:59.8477934Z Follower [vllm-0-1] phase=Running ready=false
2026-02-09T18:41:59.8478255Z Follower [vllm-0-1] not Ready yet...
2026-02-09T18:41:59.9648074Z Leader [vllm-0] phase=Running ready=false
2026-02-09T18:41:59.9648377Z Leader not Ready yet...
2026-02-09T18:42:02.0999153Z Follower [vllm-0-1] phase=Running ready=false
2026-02-09T18:42:02.0999626Z Follower [vllm-0-1] not Ready yet...
2026-02-09T18:42:02.2116029Z Leader [vllm-0] phase=Running ready=false
2026-02-09T18:42:02.2116362Z Leader not Ready yet...
2026-02-09T18:42:04.3287287Z Follower [vllm-0-1] phase=Running ready=false
2026-02-09T18:42:04.3287663Z Follower [vllm-0-1] not Ready yet...
2026-02-09T18:42:04.4427573Z Leader [vllm-0] phase=Running ready=false
2026-02-09T18:42:04.4428252Z Leader not Ready yet...
2026-02-09T18:42:06.5576743Z Follower [vllm-0-1] phase=Running ready=false
2026-02-09T18:42:06.5577168Z Follower [vllm-0-1] not Ready yet...
2026-02-09T18:42:06.6766046Z Leader [vllm-0] phase=Running ready=false
2026-02-09T18:42:06.6766375Z Leader not Ready yet...
2026-02-09T18:42:08.7882047Z Follower [vllm-0-1] phase=Running ready=false
2026-02-09T18:42:08.7882501Z Follower [vllm-0-1] not Ready yet...
2026-02-09T18:42:08.9052525Z Leader [vllm-0] phase=Running ready=false
2026-02-09T18:42:08.9052838Z Leader not Ready yet...
2026-02-09T18:42:11.0230949Z Follower [vllm-0-1] phase=Running ready=false
2026-02-09T18:42:11.0231401Z Follower [vllm-0-1] not Ready yet...
2026-02-09T18:42:11.1429737Z Leader [vllm-0] phase=Running ready=false
2026-02-09T18:42:11.1430134Z Leader not Ready yet...
2026-02-09T18:42:13.2664529Z Follower [vllm-0-1] phase=Running ready=false
2026-02-09T18:42:13.2664953Z Follower [vllm-0-1] not Ready yet...
2026-02-09T18:42:13.3822999Z Leader [vllm-0] phase=Running ready=false
2026-02-09T18:42:13.3823316Z Leader not Ready yet...
2026-02-09T18:42:15.4950654Z Follower [vllm-0-1] phase=Running ready=false
2026-02-09T18:42:15.4950970Z Follower [vllm-0-1] not Ready yet...
2026-02-09T18:42:15.6294481Z Leader [vllm-0] phase=Running ready=false
2026-02-09T18:42:15.6294799Z Leader not Ready yet...
2026-02-09T18:42:17.7611966Z Follower [vllm-0-1] phase=Running ready=false
2026-02-09T18:42:17.7612377Z Follower [vllm-0-1] not Ready yet...
2026-02-09T18:42:17.8891500Z Leader [vllm-0] phase=Running ready=false
2026-02-09T18:42:17.8891895Z Leader not Ready yet...
2026-02-09T18:42:20.0225501Z Follower [vllm-0-1] phase=Running ready=false
2026-02-09T18:42:20.0225817Z Follower [vllm-0-1] not Ready yet...
2026-02-09T18:42:20.1349747Z Leader [vllm-0] phase=Running ready=false
2026-02-09T18:42:20.1350029Z Leader not Ready yet...
2026-02-09T18:42:22.2543911Z Follower [vllm-0-1] phase=Running ready=false
2026-02-09T18:42:22.2544245Z Follower [vllm-0-1] not Ready yet...
2026-02-09T18:42:22.3877235Z Leader [vllm-0] phase=Running ready=false
2026-02-09T18:42:22.3877621Z Leader not Ready yet...
2026-02-09T18:42:24.5222494Z Follower [vllm-0-1] phase=Running ready=false
2026-02-09T18:42:24.5222831Z Follower [vllm-0-1] not Ready yet...
2026-02-09T18:42:24.6499141Z Leader [vllm-0] phase=Running ready=false
2026-02-09T18:42:24.6499546Z Leader not Ready yet...
2026-02-09T18:42:26.7831857Z Follower [vllm-0-1] phase=Running ready=false
2026-02-09T18:42:26.7832395Z Follower [vllm-0-1] not Ready yet...
2026-02-09T18:42:26.9174527Z Leader [vllm-0] phase=Running ready=false
2026-02-09T18:42:26.9174810Z Leader not Ready yet...
2026-02-09T18:42:29.0507191Z Follower [vllm-0-1] phase=Running ready=false
2026-02-09T18:42:29.0507591Z Follower [vllm-0-1] not Ready yet...
2026-02-09T18:42:29.1718743Z Leader [vllm-0] phase=Running ready=false
2026-02-09T18:42:29.1719160Z Leader not Ready yet...
2026-02-09T18:42:31.2996513Z Follower [vllm-0-1] phase=Running ready=false
2026-02-09T18:42:31.2996962Z Follower [vllm-0-1] not Ready yet...
2026-02-09T18:42:31.4184916Z Leader [vllm-0] phase=Running ready=false
2026-02-09T18:42:31.4185254Z Leader not Ready yet...
2026-02-09T18:42:33.5410762Z Follower [vllm-0-1] phase=Running ready=false
2026-02-09T18:42:33.5411128Z Follower [vllm-0-1] not Ready yet...
2026-02-09T18:42:33.6727681Z Leader [vllm-0] phase=Running ready=false
2026-02-09T18:42:33.6728003Z Leader not Ready yet...
2026-02-09T18:42:35.7875483Z Follower [vllm-0-1] phase=Running ready=false
2026-02-09T18:42:35.7875878Z Follower [vllm-0-1] not Ready yet...
2026-02-09T18:42:35.9039704Z Leader [vllm-0] phase=Running ready=false
2026-02-09T18:42:35.9040189Z Leader not Ready yet...
2026-02-09T18:42:38.0310271Z Follower [vllm-0-1] phase=Running ready=false
2026-02-09T18:42:38.0310692Z Follower [vllm-0-1] not Ready yet...
2026-02-09T18:42:38.1526491Z Leader [vllm-0] phase=Running ready=false
2026-02-09T18:42:38.1526863Z Leader not Ready yet...
2026-02-09T18:42:40.2730497Z Follower [vllm-0-1] phase=Running ready=false
2026-02-09T18:42:40.2730879Z Follower [vllm-0-1] not Ready yet...
2026-02-09T18:42:40.3903100Z Leader [vllm-0] phase=Running ready=false
2026-02-09T18:42:40.3903523Z Leader not Ready yet...
2026-02-09T18:42:42.5236331Z Follower [vllm-0-1] phase=Running ready=false
2026-02-09T18:42:42.5236670Z Follower [vllm-0-1] not Ready yet...
2026-02-09T18:42:42.6411608Z Leader [vllm-0] phase=Running ready=false
2026-02-09T18:42:42.6412099Z Leader not Ready yet...
2026-02-09T18:42:44.7880648Z Follower [vllm-0-1] phase=Running ready=false
2026-02-09T18:42:44.7881078Z Follower [vllm-0-1] not Ready yet...
2026-02-09T18:42:44.9121311Z Leader [vllm-0] phase=Running ready=false
2026-02-09T18:42:44.9121626Z Leader not Ready yet...
2026-02-09T18:42:47.0415265Z Follower [vllm-0-1] phase=Running ready=false
2026-02-09T18:42:47.0415583Z Follower [vllm-0-1] not Ready yet...
2026-02-09T18:42:47.1748762Z Leader [vllm-0] phase=Running ready=false
2026-02-09T18:42:47.1749083Z Leader not Ready yet...
2026-02-09T18:42:49.3182399Z Follower [vllm-0-1] phase=Running ready=false
2026-02-09T18:42:49.3182727Z Follower [vllm-0-1] not Ready yet...
2026-02-09T18:42:49.4359118Z Leader [vllm-0] phase=Running ready=false
2026-02-09T18:42:49.4359517Z Leader not Ready yet...
2026-02-09T18:42:51.5578729Z Follower [vllm-0-1] phase=Running ready=false
2026-02-09T18:42:51.5579069Z Follower [vllm-0-1] not Ready yet...
2026-02-09T18:42:51.6788926Z Leader [vllm-0] phase=Running ready=false
2026-02-09T18:42:51.6789317Z Leader not Ready yet...
2026-02-09T18:42:53.8117822Z Follower [vllm-0-1] phase=Running ready=false
2026-02-09T18:42:53.8118164Z Follower [vllm-0-1] not Ready yet...
2026-02-09T18:42:53.9359798Z Leader [vllm-0] phase=Running ready=false
2026-02-09T18:42:53.9360222Z Leader not Ready yet...
2026-02-09T18:42:56.0570018Z Follower [vllm-0-1] phase=Running ready=false
2026-02-09T18:42:56.0570432Z Follower [vllm-0-1] not Ready yet...
2026-02-09T18:42:56.1701696Z Leader [vllm-0] phase=Running ready=false
2026-02-09T18:42:56.1702097Z Leader not Ready yet...
2026-02-09T18:42:58.3032144Z Follower [vllm-0-1] phase=Running ready=false
2026-02-09T18:42:58.3032532Z Follower [vllm-0-1] not Ready yet...
2026-02-09T18:42:58.4309859Z Leader [vllm-0] phase=Running ready=false
2026-02-09T18:42:58.4310253Z Leader not Ready yet...
2026-02-09T18:43:00.5621400Z Follower [vllm-0-1] phase=Running ready=false
2026-02-09T18:43:00.5621779Z Follower [vllm-0-1] not Ready yet...
2026-02-09T18:43:00.6898836Z Leader [vllm-0] phase=Running ready=false
2026-02-09T18:43:00.6899187Z Leader not Ready yet...
2026-02-09T18:43:02.8139594Z Follower [vllm-0-1] phase=Running ready=false
2026-02-09T18:43:02.8139928Z Follower [vllm-0-1] not Ready yet...
2026-02-09T18:43:02.9414871Z Leader [vllm-0] phase=Running ready=false
2026-02-09T18:43:02.9415212Z Leader not Ready yet...
2026-02-09T18:43:05.0682645Z Follower [vllm-0-1] phase=Running ready=false
2026-02-09T18:43:05.0683078Z Follower [vllm-0-1] not Ready yet...
2026-02-09T18:43:05.1890802Z Leader [vllm-0] phase=Running ready=false
2026-02-09T18:43:05.1891186Z Leader not Ready yet...
2026-02-09T18:43:07.3090152Z Follower [vllm-0-1] phase=Running ready=false
2026-02-09T18:43:07.3090513Z Follower [vllm-0-1] not Ready yet...
2026-02-09T18:43:07.4463047Z Leader [vllm-0] phase=Running ready=false
2026-02-09T18:43:07.4463365Z Leader not Ready yet...
2026-02-09T18:43:09.5660606Z Follower [vllm-0-1] phase=Running ready=false
2026-02-09T18:43:09.5660926Z Follower [vllm-0-1] not Ready yet...
2026-02-09T18:43:09.6967279Z Leader [vllm-0] phase=Running ready=false
2026-02-09T18:43:09.6967647Z Leader not Ready yet...
2026-02-09T18:43:11.8154858Z Follower [vllm-0-1] phase=Running ready=false
2026-02-09T18:43:11.8155181Z Follower [vllm-0-1] not Ready yet...
2026-02-09T18:43:11.9390105Z Leader [vllm-0] phase=Running ready=false
2026-02-09T18:43:11.9390441Z Leader not Ready yet...
2026-02-09T18:43:14.0611359Z Follower [vllm-0-1] phase=Running ready=false
2026-02-09T18:43:14.0611760Z Follower [vllm-0-1] not Ready yet...
2026-02-09T18:43:14.1916526Z Leader [vllm-0] phase=Running ready=false
2026-02-09T18:43:14.1916939Z Leader not Ready yet...
2026-02-09T18:43:16.3045551Z Follower [vllm-0-1] phase=Running ready=false
2026-02-09T18:43:16.3045955Z Follower [vllm-0-1] not Ready yet...
2026-02-09T18:43:16.4229626Z Leader [vllm-0] phase=Running ready=false
2026-02-09T18:43:16.4229929Z Leader not Ready yet...
2026-02-09T18:43:18.5379690Z Follower [vllm-0-1] phase=Running ready=false
2026-02-09T18:43:18.5379998Z Follower [vllm-0-1] not Ready yet...
2026-02-09T18:43:18.6501912Z Leader [vllm-0] phase=Running ready=false
2026-02-09T18:43:18.6502337Z Leader not Ready yet...
2026-02-09T18:43:20.7596634Z Follower [vllm-0-1] phase=Running ready=false
2026-02-09T18:43:20.7596947Z Follower [vllm-0-1] not Ready yet...
2026-02-09T18:43:20.9011300Z Leader [vllm-0] phase=Running ready=true
2026-02-09T18:43:23.0224955Z Follower [vllm-0-1] phase=Running ready=false
2026-02-09T18:43:23.0225317Z Follower [vllm-0-1] not Ready yet...
2026-02-09T18:43:23.1503763Z Leader [vllm-0] phase=Running ready=false
2026-02-09T18:43:23.1504097Z Leader not Ready yet...
2026-02-09T18:43:25.2731481Z Follower [vllm-0-1] phase=Running ready=false
2026-02-09T18:43:25.2731839Z Follower [vllm-0-1] not Ready yet...
2026-02-09T18:43:25.4013842Z Leader [vllm-0] phase=Running ready=false
2026-02-09T18:43:25.4014155Z Leader not Ready yet...
2026-02-09T18:43:27.5236685Z Follower [vllm-0-1] phase=Running ready=false
2026-02-09T18:43:27.5237131Z Follower [vllm-0-1] not Ready yet...
2026-02-09T18:43:27.6505208Z Leader [vllm-0] phase=Running ready=false
2026-02-09T18:43:27.6505609Z Leader not Ready yet...
2026-02-09T18:43:29.7818201Z Follower [vllm-0-1] phase=Running ready=false
2026-02-09T18:43:29.7818580Z Follower [vllm-0-1] not Ready yet...
2026-02-09T18:43:29.8990052Z Leader [vllm-0] phase=Running ready=false
2026-02-09T18:43:29.8990379Z Leader not Ready yet...
2026-02-09T18:43:32.0174926Z Follower [vllm-0-1] phase=Running ready=false
2026-02-09T18:43:32.0175313Z Follower [vllm-0-1] not Ready yet...
2026-02-09T18:43:32.1303106Z Leader [vllm-0] phase=Running ready=false
2026-02-09T18:43:32.1303424Z Leader not Ready yet...
2026-02-09T18:43:34.2523196Z Follower [vllm-0-1] phase=Running ready=false
2026-02-09T18:43:34.3672463Z Follower [vllm-0-1] not Ready yet...
2026-02-09T18:43:34.3672747Z Leader [vllm-0] phase=Running ready=false
2026-02-09T18:43:34.3673064Z Leader not Ready yet...
2026-02-09T18:43:36.4787045Z Follower [vllm-0-1] phase=Running ready=false
2026-02-09T18:43:36.4787459Z Follower [vllm-0-1] not Ready yet...
2026-02-09T18:43:36.5944203Z Leader [vllm-0] phase=Running ready=false
2026-02-09T18:43:36.5944461Z Leader not Ready yet...
2026-02-09T18:43:38.7141150Z Follower [vllm-0-1] phase=Running ready=false
2026-02-09T18:43:38.7141511Z Follower [vllm-0-1] not Ready yet...
2026-02-09T18:43:38.8321603Z Leader [vllm-0] phase=Running ready=false
2026-02-09T18:43:38.8321870Z Leader not Ready yet...
2026-02-09T18:43:40.9685435Z Follower [vllm-0-1] phase=Running ready=false
2026-02-09T18:43:40.9685855Z Follower [vllm-0-1] not Ready yet...
2026-02-09T18:43:41.0891750Z Leader [vllm-0] phase=Running ready=false
2026-02-09T18:43:41.0892171Z Leader not Ready yet...
2026-02-09T18:43:43.2406359Z Follower [vllm-0-1] phase=Running ready=false
2026-02-09T18:43:43.2406772Z Follower [vllm-0-1] not Ready yet...
2026-02-09T18:43:43.3743650Z Leader [vllm-0] phase=Running ready=false
2026-02-09T18:43:43.3743919Z Leader not Ready yet...
2026-02-09T18:43:45.5048045Z Follower [vllm-0-1] phase=Running ready=false
2026-02-09T18:43:45.5048408Z Follower [vllm-0-1] not Ready yet...
2026-02-09T18:43:45.6289219Z Leader [vllm-0] phase=Running ready=false
2026-02-09T18:43:45.6289524Z Leader not Ready yet...
2026-02-09T18:43:47.7581023Z Follower [vllm-0-1] phase=Running ready=false
2026-02-09T18:43:47.7581370Z Follower [vllm-0-1] not Ready yet...
2026-02-09T18:43:47.8845935Z Leader [vllm-0] phase=Running ready=false
2026-02-09T18:43:47.8846365Z Leader not Ready yet...
2026-02-09T18:43:50.0247009Z Follower [vllm-0-1] phase=Running ready=false
2026-02-09T18:43:50.0247644Z Follower [vllm-0-1] not Ready yet...
2026-02-09T18:43:50.1531835Z Leader [vllm-0] phase=Running ready=false
2026-02-09T18:43:50.1532261Z Leader not Ready yet...
2026-02-09T18:43:52.2753693Z Follower [vllm-0-1] phase=Running ready=false
2026-02-09T18:43:52.2754016Z Follower [vllm-0-1] not Ready yet...
2026-02-09T18:43:52.3946131Z Leader [vllm-0] phase=Running ready=false
2026-02-09T18:43:52.3946436Z Leader not Ready yet...
2026-02-09T18:43:54.5171476Z Follower [vllm-0-1] phase=Running ready=false
2026-02-09T18:43:54.5171844Z Follower [vllm-0-1] not Ready yet...
2026-02-09T18:43:54.6361713Z Leader [vllm-0] phase=Running ready=false
2026-02-09T18:43:54.6362317Z Leader not Ready yet...
2026-02-09T18:43:56.7631945Z Follower [vllm-0-1] phase=Running ready=false
2026-02-09T18:43:56.7632431Z Follower [vllm-0-1] not Ready yet...
2026-02-09T18:43:56.8898798Z Leader [vllm-0] phase=Running ready=false
2026-02-09T18:43:56.8899121Z Leader not Ready yet...
2026-02-09T18:43:59.0424831Z Follower [vllm-0-1] phase=Running ready=false
2026-02-09T18:43:59.0425303Z Follower [vllm-0-1] not Ready yet...
2026-02-09T18:43:59.1983038Z Leader [vllm-0] phase=Running ready=false
2026-02-09T18:43:59.1983410Z Leader not Ready yet...
2026-02-09T18:44:01.3330510Z Follower [vllm-0-1] phase=Running ready=false
2026-02-09T18:44:01.3330840Z Follower [vllm-0-1] not Ready yet...
2026-02-09T18:44:01.4779344Z Leader [vllm-0] phase=Running ready=false
2026-02-09T18:44:01.4779733Z Leader not Ready yet...
2026-02-09T18:44:03.6071233Z Follower [vllm-0-1] phase=Running ready=false
2026-02-09T18:44:03.6071730Z Follower [vllm-0-1] not Ready yet...
2026-02-09T18:44:03.7367157Z Leader [vllm-0] phase=Running ready=false
2026-02-09T18:44:03.7367478Z Leader not Ready yet...
2026-02-09T18:44:05.8746734Z Follower [vllm-0-1] phase=Running ready=false
2026-02-09T18:44:05.8747088Z Follower [vllm-0-1] not Ready yet...
2026-02-09T18:44:06.0020534Z Leader [vllm-0] phase=Running ready=false
2026-02-09T18:44:08.1355281Z Leader not Ready yet...
2026-02-09T18:44:08.1355807Z Follower [vllm-0-1] phase=Running ready=false
2026-02-09T18:44:08.1356211Z Follower [vllm-0-1] not Ready yet...
2026-02-09T18:44:08.2629460Z Leader [vllm-0] phase=Running ready=false
2026-02-09T18:44:08.2629815Z Leader not Ready yet...
2026-02-09T18:44:10.3913411Z Follower [vllm-0-1] phase=Running ready=false
2026-02-09T18:44:10.5150824Z Follower [vllm-0-1] not Ready yet...
2026-02-09T18:44:10.5151212Z Leader [vllm-0] phase=Running ready=false
2026-02-09T18:44:10.5151520Z Leader not Ready yet...
2026-02-09T18:44:12.6427711Z Follower [vllm-0-1] phase=Running ready=false
2026-02-09T18:44:12.6428082Z Follower [vllm-0-1] not Ready yet...
2026-02-09T18:44:12.7643908Z Leader [vllm-0] phase=Running ready=false
2026-02-09T18:44:12.7644427Z Leader not Ready yet...
2026-02-09T18:44:14.8879719Z Follower [vllm-0-1] phase=Running ready=false
2026-02-09T18:44:14.8880022Z Follower [vllm-0-1] not Ready yet...
2026-02-09T18:44:15.0132441Z Leader [vllm-0] phase=Running ready=false
2026-02-09T18:44:15.0132741Z Leader not Ready yet...
2026-02-09T18:44:17.1435691Z Follower [vllm-0-1] phase=Running ready=false
2026-02-09T18:44:17.1436011Z Follower [vllm-0-1] not Ready yet...
2026-02-09T18:44:17.2681935Z Leader [vllm-0] phase=Running ready=false
2026-02-09T18:44:17.2682390Z Leader not Ready yet...
2026-02-09T18:44:19.3925214Z Follower [vllm-0-1] phase=Running ready=false
2026-02-09T18:44:19.3925543Z Follower [vllm-0-1] not Ready yet...
2026-02-09T18:44:19.5139976Z Leader [vllm-0] phase=Running ready=false
2026-02-09T18:44:19.5140367Z Leader not Ready yet...
2026-02-09T18:44:21.6355551Z Follower [vllm-0-1] phase=Running ready=false
2026-02-09T18:44:21.6355898Z Follower [vllm-0-1] not Ready yet...
2026-02-09T18:44:21.7490590Z Leader [vllm-0] phase=Running ready=false
2026-02-09T18:44:21.7490880Z Leader not Ready yet...
2026-02-09T18:44:23.8790863Z Follower [vllm-0-1] phase=Running ready=false
2026-02-09T18:44:23.8791269Z Follower [vllm-0-1] not Ready yet...
2026-02-09T18:44:24.0009387Z Leader [vllm-0] phase=Running ready=false
2026-02-09T18:44:24.0010120Z Leader not Ready yet...
2026-02-09T18:44:26.1378739Z Follower [vllm-0-1] phase=Running ready=false
2026-02-09T18:44:26.1379162Z Follower [vllm-0-1] not Ready yet...
2026-02-09T18:44:26.2606549Z Leader [vllm-0] phase=Running ready=false
2026-02-09T18:44:26.2606859Z Leader not Ready yet...
2026-02-09T18:44:28.3925772Z Follower [vllm-0-1] phase=Running ready=false
2026-02-09T18:44:28.3926093Z Follower [vllm-0-1] not Ready yet...
2026-02-09T18:44:28.5193056Z Leader [vllm-0] phase=Running ready=false
2026-02-09T18:44:28.5193536Z Leader not Ready yet...
2026-02-09T18:44:30.6505130Z Follower [vllm-0-1] phase=Running ready=false
2026-02-09T18:44:30.6505515Z Follower [vllm-0-1] not Ready yet...
2026-02-09T18:44:30.7694039Z Leader [vllm-0] phase=Running ready=false
2026-02-09T18:44:30.7694313Z Leader not Ready yet...
2026-02-09T18:44:32.8904830Z Follower [vllm-0-1] phase=Running ready=false
2026-02-09T18:44:32.8905245Z Follower [vllm-0-1] not Ready yet...
2026-02-09T18:44:33.0064063Z Leader [vllm-0] phase=Running ready=false
2026-02-09T18:44:33.0064459Z Leader not Ready yet...
2026-02-09T18:44:35.1244945Z Follower [vllm-0-1] phase=Running ready=false
2026-02-09T18:44:35.1245418Z Follower [vllm-0-1] not Ready yet...
2026-02-09T18:44:35.2479795Z Leader [vllm-0] phase=Running ready=false
2026-02-09T18:44:35.2480124Z Leader not Ready yet...
2026-02-09T18:44:37.3739630Z Follower [vllm-0-1] phase=Running ready=false
2026-02-09T18:44:37.3739956Z Follower [vllm-0-1] not Ready yet...
2026-02-09T18:44:37.5148618Z Leader [vllm-0] phase=Running ready=false
2026-02-09T18:44:37.5148948Z Leader not Ready yet...
2026-02-09T18:44:39.6499783Z Follower [vllm-0-1] phase=Running ready=false
2026-02-09T18:44:39.6500138Z Follower [vllm-0-1] not Ready yet...
2026-02-09T18:44:39.7744984Z Leader [vllm-0] phase=Running ready=false
2026-02-09T18:44:39.7745377Z Leader not Ready yet...
2026-02-09T18:44:41.9313662Z Follower [vllm-0-1] phase=Running ready=false
2026-02-09T18:44:41.9314011Z Follower [vllm-0-1] not Ready yet...
2026-02-09T18:44:42.0536933Z Leader [vllm-0] phase=Running ready=false
2026-02-09T18:44:42.0537228Z Leader not Ready yet...
2026-02-09T18:44:44.1755088Z Follower [vllm-0-1] phase=Running ready=false
2026-02-09T18:44:44.1755479Z Follower [vllm-0-1] not Ready yet...
2026-02-09T18:44:44.2899604Z Leader [vllm-0] phase=Running ready=false
2026-02-09T18:44:44.2899924Z Leader not Ready yet...
2026-02-09T18:44:46.4064446Z Follower [vllm-0-1] phase=Running ready=false
2026-02-09T18:44:46.4064858Z Follower [vllm-0-1] not Ready yet...
2026-02-09T18:44:46.5262418Z Leader [vllm-0] phase=Running ready=false
2026-02-09T18:44:46.5262710Z Leader not Ready yet...
2026-02-09T18:44:48.6399839Z Follower [vllm-0-1] phase=Running ready=false
2026-02-09T18:44:48.6400174Z Follower [vllm-0-1] not Ready yet...
2026-02-09T18:44:48.7571733Z Leader [vllm-0] phase=Running ready=false
2026-02-09T18:44:48.7572141Z Leader not Ready yet...
2026-02-09T18:44:50.8769339Z Follower [vllm-0-1] phase=Running ready=false
2026-02-09T18:44:50.8769748Z Follower [vllm-0-1] not Ready yet...
2026-02-09T18:44:50.9946667Z Leader [vllm-0] phase=Running ready=false
2026-02-09T18:44:50.9947027Z Leader not Ready yet...
2026-02-09T18:44:53.1212748Z Follower [vllm-0-1] phase=Running ready=false
2026-02-09T18:44:53.1213144Z Follower [vllm-0-1] not Ready yet...
2026-02-09T18:44:53.2421757Z Leader [vllm-0] phase=Running ready=false
2026-02-09T18:44:53.2422177Z Leader not Ready yet...
2026-02-09T18:44:55.3606087Z Follower [vllm-0-1] phase=Running ready=false
2026-02-09T18:44:55.3606508Z Follower [vllm-0-1] not Ready yet...
2026-02-09T18:44:55.4856940Z Leader [vllm-0] phase=Running ready=false
2026-02-09T18:44:55.4857266Z Leader not Ready yet...
2026-02-09T18:44:57.6123716Z Follower [vllm-0-1] phase=Running ready=false
2026-02-09T18:44:57.6124175Z Follower [vllm-0-1] not Ready yet...
2026-02-09T18:44:57.7296555Z Leader [vllm-0] phase=Running ready=false
2026-02-09T18:44:57.7296932Z Leader not Ready yet...
2026-02-09T18:44:59.8460168Z Follower [vllm-0-1] phase=Running ready=false
2026-02-09T18:44:59.8460825Z Follower [vllm-0-1] not Ready yet...
2026-02-09T18:44:59.9685194Z Leader [vllm-0] phase=Running ready=false
2026-02-09T18:44:59.9685572Z Leader not Ready yet...
2026-02-09T18:45:02.3213514Z Follower [vllm-0-1] phase=Running ready=false
2026-02-09T18:45:02.3213891Z Follower [vllm-0-1] not Ready yet...
2026-02-09T18:45:02.4413945Z Leader [vllm-0] phase=Running ready=false
2026-02-09T18:45:02.4414286Z Leader not Ready yet...
2026-02-09T18:45:04.5726113Z Follower [vllm-0-1] phase=Running ready=false
2026-02-09T18:45:04.5726462Z Follower [vllm-0-1] not Ready yet...
2026-02-09T18:45:04.6935575Z Leader [vllm-0] phase=Running ready=false
2026-02-09T18:45:04.6935877Z Leader not Ready yet...
2026-02-09T18:45:06.8335733Z Follower [vllm-0-1] phase=Running ready=false
2026-02-09T18:45:06.8336080Z Follower [vllm-0-1] not Ready yet...
2026-02-09T18:45:06.9549969Z Leader [vllm-0] phase=Running ready=false
2026-02-09T18:45:06.9550362Z Leader not Ready yet...
2026-02-09T18:45:09.0861374Z Follower [vllm-0-1] phase=Running ready=false
2026-02-09T18:45:09.0861784Z Follower [vllm-0-1] not Ready yet...
2026-02-09T18:45:09.2156921Z Leader [vllm-0] phase=Running ready=false
2026-02-09T18:45:09.2157239Z Leader not Ready yet...
2026-02-09T18:45:11.3520433Z Follower [vllm-0-1] phase=Running ready=false
2026-02-09T18:45:11.3520801Z Follower [vllm-0-1] not Ready yet...
2026-02-09T18:45:11.4715395Z Leader [vllm-0] phase=Running ready=false
2026-02-09T18:45:11.4715821Z Leader not Ready yet...
2026-02-09T18:45:13.5929092Z Follower [vllm-0-1] phase=Running ready=false
2026-02-09T18:45:13.5929417Z Follower [vllm-0-1] not Ready yet...
2026-02-09T18:45:13.7091206Z Leader [vllm-0] phase=Running ready=false
2026-02-09T18:45:13.7091545Z Leader not Ready yet...
2026-02-09T18:45:15.8336170Z Follower [vllm-0-1] phase=Running ready=false
2026-02-09T18:45:15.8336589Z Follower [vllm-0-1] not Ready yet...
2026-02-09T18:45:15.9545376Z Leader [vllm-0] phase=Running ready=false
2026-02-09T18:45:15.9545744Z Leader not Ready yet...
2026-02-09T18:45:18.0914993Z Follower [vllm-0-1] phase=Running ready=false
2026-02-09T18:45:18.0915439Z Follower [vllm-0-1] not Ready yet...
2026-02-09T18:45:18.2065600Z Leader [vllm-0] phase=Running ready=false
2026-02-09T18:45:18.2065935Z Leader not Ready yet...
2026-02-09T18:45:20.3289843Z Follower [vllm-0-1] phase=Running ready=false
2026-02-09T18:45:20.3290150Z Follower [vllm-0-1] not Ready yet...
2026-02-09T18:45:20.4442692Z Leader [vllm-0] phase=Running ready=false
2026-02-09T18:45:20.4443099Z Leader not Ready yet...
2026-02-09T18:45:22.5698428Z Follower [vllm-0-1] phase=Running ready=false
2026-02-09T18:45:22.5698826Z Follower [vllm-0-1] not Ready yet...
2026-02-09T18:45:22.6910325Z Leader [vllm-0] phase=Running ready=false
2026-02-09T18:45:22.6910694Z Leader not Ready yet...
2026-02-09T18:45:24.8138719Z Follower [vllm-0-1] phase=Running ready=false
2026-02-09T18:45:24.8139068Z Follower [vllm-0-1] not Ready yet...
2026-02-09T18:45:24.9461136Z Leader [vllm-0] phase=Running ready=false
2026-02-09T18:45:24.9461482Z Leader not Ready yet...
2026-02-09T18:45:27.0756059Z Follower [vllm-0-1] phase=Running ready=false
2026-02-09T18:45:27.0756426Z Follower [vllm-0-1] not Ready yet...
2026-02-09T18:45:27.1984196Z Leader [vllm-0] phase=Running ready=false
2026-02-09T18:45:27.1984496Z Leader not Ready yet...
2026-02-09T18:45:29.3226098Z Follower [vllm-0-1] phase=Running ready=false
2026-02-09T18:45:29.3226419Z Follower [vllm-0-1] not Ready yet...
2026-02-09T18:45:29.4386444Z Leader [vllm-0] phase=Running ready=false
2026-02-09T18:45:29.4386804Z Leader not Ready yet...
2026-02-09T18:45:31.5690772Z Follower [vllm-0-1] phase=Running ready=false
2026-02-09T18:45:31.5691168Z Follower [vllm-0-1] not Ready yet...
2026-02-09T18:45:31.6939762Z Leader [vllm-0] phase=Running ready=false
2026-02-09T18:45:31.6940097Z Leader not Ready yet...
2026-02-09T18:45:33.8194298Z Follower [vllm-0-1] phase=Running ready=false
2026-02-09T18:45:33.8194661Z Follower [vllm-0-1] not Ready yet...
2026-02-09T18:45:33.9335162Z Leader [vllm-0] phase=Running ready=false
2026-02-09T18:45:33.9335503Z Leader not Ready yet...
2026-02-09T18:45:36.0553341Z Follower [vllm-0-1] phase=Running ready=false
2026-02-09T18:45:36.0553767Z Follower [vllm-0-1] not Ready yet...
2026-02-09T18:45:36.1825158Z Leader [vllm-0] phase=Running ready=false
2026-02-09T18:45:36.1825522Z Leader not Ready yet...
2026-02-09T18:45:38.3106160Z Follower [vllm-0-1] phase=Running ready=false
2026-02-09T18:45:38.3106583Z Follower [vllm-0-1] not Ready yet...
2026-02-09T18:45:38.4333020Z Leader [vllm-0] phase=Running ready=false
2026-02-09T18:45:38.4333341Z Leader not Ready yet...
2026-02-09T18:45:40.5496042Z Follower [vllm-0-1] phase=Running ready=false
2026-02-09T18:45:40.5496441Z Follower [vllm-0-1] not Ready yet...
2026-02-09T18:45:40.6809078Z Leader [vllm-0] phase=Running ready=false
2026-02-09T18:45:40.6809377Z Leader not Ready yet...
2026-02-09T18:45:42.7955414Z Follower [vllm-0-1] phase=Running ready=false
2026-02-09T18:45:42.7955751Z Follower [vllm-0-1] not Ready yet...
2026-02-09T18:45:42.9159558Z Leader [vllm-0] phase=Running ready=false
2026-02-09T18:45:42.9159948Z Leader not Ready yet...
2026-02-09T18:45:45.0244299Z Follower [vllm-0-1] phase=Running ready=false
2026-02-09T18:45:45.0244698Z Follower [vllm-0-1] not Ready yet...
2026-02-09T18:45:45.1369260Z Leader [vllm-0] phase=Running ready=false
2026-02-09T18:45:45.1369552Z Leader not Ready yet...
2026-02-09T18:45:47.2674975Z Follower [vllm-0-1] phase=Running ready=false
2026-02-09T18:45:47.2675329Z Follower [vllm-0-1] not Ready yet...
2026-02-09T18:45:47.3888373Z Leader [vllm-0] phase=Running ready=false
2026-02-09T18:45:47.3888631Z Leader not Ready yet...
2026-02-09T18:45:49.5137311Z Follower [vllm-0-1] phase=Running ready=false
2026-02-09T18:45:49.5137709Z Follower [vllm-0-1] not Ready yet...
2026-02-09T18:45:49.6361866Z Leader [vllm-0] phase=Running ready=false
2026-02-09T18:45:49.6362695Z Leader not Ready yet...
2026-02-09T18:45:51.7645353Z Follower [vllm-0-1] phase=Running ready=false
2026-02-09T18:45:51.7645767Z Follower [vllm-0-1] not Ready yet...
2026-02-09T18:45:51.8804241Z Leader [vllm-0] phase=Running ready=false
2026-02-09T18:45:51.8804548Z Leader not Ready yet...
2026-02-09T18:45:54.0047219Z Follower [vllm-0-1] phase=Running ready=false
2026-02-09T18:45:54.0047556Z Follower [vllm-0-1] not Ready yet...
2026-02-09T18:45:54.1314308Z Leader [vllm-0] phase=Running ready=false
2026-02-09T18:45:54.1314636Z Leader not Ready yet...
2026-02-09T18:45:56.2500872Z Follower [vllm-0-1] phase=Running ready=false
2026-02-09T18:45:56.2501232Z Follower [vllm-0-1] not Ready yet...
2026-02-09T18:45:56.3715730Z Leader [vllm-0] phase=Running ready=false
2026-02-09T18:45:56.3716142Z Leader not Ready yet...
2026-02-09T18:45:58.4958429Z Follower [vllm-0-1] phase=Running ready=false
2026-02-09T18:45:58.4958869Z Follower [vllm-0-1] not Ready yet...
2026-02-09T18:45:58.6163484Z Leader [vllm-0] phase=Running ready=false
2026-02-09T18:45:58.6163847Z Leader not Ready yet...
2026-02-09T18:46:00.7415978Z Follower [vllm-0-1] phase=Running ready=false
2026-02-09T18:46:00.7416403Z Follower [vllm-0-1] not Ready yet...
2026-02-09T18:46:00.8626117Z Leader [vllm-0] phase=Running ready=false
2026-02-09T18:46:00.8626489Z Leader not Ready yet...
2026-02-09T18:46:02.9940766Z Follower [vllm-0-1] phase=Running ready=false
2026-02-09T18:46:02.9941196Z Follower [vllm-0-1] not Ready yet...
2026-02-09T18:46:03.1366554Z Leader [vllm-0] phase=Running ready=false
2026-02-09T18:46:03.1366960Z Leader not Ready yet...
2026-02-09T18:46:05.2661646Z Follower [vllm-0-1] phase=Running ready=false
2026-02-09T18:46:05.2662152Z Follower [vllm-0-1] not Ready yet...
2026-02-09T18:46:05.4029650Z Leader [vllm-0] phase=Running ready=false
2026-02-09T18:46:05.4029979Z Leader not Ready yet...
2026-02-09T18:46:07.5332783Z Follower [vllm-0-1] phase=Running ready=false
2026-02-09T18:46:07.5333100Z Follower [vllm-0-1] not Ready yet...
2026-02-09T18:46:07.6516977Z Leader [vllm-0] phase=Running ready=false
2026-02-09T18:46:07.6517303Z Leader not Ready yet...
2026-02-09T18:46:09.7731138Z Follower [vllm-0-1] phase=Running ready=false
2026-02-09T18:46:09.7731617Z Follower [vllm-0-1] not Ready yet...
2026-02-09T18:46:09.8819310Z Leader [vllm-0] phase=Running ready=false
2026-02-09T18:46:09.8819731Z Leader not Ready yet...
2026-02-09T18:46:12.0043337Z Follower [vllm-0-1] phase=Running ready=false
2026-02-09T18:46:12.0043673Z Follower [vllm-0-1] not Ready yet...
2026-02-09T18:46:12.1291229Z Leader [vllm-0] phase=Running ready=false
2026-02-09T18:46:12.1291575Z Leader not Ready yet...
2026-02-09T18:46:14.2539913Z Follower [vllm-0-1] phase=Running ready=false
2026-02-09T18:46:14.2540307Z Follower [vllm-0-1] not Ready yet...
2026-02-09T18:46:14.3786905Z Leader [vllm-0] phase=Running ready=false
2026-02-09T18:46:14.3787283Z Leader not Ready yet...
2026-02-09T18:46:16.4970931Z Follower [vllm-0-1] phase=Running ready=false
2026-02-09T18:46:16.4971260Z Follower [vllm-0-1] not Ready yet...
2026-02-09T18:46:16.6243009Z Leader [vllm-0] phase=Running ready=false
2026-02-09T18:46:16.6243385Z Leader not Ready yet...
2026-02-09T18:46:18.7647325Z Follower [vllm-0-1] phase=Running ready=false
2026-02-09T18:46:18.7647628Z Follower [vllm-0-1] not Ready yet...
2026-02-09T18:46:18.8929042Z Leader [vllm-0] phase=Running ready=false
2026-02-09T18:46:18.8929339Z Leader not Ready yet...
2026-02-09T18:46:21.0175860Z Follower [vllm-0-1] phase=Running ready=false
2026-02-09T18:46:21.0176191Z Follower [vllm-0-1] not Ready yet...
2026-02-09T18:46:21.1506277Z Leader [vllm-0] phase=Running ready=false
2026-02-09T18:46:21.1506655Z Leader not Ready yet...
2026-02-09T18:46:23.2742801Z Follower [vllm-0-1] phase=Running ready=false
2026-02-09T18:46:23.2743180Z Follower [vllm-0-1] not Ready yet...
2026-02-09T18:46:23.3984686Z Leader [vllm-0] phase=Running ready=false
2026-02-09T18:46:23.3984953Z Leader not Ready yet...
2026-02-09T18:46:25.5424827Z Follower [vllm-0-1] phase=Running ready=false
2026-02-09T18:46:25.5425428Z Follower [vllm-0-1] not Ready yet...
2026-02-09T18:46:25.6736313Z Leader [vllm-0] phase=Running ready=false
2026-02-09T18:46:25.6736609Z Leader not Ready yet...
2026-02-09T18:46:27.7930569Z Follower [vllm-0-1] phase=Running ready=false
2026-02-09T18:46:27.7930889Z Follower [vllm-0-1] not Ready yet...
2026-02-09T18:46:27.9211963Z Leader [vllm-0] phase=Running ready=false
2026-02-09T18:46:27.9212386Z Leader not Ready yet...
2026-02-09T18:46:30.0905408Z Follower [vllm-0-1] phase=Running ready=false
2026-02-09T18:46:30.0905762Z Follower [vllm-0-1] not Ready yet...
2026-02-09T18:46:30.2172543Z Leader [vllm-0] phase=Running ready=false
2026-02-09T18:46:30.2172909Z Leader not Ready yet...
2026-02-09T18:46:32.3432787Z Follower [vllm-0-1] phase=Running ready=false
2026-02-09T18:46:32.3433129Z Follower [vllm-0-1] not Ready yet...
2026-02-09T18:46:32.4612554Z Leader [vllm-0] phase=Running ready=false
2026-02-09T18:46:32.4612898Z Leader not Ready yet...
2026-02-09T18:46:34.5834415Z Follower [vllm-0-1] phase=Running ready=false
2026-02-09T18:46:34.5834811Z Follower [vllm-0-1] not Ready yet...
2026-02-09T18:46:34.6947874Z Leader [vllm-0] phase=Running ready=false
2026-02-09T18:46:34.6948211Z Leader not Ready yet...
2026-02-09T18:46:36.8238792Z Follower [vllm-0-1] phase=Running ready=false
2026-02-09T18:46:36.8239098Z Follower [vllm-0-1] not Ready yet...
2026-02-09T18:46:36.9375896Z Leader [vllm-0] phase=Running ready=false
2026-02-09T18:46:36.9376287Z Leader not Ready yet...
2026-02-09T18:46:39.0542827Z Follower [vllm-0-1] phase=Running ready=false
2026-02-09T18:46:39.0543202Z Follower [vllm-0-1] not Ready yet...
2026-02-09T18:46:39.1881305Z Leader [vllm-0] phase=Running ready=false
2026-02-09T18:46:39.1881672Z Leader not Ready yet...
2026-02-09T18:46:41.3151504Z Follower [vllm-0-1] phase=Running ready=false
2026-02-09T18:46:41.3151853Z Follower [vllm-0-1] not Ready yet...
2026-02-09T18:46:41.4427313Z Leader [vllm-0] phase=Running ready=false
2026-02-09T18:46:41.4427619Z Leader not Ready yet...
2026-02-09T18:46:43.5688112Z Follower [vllm-0-1] phase=Running ready=false
2026-02-09T18:46:43.5688536Z Follower [vllm-0-1] not Ready yet...
2026-02-09T18:46:43.6919957Z Leader [vllm-0] phase=Running ready=false
2026-02-09T18:46:43.6920357Z Leader not Ready yet...
2026-02-09T18:46:45.8250803Z Follower [vllm-0-1] phase=Running ready=false
2026-02-09T18:46:45.8251267Z Follower [vllm-0-1] not Ready yet...
2026-02-09T18:46:45.9496571Z Leader [vllm-0] phase=Running ready=false
2026-02-09T18:46:45.9496874Z Leader not Ready yet...
2026-02-09T18:46:48.0868071Z Follower [vllm-0-1] phase=Running ready=false
2026-02-09T18:46:48.0868404Z Follower [vllm-0-1] not Ready yet...
2026-02-09T18:46:48.2073181Z Leader [vllm-0] phase=Running ready=false
2026-02-09T18:46:48.2073502Z Leader not Ready yet...
2026-02-09T18:46:50.3244320Z Follower [vllm-0-1] phase=Running ready=false
2026-02-09T18:46:50.3244708Z Follower [vllm-0-1] not Ready yet...
2026-02-09T18:46:50.4528005Z Leader [vllm-0] phase=Running ready=false
2026-02-09T18:46:50.4528463Z Leader not Ready yet...
2026-02-09T18:46:52.5727487Z Follower [vllm-0-1] phase=Running ready=false
2026-02-09T18:46:52.5727957Z Follower [vllm-0-1] not Ready yet...
2026-02-09T18:46:52.6931964Z Leader [vllm-0] phase=Running ready=false
2026-02-09T18:46:52.6932482Z Leader not Ready yet...
2026-02-09T18:46:54.8199593Z Follower [vllm-0-1] phase=Running ready=false
2026-02-09T18:46:54.8199967Z Follower [vllm-0-1] not Ready yet...
2026-02-09T18:46:54.9438996Z Leader [vllm-0] phase=Running ready=false
2026-02-09T18:46:54.9439312Z Leader not Ready yet...
2026-02-09T18:46:57.0841833Z Follower [vllm-0-1] phase=Running ready=false
2026-02-09T18:46:57.0842332Z Follower [vllm-0-1] not Ready yet...
2026-02-09T18:46:57.1995516Z Leader [vllm-0] phase=Running ready=false
2026-02-09T18:46:57.1995839Z Leader not Ready yet...
2026-02-09T18:46:59.3217760Z Follower [vllm-0-1] phase=Running ready=false
2026-02-09T18:46:59.3218075Z Follower [vllm-0-1] not Ready yet...
2026-02-09T18:46:59.4511026Z Leader [vllm-0] phase=Running ready=false
2026-02-09T18:46:59.4511754Z Leader not Ready yet...
2026-02-09T18:47:01.5796931Z Follower [vllm-0-1] phase=Running ready=false
2026-02-09T18:47:01.5797271Z Follower [vllm-0-1] not Ready yet...
2026-02-09T18:47:01.6947963Z Leader [vllm-0] phase=Running ready=false
2026-02-09T18:47:01.6948287Z Leader not Ready yet...
2026-02-09T18:47:03.8293987Z Follower [vllm-0-1] phase=Running ready=false
2026-02-09T18:47:03.8294314Z Follower [vllm-0-1] not Ready yet...
2026-02-09T18:47:03.9472490Z Leader [vllm-0] phase=Running ready=false
2026-02-09T18:47:03.9472813Z Leader not Ready yet...
2026-02-09T18:47:06.0720154Z Follower [vllm-0-1] phase=Running ready=false
2026-02-09T18:47:06.0720473Z Follower [vllm-0-1] not Ready yet...
2026-02-09T18:47:06.1880256Z Leader [vllm-0] phase=Running ready=false
2026-02-09T18:47:06.1880574Z Leader not Ready yet...
2026-02-09T18:47:08.3228980Z Follower [vllm-0-1] phase=Running ready=false
2026-02-09T18:47:08.3229394Z Follower [vllm-0-1] not Ready yet...
2026-02-09T18:47:08.4442606Z Leader [vllm-0] phase=Running ready=false
2026-02-09T18:47:08.4443035Z Leader not Ready yet...
2026-02-09T18:47:10.5698582Z Follower [vllm-0-1] phase=Running ready=false
2026-02-09T18:47:10.5698948Z Follower [vllm-0-1] not Ready yet...
2026-02-09T18:47:10.6883837Z Leader [vllm-0] phase=Running ready=false
2026-02-09T18:47:10.6884237Z Leader not Ready yet...
2026-02-09T18:47:12.8264115Z Follower [vllm-0-1] phase=Running ready=false
2026-02-09T18:47:12.8264539Z Follower [vllm-0-1] not Ready yet...
2026-02-09T18:47:12.9636871Z Leader [vllm-0] phase=Running ready=false
2026-02-09T18:47:12.9637136Z Leader not Ready yet...
2026-02-09T18:47:15.0959886Z Follower [vllm-0-1] phase=Running ready=false
2026-02-09T18:47:15.0960184Z Follower [vllm-0-1] not Ready yet...
2026-02-09T18:47:15.2128282Z Leader [vllm-0] phase=Running ready=false
2026-02-09T18:47:15.2128568Z Leader not Ready yet...
2026-02-09T18:47:17.3315619Z Follower [vllm-0-1] phase=Running ready=false
2026-02-09T18:47:17.3315957Z Follower [vllm-0-1] not Ready yet...
2026-02-09T18:47:17.4499634Z Leader [vllm-0] phase=Running ready=false
2026-02-09T18:47:17.4499985Z Leader not Ready yet...
2026-02-09T18:47:19.5791495Z Follower [vllm-0-1] phase=Running ready=false
2026-02-09T18:47:19.5791858Z Follower [vllm-0-1] not Ready yet...
2026-02-09T18:47:19.6991554Z Leader [vllm-0] phase=Running ready=false
2026-02-09T18:47:19.6998466Z Leader not Ready yet...
2026-02-09T18:47:21.8158185Z Follower [vllm-0-1] phase=Running ready=false
2026-02-09T18:47:21.8158571Z Follower [vllm-0-1] not Ready yet...
2026-02-09T18:47:21.9267249Z Leader [vllm-0] phase=Running ready=false
2026-02-09T18:47:21.9267539Z Leader not Ready yet...
2026-02-09T18:47:24.0476999Z Follower [vllm-0-1] phase=Running ready=false
2026-02-09T18:47:24.0477339Z Follower [vllm-0-1] not Ready yet...
2026-02-09T18:47:24.1696994Z Leader [vllm-0] phase=Running ready=false
2026-02-09T18:47:24.1697263Z Leader not Ready yet...
2026-02-09T18:47:26.3014756Z Follower [vllm-0-1] phase=Running ready=false
2026-02-09T18:47:26.3015116Z Follower [vllm-0-1] not Ready yet...
2026-02-09T18:47:26.4226986Z Leader [vllm-0] phase=Running ready=false
2026-02-09T18:47:26.4227402Z Leader not Ready yet...
2026-02-09T18:47:28.5483973Z Follower [vllm-0-1] phase=Running ready=false
2026-02-09T18:47:28.5484406Z Follower [vllm-0-1] not Ready yet...
2026-02-09T18:47:28.6578183Z Leader [vllm-0] phase=Running ready=false
2026-02-09T18:47:28.6578477Z Leader not Ready yet...
2026-02-09T18:47:30.7895910Z Follower [vllm-0-1] phase=Running ready=false
2026-02-09T18:47:30.7896264Z Follower [vllm-0-1] not Ready yet...
2026-02-09T18:47:30.9323369Z Leader [vllm-0] phase=Running ready=false
2026-02-09T18:47:30.9323706Z Leader not Ready yet...
2026-02-09T18:47:33.0624563Z Follower [vllm-0-1] phase=Running ready=false
2026-02-09T18:47:33.0624923Z Follower [vllm-0-1] not Ready yet...
2026-02-09T18:47:33.1795907Z Leader [vllm-0] phase=Running ready=false
2026-02-09T18:47:33.1796236Z Leader not Ready yet...
2026-02-09T18:47:35.3067183Z Follower [vllm-0-1] phase=Running ready=false
2026-02-09T18:47:35.3067775Z Follower [vllm-0-1] not Ready yet...
2026-02-09T18:47:35.4439037Z Leader [vllm-0] phase=Running ready=false
2026-02-09T18:47:35.4439405Z Leader not Ready yet...
2026-02-09T18:47:37.5831237Z Follower [vllm-0-1] phase=Running ready=false
2026-02-09T18:47:37.5831609Z Follower [vllm-0-1] not Ready yet...
2026-02-09T18:47:37.7189721Z Leader [vllm-0] phase=Running ready=false
2026-02-09T18:47:37.7190023Z Leader not Ready yet...
2026-02-09T18:47:39.8420599Z Follower [vllm-0-1] phase=Running ready=false
2026-02-09T18:47:39.8420937Z Follower [vllm-0-1] not Ready yet...
2026-02-09T18:47:39.9552156Z Leader [vllm-0] phase=Running ready=false
2026-02-09T18:47:39.9552471Z Leader not Ready yet...
2026-02-09T18:47:42.0811031Z Follower [vllm-0-1] phase=Running ready=false
2026-02-09T18:47:42.0811366Z Follower [vllm-0-1] not Ready yet...
2026-02-09T18:47:42.2040435Z Leader [vllm-0] phase=Running ready=false
2026-02-09T18:47:42.2040802Z Leader not Ready yet...
2026-02-09T18:47:44.3238801Z Follower [vllm-0-1] phase=Running ready=false
2026-02-09T18:47:44.3239177Z Follower [vllm-0-1] not Ready yet...
2026-02-09T18:47:44.4459797Z Leader [vllm-0] phase=Running ready=false
2026-02-09T18:47:44.4460204Z Leader not Ready yet...
2026-02-09T18:47:46.5836148Z Follower [vllm-0-1] phase=Running ready=false
2026-02-09T18:47:46.5836579Z Follower [vllm-0-1] not Ready yet...
2026-02-09T18:47:46.7139899Z Leader [vllm-0] phase=Running ready=false
2026-02-09T18:47:46.7140260Z Leader not Ready yet...
2026-02-09T18:47:48.8400076Z Follower [vllm-0-1] phase=Running ready=false
2026-02-09T18:47:48.8400501Z Follower [vllm-0-1] not Ready yet...
2026-02-09T18:47:48.9683401Z Leader [vllm-0] phase=Running ready=false
2026-02-09T18:47:48.9683742Z Leader not Ready yet...
2026-02-09T18:47:51.0922450Z Follower [vllm-0-1] phase=Running ready=false
2026-02-09T18:47:51.0922798Z Follower [vllm-0-1] not Ready yet...
2026-02-09T18:47:51.2180679Z Leader [vllm-0] phase=Running ready=false
2026-02-09T18:47:51.2181024Z Leader not Ready yet...
2026-02-09T18:47:53.3536855Z Follower [vllm-0-1] phase=Running ready=false
2026-02-09T18:47:53.3537176Z Follower [vllm-0-1] not Ready yet...
2026-02-09T18:47:53.4793917Z Leader [vllm-0] phase=Running ready=false
2026-02-09T18:47:53.4794285Z Leader not Ready yet...
2026-02-09T18:47:55.6078304Z Follower [vllm-0-1] phase=Running ready=false
2026-02-09T18:47:55.6078644Z Follower [vllm-0-1] not Ready yet...
2026-02-09T18:47:55.7377786Z Leader [vllm-0] phase=Running ready=false
2026-02-09T18:47:55.7378090Z Leader not Ready yet...
2026-02-09T18:47:57.8767872Z Follower [vllm-0-1] phase=Running ready=false
2026-02-09T18:47:57.8768220Z Follower [vllm-0-1] not Ready yet...
2026-02-09T18:47:58.0125280Z Leader [vllm-0] phase=Running ready=false
2026-02-09T18:47:58.0125643Z Leader not Ready yet...
2026-02-09T18:48:00.1472828Z Follower [vllm-0-1] phase=Running ready=false
2026-02-09T18:48:00.1473185Z Follower [vllm-0-1] not Ready yet...
2026-02-09T18:48:00.2751841Z Leader [vllm-0] phase=Running ready=false
2026-02-09T18:48:00.2752300Z Leader not Ready yet...
2026-02-09T18:48:02.4130924Z Follower [vllm-0-1] phase=Running ready=false
2026-02-09T18:48:02.4131513Z Follower [vllm-0-1] not Ready yet...
2026-02-09T18:48:02.5405982Z Leader [vllm-0] phase=Running ready=false
2026-02-09T18:48:02.5406278Z Leader not Ready yet...
2026-02-09T18:48:04.6787559Z Follower [vllm-0-1] phase=Running ready=false
2026-02-09T18:48:04.6787926Z Follower [vllm-0-1] not Ready yet...
2026-02-09T18:48:04.7950205Z Leader [vllm-0] phase=Running ready=false
2026-02-09T18:48:04.7950571Z Leader not Ready yet...
2026-02-09T18:48:06.9272526Z Follower [vllm-0-1] phase=Running ready=false
2026-02-09T18:48:06.9272851Z Follower [vllm-0-1] not Ready yet...
2026-02-09T18:48:07.0469958Z Leader [vllm-0] phase=Running ready=false
2026-02-09T18:48:07.0470386Z Leader not Ready yet...
2026-02-09T18:48:09.1770993Z Follower [vllm-0-1] phase=Running ready=false
2026-02-09T18:48:09.1771445Z Follower [vllm-0-1] not Ready yet...
2026-02-09T18:48:09.2940006Z Leader [vllm-0] phase=Running ready=false
2026-02-09T18:48:09.2940576Z Leader not Ready yet...
2026-02-09T18:48:11.4471924Z Follower [vllm-0-1] phase=Running ready=false
2026-02-09T18:48:11.4472448Z Follower [vllm-0-1] not Ready yet...
2026-02-09T18:48:11.5751337Z Leader [vllm-0] phase=Running ready=false
2026-02-09T18:48:11.5751702Z Leader not Ready yet...
2026-02-09T18:48:13.6941817Z Follower [vllm-0-1] phase=Running ready=false
2026-02-09T18:48:13.6942309Z Follower [vllm-0-1] not Ready yet...
2026-02-09T18:48:13.8083048Z Leader [vllm-0] phase=Running ready=false
2026-02-09T18:48:13.8083401Z Leader not Ready yet...
2026-02-09T18:48:15.9397547Z Follower [vllm-0-1] phase=Running ready=false
2026-02-09T18:48:15.9397932Z Follower [vllm-0-1] not Ready yet...
2026-02-09T18:48:16.0640298Z Leader [vllm-0] phase=Running ready=false
2026-02-09T18:48:16.0640730Z Leader not Ready yet...
2026-02-09T18:48:18.1911500Z Follower [vllm-0-1] phase=Running ready=false
2026-02-09T18:48:18.1911846Z Follower [vllm-0-1] not Ready yet...
2026-02-09T18:48:18.3161769Z Leader [vllm-0] phase=Running ready=false
2026-02-09T18:48:18.3162234Z Leader not Ready yet...
2026-02-09T18:48:20.4424620Z Follower [vllm-0-1] phase=Running ready=false
2026-02-09T18:48:20.4424948Z Follower [vllm-0-1] not Ready yet...
2026-02-09T18:48:20.5537769Z Leader [vllm-0] phase=Running ready=false
2026-02-09T18:48:20.5538102Z Leader not Ready yet...
2026-02-09T18:48:22.6763771Z Follower [vllm-0-1] phase=Running ready=false
2026-02-09T18:48:22.6764161Z Follower [vllm-0-1] not Ready yet...
2026-02-09T18:48:22.7940091Z Leader [vllm-0] phase=Running ready=false
2026-02-09T18:48:22.7940402Z Leader not Ready yet...
2026-02-09T18:48:24.9253733Z Follower [vllm-0-1] phase=Running ready=false
2026-02-09T18:48:24.9254117Z Follower [vllm-0-1] not Ready yet...
2026-02-09T18:48:25.0538833Z Leader [vllm-0] phase=Running ready=false
2026-02-09T18:48:25.0539232Z Leader not Ready yet...
2026-02-09T18:48:27.1832348Z Follower [vllm-0-1] phase=Running ready=false
2026-02-09T18:48:27.1832707Z Follower [vllm-0-1] not Ready yet...
2026-02-09T18:48:27.2991586Z Leader [vllm-0] phase=Running ready=false
2026-02-09T18:48:27.2991929Z Leader not Ready yet...
2026-02-09T18:48:29.4294262Z Follower [vllm-0-1] phase=Running ready=false
2026-02-09T18:48:29.4294569Z Follower [vllm-0-1] not Ready yet...
2026-02-09T18:48:29.5485435Z Leader [vllm-0] phase=Running ready=true
2026-02-09T18:48:31.6834050Z Follower [vllm-0-1] phase=Running ready=false
2026-02-09T18:48:31.6834374Z Follower [vllm-0-1] not Ready yet...
2026-02-09T18:48:31.8177348Z Leader [vllm-0] phase=Running ready=false
2026-02-09T18:48:31.8177657Z Leader not Ready yet...
2026-02-09T18:48:33.9395608Z Follower [vllm-0-1] phase=Running ready=false
2026-02-09T18:48:33.9395953Z Follower [vllm-0-1] not Ready yet...
2026-02-09T18:48:34.0649007Z Leader [vllm-0] phase=Running ready=false
2026-02-09T18:48:34.0649339Z Leader not Ready yet...
2026-02-09T18:48:36.2034201Z Follower [vllm-0-1] phase=Running ready=false
2026-02-09T18:48:36.2034546Z Follower [vllm-0-1] not Ready yet...
2026-02-09T18:48:36.3266825Z Leader [vllm-0] phase=Running ready=false
2026-02-09T18:48:36.3267190Z Leader not Ready yet...
2026-02-09T18:48:38.4773774Z Follower [vllm-0-1] phase=Running ready=false
2026-02-09T18:48:38.4774240Z Follower [vllm-0-1] not Ready yet...
2026-02-09T18:48:38.6047343Z Leader [vllm-0] phase=Running ready=false
2026-02-09T18:48:38.6047653Z Leader not Ready yet...
2026-02-09T18:48:40.7317351Z Follower [vllm-0-1] phase=Running ready=false
2026-02-09T18:48:40.7317779Z Follower [vllm-0-1] not Ready yet...
2026-02-09T18:48:40.8565214Z Leader [vllm-0] phase=Running ready=false
2026-02-09T18:48:40.8565644Z Leader not Ready yet...
2026-02-09T18:48:42.9910394Z Follower [vllm-0-1] phase=Running ready=false
2026-02-09T18:48:42.9910811Z Follower [vllm-0-1] not Ready yet...
2026-02-09T18:48:43.1187262Z Leader [vllm-0] phase=Running ready=false
2026-02-09T18:48:43.1187580Z Leader not Ready yet...
2026-02-09T18:48:45.2431705Z Follower [vllm-0-1] phase=Running ready=false
2026-02-09T18:48:45.2432109Z Follower [vllm-0-1] not Ready yet...
2026-02-09T18:48:45.3625647Z Leader [vllm-0] phase=Running ready=false
2026-02-09T18:48:45.3626064Z Leader not Ready yet...
2026-02-09T18:48:47.4866018Z Follower [vllm-0-1] phase=Running ready=false
2026-02-09T18:48:47.4866329Z Follower [vllm-0-1] not Ready yet...
2026-02-09T18:48:47.6175135Z Leader [vllm-0] phase=Running ready=false
2026-02-09T18:48:47.6175501Z Leader not Ready yet...
2026-02-09T18:48:49.7319619Z Follower [vllm-0-1] phase=Running ready=false
2026-02-09T18:48:49.7320027Z Follower [vllm-0-1] not Ready yet...
2026-02-09T18:48:49.8493734Z Leader [vllm-0] phase=Running ready=false
2026-02-09T18:48:49.8494059Z Leader not Ready yet...
2026-02-09T18:48:51.9651436Z Follower [vllm-0-1] phase=Running ready=false
2026-02-09T18:48:51.9651780Z Follower [vllm-0-1] not Ready yet...
2026-02-09T18:48:52.0760017Z Leader [vllm-0] phase=Running ready=false
2026-02-09T18:48:52.0760431Z Leader not Ready yet...
2026-02-09T18:48:54.1969529Z Follower [vllm-0-1] phase=Running ready=false
2026-02-09T18:48:54.1969949Z Follower [vllm-0-1] not Ready yet...
2026-02-09T18:48:54.3135824Z Leader [vllm-0] phase=Running ready=false
2026-02-09T18:48:54.3136141Z Leader not Ready yet...
2026-02-09T18:48:56.4299639Z Follower [vllm-0-1] phase=Running ready=false
2026-02-09T18:48:56.4299933Z Follower [vllm-0-1] not Ready yet...
2026-02-09T18:48:56.5473551Z Leader [vllm-0] phase=Running ready=false
2026-02-09T18:48:56.5473896Z Leader not Ready yet...
2026-02-09T18:48:58.6707431Z Follower [vllm-0-1] phase=Running ready=false
2026-02-09T18:48:58.6707772Z Follower [vllm-0-1] not Ready yet...
2026-02-09T18:48:58.7855489Z Leader [vllm-0] phase=Running ready=false
2026-02-09T18:48:58.7855824Z Leader not Ready yet...
2026-02-09T18:49:00.9074399Z Follower [vllm-0-1] phase=Running ready=false
2026-02-09T18:49:00.9074827Z Follower [vllm-0-1] not Ready yet...
2026-02-09T18:49:01.0283759Z Leader [vllm-0] phase=Running ready=false
2026-02-09T18:49:01.0284110Z Leader not Ready yet...
2026-02-09T18:49:03.1490714Z Follower [vllm-0-1] phase=Running ready=false
2026-02-09T18:49:03.1491085Z Follower [vllm-0-1] not Ready yet...
2026-02-09T18:49:03.2608614Z Leader [vllm-0] phase=Running ready=false
2026-02-09T18:49:03.2608959Z Leader not Ready yet...
2026-02-09T18:49:05.3954271Z Follower [vllm-0-1] phase=Running ready=false
2026-02-09T18:49:05.3954664Z Follower [vllm-0-1] not Ready yet...
2026-02-09T18:49:05.5129846Z Leader [vllm-0] phase=Running ready=false
2026-02-09T18:49:05.5130172Z Leader not Ready yet...
2026-02-09T18:49:07.6311497Z Follower [vllm-0-1] phase=Running ready=false
2026-02-09T18:49:07.6311918Z Follower [vllm-0-1] not Ready yet...
2026-02-09T18:49:07.7550297Z Leader [vllm-0] phase=Running ready=false
2026-02-09T18:49:07.7550648Z Leader not Ready yet...
2026-02-09T18:49:09.8625613Z Follower [vllm-0-1] phase=Running ready=false
2026-02-09T18:49:09.8626009Z Follower [vllm-0-1] not Ready yet...
2026-02-09T18:49:09.9810256Z Leader [vllm-0] phase=Running ready=false
2026-02-09T18:49:09.9810566Z Leader not Ready yet...
2026-02-09T18:49:12.1100925Z Follower [vllm-0-1] phase=Running ready=false
2026-02-09T18:49:12.1101248Z Follower [vllm-0-1] not Ready yet...
2026-02-09T18:49:12.2400604Z Leader [vllm-0] phase=Running ready=false
2026-02-09T18:49:12.2400950Z Leader not Ready yet...
2026-02-09T18:49:14.3608612Z Follower [vllm-0-1] phase=Running ready=false
2026-02-09T18:49:14.3608945Z Follower [vllm-0-1] not Ready yet...
2026-02-09T18:49:14.4775163Z Leader [vllm-0] phase=Running ready=false
2026-02-09T18:49:14.4775528Z Leader not Ready yet...
2026-02-09T18:49:16.5919215Z Follower [vllm-0-1] phase=Running ready=false
2026-02-09T18:49:16.5919551Z Follower [vllm-0-1] not Ready yet...
2026-02-09T18:49:16.7075088Z Leader [vllm-0] phase=Running ready=false
2026-02-09T18:49:16.7075417Z Leader not Ready yet...
2026-02-09T18:49:18.8230383Z Follower [vllm-0-1] phase=Running ready=false
2026-02-09T18:49:18.8230720Z Follower [vllm-0-1] not Ready yet...
2026-02-09T18:49:18.9394658Z Leader [vllm-0] phase=Running ready=false
2026-02-09T18:49:18.9395330Z Leader not Ready yet...
2026-02-09T18:49:21.0548652Z Follower [vllm-0-1] phase=Running ready=false
2026-02-09T18:49:21.0549076Z Follower [vllm-0-1] not Ready yet...
2026-02-09T18:49:21.1887696Z Leader [vllm-0] phase=Running ready=false
2026-02-09T18:49:21.1888024Z Leader not Ready yet...
2026-02-09T18:49:23.3061423Z Follower [vllm-0-1] phase=Running ready=false
2026-02-09T18:49:23.3061782Z Follower [vllm-0-1] not Ready yet...
2026-02-09T18:49:23.4205779Z Leader [vllm-0] phase=Running ready=false
2026-02-09T18:49:23.4206297Z Leader not Ready yet...
2026-02-09T18:49:25.6328035Z Follower [vllm-0-1] phase=Running ready=false
2026-02-09T18:49:25.6328472Z Follower [vllm-0-1] not Ready yet...
2026-02-09T18:49:25.7106554Z Leader [vllm-0] phase=Running ready=false
2026-02-09T18:49:25.7106793Z Leader not Ready yet...
2026-02-09T18:49:27.8362730Z Follower [vllm-0-1] phase=Running ready=false
2026-02-09T18:49:27.8363113Z Follower [vllm-0-1] not Ready yet...
2026-02-09T18:49:27.9569936Z Leader [vllm-0] phase=Running ready=false
2026-02-09T18:49:27.9570264Z Leader not Ready yet...
2026-02-09T18:49:30.0790158Z Follower [vllm-0-1] phase=Running ready=false
2026-02-09T18:49:30.0790591Z Follower [vllm-0-1] not Ready yet...
2026-02-09T18:49:30.2134938Z Leader [vllm-0] phase=Running ready=false
2026-02-09T18:49:30.2135310Z Leader not Ready yet...
2026-02-09T18:49:32.3388444Z Follower [vllm-0-1] phase=Running ready=false
2026-02-09T18:49:32.3388785Z Follower [vllm-0-1] not Ready yet...
2026-02-09T18:49:32.4585417Z Leader [vllm-0] phase=Running ready=false
2026-02-09T18:49:32.4585803Z Leader not Ready yet...
2026-02-09T18:49:34.5921462Z Follower [vllm-0-1] phase=Running ready=false
2026-02-09T18:49:34.5921857Z Follower [vllm-0-1] not Ready yet...
2026-02-09T18:49:34.7233749Z Leader [vllm-0] phase=Running ready=false
2026-02-09T18:49:34.7234030Z Leader not Ready yet...
2026-02-09T18:49:36.8457119Z Follower [vllm-0-1] phase=Running ready=false
2026-02-09T18:49:36.8457443Z Follower [vllm-0-1] not Ready yet...
2026-02-09T18:49:36.9657980Z Leader [vllm-0] phase=Running ready=false
2026-02-09T18:49:36.9658328Z Leader not Ready yet...
2026-02-09T18:49:39.0841391Z Follower [vllm-0-1] phase=Running ready=false
2026-02-09T18:49:39.0841845Z Follower [vllm-0-1] not Ready yet...
2026-02-09T18:49:39.2037273Z Leader [vllm-0] phase=Running ready=false
2026-02-09T18:49:39.2037580Z Leader not Ready yet...
2026-02-09T18:49:41.3201672Z Follower [vllm-0-1] phase=Running ready=false
2026-02-09T18:49:41.3202135Z Follower [vllm-0-1] not Ready yet...
2026-02-09T18:49:41.4595437Z Leader [vllm-0] phase=Running ready=false
2026-02-09T18:49:41.4595766Z Leader not Ready yet...
2026-02-09T18:49:43.5849342Z Follower [vllm-0-1] phase=Running ready=false
2026-02-09T18:49:43.5849737Z Follower [vllm-0-1] not Ready yet...
2026-02-09T18:49:43.6993497Z Leader [vllm-0] phase=Running ready=false
2026-02-09T18:49:43.6993929Z Leader not Ready yet...
2026-02-09T18:49:45.8317428Z Follower [vllm-0-1] phase=Running ready=false
2026-02-09T18:49:45.8317792Z Follower [vllm-0-1] not Ready yet...
2026-02-09T18:49:45.9455177Z Leader [vllm-0] phase=Running ready=false
2026-02-09T18:49:45.9455502Z Leader not Ready yet...
2026-02-09T18:49:48.1180155Z Follower [vllm-0-1] phase=Running ready=false
2026-02-09T18:49:48.1180589Z Follower [vllm-0-1] not Ready yet...
2026-02-09T18:49:48.2404377Z Leader [vllm-0] phase=Running ready=false
2026-02-09T18:49:48.2404726Z Leader not Ready yet...
2026-02-09T18:49:50.3636233Z Follower [vllm-0-1] phase=Running ready=false
2026-02-09T18:49:50.3636578Z Follower [vllm-0-1] not Ready yet...
2026-02-09T18:49:50.4775697Z Leader [vllm-0] phase=Running ready=false
2026-02-09T18:49:50.4776021Z Leader not Ready yet...
2026-02-09T18:49:52.5975854Z Follower [vllm-0-1] phase=Running ready=false
2026-02-09T18:49:52.5976213Z Follower [vllm-0-1] not Ready yet...
2026-02-09T18:49:52.7127116Z Leader [vllm-0] phase=Running ready=false
2026-02-09T18:49:52.7127526Z Leader not Ready yet...
2026-02-09T18:49:54.8449236Z Follower [vllm-0-1] phase=Running ready=false
2026-02-09T18:49:54.8449932Z Follower [vllm-0-1] not Ready yet...
2026-02-09T18:49:54.9570723Z Leader [vllm-0] phase=Running ready=false
2026-02-09T18:49:54.9571025Z Leader not Ready yet...
2026-02-09T18:49:57.0834975Z Follower [vllm-0-1] phase=Running ready=false
2026-02-09T18:49:57.0835315Z Follower [vllm-0-1] not Ready yet...
2026-02-09T18:49:57.2050370Z Leader [vllm-0] phase=Running ready=false
2026-02-09T18:49:57.2050678Z Leader not Ready yet...
2026-02-09T18:49:59.3263143Z Follower [vllm-0-1] phase=Running ready=false
2026-02-09T18:49:59.3263494Z Follower [vllm-0-1] not Ready yet...
2026-02-09T18:49:59.4519299Z Leader [vllm-0] phase=Running ready=false
2026-02-09T18:49:59.4519676Z Leader not Ready yet...
2026-02-09T18:50:01.5908815Z Follower [vllm-0-1] phase=Running ready=false
2026-02-09T18:50:01.5909192Z Follower [vllm-0-1] not Ready yet...
2026-02-09T18:50:01.7113526Z Leader [vllm-0] phase=Running ready=false
2026-02-09T18:50:01.7113848Z Leader not Ready yet...
2026-02-09T18:50:04.0693459Z Follower [vllm-0-1] phase=Running ready=false
2026-02-09T18:50:04.0693889Z Follower [vllm-0-1] not Ready yet...
2026-02-09T18:50:04.1947388Z Leader [vllm-0] phase=Running ready=false
2026-02-09T18:50:04.1947841Z Leader not Ready yet...
2026-02-09T18:50:06.3112879Z Follower [vllm-0-1] phase=Running ready=false
2026-02-09T18:50:06.3113303Z Follower [vllm-0-1] not Ready yet...
2026-02-09T18:50:06.4291953Z Leader [vllm-0] phase=Running ready=false
2026-02-09T18:50:06.4292394Z Leader not Ready yet...
2026-02-09T18:50:08.5584510Z Follower [vllm-0-1] phase=Running ready=false
2026-02-09T18:50:08.5584856Z Follower [vllm-0-1] not Ready yet...
2026-02-09T18:50:08.6803623Z Leader [vllm-0] phase=Running ready=false
2026-02-09T18:50:08.6803998Z Leader not Ready yet...
2026-02-09T18:50:10.8312589Z Follower [vllm-0-1] phase=Running ready=false
2026-02-09T18:50:10.8313073Z Follower [vllm-0-1] not Ready yet...
2026-02-09T18:50:10.9218289Z Leader [vllm-0] phase=Running ready=false
2026-02-09T18:50:10.9218705Z Leader not Ready yet...
2026-02-09T18:50:13.0545980Z Follower [vllm-0-1] phase=Running ready=false
2026-02-09T18:50:13.0546344Z Follower [vllm-0-1] not Ready yet...
2026-02-09T18:50:13.2040444Z Leader [vllm-0] phase=Running ready=false
2026-02-09T18:50:13.2040756Z Leader not Ready yet...
2026-02-09T18:50:15.3419622Z Follower [vllm-0-1] phase=Running ready=false
2026-02-09T18:50:15.3419982Z Follower [vllm-0-1] not Ready yet...
2026-02-09T18:50:15.4657540Z Leader [vllm-0] phase=Running ready=false
2026-02-09T18:50:15.4657887Z Leader not Ready yet...
2026-02-09T18:50:17.5922794Z Follower [vllm-0-1] phase=Running ready=false
2026-02-09T18:50:17.5923205Z Follower [vllm-0-1] not Ready yet...
2026-02-09T18:50:17.7139972Z Leader [vllm-0] phase=Running ready=false
2026-02-09T18:50:17.7140284Z Leader not Ready yet...
2026-02-09T18:50:19.8411968Z Follower [vllm-0-1] phase=Running ready=false
2026-02-09T18:50:19.8412395Z Follower [vllm-0-1] not Ready yet...
2026-02-09T18:50:19.9568773Z Leader [vllm-0] phase=Running ready=false
2026-02-09T18:50:19.9569084Z Leader not Ready yet...
2026-02-09T18:50:22.0774893Z Follower [vllm-0-1] phase=Running ready=false
2026-02-09T18:50:22.0775327Z Follower [vllm-0-1] not Ready yet...
2026-02-09T18:50:22.2051961Z Leader [vllm-0] phase=Running ready=false
2026-02-09T18:50:22.2052344Z Leader not Ready yet...
2026-02-09T18:50:24.3250344Z Follower [vllm-0-1] phase=Running ready=false
2026-02-09T18:50:24.3250787Z Follower [vllm-0-1] not Ready yet...
2026-02-09T18:50:24.4428696Z Leader [vllm-0] phase=Running ready=false
2026-02-09T18:50:24.4429072Z Leader not Ready yet...
2026-02-09T18:50:26.5669745Z Follower [vllm-0-1] phase=Running ready=false
2026-02-09T18:50:26.5670187Z Follower [vllm-0-1] not Ready yet...
2026-02-09T18:50:26.7023496Z Leader [vllm-0] phase=Running ready=false
2026-02-09T18:50:26.7023803Z Leader not Ready yet...
2026-02-09T18:50:28.8250615Z Follower [vllm-0-1] phase=Running ready=false
2026-02-09T18:50:28.8250950Z Follower [vllm-0-1] not Ready yet...
2026-02-09T18:50:28.9365108Z Leader [vllm-0] phase=Running ready=false
2026-02-09T18:50:28.9365715Z Leader not Ready yet...
2026-02-09T18:50:31.0599277Z Follower [vllm-0-1] phase=Running ready=false
2026-02-09T18:50:31.0599750Z Follower [vllm-0-1] not Ready yet...
2026-02-09T18:50:31.1783970Z Leader [vllm-0] phase=Running ready=false
2026-02-09T18:50:31.1784290Z Leader not Ready yet...
2026-02-09T18:50:33.3031142Z Follower [vllm-0-1] phase=Running ready=false
2026-02-09T18:50:33.3031570Z Follower [vllm-0-1] not Ready yet...
2026-02-09T18:50:33.4264034Z Leader [vllm-0] phase=Running ready=false
2026-02-09T18:50:33.4264388Z Leader not Ready yet...
2026-02-09T18:50:35.5531433Z Follower [vllm-0-1] phase=Running ready=false
2026-02-09T18:50:35.5531794Z Follower [vllm-0-1] not Ready yet...
2026-02-09T18:50:35.6796185Z Leader [vllm-0] phase=Running ready=false
2026-02-09T18:50:35.6796680Z Leader not Ready yet...
2026-02-09T18:50:37.7973693Z Follower [vllm-0-1] phase=Running ready=false
2026-02-09T18:50:37.7974122Z Follower [vllm-0-1] not Ready yet...
2026-02-09T18:50:37.9059813Z Leader [vllm-0] phase=Running ready=false
2026-02-09T18:50:37.9060095Z Leader not Ready yet...
2026-02-09T18:50:40.0483615Z Follower [vllm-0-1] phase=Running ready=false
2026-02-09T18:50:40.0483977Z Follower [vllm-0-1] not Ready yet...
2026-02-09T18:50:40.1813773Z Leader [vllm-0] phase=Running ready=false
2026-02-09T18:50:40.1814186Z Leader not Ready yet...
2026-02-09T18:50:42.3127857Z Follower [vllm-0-1] phase=Running ready=false
2026-02-09T18:50:42.3128244Z Follower [vllm-0-1] not Ready yet...
2026-02-09T18:50:42.4266372Z Leader [vllm-0] phase=Running ready=false
2026-02-09T18:50:42.4266673Z Leader not Ready yet...
2026-02-09T18:50:44.5451718Z Follower [vllm-0-1] phase=Running ready=false
2026-02-09T18:50:44.5452271Z Follower [vllm-0-1] not Ready yet...
2026-02-09T18:50:44.6755653Z Leader [vllm-0] phase=Running ready=false
2026-02-09T18:50:44.6755955Z Leader not Ready yet...
2026-02-09T18:50:46.7977767Z Follower [vllm-0-1] phase=Running ready=false
2026-02-09T18:50:46.7978091Z Follower [vllm-0-1] not Ready yet...
2026-02-09T18:50:46.9255252Z Leader [vllm-0] phase=Running ready=false
2026-02-09T18:50:46.9255692Z Leader not Ready yet...
2026-02-09T18:50:49.0523022Z Follower [vllm-0-1] phase=Running ready=false
2026-02-09T18:50:49.0523507Z Follower [vllm-0-1] not Ready yet...
2026-02-09T18:50:49.1741756Z Leader [vllm-0] phase=Running ready=false
2026-02-09T18:50:49.1742184Z Leader not Ready yet...
2026-02-09T18:50:51.2949600Z Follower [vllm-0-1] phase=Running ready=false
2026-02-09T18:50:51.2949989Z Follower [vllm-0-1] not Ready yet...
2026-02-09T18:50:51.4100497Z Leader [vllm-0] phase=Running ready=false
2026-02-09T18:50:51.4100895Z Leader not Ready yet...
2026-02-09T18:50:53.5370988Z Follower [vllm-0-1] phase=Running ready=false
2026-02-09T18:50:53.6567066Z Follower [vllm-0-1] not Ready yet...
2026-02-09T18:50:53.6567438Z Leader [vllm-0] phase=Running ready=false
2026-02-09T18:50:53.6567785Z Leader not Ready yet...
2026-02-09T18:50:55.7830401Z Follower [vllm-0-1] phase=Running ready=false
2026-02-09T18:50:55.7830760Z Follower [vllm-0-1] not Ready yet...
2026-02-09T18:50:55.8977745Z Leader [vllm-0] phase=Running ready=false
2026-02-09T18:50:55.8978086Z Leader not Ready yet...
2026-02-09T18:50:58.0295034Z Follower [vllm-0-1] phase=Running ready=false
2026-02-09T18:50:58.0295502Z Follower [vllm-0-1] not Ready yet...
2026-02-09T18:50:58.1548507Z Leader [vllm-0] phase=Running ready=false
2026-02-09T18:50:58.1548821Z Leader not Ready yet...
2026-02-09T18:51:00.2773961Z Follower [vllm-0-1] phase=Running ready=false
2026-02-09T18:51:00.2774326Z Follower [vllm-0-1] not Ready yet...
2026-02-09T18:51:00.4057031Z Leader [vllm-0] phase=Running ready=false
2026-02-09T18:51:00.4057391Z Leader not Ready yet...
2026-02-09T18:51:02.5241390Z Follower [vllm-0-1] phase=Running ready=false
2026-02-09T18:51:02.5241858Z Follower [vllm-0-1] not Ready yet...
2026-02-09T18:51:02.6396227Z Leader [vllm-0] phase=Running ready=false
2026-02-09T18:51:02.6396527Z Leader not Ready yet...
2026-02-09T18:51:04.7589547Z Follower [vllm-0-1] phase=Running ready=false
2026-02-09T18:51:04.7590142Z Follower [vllm-0-1] not Ready yet...
2026-02-09T18:51:04.8929143Z Leader [vllm-0] phase=Running ready=false
2026-02-09T18:51:04.8929459Z Leader not Ready yet...
2026-02-09T18:51:07.0126937Z Follower [vllm-0-1] phase=Running ready=false
2026-02-09T18:51:07.0127242Z Follower [vllm-0-1] not Ready yet...
2026-02-09T18:51:07.1251877Z Leader [vllm-0] phase=Running ready=false
2026-02-09T18:51:07.1252361Z Leader not Ready yet...
2026-02-09T18:51:09.2458149Z Follower [vllm-0-1] phase=Running ready=false
2026-02-09T18:51:09.2458601Z Follower [vllm-0-1] not Ready yet...
2026-02-09T18:51:09.3605619Z Leader [vllm-0] phase=Running ready=false
2026-02-09T18:51:09.3606006Z Leader not Ready yet...
2026-02-09T18:51:11.4838104Z Follower [vllm-0-1] phase=Running ready=false
2026-02-09T18:51:11.4838440Z Follower [vllm-0-1] not Ready yet...
2026-02-09T18:51:11.7440779Z Leader [vllm-0] phase=Running ready=false
2026-02-09T18:51:11.7441137Z Leader not Ready yet...
2026-02-09T18:51:13.8567673Z Follower [vllm-0-1] phase=Running ready=false
2026-02-09T18:51:13.8568001Z Follower [vllm-0-1] not Ready yet...
2026-02-09T18:51:13.9671244Z Leader [vllm-0] phase=Running ready=false
2026-02-09T18:51:13.9671631Z Leader not Ready yet...
2026-02-09T18:51:16.0790066Z Follower [vllm-0-1] phase=Running ready=false
2026-02-09T18:51:16.0790441Z Follower [vllm-0-1] not Ready yet...
2026-02-09T18:51:16.1921870Z Leader [vllm-0] phase=Running ready=false
2026-02-09T18:51:16.1922272Z Leader not Ready yet...
2026-02-09T18:51:18.3083999Z Follower [vllm-0-1] phase=Running ready=false
2026-02-09T18:51:18.3084329Z Follower [vllm-0-1] not Ready yet...
2026-02-09T18:51:18.4223668Z Leader [vllm-0] phase=Running ready=false
2026-02-09T18:51:18.4223971Z Leader not Ready yet...
2026-02-09T18:51:20.5344154Z Follower [vllm-0-1] phase=Running ready=false
2026-02-09T18:51:20.5344547Z Follower [vllm-0-1] not Ready yet...
2026-02-09T18:51:20.6461520Z Leader [vllm-0] phase=Running ready=false
2026-02-09T18:51:20.6461898Z Leader not Ready yet...
2026-02-09T18:51:22.7659949Z Follower [vllm-0-1] phase=Running ready=false
2026-02-09T18:51:22.7660581Z Follower [vllm-0-1] not Ready yet...
2026-02-09T18:51:22.8825286Z Leader [vllm-0] phase=Running ready=false
2026-02-09T18:51:22.8825568Z Leader not Ready yet...
2026-02-09T18:51:24.9937273Z Follower [vllm-0-1] phase=Running ready=false
2026-02-09T18:51:24.9937652Z Follower [vllm-0-1] not Ready yet...
2026-02-09T18:51:25.1047807Z Leader [vllm-0] phase=Running ready=false
2026-02-09T18:51:25.1048166Z Leader not Ready yet...
2026-02-09T18:51:27.2246686Z Follower [vllm-0-1] phase=Running ready=false
2026-02-09T18:51:27.2247081Z Follower [vllm-0-1] not Ready yet...
2026-02-09T18:51:27.3435896Z Leader [vllm-0] phase=Running ready=false
2026-02-09T18:51:27.3436179Z Leader not Ready yet...
2026-02-09T18:51:29.4668574Z Follower [vllm-0-1] phase=Running ready=false
2026-02-09T18:51:29.4668934Z Follower [vllm-0-1] not Ready yet...
2026-02-09T18:51:29.5928988Z Leader [vllm-0] phase=Running ready=false
2026-02-09T18:51:29.5929387Z Leader not Ready yet...
2026-02-09T18:51:31.7107216Z Follower [vllm-0-1] phase=Running ready=false
2026-02-09T18:51:31.7107700Z Follower [vllm-0-1] not Ready yet...
2026-02-09T18:51:31.8364655Z Leader [vllm-0] phase=Running ready=false
2026-02-09T18:51:31.8365059Z Leader not Ready yet...
2026-02-09T18:51:33.9553206Z Follower [vllm-0-1] phase=Running ready=false
2026-02-09T18:51:33.9553574Z Follower [vllm-0-1] not Ready yet...
2026-02-09T18:51:34.0780737Z Leader [vllm-0] phase=Running ready=false
2026-02-09T18:51:34.0781136Z Leader not Ready yet...
2026-02-09T18:51:36.1996217Z Follower [vllm-0-1] phase=Running ready=false
2026-02-09T18:51:36.1996584Z Follower [vllm-0-1] not Ready yet...
2026-02-09T18:51:36.3163461Z Leader [vllm-0] phase=Running ready=false
2026-02-09T18:51:36.3163751Z Leader not Ready yet...
2026-02-09T18:51:38.4315875Z Follower [vllm-0-1] phase=Running ready=false
2026-02-09T18:51:38.4316196Z Follower [vllm-0-1] not Ready yet...
2026-02-09T18:51:38.5482629Z Leader [vllm-0] phase=Running ready=false
2026-02-09T18:51:38.5483337Z Leader not Ready yet...
2026-02-09T18:51:40.6701546Z Follower [vllm-0-1] phase=Running ready=false
2026-02-09T18:51:40.6701905Z Follower [vllm-0-1] not Ready yet...
2026-02-09T18:51:40.7797076Z Leader [vllm-0] phase=Running ready=false
2026-02-09T18:51:40.7797439Z Leader not Ready yet...
2026-02-09T18:51:42.9020547Z Follower [vllm-0-1] phase=Running ready=false
2026-02-09T18:51:42.9020856Z Follower [vllm-0-1] not Ready yet...
2026-02-09T18:51:43.0167781Z Leader [vllm-0] phase=Running ready=false
2026-02-09T18:51:43.0168153Z Leader not Ready yet...
2026-02-09T18:51:45.1360960Z Follower [vllm-0-1] phase=Running ready=false
2026-02-09T18:51:45.1361324Z Follower [vllm-0-1] not Ready yet...
2026-02-09T18:51:45.2535164Z Leader [vllm-0] phase=Running ready=false
2026-02-09T18:51:45.2535508Z Leader not Ready yet...
2026-02-09T18:51:47.3780619Z Follower [vllm-0-1] phase=Running ready=false
2026-02-09T18:51:47.3780974Z Follower [vllm-0-1] not Ready yet...
2026-02-09T18:51:47.5023472Z Leader [vllm-0] phase=Running ready=false
2026-02-09T18:51:47.5023796Z Leader not Ready yet...
2026-02-09T18:51:49.6305782Z Follower [vllm-0-1] phase=Running ready=false
2026-02-09T18:51:49.6306145Z Follower [vllm-0-1] not Ready yet...
2026-02-09T18:51:49.7558212Z Leader [vllm-0] phase=Running ready=false
2026-02-09T18:51:49.7558569Z Leader not Ready yet...
2026-02-09T18:51:51.8787637Z Follower [vllm-0-1] phase=Running ready=false
2026-02-09T18:51:51.8788048Z Follower [vllm-0-1] not Ready yet...
2026-02-09T18:51:51.9971836Z Leader [vllm-0] phase=Running ready=false
2026-02-09T18:51:51.9972256Z Leader not Ready yet...
2026-02-09T18:51:54.1237759Z Follower [vllm-0-1] phase=Running ready=false
2026-02-09T18:51:54.1238110Z Follower [vllm-0-1] not Ready yet...
2026-02-09T18:51:54.2420815Z Leader [vllm-0] phase=Running ready=false
2026-02-09T18:51:54.2421176Z Leader not Ready yet...
2026-02-09T18:51:56.3607842Z Follower [vllm-0-1] phase=Running ready=false
2026-02-09T18:51:56.3608248Z Follower [vllm-0-1] not Ready yet...
2026-02-09T18:51:56.4867807Z Leader [vllm-0] phase=Running ready=false
2026-02-09T18:51:56.4868358Z Leader not Ready yet...
2026-02-09T18:51:58.6111339Z Follower [vllm-0-1] phase=Running ready=false
2026-02-09T18:51:58.6111657Z Follower [vllm-0-1] not Ready yet...
2026-02-09T18:51:58.7338218Z Leader [vllm-0] phase=Running ready=false
2026-02-09T18:51:58.7338599Z Leader not Ready yet...
2026-02-09T18:52:00.8594593Z Follower [vllm-0-1] phase=Running ready=false
2026-02-09T18:52:00.8595023Z Follower [vllm-0-1] not Ready yet...
2026-02-09T18:52:00.9782576Z Leader [vllm-0] phase=Running ready=false
2026-02-09T18:52:00.9782963Z Leader not Ready yet...
2026-02-09T18:52:03.0903523Z Follower [vllm-0-1] phase=Running ready=false
2026-02-09T18:52:03.0903860Z Follower [vllm-0-1] not Ready yet...
2026-02-09T18:52:03.2165685Z Leader [vllm-0] phase=Running ready=false
2026-02-09T18:52:03.2166075Z Leader not Ready yet...
2026-02-09T18:52:05.3296058Z Follower [vllm-0-1] phase=Running ready=false
2026-02-09T18:52:05.3296507Z Follower [vllm-0-1] not Ready yet...
2026-02-09T18:52:05.4594516Z Leader [vllm-0] phase=Running ready=false
2026-02-09T18:52:05.4594813Z Leader not Ready yet...
2026-02-09T18:52:07.5783103Z Follower [vllm-0-1] phase=Running ready=false
2026-02-09T18:52:07.5783539Z Follower [vllm-0-1] not Ready yet...
2026-02-09T18:52:07.7018631Z Leader [vllm-0] phase=Running ready=false
2026-02-09T18:52:07.7018951Z Leader not Ready yet...
2026-02-09T18:52:09.8198919Z Follower [vllm-0-1] phase=Running ready=false
2026-02-09T18:52:09.8199269Z Follower [vllm-0-1] not Ready yet...
2026-02-09T18:52:09.9393608Z Leader [vllm-0] phase=Running ready=false
2026-02-09T18:52:09.9393975Z Leader not Ready yet...
2026-02-09T18:52:12.0685358Z Follower [vllm-0-1] phase=Running ready=false
2026-02-09T18:52:12.0685815Z Follower [vllm-0-1] not Ready yet...
2026-02-09T18:52:12.1822995Z Leader [vllm-0] phase=Running ready=false
2026-02-09T18:52:12.1823279Z Leader not Ready yet...
2026-02-09T18:52:14.2944662Z Follower [vllm-0-1] phase=Running ready=false
2026-02-09T18:52:14.2945271Z Follower [vllm-0-1] not Ready yet...
2026-02-09T18:52:14.4170133Z Leader [vllm-0] phase=Running ready=false
2026-02-09T18:52:14.4170406Z Leader not Ready yet...
2026-02-09T18:52:16.5396978Z Follower [vllm-0-1] phase=Running ready=false
2026-02-09T18:52:16.5397337Z Follower [vllm-0-1] not Ready yet...
2026-02-09T18:52:16.6620049Z Leader [vllm-0] phase=Running ready=false
2026-02-09T18:52:16.6620426Z Leader not Ready yet...
2026-02-09T18:52:18.7828581Z Follower [vllm-0-1] phase=Running ready=false
2026-02-09T18:52:18.7828994Z Follower [vllm-0-1] not Ready yet...
2026-02-09T18:52:18.8954216Z Leader [vllm-0] phase=Running ready=false
2026-02-09T18:52:18.8954536Z Leader not Ready yet...
2026-02-09T18:52:21.0140291Z Follower [vllm-0-1] phase=Running ready=false
2026-02-09T18:52:21.0140641Z Follower [vllm-0-1] not Ready yet...
2026-02-09T18:52:21.1351582Z Leader [vllm-0] phase=Running ready=false
2026-02-09T18:52:21.1352069Z Leader not Ready yet...
2026-02-09T18:52:23.2494149Z Follower [vllm-0-1] phase=Running ready=false
2026-02-09T18:52:23.2494548Z Follower [vllm-0-1] not Ready yet...
2026-02-09T18:52:23.3649822Z Leader [vllm-0] phase=Running ready=false
2026-02-09T18:52:23.3650117Z Leader not Ready yet...
2026-02-09T18:52:25.4787905Z Follower [vllm-0-1] phase=Running ready=false
2026-02-09T18:52:25.4788315Z Follower [vllm-0-1] not Ready yet...
2026-02-09T18:52:25.5936401Z Leader [vllm-0] phase=Running ready=false
2026-02-09T18:52:25.5936730Z Leader not Ready yet...
2026-02-09T18:52:27.7056574Z Follower [vllm-0-1] phase=Running ready=false
2026-02-09T18:52:27.7056908Z Follower [vllm-0-1] not Ready yet...
2026-02-09T18:52:27.8248501Z Leader [vllm-0] phase=Running ready=false
2026-02-09T18:52:27.8248776Z Leader not Ready yet...
2026-02-09T18:52:29.9362959Z Follower [vllm-0-1] phase=Running ready=false
2026-02-09T18:52:29.9363345Z Follower [vllm-0-1] not Ready yet...
2026-02-09T18:52:30.0435302Z Leader [vllm-0] phase=Running ready=false
2026-02-09T18:52:30.0435655Z Leader not Ready yet...
2026-02-09T18:52:32.1578005Z Follower [vllm-0-1] phase=Running ready=false
2026-02-09T18:52:32.1578678Z Follower [vllm-0-1] not Ready yet...
2026-02-09T18:52:32.2733804Z Leader [vllm-0] phase=Running ready=false
2026-02-09T18:52:32.2734137Z Leader not Ready yet...
2026-02-09T18:52:34.3848373Z Follower [vllm-0-1] phase=Running ready=false
2026-02-09T18:52:34.3848760Z Follower [vllm-0-1] not Ready yet...
2026-02-09T18:52:34.5031143Z Leader [vllm-0] phase=Running ready=false
2026-02-09T18:52:34.5031468Z Leader not Ready yet...
2026-02-09T18:52:36.6155292Z Follower [vllm-0-1] phase=Running ready=false
2026-02-09T18:52:36.6155650Z Follower [vllm-0-1] not Ready yet...
2026-02-09T18:52:36.7359481Z Leader [vllm-0] phase=Running ready=false
2026-02-09T18:52:36.7359798Z Leader not Ready yet...
2026-02-09T18:52:38.8474573Z Follower [vllm-0-1] phase=Running ready=false
2026-02-09T18:52:38.8474923Z Follower [vllm-0-1] not Ready yet...
2026-02-09T18:52:38.9634457Z Leader [vllm-0] phase=Running ready=false
2026-02-09T18:52:38.9634770Z Leader not Ready yet...
2026-02-09T18:52:41.0896381Z Follower [vllm-0-1] phase=Running ready=false
2026-02-09T18:52:41.0896771Z Follower [vllm-0-1] not Ready yet...
2026-02-09T18:52:41.2044594Z Leader [vllm-0] phase=Running ready=false
2026-02-09T18:52:41.2044955Z Leader not Ready yet...
2026-02-09T18:52:43.3318941Z Follower [vllm-0-1] phase=Running ready=false
2026-02-09T18:52:43.3319263Z Follower [vllm-0-1] not Ready yet...
2026-02-09T18:52:43.4528054Z Leader [vllm-0] phase=Running ready=false
2026-02-09T18:52:43.4528411Z Leader not Ready yet...
2026-02-09T18:52:45.5784866Z Follower [vllm-0-1] phase=Running ready=false
2026-02-09T18:52:45.6968294Z Follower [vllm-0-1] not Ready yet...
2026-02-09T18:52:45.6968642Z Leader [vllm-0] phase=Running ready=false
2026-02-09T18:52:45.6968966Z Leader not Ready yet...
2026-02-09T18:52:47.8267750Z Follower [vllm-0-1] phase=Running ready=false
2026-02-09T18:52:47.8268052Z Follower [vllm-0-1] not Ready yet...
2026-02-09T18:52:47.9458529Z Leader [vllm-0] phase=Running ready=false
2026-02-09T18:52:47.9458861Z Leader not Ready yet...
2026-02-09T18:52:50.0792520Z Follower [vllm-0-1] phase=Running ready=false
2026-02-09T18:52:50.0792869Z Follower [vllm-0-1] not Ready yet...
2026-02-09T18:52:50.2026044Z Leader [vllm-0] phase=Running ready=false
2026-02-09T18:52:50.2026431Z Leader not Ready yet...
2026-02-09T18:52:52.3162663Z Follower [vllm-0-1] phase=Running ready=false
2026-02-09T18:52:52.3162989Z Follower [vllm-0-1] not Ready yet...
2026-02-09T18:52:52.4314827Z Leader [vllm-0] phase=Running ready=false
2026-02-09T18:52:52.4315108Z Leader not Ready yet...
2026-02-09T18:52:54.5534393Z Follower [vllm-0-1] phase=Running ready=false
2026-02-09T18:52:54.5534708Z Follower [vllm-0-1] not Ready yet...
2026-02-09T18:52:54.6696468Z Leader [vllm-0] phase=Running ready=false
2026-02-09T18:52:54.6696874Z Leader not Ready yet...
2026-02-09T18:52:56.7982763Z Follower [vllm-0-1] phase=Running ready=false
2026-02-09T18:52:56.7983180Z Follower [vllm-0-1] not Ready yet...
2026-02-09T18:52:56.9207801Z Leader [vllm-0] phase=Running ready=false
2026-02-09T18:52:56.9208199Z Leader not Ready yet...
2026-02-09T18:52:59.0328296Z Follower [vllm-0-1] phase=Running ready=false
2026-02-09T18:52:59.0328699Z Follower [vllm-0-1] not Ready yet...
2026-02-09T18:52:59.1560311Z Leader [vllm-0] phase=Running ready=false
2026-02-09T18:52:59.1560614Z Leader not Ready yet...
2026-02-09T18:53:01.2716129Z Follower [vllm-0-1] phase=Running ready=false
2026-02-09T18:53:01.2716619Z Follower [vllm-0-1] not Ready yet...
2026-02-09T18:53:01.3860804Z Leader [vllm-0] phase=Running ready=false
2026-02-09T18:53:01.3861143Z Leader not Ready yet...
2026-02-09T18:53:03.4976385Z Follower [vllm-0-1] phase=Running ready=false
2026-02-09T18:53:03.4976785Z Follower [vllm-0-1] not Ready yet...
2026-02-09T18:53:03.6130981Z Leader [vllm-0] phase=Running ready=false
2026-02-09T18:53:03.6131255Z Leader not Ready yet...
2026-02-09T18:53:05.7377006Z Follower [vllm-0-1] phase=Running ready=false
2026-02-09T18:53:05.7377384Z Follower [vllm-0-1] not Ready yet...
2026-02-09T18:53:05.8525883Z Leader [vllm-0] phase=Running ready=false
2026-02-09T18:53:05.8526449Z Leader not Ready yet...
2026-02-09T18:53:07.9734014Z Follower [vllm-0-1] phase=Running ready=false
2026-02-09T18:53:07.9734355Z Follower [vllm-0-1] not Ready yet...
2026-02-09T18:53:08.0940229Z Leader [vllm-0] phase=Running ready=false
2026-02-09T18:53:08.0940681Z Leader not Ready yet...
2026-02-09T18:53:10.2117156Z Follower [vllm-0-1] phase=Running ready=false
2026-02-09T18:53:10.2117550Z Follower [vllm-0-1] not Ready yet...
2026-02-09T18:53:10.3353130Z Leader [vllm-0] phase=Running ready=false
2026-02-09T18:53:10.3353428Z Leader not Ready yet...
2026-02-09T18:53:12.4617209Z Follower [vllm-0-1] phase=Running ready=false
2026-02-09T18:53:12.4617545Z Follower [vllm-0-1] not Ready yet...
2026-02-09T18:53:12.5901131Z Leader [vllm-0] phase=Running ready=false
2026-02-09T18:53:12.5901458Z Leader not Ready yet...
2026-02-09T18:53:14.7099584Z Follower [vllm-0-1] phase=Running ready=false
2026-02-09T18:53:14.7099956Z Follower [vllm-0-1] not Ready yet...
2026-02-09T18:53:14.8318911Z Leader [vllm-0] phase=Running ready=false
2026-02-09T18:53:14.8319209Z Leader not Ready yet...
2026-02-09T18:53:16.9456846Z Follower [vllm-0-1] phase=Running ready=false
2026-02-09T18:53:16.9457231Z Follower [vllm-0-1] not Ready yet...
2026-02-09T18:53:17.0581942Z Leader [vllm-0] phase=Running ready=false
2026-02-09T18:53:17.0582371Z Leader not Ready yet...
2026-02-09T18:53:19.1719747Z Follower [vllm-0-1] phase=Running ready=false
2026-02-09T18:53:19.1720157Z Follower [vllm-0-1] not Ready yet...
2026-02-09T18:53:19.2851542Z Leader [vllm-0] phase=Running ready=false
2026-02-09T18:53:19.2851831Z Leader not Ready yet...
2026-02-09T18:53:21.4030817Z Follower [vllm-0-1] phase=Running ready=false
2026-02-09T18:53:21.4031165Z Follower [vllm-0-1] not Ready yet...
2026-02-09T18:53:21.5148169Z Leader [vllm-0] phase=Running ready=false
2026-02-09T18:53:21.5148504Z Leader not Ready yet...
2026-02-09T18:53:23.6333752Z Follower [vllm-0-1] phase=Running ready=false
2026-02-09T18:53:23.6334165Z Follower [vllm-0-1] not Ready yet...
2026-02-09T18:53:23.7556053Z Leader [vllm-0] phase=Running ready=false
2026-02-09T18:53:23.7556419Z Leader not Ready yet...
2026-02-09T18:53:25.8676817Z Follower [vllm-0-1] phase=Running ready=false
2026-02-09T18:53:25.8677247Z Follower [vllm-0-1] not Ready yet...
2026-02-09T18:53:25.9850302Z Leader [vllm-0] phase=Running ready=false
2026-02-09T18:53:25.9850657Z Leader not Ready yet...
2026-02-09T18:53:28.0996597Z Follower [vllm-0-1] phase=Running ready=false
2026-02-09T18:53:28.0996981Z Follower [vllm-0-1] not Ready yet...
2026-02-09T18:53:28.2259462Z Leader [vllm-0] phase=Running ready=false
2026-02-09T18:53:28.2259781Z Leader not Ready yet...
2026-02-09T18:53:30.3607639Z Follower [vllm-0-1] phase=Running ready=false
2026-02-09T18:53:30.3608109Z Follower [vllm-0-1] not Ready yet...
2026-02-09T18:53:30.4945840Z Leader [vllm-0] phase=Running ready=false
2026-02-09T18:53:30.4946212Z Leader not Ready yet...
2026-02-09T18:53:32.6113240Z Follower [vllm-0-1] phase=Running ready=false
2026-02-09T18:53:32.6113674Z Follower [vllm-0-1] not Ready yet...
2026-02-09T18:53:32.7230588Z Leader [vllm-0] phase=Running ready=false
2026-02-09T18:53:32.7230864Z Leader not Ready yet...
2026-02-09T18:53:34.8363872Z Follower [vllm-0-1] phase=Running ready=false
2026-02-09T18:53:34.8364238Z Follower [vllm-0-1] not Ready yet...
2026-02-09T18:53:34.9438925Z Leader [vllm-0] phase=Running ready=false
2026-02-09T18:53:34.9439255Z Leader not Ready yet...
2026-02-09T18:53:37.0565408Z Follower [vllm-0-1] phase=Running ready=false
2026-02-09T18:53:37.0565748Z Follower [vllm-0-1] not Ready yet...
2026-02-09T18:53:37.1685379Z Leader [vllm-0] phase=Running ready=false
2026-02-09T18:53:37.1687213Z Leader not Ready yet...
2026-02-09T18:53:39.2834735Z Follower [vllm-0-1] phase=Running ready=false
2026-02-09T18:53:39.2835179Z Follower [vllm-0-1] not Ready yet...
2026-02-09T18:53:39.4000943Z Leader [vllm-0] phase=Running ready=false
2026-02-09T18:53:39.4001322Z Leader not Ready yet...
2026-02-09T18:53:41.5218614Z Follower [vllm-0-1] phase=Running ready=false
2026-02-09T18:53:41.5219167Z Follower [vllm-0-1] not Ready yet...
2026-02-09T18:53:41.6367129Z Leader [vllm-0] phase=Running ready=false
2026-02-09T18:53:41.6367468Z Leader not Ready yet...
2026-02-09T18:53:43.7523488Z Follower [vllm-0-1] phase=Running ready=false
2026-02-09T18:53:43.7523835Z Follower [vllm-0-1] not Ready yet...
2026-02-09T18:53:43.8656858Z Leader [vllm-0] phase=Running ready=false
2026-02-09T18:53:43.8657200Z Leader not Ready yet...
2026-02-09T18:53:45.9796816Z Follower [vllm-0-1] phase=Running ready=false
2026-02-09T18:53:45.9797204Z Follower [vllm-0-1] not Ready yet...
2026-02-09T18:53:46.0905527Z Leader [vllm-0] phase=Running ready=false
2026-02-09T18:53:46.0905798Z Leader not Ready yet...
2026-02-09T18:53:48.2015168Z Follower [vllm-0-1] phase=Running ready=false
2026-02-09T18:53:48.2015498Z Follower [vllm-0-1] not Ready yet...
2026-02-09T18:53:48.3176199Z Leader [vllm-0] phase=Running ready=false
2026-02-09T18:53:48.3176542Z Leader not Ready yet...
2026-02-09T18:53:50.4320418Z Follower [vllm-0-1] phase=Running ready=false
2026-02-09T18:53:50.4320832Z Follower [vllm-0-1] not Ready yet...
2026-02-09T18:53:50.5449532Z Leader [vllm-0] phase=Running ready=false
2026-02-09T18:53:50.5449922Z Leader not Ready yet...
2026-02-09T18:53:52.6589779Z Follower [vllm-0-1] phase=Running ready=false
2026-02-09T18:53:52.6590183Z Follower [vllm-0-1] not Ready yet...
2026-02-09T18:53:52.7743665Z Leader [vllm-0] phase=Running ready=false
2026-02-09T18:53:52.7743993Z Leader not Ready yet...
2026-02-09T18:53:54.8928829Z Follower [vllm-0-1] phase=Running ready=false
2026-02-09T18:53:54.8929215Z Follower [vllm-0-1] not Ready yet...
2026-02-09T18:53:55.0187628Z Leader [vllm-0] phase=Running ready=false
2026-02-09T18:53:55.0187974Z Leader not Ready yet...
2026-02-09T18:53:57.1438566Z Follower [vllm-0-1] phase=Running ready=false
2026-02-09T18:53:57.1438916Z Follower [vllm-0-1] not Ready yet...
2026-02-09T18:53:57.2665797Z Leader [vllm-0] phase=Running ready=false
2026-02-09T18:53:59.3839361Z Leader not Ready yet...
2026-02-09T18:53:59.3839715Z Follower [vllm-0-1] phase=Running ready=false
2026-02-09T18:53:59.3840170Z Follower [vllm-0-1] not Ready yet...
2026-02-09T18:53:59.5009855Z Leader [vllm-0] phase=Running ready=false
2026-02-09T18:53:59.5010145Z Leader not Ready yet...
2026-02-09T18:54:01.6186795Z Follower [vllm-0-1] phase=Running ready=false
2026-02-09T18:54:01.6187132Z Follower [vllm-0-1] not Ready yet...
2026-02-09T18:54:01.7348622Z Leader [vllm-0] phase=Running ready=false
2026-02-09T18:54:01.7348975Z Leader not Ready yet...
2026-02-09T18:54:03.8637459Z Follower [vllm-0-1] phase=Running ready=false
2026-02-09T18:54:03.8637867Z Follower [vllm-0-1] not Ready yet...
2026-02-09T18:54:03.9838404Z Leader [vllm-0] phase=Running ready=false
2026-02-09T18:54:03.9838737Z Leader not Ready yet...
2026-02-09T18:54:06.0978325Z Follower [vllm-0-1] phase=Running ready=false
2026-02-09T18:54:06.0978692Z Follower [vllm-0-1] not Ready yet...
2026-02-09T18:54:06.2223621Z Leader [vllm-0] phase=Running ready=false
2026-02-09T18:54:06.2223984Z Leader not Ready yet...
2026-02-09T18:54:08.3399208Z Follower [vllm-0-1] phase=Running ready=false
2026-02-09T18:54:08.3399662Z Follower [vllm-0-1] not Ready yet...
2026-02-09T18:54:08.4619264Z Leader [vllm-0] phase=Running ready=false
2026-02-09T18:54:08.4619574Z Leader not Ready yet...
2026-02-09T18:54:10.5824901Z Follower [vllm-0-1] phase=Running ready=false
2026-02-09T18:54:10.5825247Z Follower [vllm-0-1] not Ready yet...
2026-02-09T18:54:10.7142341Z Leader [vllm-0] phase=Running ready=false
2026-02-09T18:54:10.7142655Z Leader not Ready yet...
2026-02-09T18:54:12.8422258Z Follower [vllm-0-1] phase=Running ready=false
2026-02-09T18:54:12.8422708Z Follower [vllm-0-1] not Ready yet...
2026-02-09T18:54:12.9612869Z Leader [vllm-0] phase=Running ready=false
2026-02-09T18:54:12.9613129Z Leader not Ready yet...
2026-02-09T18:54:15.0810313Z Follower [vllm-0-1] phase=Running ready=false
2026-02-09T18:54:15.0810668Z Follower [vllm-0-1] not Ready yet...
2026-02-09T18:54:15.1972509Z Leader [vllm-0] phase=Running ready=false
2026-02-09T18:54:15.1973007Z Leader not Ready yet...
2026-02-09T18:54:17.3180897Z Follower [vllm-0-1] phase=Running ready=false
2026-02-09T18:54:17.3181275Z Follower [vllm-0-1] not Ready yet...
2026-02-09T18:54:17.4422894Z Leader [vllm-0] phase=Running ready=false
2026-02-09T18:54:17.4423187Z Leader not Ready yet...
2026-02-09T18:54:19.5606177Z Follower [vllm-0-1] phase=Running ready=false
2026-02-09T18:54:19.5606533Z Follower [vllm-0-1] not Ready yet...
2026-02-09T18:54:19.6770760Z Leader [vllm-0] phase=Running ready=false
2026-02-09T18:54:19.6771096Z Leader not Ready yet...
2026-02-09T18:54:21.8015280Z Follower [vllm-0-1] phase=Running ready=false
2026-02-09T18:54:21.8015625Z Follower [vllm-0-1] not Ready yet...
2026-02-09T18:54:21.9173804Z Leader [vllm-0] phase=Running ready=false
2026-02-09T18:54:21.9174072Z Leader not Ready yet...
2026-02-09T18:54:24.0302946Z Follower [vllm-0-1] phase=Running ready=false
2026-02-09T18:54:24.0303345Z Follower [vllm-0-1] not Ready yet...
2026-02-09T18:54:24.1559314Z Leader [vllm-0] phase=Running ready=false
2026-02-09T18:54:24.1559675Z Leader not Ready yet...
2026-02-09T18:54:26.2822686Z Follower [vllm-0-1] phase=Running ready=false
2026-02-09T18:54:26.2823092Z Follower [vllm-0-1] not Ready yet...
2026-02-09T18:54:26.4126120Z Leader [vllm-0] phase=Running ready=false
2026-02-09T18:54:26.4126438Z Leader not Ready yet...
2026-02-09T18:54:28.5442322Z Follower [vllm-0-1] phase=Running ready=false
2026-02-09T18:54:28.5442731Z Follower [vllm-0-1] not Ready yet...
2026-02-09T18:54:28.6702987Z Leader [vllm-0] phase=Running ready=false
2026-02-09T18:54:28.6703353Z Leader not Ready yet...
2026-02-09T18:54:30.7885557Z Follower [vllm-0-1] phase=Running ready=false
2026-02-09T18:54:30.7885889Z Follower [vllm-0-1] not Ready yet...
2026-02-09T18:54:30.9052413Z Leader [vllm-0] phase=Running ready=false
2026-02-09T18:54:30.9052856Z Leader not Ready yet...
2026-02-09T18:54:33.0221849Z Follower [vllm-0-1] phase=Running ready=false
2026-02-09T18:54:33.0222436Z Follower [vllm-0-1] not Ready yet...
2026-02-09T18:54:33.1423992Z Leader [vllm-0] phase=Running ready=false
2026-02-09T18:54:33.1424296Z Leader not Ready yet...
2026-02-09T18:54:35.2749237Z Follower [vllm-0-1] phase=Running ready=false
2026-02-09T18:54:35.2749648Z Follower [vllm-0-1] not Ready yet...
2026-02-09T18:54:35.3876990Z Leader [vllm-0] phase=Running ready=false
2026-02-09T18:54:35.3877315Z Leader not Ready yet...
2026-02-09T18:54:37.5134398Z Follower [vllm-0-1] phase=Running ready=false
2026-02-09T18:54:37.5134790Z Follower [vllm-0-1] not Ready yet...
2026-02-09T18:54:37.6322662Z Leader [vllm-0] phase=Running ready=false
2026-02-09T18:54:37.6322965Z Leader not Ready yet...
2026-02-09T18:54:39.7581014Z Follower [vllm-0-1] phase=Running ready=false
2026-02-09T18:54:39.7581401Z Follower [vllm-0-1] not Ready yet...
2026-02-09T18:54:39.8745127Z Leader [vllm-0] phase=Running ready=false
2026-02-09T18:54:39.8745596Z Leader not Ready yet...
2026-02-09T18:54:41.9957166Z Follower [vllm-0-1] phase=Running ready=false
2026-02-09T18:54:41.9957505Z Follower [vllm-0-1] not Ready yet...
2026-02-09T18:54:42.1153356Z Leader [vllm-0] phase=Running ready=false
2026-02-09T18:54:42.1153669Z Leader not Ready yet...
2026-02-09T18:54:44.2431564Z Follower [vllm-0-1] phase=Running ready=false
2026-02-09T18:54:44.2431905Z Follower [vllm-0-1] not Ready yet...
2026-02-09T18:54:44.3704333Z Leader [vllm-0] phase=Running ready=false
2026-02-09T18:54:44.3704682Z Leader not Ready yet...
2026-02-09T18:54:46.4834760Z Follower [vllm-0-1] phase=Running ready=false
2026-02-09T18:54:46.4835104Z Follower [vllm-0-1] not Ready yet...
2026-02-09T18:54:46.6007798Z Leader [vllm-0] phase=Running ready=false
2026-02-09T18:54:46.6008222Z Leader not Ready yet...
2026-02-09T18:54:48.7230775Z Follower [vllm-0-1] phase=Running ready=false
2026-02-09T18:54:48.7231207Z Follower [vllm-0-1] not Ready yet...
2026-02-09T18:54:48.8380600Z Leader [vllm-0] phase=Running ready=false
2026-02-09T18:54:48.8380961Z Leader not Ready yet...
2026-02-09T18:54:50.9590961Z Follower [vllm-0-1] phase=Running ready=false
2026-02-09T18:54:50.9591310Z Follower [vllm-0-1] not Ready yet...
2026-02-09T18:54:51.0836962Z Leader [vllm-0] phase=Running ready=false
2026-02-09T18:54:51.0837307Z Leader not Ready yet...
2026-02-09T18:54:53.2008323Z Follower [vllm-0-1] phase=Running ready=false
2026-02-09T18:54:53.2008653Z Follower [vllm-0-1] not Ready yet...
2026-02-09T18:54:53.3263786Z Leader [vllm-0] phase=Running ready=false
2026-02-09T18:54:53.3264116Z Leader not Ready yet...
2026-02-09T18:54:55.4446770Z Follower [vllm-0-1] phase=Running ready=false
2026-02-09T18:54:55.4447173Z Follower [vllm-0-1] not Ready yet...
2026-02-09T18:54:55.5597184Z Leader [vllm-0] phase=Running ready=false
2026-02-09T18:54:55.5597486Z Leader not Ready yet...
2026-02-09T18:54:57.6753802Z Follower [vllm-0-1] phase=Running ready=false
2026-02-09T18:54:57.6754178Z Follower [vllm-0-1] not Ready yet...
2026-02-09T18:54:57.7923859Z Leader [vllm-0] phase=Running ready=false
2026-02-09T18:54:57.7924140Z Leader not Ready yet...
2026-02-09T18:54:59.9169457Z Follower [vllm-0-1] phase=Running ready=false
2026-02-09T18:54:59.9169766Z Follower [vllm-0-1] not Ready yet...
2026-02-09T18:55:00.0378520Z Leader [vllm-0] phase=Running ready=false
2026-02-09T18:55:00.0378809Z Leader not Ready yet...
2026-02-09T18:55:02.4176834Z Follower [vllm-0-1] phase=Running ready=false
2026-02-09T18:55:02.4177245Z Follower [vllm-0-1] not Ready yet...
2026-02-09T18:55:02.5369842Z Leader [vllm-0] phase=Running ready=false
2026-02-09T18:55:02.5370297Z Leader not Ready yet...
2026-02-09T18:55:04.6492185Z Follower [vllm-0-1] phase=Running ready=false
2026-02-09T18:55:04.6492620Z Follower [vllm-0-1] not Ready yet...
2026-02-09T18:55:04.7675699Z Leader [vllm-0] phase=Running ready=false
2026-02-09T18:55:04.7675992Z Leader not Ready yet...
2026-02-09T18:55:06.8902346Z Follower [vllm-0-1] phase=Running ready=false
2026-02-09T18:55:06.8902875Z Follower [vllm-0-1] not Ready yet...
2026-02-09T18:55:07.0058824Z Leader [vllm-0] phase=Running ready=false
2026-02-09T18:55:07.0059131Z Leader not Ready yet...
2026-02-09T18:55:09.1188815Z Follower [vllm-0-1] phase=Running ready=false
2026-02-09T18:55:09.1189164Z Follower [vllm-0-1] not Ready yet...
2026-02-09T18:55:09.2323843Z Leader [vllm-0] phase=Running ready=false
2026-02-09T18:55:09.2324232Z Leader not Ready yet...
2026-02-09T18:55:11.3440459Z Follower [vllm-0-1] phase=Running ready=false
2026-02-09T18:55:11.3440796Z Follower [vllm-0-1] not Ready yet...
2026-02-09T18:55:11.4591281Z Leader [vllm-0] phase=Running ready=false
2026-02-09T18:55:11.4591588Z Leader not Ready yet...
2026-02-09T18:55:13.5741160Z Follower [vllm-0-1] phase=Running ready=false
2026-02-09T18:55:13.5741512Z Follower [vllm-0-1] not Ready yet...
2026-02-09T18:55:13.6856195Z Leader [vllm-0] phase=Running ready=false
2026-02-09T18:55:13.6856550Z Leader not Ready yet...
2026-02-09T18:55:15.8008347Z Follower [vllm-0-1] phase=Running ready=false
2026-02-09T18:55:15.8008867Z Follower [vllm-0-1] not Ready yet...
2026-02-09T18:55:15.9136206Z Leader [vllm-0] phase=Running ready=false
2026-02-09T18:55:15.9136637Z Leader not Ready yet...
2026-02-09T18:55:18.0282458Z Follower [vllm-0-1] phase=Running ready=false
2026-02-09T18:55:18.0282924Z Follower [vllm-0-1] not Ready yet...
2026-02-09T18:55:18.1461089Z Leader [vllm-0] phase=Running ready=false
2026-02-09T18:55:18.1461484Z Leader not Ready yet...
2026-02-09T18:55:20.2639457Z Follower [vllm-0-1] phase=Running ready=false
2026-02-09T18:55:20.2639852Z Follower [vllm-0-1] not Ready yet...
2026-02-09T18:55:20.3791268Z Leader [vllm-0] phase=Running ready=false
2026-02-09T18:55:20.3791618Z Leader not Ready yet...
2026-02-09T18:55:22.4921971Z Follower [vllm-0-1] phase=Running ready=false
2026-02-09T18:55:22.4922550Z Follower [vllm-0-1] not Ready yet...
2026-02-09T18:55:22.6100180Z Leader [vllm-0] phase=Running ready=false
2026-02-09T18:55:22.6100515Z Leader not Ready yet...
2026-02-09T18:55:24.7263279Z Follower [vllm-0-1] phase=Running ready=false
2026-02-09T18:55:24.7263659Z Follower [vllm-0-1] not Ready yet...
2026-02-09T18:55:24.8399884Z Leader [vllm-0] phase=Running ready=false
2026-02-09T18:55:24.8400181Z Leader not Ready yet...
2026-02-09T18:55:26.9572574Z Follower [vllm-0-1] phase=Running ready=false
2026-02-09T18:55:26.9572934Z Follower [vllm-0-1] not Ready yet...
2026-02-09T18:55:27.0717816Z Leader [vllm-0] phase=Running ready=false
2026-02-09T18:55:27.0718279Z Leader not Ready yet...
2026-02-09T18:55:29.1873333Z Follower [vllm-0-1] phase=Running ready=false
2026-02-09T18:55:29.1873730Z Follower [vllm-0-1] not Ready yet...
2026-02-09T18:55:29.3085016Z Leader [vllm-0] phase=Running ready=false
2026-02-09T18:55:29.3085323Z Leader not Ready yet...
2026-02-09T18:55:31.4381674Z Follower [vllm-0-1] phase=Running ready=false
2026-02-09T18:55:31.4382132Z Follower [vllm-0-1] not Ready yet...
2026-02-09T18:55:31.5564203Z Leader [vllm-0] phase=Running ready=false
2026-02-09T18:55:31.5564654Z Leader not Ready yet...
2026-02-09T18:55:33.6781490Z Follower [vllm-0-1] phase=Running ready=false
2026-02-09T18:55:33.6781885Z Follower [vllm-0-1] not Ready yet...
2026-02-09T18:55:33.7990391Z Leader [vllm-0] phase=Running ready=false
2026-02-09T18:55:33.7990696Z Leader not Ready yet...
2026-02-09T18:55:35.9220991Z Follower [vllm-0-1] phase=Running ready=false
2026-02-09T18:55:35.9221310Z Follower [vllm-0-1] not Ready yet...
2026-02-09T18:55:36.0340318Z Leader [vllm-0] phase=Running ready=false
2026-02-09T18:55:36.0340659Z Leader not Ready yet...
2026-02-09T18:55:38.1577149Z Follower [vllm-0-1] phase=Running ready=false
2026-02-09T18:55:38.1577539Z Follower [vllm-0-1] not Ready yet...
2026-02-09T18:55:38.2764215Z Leader [vllm-0] phase=Running ready=false
2026-02-09T18:55:38.2764539Z Leader not Ready yet...
2026-02-09T18:55:40.4002507Z Follower [vllm-0-1] phase=Running ready=false
2026-02-09T18:55:40.4002899Z Follower [vllm-0-1] not Ready yet...
2026-02-09T18:55:40.5161116Z Leader [vllm-0] phase=Running ready=false
2026-02-09T18:55:40.5161924Z Leader not Ready yet...
2026-02-09T18:55:42.6406017Z Follower [vllm-0-1] phase=Running ready=false
2026-02-09T18:55:42.6406528Z Follower [vllm-0-1] not Ready yet...
2026-02-09T18:55:42.7653322Z Leader [vllm-0] phase=Running ready=false
2026-02-09T18:55:42.7653608Z Leader not Ready yet...
2026-02-09T18:55:44.8790379Z Follower [vllm-0-1] phase=Running ready=false
2026-02-09T18:55:44.8790727Z Follower [vllm-0-1] not Ready yet...
2026-02-09T18:55:44.9989491Z Leader [vllm-0] phase=Running ready=false
2026-02-09T18:55:44.9989757Z Leader not Ready yet...
2026-02-09T18:55:47.1234273Z Follower [vllm-0-1] phase=Running ready=false
2026-02-09T18:55:47.1234594Z Follower [vllm-0-1] not Ready yet...
2026-02-09T18:55:47.2425735Z Leader [vllm-0] phase=Running ready=false
2026-02-09T18:55:47.2426039Z Leader not Ready yet...
2026-02-09T18:55:49.3649346Z Follower [vllm-0-1] phase=Running ready=false
2026-02-09T18:55:49.3649812Z Follower [vllm-0-1] not Ready yet...
2026-02-09T18:55:49.4816518Z Leader [vllm-0] phase=Running ready=false
2026-02-09T18:55:49.4816825Z Leader not Ready yet...
2026-02-09T18:55:51.5969966Z Follower [vllm-0-1] phase=Running ready=false
2026-02-09T18:55:51.5970347Z Follower [vllm-0-1] not Ready yet...
2026-02-09T18:55:51.7096294Z Leader [vllm-0] phase=Running ready=false
2026-02-09T18:55:51.7096634Z Leader not Ready yet...
2026-02-09T18:55:53.8311368Z Follower [vllm-0-1] phase=Running ready=false
2026-02-09T18:55:53.8311804Z Follower [vllm-0-1] not Ready yet...
2026-02-09T18:55:53.9444003Z Leader [vllm-0] phase=Running ready=false
2026-02-09T18:55:53.9444338Z Leader not Ready yet...
2026-02-09T18:55:56.0782663Z Follower [vllm-0-1] phase=Running ready=false
2026-02-09T18:55:56.0783073Z Follower [vllm-0-1] not Ready yet...
2026-02-09T18:55:56.1920141Z Leader [vllm-0] phase=Running ready=false
2026-02-09T18:55:56.1920484Z Leader not Ready yet...
2026-02-09T18:55:58.3165185Z Follower [vllm-0-1] phase=Running ready=false
2026-02-09T18:55:58.3165496Z Follower [vllm-0-1] not Ready yet...
2026-02-09T18:55:58.4329822Z Leader [vllm-0] phase=Running ready=false
2026-02-09T18:55:58.4330129Z Leader not Ready yet...
2026-02-09T18:56:00.5456267Z Follower [vllm-0-1] phase=Running ready=false
2026-02-09T18:56:00.5456687Z Follower [vllm-0-1] not Ready yet...
2026-02-09T18:56:00.6654233Z Leader [vllm-0] phase=Running ready=false
2026-02-09T18:56:00.6654606Z Leader not Ready yet...
2026-02-09T18:56:02.7780254Z Follower [vllm-0-1] phase=Running ready=false
2026-02-09T18:56:02.7780576Z Follower [vllm-0-1] not Ready yet...
2026-02-09T18:56:02.8921483Z Leader [vllm-0] phase=Running ready=false
2026-02-09T18:56:02.8921759Z Leader not Ready yet...
2026-02-09T18:56:05.0007709Z Follower [vllm-0-1] phase=Running ready=false
2026-02-09T18:56:05.0008068Z Follower [vllm-0-1] not Ready yet...
2026-02-09T18:56:05.1192526Z Leader [vllm-0] phase=Running ready=false
2026-02-09T18:56:05.1192867Z Leader not Ready yet...
2026-02-09T18:56:07.2401268Z Follower [vllm-0-1] phase=Running ready=false
2026-02-09T18:56:07.2401652Z Follower [vllm-0-1] not Ready yet...
2026-02-09T18:56:07.3533917Z Leader [vllm-0] phase=Running ready=false
2026-02-09T18:56:07.3534187Z Leader not Ready yet...
2026-02-09T18:56:09.4767510Z Follower [vllm-0-1] phase=Running ready=false
2026-02-09T18:56:09.4767931Z Follower [vllm-0-1] not Ready yet...
2026-02-09T18:56:09.6044596Z Leader [vllm-0] phase=Running ready=false
2026-02-09T18:56:09.6044949Z Leader not Ready yet...
2026-02-09T18:56:11.7297055Z Follower [vllm-0-1] phase=Running ready=false
2026-02-09T18:56:11.7297404Z Follower [vllm-0-1] not Ready yet...
2026-02-09T18:56:11.8488866Z Leader [vllm-0] phase=Running ready=false
2026-02-09T18:56:11.8489227Z Leader not Ready yet...
2026-02-09T18:56:13.9760334Z Follower [vllm-0-1] phase=Running ready=false
2026-02-09T18:56:13.9760825Z Follower [vllm-0-1] not Ready yet...
2026-02-09T18:56:14.0935961Z Leader [vllm-0] phase=Running ready=false
2026-02-09T18:56:14.0936329Z Leader not Ready yet...
2026-02-09T18:56:16.2185027Z Follower [vllm-0-1] phase=Running ready=false
2026-02-09T18:56:16.2185619Z Follower [vllm-0-1] not Ready yet...
2026-02-09T18:56:16.3460710Z Leader [vllm-0] phase=Running ready=false
2026-02-09T18:56:16.3469898Z Leader not Ready yet...
2026-02-09T18:56:18.4768954Z Follower [vllm-0-1] phase=Running ready=false
2026-02-09T18:56:18.4769306Z Follower [vllm-0-1] not Ready yet...
2026-02-09T18:56:18.5904198Z Leader [vllm-0] phase=Running ready=false
2026-02-09T18:56:18.5904663Z Leader not Ready yet...
2026-02-09T18:56:20.7058940Z Follower [vllm-0-1] phase=Running ready=false
2026-02-09T18:56:20.7059285Z Follower [vllm-0-1] not Ready yet...
2026-02-09T18:56:20.8257321Z Leader [vllm-0] phase=Running ready=false
2026-02-09T18:56:20.8257633Z Leader not Ready yet...
2026-02-09T18:56:22.9477838Z Follower [vllm-0-1] phase=Running ready=false
2026-02-09T18:56:22.9478264Z Follower [vllm-0-1] not Ready yet...
2026-02-09T18:56:23.0699595Z Leader [vllm-0] phase=Running ready=false
2026-02-09T18:56:23.0699853Z Leader not Ready yet...
2026-02-09T18:56:25.2041688Z Follower [vllm-0-1] phase=Running ready=false
2026-02-09T18:56:25.2042252Z Follower [vllm-0-1] not Ready yet...
2026-02-09T18:56:25.3239530Z Leader [vllm-0] phase=Running ready=false
2026-02-09T18:56:25.3239826Z Leader not Ready yet...
2026-02-09T18:56:27.4456914Z Follower [vllm-0-1] phase=Running ready=false
2026-02-09T18:56:27.4457267Z Follower [vllm-0-1] not Ready yet...
2026-02-09T18:56:27.5695926Z Leader [vllm-0] phase=Running ready=false
2026-02-09T18:56:27.5696324Z Leader not Ready yet...
2026-02-09T18:56:29.6894055Z Follower [vllm-0-1] phase=Running ready=false
2026-02-09T18:56:29.6894472Z Follower [vllm-0-1] not Ready yet...
2026-02-09T18:56:29.8089287Z Leader [vllm-0] phase=Running ready=false
2026-02-09T18:56:29.8089592Z Leader not Ready yet...
2026-02-09T18:56:31.9326428Z Follower [vllm-0-1] phase=Running ready=false
2026-02-09T18:56:31.9326788Z Follower [vllm-0-1] not Ready yet...
2026-02-09T18:56:32.0473026Z Leader [vllm-0] phase=Running ready=false
2026-02-09T18:56:32.0473388Z Leader not Ready yet...
2026-02-09T18:56:34.1765346Z Follower [vllm-0-1] phase=Running ready=false
2026-02-09T18:56:34.1765790Z Follower [vllm-0-1] not Ready yet...
2026-02-09T18:56:34.2913692Z Leader [vllm-0] phase=Running ready=false
2026-02-09T18:56:34.2914055Z Leader not Ready yet...
2026-02-09T18:56:36.4110751Z Follower [vllm-0-1] phase=Running ready=false
2026-02-09T18:56:36.4111073Z Follower [vllm-0-1] not Ready yet...
2026-02-09T18:56:36.5394813Z Leader [vllm-0] phase=Running ready=false
2026-02-09T18:56:36.5395140Z Leader not Ready yet...
2026-02-09T18:56:38.6613885Z Follower [vllm-0-1] phase=Running ready=false
2026-02-09T18:56:38.6614220Z Follower [vllm-0-1] not Ready yet...
2026-02-09T18:56:38.7805573Z Leader [vllm-0] phase=Running ready=false
2026-02-09T18:56:38.7805945Z Leader not Ready yet...
2026-02-09T18:56:40.9101207Z Follower [vllm-0-1] phase=Running ready=false
2026-02-09T18:56:40.9101530Z Follower [vllm-0-1] not Ready yet...
2026-02-09T18:56:41.0356237Z Leader [vllm-0] phase=Running ready=false
2026-02-09T18:56:41.0356557Z Leader not Ready yet...
2026-02-09T18:56:43.1577025Z Follower [vllm-0-1] phase=Running ready=false
2026-02-09T18:56:43.1577416Z Follower [vllm-0-1] not Ready yet...
2026-02-09T18:56:43.2741665Z Leader [vllm-0] phase=Running ready=false
2026-02-09T18:56:43.2742135Z Leader not Ready yet...
2026-02-09T18:56:45.3943070Z Follower [vllm-0-1] phase=Running ready=false
2026-02-09T18:56:45.3943455Z Follower [vllm-0-1] not Ready yet...
2026-02-09T18:56:45.5185332Z Leader [vllm-0] phase=Running ready=false
2026-02-09T18:56:45.5185624Z Leader not Ready yet...
2026-02-09T18:56:47.6420655Z Follower [vllm-0-1] phase=Running ready=false
2026-02-09T18:56:47.6421001Z Follower [vllm-0-1] not Ready yet...
2026-02-09T18:56:47.7673238Z Leader [vllm-0] phase=Running ready=false
2026-02-09T18:56:47.7673541Z Leader not Ready yet...
2026-02-09T18:56:49.8784987Z Follower [vllm-0-1] phase=Running ready=false
2026-02-09T18:56:49.8785361Z Follower [vllm-0-1] not Ready yet...
2026-02-09T18:56:49.9975395Z Leader [vllm-0] phase=Running ready=false
2026-02-09T18:56:49.9975905Z Leader not Ready yet...
2026-02-09T18:56:52.1202681Z Follower [vllm-0-1] phase=Running ready=false
2026-02-09T18:56:52.1203031Z Follower [vllm-0-1] not Ready yet...
2026-02-09T18:56:52.2419707Z Leader [vllm-0] phase=Running ready=false
2026-02-09T18:56:52.2420065Z Leader not Ready yet...
2026-02-09T18:56:54.3657195Z Follower [vllm-0-1] phase=Running ready=false
2026-02-09T18:56:54.3657551Z Follower [vllm-0-1] not Ready yet...
2026-02-09T18:56:54.4864807Z Leader [vllm-0] phase=Running ready=false
2026-02-09T18:56:54.4865208Z Leader not Ready yet...
2026-02-09T18:56:56.6004216Z Follower [vllm-0-1] phase=Running ready=false
2026-02-09T18:56:56.6004716Z Follower [vllm-0-1] not Ready yet...
2026-02-09T18:56:56.7349592Z Leader [vllm-0] phase=Running ready=false
2026-02-09T18:56:56.7349900Z Leader not Ready yet...
2026-02-09T18:56:58.8530249Z Follower [vllm-0-1] phase=Running ready=false
2026-02-09T18:56:58.8530564Z Follower [vllm-0-1] not Ready yet...
2026-02-09T18:56:58.9648180Z Leader [vllm-0] phase=Running ready=false
2026-02-09T18:56:58.9648536Z Leader not Ready yet...
2026-02-09T18:57:01.0851026Z Follower [vllm-0-1] phase=Running ready=false
2026-02-09T18:57:01.0851401Z Follower [vllm-0-1] not Ready yet...
2026-02-09T18:57:01.2003770Z Leader [vllm-0] phase=Running ready=false
2026-02-09T18:57:01.2004203Z Leader not Ready yet...
2026-02-09T18:57:03.3174742Z Follower [vllm-0-1] phase=Running ready=false
2026-02-09T18:57:03.3175094Z Follower [vllm-0-1] not Ready yet...
2026-02-09T18:57:03.4290512Z Leader [vllm-0] phase=Running ready=false
2026-02-09T18:57:03.4290777Z Leader not Ready yet...
2026-02-09T18:57:05.5427215Z Follower [vllm-0-1] phase=Running ready=false
2026-02-09T18:57:05.5427622Z Follower [vllm-0-1] not Ready yet...
2026-02-09T18:57:05.6572742Z Leader [vllm-0] phase=Running ready=false
2026-02-09T18:57:05.6573096Z Leader not Ready yet...
2026-02-09T18:57:07.7853893Z Follower [vllm-0-1] phase=Running ready=false
2026-02-09T18:57:07.7854258Z Follower [vllm-0-1] not Ready yet...
2026-02-09T18:57:07.9065651Z Leader [vllm-0] phase=Running ready=false
2026-02-09T18:57:07.9065954Z Leader not Ready yet...
2026-02-09T18:57:10.0485174Z Follower [vllm-0-1] phase=Running ready=false
2026-02-09T18:57:10.0485600Z Follower [vllm-0-1] not Ready yet...
2026-02-09T18:57:10.1723765Z Leader [vllm-0] phase=Running ready=false
2026-02-09T18:57:10.1724077Z Leader not Ready yet...
2026-02-09T18:57:12.2947999Z Follower [vllm-0-1] phase=Running ready=false
2026-02-09T18:57:12.2948349Z Follower [vllm-0-1] not Ready yet...
2026-02-09T18:57:12.4260704Z Leader [vllm-0] phase=Running ready=false
2026-02-09T18:57:12.4261001Z Leader not Ready yet...
2026-02-09T18:57:14.5467390Z Follower [vllm-0-1] phase=Running ready=false
2026-02-09T18:57:14.5467696Z Follower [vllm-0-1] not Ready yet...
2026-02-09T18:57:14.6615257Z Leader [vllm-0] phase=Running ready=false
2026-02-09T18:57:14.6615710Z Leader not Ready yet...
2026-02-09T18:57:16.7874715Z Follower [vllm-0-1] phase=Running ready=false
2026-02-09T18:57:16.7875200Z Follower [vllm-0-1] not Ready yet...
2026-02-09T18:57:16.9129218Z Leader [vllm-0] phase=Running ready=false
2026-02-09T18:57:16.9131481Z Leader not Ready yet...
2026-02-09T18:57:19.0194366Z Follower [vllm-0-1] phase=Running ready=false
2026-02-09T18:57:19.0194744Z Follower [vllm-0-1] not Ready yet...
2026-02-09T18:57:19.1420998Z Leader [vllm-0] phase=Running ready=false
2026-02-09T18:57:19.1421327Z Leader not Ready yet...
2026-02-09T18:57:21.2727402Z Follower [vllm-0-1] phase=Running ready=false
2026-02-09T18:57:21.2727738Z Follower [vllm-0-1] not Ready yet...
2026-02-09T18:57:21.3901107Z Leader [vllm-0] phase=Running ready=false
2026-02-09T18:57:21.3901435Z Leader not Ready yet...
2026-02-09T18:57:23.5049957Z Follower [vllm-0-1] phase=Running ready=false
2026-02-09T18:57:23.5050374Z Follower [vllm-0-1] not Ready yet...
2026-02-09T18:57:23.6322310Z Leader [vllm-0] phase=Running ready=false
2026-02-09T18:57:23.6322708Z Leader not Ready yet...
2026-02-09T18:57:25.7460428Z Follower [vllm-0-1] phase=Running ready=false
2026-02-09T18:57:25.7461072Z Follower [vllm-0-1] not Ready yet...
2026-02-09T18:57:25.8697046Z Leader [vllm-0] phase=Running ready=false
2026-02-09T18:57:25.8697363Z Leader not Ready yet...
2026-02-09T18:57:27.9894687Z Follower [vllm-0-1] phase=Running ready=false
2026-02-09T18:57:27.9895038Z Follower [vllm-0-1] not Ready yet...
2026-02-09T18:57:28.1084622Z Leader [vllm-0] phase=Running ready=false
2026-02-09T18:57:28.1084945Z Leader not Ready yet...
2026-02-09T18:57:30.2400807Z Follower [vllm-0-1] phase=Running ready=false
2026-02-09T18:57:30.2401289Z Follower [vllm-0-1] not Ready yet...
2026-02-09T18:57:30.3582235Z Leader [vllm-0] phase=Running ready=false
2026-02-09T18:57:30.3582567Z Leader not Ready yet...
2026-02-09T18:57:32.4879166Z Follower [vllm-0-1] phase=Running ready=false
2026-02-09T18:57:32.4879538Z Follower [vllm-0-1] not Ready yet...
2026-02-09T18:57:32.6111336Z Leader [vllm-0] phase=Running ready=false
2026-02-09T18:57:32.6111743Z Leader not Ready yet...
2026-02-09T18:57:34.7272349Z Follower [vllm-0-1] phase=Running ready=false
2026-02-09T18:57:34.7272678Z Follower [vllm-0-1] not Ready yet...
2026-02-09T18:57:34.8415760Z Leader [vllm-0] phase=Running ready=false
2026-02-09T18:57:34.8416142Z Leader not Ready yet...
2026-02-09T18:57:36.9676197Z Follower [vllm-0-1] phase=Running ready=false
2026-02-09T18:57:36.9676501Z Follower [vllm-0-1] not Ready yet...
2026-02-09T18:57:37.0844739Z Leader [vllm-0] phase=Running ready=false
2026-02-09T18:57:37.0845404Z Leader not Ready yet...
2026-02-09T18:57:39.2016672Z Follower [vllm-0-1] phase=Running ready=false
2026-02-09T18:57:39.2017036Z Follower [vllm-0-1] not Ready yet...
2026-02-09T18:57:39.3200083Z Leader [vllm-0] phase=Running ready=false
2026-02-09T18:57:39.3200487Z Leader not Ready yet...
2026-02-09T18:57:41.4417200Z Follower [vllm-0-1] phase=Running ready=false
2026-02-09T18:57:41.4417561Z Follower [vllm-0-1] not Ready yet...
2026-02-09T18:57:41.5612159Z Leader [vllm-0] phase=Running ready=false
2026-02-09T18:57:41.5612556Z Leader not Ready yet...
2026-02-09T18:57:43.6873520Z Follower [vllm-0-1] phase=Running ready=false
2026-02-09T18:57:43.6873886Z Follower [vllm-0-1] not Ready yet...
2026-02-09T18:57:43.8095039Z Leader [vllm-0] phase=Running ready=false
2026-02-09T18:57:43.8095558Z Leader not Ready yet...
2026-02-09T18:57:45.9201699Z Follower [vllm-0-1] phase=Running ready=false
2026-02-09T18:57:45.9202187Z Follower [vllm-0-1] not Ready yet...
2026-02-09T18:57:46.0413481Z Leader [vllm-0] phase=Running ready=false
2026-02-09T18:57:46.0413801Z Leader not Ready yet...
2026-02-09T18:57:48.1634769Z Follower [vllm-0-1] phase=Running ready=false
2026-02-09T18:57:48.1635091Z Follower [vllm-0-1] not Ready yet...
2026-02-09T18:57:48.3068908Z Leader [vllm-0] phase=Running ready=false
2026-02-09T18:57:48.3069226Z Leader not Ready yet...
2026-02-09T18:57:50.4270454Z Follower [vllm-0-1] phase=Running ready=false
2026-02-09T18:57:50.4270865Z Follower [vllm-0-1] not Ready yet...
2026-02-09T18:57:50.5384790Z Leader [vllm-0] phase=Running ready=false
2026-02-09T18:57:50.5385132Z Leader not Ready yet...
2026-02-09T18:57:52.6533317Z Follower [vllm-0-1] phase=Running ready=false
2026-02-09T18:57:52.6533694Z Follower [vllm-0-1] not Ready yet...
2026-02-09T18:57:52.7757345Z Leader [vllm-0] phase=Running ready=false
2026-02-09T18:57:52.7757658Z Leader not Ready yet...
2026-02-09T18:57:54.9143587Z Follower [vllm-0-1] phase=Running ready=false
2026-02-09T18:57:54.9144131Z Follower [vllm-0-1] not Ready yet...
2026-02-09T18:57:55.0122711Z Leader [vllm-0] phase=Running ready=false
2026-02-09T18:57:55.0122964Z Leader not Ready yet...
2026-02-09T18:57:57.1291932Z Follower [vllm-0-1] phase=Running ready=false
2026-02-09T18:57:57.1292306Z Follower [vllm-0-1] not Ready yet...
2026-02-09T18:57:57.2414338Z Leader [vllm-0] phase=Running ready=false
2026-02-09T18:57:57.2414573Z Leader not Ready yet...
2026-02-09T18:57:59.3754772Z Follower [vllm-0-1] phase=Running ready=false
2026-02-09T18:57:59.3755054Z Follower [vllm-0-1] not Ready yet...
2026-02-09T18:57:59.4937063Z Leader [vllm-0] phase=Running ready=false
2026-02-09T18:57:59.4937553Z Leader not Ready yet...
2026-02-09T18:58:01.6194517Z Follower [vllm-0-1] phase=Running ready=false
2026-02-09T18:58:01.6194817Z Follower [vllm-0-1] not Ready yet...
2026-02-09T18:58:01.7343982Z Leader [vllm-0] phase=Running ready=false
2026-02-09T18:58:01.7344244Z Leader not Ready yet...
2026-02-09T18:58:03.8483620Z Follower [vllm-0-1] phase=Running ready=false
2026-02-09T18:58:03.8483922Z Follower [vllm-0-1] not Ready yet...
2026-02-09T18:58:03.9726016Z Leader [vllm-0] phase=Running ready=false
2026-02-09T18:58:03.9726254Z Leader not Ready yet...
2026-02-09T18:58:06.0925361Z Follower [vllm-0-1] phase=Running ready=false
2026-02-09T18:58:06.0925680Z Follower [vllm-0-1] not Ready yet...
2026-02-09T18:58:06.2243827Z Leader [vllm-0] phase=Running ready=false
2026-02-09T18:58:06.2244071Z Leader not Ready yet...
2026-02-09T18:58:08.2264825Z Timeout reached after 1200s
2026-02-09T18:58:08.2265073Z Dumping pod status for debugging:
2026-02-09T18:58:08.2906597Z NAME                                             READY   STATUS             RESTARTS        AGE
2026-02-09T18:58:08.2907038Z linux-aarch64-a3-0-wgt9d-runner-9lfvq            1/1     Running            0               24m
2026-02-09T18:58:08.2907524Z linux-aarch64-a3-0-wgt9d-runner-9lfvq-workflow   1/1     Running            0               24m
2026-02-09T18:58:08.2907911Z vllm-0                                           0/1     CrashLoopBackOff   8 (4m28s ago)   20m
2026-02-09T18:58:08.2908242Z vllm-0-1                                         0/1     CrashLoopBackOff   8 (4m34s ago)   20m
2026-02-09T18:58:08.3876849Z Name:             vllm-0
2026-02-09T18:58:08.3877120Z Namespace:        vllm-project
2026-02-09T18:58:08.3877306Z Priority:         0
2026-02-09T18:58:08.3877472Z Service Account:  default
2026-02-09T18:58:08.3877655Z Node:             172.22.5.36/172.22.5.36
2026-02-09T18:58:08.3877862Z Start Time:       Mon, 09 Feb 2026 18:37:44 +0000
2026-02-09T18:58:08.3878099Z Labels:           apps.kubernetes.io/pod-index=0
2026-02-09T18:58:08.3878374Z                   controller-revision-hash=vllm-5b6dfb7656
2026-02-09T18:58:08.3878885Z                   leaderworkerset.sigs.k8s.io/group-index=0
2026-02-09T18:58:08.3879286Z                   leaderworkerset.sigs.k8s.io/group-key=25e9b5ff19e8f82d5e17dacd84730be69a447a94
2026-02-09T18:58:08.3879632Z                   leaderworkerset.sigs.k8s.io/name=vllm
2026-02-09T18:58:08.3879916Z                   leaderworkerset.sigs.k8s.io/template-revision-hash=bf9955647
2026-02-09T18:58:08.3880222Z                   leaderworkerset.sigs.k8s.io/worker-index=0
2026-02-09T18:58:08.3880451Z                   role=leader
2026-02-09T18:58:08.3880657Z                   statefulset.kubernetes.io/pod-name=vllm-0
2026-02-09T18:58:08.3880956Z Annotations:      cce.kubectl.kubernetes.io/ascend-1980-configuration:
2026-02-09T18:58:08.3881499Z                     {"pod_name":"vllm-0","server_id":"172.22.5.36","devices":[{"device_id":"0","device_ip":"40.130.205.95","super_device_id":"134217728","tor_...
2026-02-09T18:58:08.3881906Z                   huawei.com/AscendReal:
2026-02-09T18:58:08.3882535Z                     Ascend910-4,Ascend910-3,Ascend910-13,Ascend910-6,Ascend910-9,Ascend910-10,Ascend910-11,Ascend910-1,Ascend910-8,Ascend910-15,Ascend910-5,As...
2026-02-09T18:58:08.3883054Z                   huawei.com/kltDev:
2026-02-09T18:58:08.3883547Z                     Ascend910-4,Ascend910-3,Ascend910-13,Ascend910-6,Ascend910-9,Ascend910-10,Ascend910-11,Ascend910-1,Ascend910-8,Ascend910-15,Ascend910-5,As...
2026-02-09T18:58:08.3884081Z                   leaderworkerset.sigs.k8s.io/size: 2
2026-02-09T18:58:08.3884320Z                   localdns.cce.io/servers: ["169.254.20.10"]
2026-02-09T18:58:08.3884585Z                   node-local-dns-webhook.k8s.io/status: injected
2026-02-09T18:58:08.3884821Z Status:           Running
2026-02-09T18:58:08.3884984Z IP:               10.0.0.238
2026-02-09T18:58:08.3885147Z IPs:
2026-02-09T18:58:08.3885282Z   IP:           10.0.0.238
2026-02-09T18:58:08.3885556Z Controlled By:  StatefulSet/vllm
2026-02-09T18:58:08.3885734Z Containers:
2026-02-09T18:58:08.3885869Z   vllm-leader:
2026-02-09T18:58:08.3886191Z     Container ID:  docker://6853574f4352a51e03a429f53621c132ec56398c59e8057ff70259b526509572
2026-02-09T18:58:08.3886645Z     Image:         swr.cn-southwest-2.myhuaweicloud.com/base_image/ascend-ci/vllm-ascend:nightly-a3
2026-02-09T18:58:08.3887317Z     Image ID:      docker-pullable://swr.cn-southwest-2.myhuaweicloud.com/base_image/ascend-ci/vllm-ascend@sha256:2dfc4b84a2ee25f3de553845aedf025c08860ceb39bb2310889982ddc550a3e6
2026-02-09T18:58:08.3887856Z     Port:          8080/TCP
2026-02-09T18:58:08.3888032Z     Host Port:     0/TCP
2026-02-09T18:58:08.3888186Z     Command:
2026-02-09T18:58:08.3888323Z       sh
2026-02-09T18:58:08.3888456Z       -c
2026-02-09T18:58:08.3888593Z       bash /root/.cache/tests/run.sh
2026-02-09T18:58:08.3888774Z       
2026-02-09T18:58:08.3888902Z     State:          Waiting
2026-02-09T18:58:08.3889077Z       Reason:       CrashLoopBackOff
2026-02-09T18:58:08.3889271Z     Last State:     Terminated
2026-02-09T18:58:08.3889435Z       Reason:       Error
2026-02-09T18:58:08.3889595Z       Exit Code:    1
2026-02-09T18:58:08.3889817Z       Started:      Mon, 09 Feb 2026 18:53:40 +0000
2026-02-09T18:58:08.3890035Z       Finished:     Mon, 09 Feb 2026 18:53:40 +0000
2026-02-09T18:58:08.3890234Z     Ready:          False
2026-02-09T18:58:08.3890392Z     Restart Count:  8
2026-02-09T18:58:08.3890538Z     Limits:
2026-02-09T18:58:08.3890682Z       ephemeral-storage:       100Gi
2026-02-09T18:58:08.3890867Z       huawei.com/ascend-1980:  16
2026-02-09T18:58:08.3891044Z       memory:                  512Gi
2026-02-09T18:58:08.3891303Z     Requests:
2026-02-09T18:58:08.3891441Z       cpu:                     125
2026-02-09T18:58:08.3891623Z       ephemeral-storage:       100Gi
2026-02-09T18:58:08.3891809Z       huawei.com/ascend-1980:  16
2026-02-09T18:58:08.3892187Z       memory:                  512Gi
2026-02-09T18:58:08.3892426Z     Environment:
2026-02-09T18:58:08.3892606Z       LWS_LEADER_ADDRESS:  vllm-0.vllm.vllm-project
2026-02-09T18:58:08.3892895Z       LWS_GROUP_SIZE:      2
2026-02-09T18:58:08.3893068Z       LWS_WORKER_INDEX:    0
2026-02-09T18:58:08.3893279Z       CONFIG_YAML_PATH:    DeepSeek-V3_2-W8A8-A3-dual-nodes.yaml
2026-02-09T18:58:08.3893519Z       WORKSPACE:           /vllm-workspace
2026-02-09T18:58:08.3893767Z       FAIL_TAG:            FAIL_TAG_DeepSeek-V3_2-W8A8-A3-dual-nodes.yaml
2026-02-09T18:58:08.3894007Z     Mounts:
2026-02-09T18:58:08.3894141Z       /dev/shm from dshm (rw)
2026-02-09T18:58:08.3894344Z       /root/.cache from shared-volume (rw)
2026-02-09T18:58:08.3894577Z       /usr/local/Ascend/driver/tools from driver-tools (rw)
2026-02-09T18:58:08.3894892Z       /var/run/secrets/kubernetes.io/serviceaccount from kube-api-access-vqr7z (ro)
2026-02-09T18:58:08.3895175Z Conditions:
2026-02-09T18:58:08.3895305Z   Type                        Status
2026-02-09T18:58:08.3895497Z   PodReadyToStartContainers   True 
2026-02-09T18:58:08.3895691Z   Initialized                 True 
2026-02-09T18:58:08.3895860Z   Ready                       False 
2026-02-09T18:58:08.3896040Z   ContainersReady             False 
2026-02-09T18:58:08.3896223Z   PodScheduled                True 
2026-02-09T18:58:08.3896386Z Volumes:
2026-02-09T18:58:08.3896513Z   dshm:
2026-02-09T18:58:08.3896714Z     Type:       EmptyDir (a temporary directory that shares a pod's lifetime)
2026-02-09T18:58:08.3896970Z     Medium:     Memory
2026-02-09T18:58:08.3897124Z     SizeLimit:  15Gi
2026-02-09T18:58:08.3897269Z   shared-volume:
2026-02-09T18:58:08.3897553Z     Type:       PersistentVolumeClaim (a reference to a PersistentVolumeClaim in the same namespace)
2026-02-09T18:58:08.3897899Z     ClaimName:  nv-action-vllm-benchmarks-v2
2026-02-09T18:58:08.3898090Z     ReadOnly:   false
2026-02-09T18:58:08.3898242Z   driver-tools:
2026-02-09T18:58:08.3898419Z     Type:          HostPath (bare host directory volume)
2026-02-09T18:58:08.3898645Z     Path:          /usr/local/Ascend/driver/tools
2026-02-09T18:58:08.3898916Z     HostPathType:  
2026-02-09T18:58:08.3899068Z   kube-api-access-vqr7z:
2026-02-09T18:58:08.3899338Z     Type:                    Projected (a volume that contains injected data from multiple sources)
2026-02-09T18:58:08.3899642Z     TokenExpirationSeconds:  3607
2026-02-09T18:58:08.3899838Z     ConfigMapName:           kube-root-ca.crt
2026-02-09T18:58:08.3900039Z     Optional:                false
2026-02-09T18:58:08.3900271Z     DownwardAPI:             true
2026-02-09T18:58:08.3900448Z QoS Class:                   Burstable
2026-02-09T18:58:08.3900637Z Node-Selectors:              <none>
2026-02-09T18:58:08.3900898Z Tolerations:                 node.kubernetes.io/not-ready:NoExecute op=Exists for 300s
2026-02-09T18:58:08.3901306Z                              node.kubernetes.io/unreachable:NoExecute op=Exists for 300s
2026-02-09T18:58:08.3901570Z Events:
2026-02-09T18:58:08.3901753Z   Type     Reason                 Age                 From               Message
2026-02-09T18:58:08.3902159Z   ----     ------                 ----                ----               -------
2026-02-09T18:58:08.3902575Z   Normal   Scheduled              20m                 default-scheduler  Successfully assigned vllm-project/vllm-0 to 172.22.5.36
2026-02-09T18:58:08.3903439Z   Normal   Pulled                 20m                 kubelet            spec.containers{vllm-leader}: Successfully pulled image "swr.cn-southwest-2.myhuaweicloud.com/base_image/ascend-ci/vllm-ascend:nightly-a3" in 43ms (43ms including waiting). Image size: 16683522688 bytes.
2026-02-09T18:58:08.3904512Z   Normal   SuccessfulMountVolume  20m (x2 over 20m)   kubelet            Successfully mounted volumes for pod "vllm-0_vllm-project(0adbd1ae-78be-404c-8bfb-1bd9fd66547b)"
2026-02-09T18:58:08.3905472Z   Normal   Pulled                 20m                 kubelet            spec.containers{vllm-leader}: Successfully pulled image "swr.cn-southwest-2.myhuaweicloud.com/base_image/ascend-ci/vllm-ascend:nightly-a3" in 59ms (59ms including waiting). Image size: 16683522688 bytes.
2026-02-09T18:58:08.3906414Z   Warning  BackOffStart           20m (x3 over 20m)   kubelet            spec.containers{vllm-leader}: Back-off restarting failed container
2026-02-09T18:58:08.3907131Z   Normal   Pulling                20m (x3 over 20m)   kubelet            spec.containers{vllm-leader}: Pulling image "swr.cn-southwest-2.myhuaweicloud.com/base_image/ascend-ci/vllm-ascend:nightly-a3"
2026-02-09T18:58:08.3907823Z   Normal   SuccessfulCreate       20m (x3 over 20m)   kubelet            spec.containers{vllm-leader}: Created container: vllm-leader
2026-02-09T18:58:08.3908352Z   Normal   Started                20m (x3 over 20m)   kubelet            spec.containers{vllm-leader}: Started container vllm-leader
2026-02-09T18:58:08.3909193Z   Normal   Pulled                 20m                 kubelet            spec.containers{vllm-leader}: Successfully pulled image "swr.cn-southwest-2.myhuaweicloud.com/base_image/ascend-ci/vllm-ascend:nightly-a3" in 117ms (117ms including waiting). Image size: 16683522688 bytes.
2026-02-09T18:58:08.3910090Z   Warning  BackOffStart           20m (x4 over 20m)   kubelet            spec.containers{vllm-leader}: the failed container exited with ExitCode: 1
2026-02-09T18:58:08.3910875Z   Warning  BackOffStart           14s (x97 over 20m)  kubelet            spec.containers{vllm-leader}: Back-off restarting failed container vllm-leader in pod vllm-0_vllm-project(0adbd1ae-78be-404c-8bfb-1bd9fd66547b)
2026-02-09T18:58:08.4662542Z ##[error]Error: failed to run script step: Error: command terminated with non-zero exit code: command terminated with exit code 1
2026-02-09T18:58:08.4702456Z ##[error]Process completed with exit code 1.
2026-02-09T18:58:08.4796892Z ##[error]Executing the custom container implementation failed. Please contact your self hosted runner administrator.
2026-02-09T18:58:08.5169990Z ##[group]Run actions/upload-artifact@v6
2026-02-09T18:58:08.5170196Z with:
2026-02-09T18:58:08.5170377Z   name: DeepSeek-V3_2-W8A8-A3-dual-nodes.yaml-pod-logs
2026-02-09T18:58:08.5170725Z   path: /tmp/vllm*_logs.txt
2026-02-09T18:58:08.5170897Z   retention-days: 7
2026-02-09T18:58:08.5171049Z   if-no-files-found: warn
2026-02-09T18:58:08.5171357Z   compression-level: 6
2026-02-09T18:58:08.5171521Z   overwrite: false
2026-02-09T18:58:08.5171679Z   include-hidden-files: false
2026-02-09T18:58:08.5171851Z env:
2026-02-09T18:58:08.5172133Z   FAIL_TAG: FAIL_TAG_DeepSeek-V3_2-W8A8-A3-dual-nodes.yaml
2026-02-09T18:58:08.5172367Z ##[endgroup]
2026-02-09T18:58:08.5196381Z ##[group]Run '/home/runner/k8s/index.js'
2026-02-09T18:58:08.5196996Z shell: /home/runner/externals/node20/bin/node {0}
2026-02-09T18:58:08.5197209Z ##[endgroup]
2026-02-09T18:58:08.8763560Z (node:10380) [DEP0005] DeprecationWarning: Buffer() is deprecated due to security and usability issues. Please use the Buffer.alloc(), Buffer.allocUnsafe(), or Buffer.from() methods instead.
2026-02-09T18:58:08.8764212Z (Use `node --trace-deprecation ...` to show where the warning was created)
2026-02-09T18:58:27.8211789Z ##[warning]No files were found with the provided path: /tmp/vllm*_logs.txt. No artifacts will be uploaded.
2026-02-09T18:58:46.0433153Z ##[group]Run kubectl get pods -n "$NAMESPACE" --ignore-not-found=true
2026-02-09T18:58:46.0433529Z [36;1mkubectl get pods -n "$NAMESPACE" --ignore-not-found=true[0m
2026-02-09T18:58:46.0433860Z [36;1mkubectl delete -f ./lws.yaml --ignore-not-found=true || true[0m
2026-02-09T18:58:46.0434186Z shell: bash -el {0}
2026-02-09T18:58:46.0434333Z env:
2026-02-09T18:58:46.0434527Z   FAIL_TAG: FAIL_TAG_DeepSeek-V3_2-W8A8-A3-dual-nodes.yaml
2026-02-09T18:58:46.0434747Z ##[endgroup]
2026-02-09T18:58:46.0504579Z ##[group]Run '/home/runner/k8s/index.js'
2026-02-09T18:58:46.0505300Z shell: /home/runner/externals/node20/bin/node {0}
2026-02-09T18:58:46.0505564Z ##[endgroup]
2026-02-09T18:58:46.3978142Z (node:11852) [DEP0005] DeprecationWarning: Buffer() is deprecated due to security and usability issues. Please use the Buffer.alloc(), Buffer.allocUnsafe(), or Buffer.from() methods instead.
2026-02-09T18:58:46.3978901Z (Use `node --trace-deprecation ...` to show where the warning was created)
2026-02-09T18:59:04.9733683Z NAME                                             READY   STATUS             RESTARTS      AGE
2026-02-09T18:59:04.9734098Z linux-aarch64-a3-0-wgt9d-runner-9lfvq            1/1     Running            0             25m
2026-02-09T18:59:05.0342194Z linux-aarch64-a3-0-wgt9d-runner-9lfvq-workflow   1/1     Running            0             25m
2026-02-09T18:59:05.0342617Z vllm-0                                           0/1     CrashLoopBackOff   9 (17s ago)   21m
2026-02-09T18:59:05.0342924Z vllm-0-1                                         0/1     CrashLoopBackOff   9 (18s ago)   21m
2026-02-09T18:59:05.0343298Z leaderworkerset.leaderworkerset.x-k8s.io "vllm" deleted from vllm-project namespace
2026-02-09T18:59:05.0502642Z service "vllm-leader" deleted from vllm-project namespace
2026-02-09T18:59:23.3718112Z Post job cleanup.
2026-02-09T18:59:23.3738638Z ##[group]Run '/home/runner/k8s/index.js'
2026-02-09T18:59:23.3739228Z shell: /home/runner/externals/node20/bin/node {0}
2026-02-09T18:59:23.3739438Z ##[endgroup]
2026-02-09T18:59:23.7222229Z (node:13509) [DEP0005] DeprecationWarning: Buffer() is deprecated due to security and usability issues. Please use the Buffer.alloc(), Buffer.allocUnsafe(), or Buffer.from() methods instead.
2026-02-09T18:59:23.7222907Z (Use `node --trace-deprecation ...` to show where the warning was created)
2026-02-09T18:59:42.3496091Z [command]/usr/bin/git version
2026-02-09T18:59:42.3732383Z git version 2.34.1
2026-02-09T18:59:42.3763803Z Copying '/root/.gitconfig' to '/__w/_temp/8dc3f292-f841-4c68-ba45-04c13e6b35f9/.gitconfig'
2026-02-09T18:59:42.3775413Z Temporarily overriding HOME='/__w/_temp/8dc3f292-f841-4c68-ba45-04c13e6b35f9' before making global git config changes
2026-02-09T18:59:42.3775937Z Adding repository directory to the temporary git global config as a safe directory
2026-02-09T18:59:42.3779795Z [command]/usr/bin/git config --global --add safe.directory /__w/vllm-ascend/vllm-ascend
2026-02-09T18:59:42.3817940Z Removing SSH command configuration
2026-02-09T18:59:42.3822587Z [command]/usr/bin/git config --local --name-only --get-regexp core\.sshCommand
2026-02-09T18:59:42.3877936Z [command]/usr/bin/git submodule foreach --recursive sh -c "git config --local --name-only --get-regexp 'core\.sshCommand' && git config --local --unset-all 'core.sshCommand' || :"
2026-02-09T18:59:42.4329357Z Removing HTTP extra header
2026-02-09T18:59:42.4330439Z [command]/usr/bin/git config --local --name-only --get-regexp http\.https\:\/\/github\.com\/\.extraheader
2026-02-09T18:59:42.4357321Z [command]/usr/bin/git submodule foreach --recursive sh -c "git config --local --name-only --get-regexp 'http\.https\:\/\/github\.com\/\.extraheader' && git config --local --unset-all 'http.https://github.com/.extraheader' || :"
2026-02-09T18:59:42.4538834Z Removing includeIf entries pointing to credentials config files
2026-02-09T18:59:42.4543733Z [command]/usr/bin/git config --local --name-only --get-regexp ^includeIf\.gitdir:
2026-02-09T18:59:42.4563117Z includeif.gitdir:/__w/vllm-ascend/vllm-ascend/.git.path
2026-02-09T18:59:42.4563421Z includeif.gitdir:/__w/vllm-ascend/vllm-ascend/.git/worktrees/*.path
2026-02-09T18:59:42.4563711Z includeif.gitdir:/github/workspace/.git.path
2026-02-09T18:59:42.4563969Z includeif.gitdir:/github/workspace/.git/worktrees/*.path
2026-02-09T18:59:42.4571012Z [command]/usr/bin/git config --local --get-all includeif.gitdir:/__w/vllm-ascend/vllm-ascend/.git.path
2026-02-09T18:59:42.4588822Z /__w/_temp/git-credentials-8a39cc64-50cd-4b86-9cfb-c717c11a82ff.config
2026-02-09T18:59:42.4597690Z [command]/usr/bin/git config --local --unset includeif.gitdir:/__w/vllm-ascend/vllm-ascend/.git.path /__w/_temp/git-credentials-8a39cc64-50cd-4b86-9cfb-c717c11a82ff.config
2026-02-09T18:59:42.4631669Z [command]/usr/bin/git config --local --get-all includeif.gitdir:/__w/vllm-ascend/vllm-ascend/.git/worktrees/*.path
2026-02-09T18:59:42.4650941Z /__w/_temp/git-credentials-8a39cc64-50cd-4b86-9cfb-c717c11a82ff.config
2026-02-09T18:59:42.4658605Z [command]/usr/bin/git config --local --unset includeif.gitdir:/__w/vllm-ascend/vllm-ascend/.git/worktrees/*.path /__w/_temp/git-credentials-8a39cc64-50cd-4b86-9cfb-c717c11a82ff.config
2026-02-09T18:59:42.4684845Z [command]/usr/bin/git config --local --get-all includeif.gitdir:/github/workspace/.git.path
2026-02-09T18:59:42.4703568Z /github/runner_temp/git-credentials-8a39cc64-50cd-4b86-9cfb-c717c11a82ff.config
2026-02-09T18:59:42.4710514Z [command]/usr/bin/git config --local --unset includeif.gitdir:/github/workspace/.git.path /github/runner_temp/git-credentials-8a39cc64-50cd-4b86-9cfb-c717c11a82ff.config
2026-02-09T18:59:42.4738243Z [command]/usr/bin/git config --local --get-all includeif.gitdir:/github/workspace/.git/worktrees/*.path
2026-02-09T18:59:42.4756363Z /github/runner_temp/git-credentials-8a39cc64-50cd-4b86-9cfb-c717c11a82ff.config
2026-02-09T18:59:42.4762834Z [command]/usr/bin/git config --local --unset includeif.gitdir:/github/workspace/.git/worktrees/*.path /github/runner_temp/git-credentials-8a39cc64-50cd-4b86-9cfb-c717c11a82ff.config
2026-02-09T18:59:42.4794375Z [command]/usr/bin/git submodule foreach --recursive git config --local --show-origin --name-only --get-regexp remote.origin.url
2026-02-09T18:59:42.4987775Z Removing credentials config '/__w/_temp/git-credentials-8a39cc64-50cd-4b86-9cfb-c717c11a82ff.config'
2026-02-09T19:00:00.8716247Z ##[group]Run '/home/runner/k8s/index.js'
2026-02-09T19:00:00.8716899Z shell: /home/runner/externals/node20/bin/node {0}
2026-02-09T19:00:00.8717113Z ##[endgroup]
2026-02-09T19:00:01.3695292Z Cleaning up orphan processes
