# Run ID: 22315540111
# Commit: f0caeeadcb37261beebd4a6e32934fa9f460db98
# Job: single-node (deepseek3_2-w8a8, linux-aarch64-a3-16, tests/e2e/nightly/single_node/models/test_dee... / tests/e2e/nightly/single_node/models/test_deepseek_v3_2_w8a8.py
# Date: 2026-02-23
============================================================

ï»¿2026-02-23T21:37:53.9717791Z Current runner version: '2.330.0'
2026-02-23T21:37:53.9725010Z Runner name: 'linux-aarch64-a3-16-jl5bl-runner-qnrjg'
2026-02-23T21:37:53.9726111Z Runner group name: 'Default'
2026-02-23T21:37:53.9727150Z Machine name: 'linux-aarch64-a3-16-jl5bl-runner-qnrjg'
2026-02-23T21:37:53.9733516Z ##[group]GITHUB_TOKEN Permissions
2026-02-23T21:37:53.9736824Z Actions: write
2026-02-23T21:37:53.9737542Z ArtifactMetadata: write
2026-02-23T21:37:53.9738160Z Attestations: write
2026-02-23T21:37:53.9738763Z Checks: write
2026-02-23T21:37:53.9739320Z Contents: write
2026-02-23T21:37:53.9739900Z Deployments: write
2026-02-23T21:37:53.9740488Z Discussions: write
2026-02-23T21:37:53.9741048Z Issues: write
2026-02-23T21:37:53.9741602Z Metadata: read
2026-02-23T21:37:53.9742162Z Models: read
2026-02-23T21:37:53.9742723Z Packages: write
2026-02-23T21:37:53.9743370Z Pages: write
2026-02-23T21:37:53.9743945Z PullRequests: write
2026-02-23T21:37:53.9744507Z RepositoryProjects: write
2026-02-23T21:37:53.9745578Z SecurityEvents: write
2026-02-23T21:37:53.9746279Z Statuses: write
2026-02-23T21:37:53.9746856Z ##[endgroup]
2026-02-23T21:37:53.9749454Z Secret source: Actions
2026-02-23T21:37:53.9750541Z Prepare workflow directory
2026-02-23T21:37:54.0715313Z Prepare all required actions
2026-02-23T21:37:54.0790216Z Uses: vllm-project/vllm-ascend/.github/workflows/_e2e_nightly_single_node.yaml@refs/heads/main (f0caeeadcb37261beebd4a6e32934fa9f460db98)
2026-02-23T21:37:54.0796253Z ##[group] Inputs
2026-02-23T21:37:54.0796961Z   runner: linux-aarch64-a3-16
2026-02-23T21:37:54.0797997Z   image: swr.cn-southwest-2.myhuaweicloud.com/base_image/ascend-ci/vllm-ascend:nightly-a3
2026-02-23T21:37:54.0799230Z   tests: tests/e2e/nightly/single_node/models/test_deepseek_v3_2_w8a8.py
2026-02-23T21:37:54.0800169Z   name: deepseek3_2-w8a8
2026-02-23T21:37:54.0800765Z ##[endgroup]
2026-02-23T21:37:54.0802306Z Complete job name: single-node (deepseek3_2-w8a8, linux-aarch64-a3-16, tests/e2e/nightly/single_node/models/test_dee... / tests/e2e/nightly/single_node/models/test_deepseek_v3_2_w8a8.py
2026-02-23T21:37:54.1566474Z ##[group]Run '/home/runner/k8s/index.js'
2026-02-23T21:37:54.1576807Z shell: /home/runner/externals/node20/bin/node {0}
2026-02-23T21:37:54.1578075Z ##[endgroup]
2026-02-23T21:38:25.9360228Z (node:54) [DEP0005] DeprecationWarning: Buffer() is deprecated due to security and usability issues. Please use the Buffer.alloc(), Buffer.allocUnsafe(), or Buffer.from() methods instead.
2026-02-23T21:38:25.9361558Z (Use `node --trace-deprecation ...` to show where the warning was created)
2026-02-23T21:38:26.5115046Z ##[group]Run npu-smi info
2026-02-23T21:38:26.5115548Z [36;1mnpu-smi info[0m
2026-02-23T21:38:26.5116160Z [36;1mcat /usr/local/Ascend/ascend-toolkit/latest/"$(uname -i)"-linux/ascend_toolkit_install.info[0m
2026-02-23T21:38:26.5117144Z shell: bash -el {0}
2026-02-23T21:38:26.5117447Z env:
2026-02-23T21:38:26.5117709Z   HF_HUB_OFFLINE: 1
2026-02-23T21:38:26.5118023Z   VLLM_USE_MODELSCOPE: true
2026-02-23T21:38:26.5118343Z ##[endgroup]
2026-02-23T21:38:26.5258568Z ##[group]Run '/home/runner/k8s/index.js'
2026-02-23T21:38:26.5259953Z shell: /home/runner/externals/node20/bin/node {0}
2026-02-23T21:38:26.5260368Z ##[endgroup]
2026-02-23T21:38:27.0869412Z (node:77) [DEP0005] DeprecationWarning: Buffer() is deprecated due to security and usability issues. Please use the Buffer.alloc(), Buffer.allocUnsafe(), or Buffer.from() methods instead.
2026-02-23T21:38:27.0870597Z (Use `node --trace-deprecation ...` to show where the warning was created)
2026-02-23T21:38:29.8468000Z +------------------------------------------------------------------------------------------------+
2026-02-23T21:38:29.8468817Z | npu-smi 25.5.0                   Version: 25.5.0                                               |
2026-02-23T21:38:29.8469464Z +---------------------------+---------------+----------------------------------------------------+
2026-02-23T21:38:29.8470132Z | NPU   Name                | Health        | Power(W)    Temp(C)           Hugepages-Usage(page)|
2026-02-23T21:38:29.8471362Z | Chip  Phy-ID              | Bus-Id        | AICore(%)   Memory-Usage(MB)  HBM-Usage(MB)        |
2026-02-23T21:38:29.8471950Z +===========================+===============+====================================================+
2026-02-23T21:38:29.8472495Z | 0     Ascend910           | OK            | 161.7       37                0    / 0             |
2026-02-23T21:38:29.8473164Z | 0     0                   | 0000:9D:00.0  | 0           0    / 0          3154 / 65536         |
2026-02-23T21:38:29.8473761Z +------------------------------------------------------------------------------------------------+
2026-02-23T21:38:29.8474410Z | 0     Ascend910           | OK            | -           35                0    / 0             |
2026-02-23T21:38:29.8475076Z | 1     1                   | 0000:9F:00.0  | 0           0    / 0          2898 / 65536         |
2026-02-23T21:38:29.8475613Z +===========================+===============+====================================================+
2026-02-23T21:38:29.8476166Z | 1     Ascend910           | OK            | 164.4       36                0    / 0             |
2026-02-23T21:38:29.8476730Z | 0     2                   | 0000:99:00.0  | 0           0    / 0          3162 / 65536         |
2026-02-23T21:38:29.8477324Z +------------------------------------------------------------------------------------------------+
2026-02-23T21:38:29.8477992Z | 1     Ascend910           | OK            | -           36                0    / 0             |
2026-02-23T21:38:29.8478548Z | 1     3                   | 0000:9B:00.0  | 0           0    / 0          2883 / 65536         |
2026-02-23T21:38:29.8479122Z +===========================+===============+====================================================+
2026-02-23T21:38:29.8479665Z | 2     Ascend910           | OK            | 163.4       36                0    / 0             |
2026-02-23T21:38:29.8480211Z | 0     4                   | 0000:95:00.0  | 0           0    / 0          3150 / 65536         |
2026-02-23T21:38:29.8480801Z +------------------------------------------------------------------------------------------------+
2026-02-23T21:38:29.8481522Z | 2     Ascend910           | OK            | -           37                0    / 0             |
2026-02-23T21:38:29.8482078Z | 1     5                   | 0000:97:00.0  | 0           0    / 0          2896 / 65536         |
2026-02-23T21:38:29.8482587Z +===========================+===============+====================================================+
2026-02-23T21:38:29.8483388Z | 3     Ascend910           | OK            | 170.0       37                0    / 0             |
2026-02-23T21:38:29.8484085Z | 0     6                   | 0000:91:00.0  | 0           0    / 0          3160 / 65536         |
2026-02-23T21:38:29.8484655Z +------------------------------------------------------------------------------------------------+
2026-02-23T21:38:29.8485445Z | 3     Ascend910           | OK            | -           36                0    / 0             |
2026-02-23T21:38:29.8486007Z | 1     7                   | 0000:93:00.0  | 0           0    / 0          2884 / 65536         |
2026-02-23T21:38:29.8486505Z +===========================+===============+====================================================+
2026-02-23T21:38:29.8487052Z | 4     Ascend910           | OK            | 165.9       37                0    / 0             |
2026-02-23T21:38:29.8487597Z | 0     8                   | 0000:8D:00.0  | 0           0    / 0          3150 / 65536         |
2026-02-23T21:38:29.8488184Z +------------------------------------------------------------------------------------------------+
2026-02-23T21:38:29.8488780Z | 4     Ascend910           | OK            | -           36                0    / 0             |
2026-02-23T21:38:29.8489319Z | 1     9                   | 0000:8F:00.0  | 0           0    / 0          2894 / 65536         |
2026-02-23T21:38:29.8489833Z +===========================+===============+====================================================+
2026-02-23T21:38:29.8490482Z | 5     Ascend910           | OK            | 162.0       34                0    / 0             |
2026-02-23T21:38:29.8491048Z | 0     10                  | 0000:89:00.0  | 0           0    / 0          3150 / 65536         |
2026-02-23T21:38:29.8491639Z +------------------------------------------------------------------------------------------------+
2026-02-23T21:38:29.8492229Z | 5     Ascend910           | OK            | -           36                0    / 0             |
2026-02-23T21:38:29.8492787Z | 1     11                  | 0000:8B:00.0  | 0           0    / 0          2895 / 65536         |
2026-02-23T21:38:30.1487362Z +===========================+===============+====================================================+
2026-02-23T21:38:30.1487984Z | 6     Ascend910           | OK            | 161.4       37                0    / 0             |
2026-02-23T21:38:30.1488516Z | 0     12                  | 0000:85:00.0  | 0           0    / 0          3151 / 65536         |
2026-02-23T21:38:30.1489213Z +------------------------------------------------------------------------------------------------+
2026-02-23T21:38:30.1489778Z | 6     Ascend910           | OK            | -           36                0    / 0             |
2026-02-23T21:38:30.1490302Z | 1     13                  | 0000:87:00.0  | 0           0    / 0          2895 / 65536         |
2026-02-23T21:38:30.1490782Z +===========================+===============+====================================================+
2026-02-23T21:38:30.1491284Z | 7     Ascend910           | OK            | 164.9       37                0    / 0             |
2026-02-23T21:38:30.1491809Z | 0     14                  | 0000:81:00.0  | 0           0    / 0          3160 / 65536         |
2026-02-23T21:38:30.1492351Z +------------------------------------------------------------------------------------------------+
2026-02-23T21:38:30.1493034Z | 7     Ascend910           | OK            | -           37                0    / 0             |
2026-02-23T21:38:30.1493565Z | 1     15                  | 0000:83:00.0  | 0           0    / 0          2885 / 65536         |
2026-02-23T21:38:30.1494037Z +===========================+===============+====================================================+
2026-02-23T21:38:30.1494573Z +---------------------------+---------------+----------------------------------------------------+
2026-02-23T21:38:30.1495432Z | NPU     Chip              | Process id    | Process name             | Process memory(MB)      |
2026-02-23T21:38:30.1496369Z +===========================+===============+====================================================+
2026-02-23T21:38:30.1497016Z | No running processes found in NPU 0                                                            |
2026-02-23T21:38:30.1497552Z +===========================+===============+====================================================+
2026-02-23T21:38:30.1498102Z | No running processes found in NPU 1                                                            |
2026-02-23T21:38:30.1498643Z +===========================+===============+====================================================+
2026-02-23T21:38:30.1499189Z | No running processes found in NPU 2                                                            |
2026-02-23T21:38:30.1499730Z +===========================+===============+====================================================+
2026-02-23T21:38:30.1500260Z | No running processes found in NPU 3                                                            |
2026-02-23T21:38:30.1500813Z +===========================+===============+====================================================+
2026-02-23T21:38:30.1501344Z | No running processes found in NPU 4                                                            |
2026-02-23T21:38:30.1501885Z +===========================+===============+====================================================+
2026-02-23T21:38:30.1502420Z | No running processes found in NPU 5                                                            |
2026-02-23T21:38:30.1503184Z +===========================+===============+====================================================+
2026-02-23T21:38:30.1503734Z | No running processes found in NPU 6                                                            |
2026-02-23T21:38:30.1504344Z +===========================+===============+====================================================+
2026-02-23T21:38:30.1505040Z | No running processes found in NPU 7                                                            |
2026-02-23T21:38:30.1505573Z +===========================+===============+====================================================+
2026-02-23T21:38:30.1536267Z package_name=Ascend-cann-toolkit
2026-02-23T21:38:30.1536595Z version=8.5.0
2026-02-23T21:38:30.1536841Z innerversion=V100R001C25SPC001B232
2026-02-23T21:38:30.1537394Z compatible_version=[V100R001C15],[V100R001C18],[V100R001C19],[V100R001C20],[V100R001C21],[V100R001C23]
2026-02-23T21:38:30.1537926Z arch=aarch64
2026-02-23T21:38:30.1538146Z os=linux
2026-02-23T21:38:30.1538377Z path=/usr/local/Ascend/cann-8.5.0
2026-02-23T21:38:30.6749096Z ##[group]Run echo "Installed vLLM-related Python packages:"
2026-02-23T21:38:30.6749691Z [36;1mecho "Installed vLLM-related Python packages:"[0m
2026-02-23T21:38:30.6750174Z [36;1mpip list | grep vllm || echo "No vllm packages found."[0m
2026-02-23T21:38:30.6750558Z [36;1m[0m
2026-02-23T21:38:30.6750775Z [36;1mecho ""[0m
2026-02-23T21:38:30.6751013Z [36;1mecho "============================"[0m
2026-02-23T21:38:30.6751349Z [36;1mecho "vLLM Git information"[0m
2026-02-23T21:38:30.6751657Z [36;1mecho "============================"[0m
2026-02-23T21:38:30.6751965Z [36;1mcd vllm[0m
2026-02-23T21:38:30.6752204Z [36;1mif [ -d .git ]; then[0m
2026-02-23T21:38:30.6752558Z [36;1m  echo "Branch:      $(git rev-parse --abbrev-ref HEAD)"[0m
2026-02-23T21:38:30.6753137Z [36;1m  echo "Commit hash: $(git rev-parse HEAD)"[0m
2026-02-23T21:38:30.6753581Z [36;1m  echo "Author:      $(git log -1 --pretty=format:'%an <%ae>')"[0m
2026-02-23T21:38:30.6754186Z [36;1m  echo "Date:        $(git log -1 --pretty=format:'%ad' --date=iso)"[0m
2026-02-23T21:38:30.6754685Z [36;1m  echo "Message:     $(git log -1 --pretty=format:'%s')"[0m
2026-02-23T21:38:30.6755368Z [36;1m  echo "Tags:        $(git tag --points-at HEAD || echo 'None')"[0m
2026-02-23T21:38:30.6755835Z [36;1m  echo "Remote:      $(git remote -v | head -n1)"[0m
2026-02-23T21:38:30.6756199Z [36;1m  echo ""[0m
2026-02-23T21:38:30.6756434Z [36;1melse[0m
2026-02-23T21:38:30.6756692Z [36;1m  echo "No .git directory found in vllm"[0m
2026-02-23T21:38:30.6757025Z [36;1mfi[0m
2026-02-23T21:38:30.6757223Z [36;1mcd ..[0m
2026-02-23T21:38:30.6757438Z [36;1m[0m
2026-02-23T21:38:30.6757633Z [36;1mecho ""[0m
2026-02-23T21:38:30.6757877Z [36;1mecho "============================"[0m
2026-02-23T21:38:30.6758210Z [36;1mecho "vLLM-Ascend Git information"[0m
2026-02-23T21:38:30.6758549Z [36;1mecho "============================"[0m
2026-02-23T21:38:30.6758864Z [36;1mcd vllm-ascend[0m
2026-02-23T21:38:30.6759144Z [36;1mif [ -d .git ]; then[0m
2026-02-23T21:38:30.6759506Z [36;1m  echo "Branch:      $(git rev-parse --abbrev-ref HEAD)"[0m
2026-02-23T21:38:30.6759937Z [36;1m  echo "Commit hash: $(git rev-parse HEAD)"[0m
2026-02-23T21:38:30.6760386Z [36;1m  echo "Author:      $(git log -1 --pretty=format:'%an <%ae>')"[0m
2026-02-23T21:38:30.6760892Z [36;1m  echo "Date:        $(git log -1 --pretty=format:'%ad' --date=iso)"[0m
2026-02-23T21:38:30.6761519Z [36;1m  echo "Message:     $(git log -1 --pretty=format:'%s')"[0m
2026-02-23T21:38:30.6762104Z [36;1m  echo "Tags:        $(git tag --points-at HEAD || echo 'None')"[0m
2026-02-23T21:38:30.6762696Z [36;1m  echo "Remote:      $(git remote -v | head -n1)"[0m
2026-02-23T21:38:30.6763279Z [36;1m  echo ""[0m
2026-02-23T21:38:30.6763563Z [36;1melse[0m
2026-02-23T21:38:30.6763949Z [36;1m  echo "No .git directory found in vllm-ascend"[0m
2026-02-23T21:38:30.6764368Z [36;1mfi[0m
2026-02-23T21:38:30.6764670Z [36;1mcd ..[0m
2026-02-23T21:38:30.6765532Z shell: bash -el {0}
2026-02-23T21:38:30.6765906Z env:
2026-02-23T21:38:30.6766223Z   HF_HUB_OFFLINE: 1
2026-02-23T21:38:30.6766512Z   VLLM_USE_MODELSCOPE: true
2026-02-23T21:38:30.6766901Z ##[endgroup]
2026-02-23T21:38:30.6873920Z ##[group]Run '/home/runner/k8s/index.js'
2026-02-23T21:38:30.6876013Z shell: /home/runner/externals/node20/bin/node {0}
2026-02-23T21:38:30.6876724Z ##[endgroup]
2026-02-23T21:38:31.2362722Z (node:111) [DEP0005] DeprecationWarning: Buffer() is deprecated due to security and usability issues. Please use the Buffer.alloc(), Buffer.allocUnsafe(), or Buffer.from() methods instead.
2026-02-23T21:38:31.2365221Z (Use `node --trace-deprecation ...` to show where the warning was created)
2026-02-23T21:38:32.0526410Z Installed vLLM-related Python packages:
2026-02-23T21:38:33.1737608Z ais_bench_benchmark               3.0.20250930                /vllm-workspace/vllm-ascend/benchmark
2026-02-23T21:38:33.1738321Z vllm                              0.15.0+empty                /vllm-workspace/vllm
2026-02-23T21:38:33.1739698Z vllm_ascend                       0.14.0rc2.dev171+gf0caeeadc /vllm-workspace/vllm-ascend
2026-02-23T21:38:33.1740248Z 
2026-02-23T21:38:33.1740343Z ============================
2026-02-23T21:38:33.1740624Z vLLM Git information
2026-02-23T21:38:33.1740859Z ============================
2026-02-23T21:38:33.1944115Z Branch:      HEAD
2026-02-23T21:38:33.1963564Z Commit hash: f176443446f659dbab5315e056e605d8984fd976
2026-02-23T21:38:33.2038363Z Author:      TJian <tunjian.tan@embeddedllm.com>
2026-02-23T21:38:33.2060300Z Date:        2026-01-29 14:45:42 +0800
2026-02-23T21:38:33.2085395Z Message:     [Release] [CI] Optim release pipeline (#33156)
2026-02-23T21:38:33.2109271Z Tags:        v0.15.0
2026-02-23T21:38:33.2137786Z Remote:      origin	https://gh-proxy.test.osinfra.cn/https://github.com/vllm-project/vllm.git (fetch)
2026-02-23T21:38:33.2138287Z 
2026-02-23T21:38:33.2138294Z 
2026-02-23T21:38:33.2138384Z ============================
2026-02-23T21:38:33.2138832Z vLLM-Ascend Git information
2026-02-23T21:38:33.2139108Z ============================
2026-02-23T21:38:33.2197369Z Branch:      main
2026-02-23T21:38:33.2252284Z Commit hash: f0caeeadcb37261beebd4a6e32934fa9f460db98
2026-02-23T21:38:33.2296821Z Author:      Nengjun Ma <nengjunma@outlook.com>
2026-02-23T21:38:33.2320019Z Date:        2026-02-14 18:54:04 +0800
2026-02-23T21:38:33.2344835Z Message:     [CI] unlock when load model (#6771)
2026-02-23T21:38:33.2600045Z Tags:        
2026-02-23T21:38:33.2629244Z Remote:      origin	https://gh-proxy.test.osinfra.cn/https://github.com/vllm-project/vllm-ascend (fetch)
2026-02-23T21:38:33.2629769Z 
2026-02-23T21:38:33.6757941Z ##[group]Run apt-get update && apt-get -y install clang-15
2026-02-23T21:38:33.6758458Z [36;1mapt-get update && apt-get -y install clang-15[0m
2026-02-23T21:38:33.6759006Z [36;1mupdate-alternatives --install /usr/bin/clang clang /usr/bin/clang-15 20[0m
2026-02-23T21:38:33.6759697Z [36;1mupdate-alternatives --install /usr/bin/clang++ clang++ /usr/bin/clang++-15 20[0m
2026-02-23T21:38:33.6760333Z shell: bash -l {0}
2026-02-23T21:38:33.6760570Z env:
2026-02-23T21:38:33.6760776Z   HF_HUB_OFFLINE: 1
2026-02-23T21:38:33.6761032Z   VLLM_USE_MODELSCOPE: true
2026-02-23T21:38:33.6761294Z ##[endgroup]
2026-02-23T21:38:33.6843509Z ##[group]Run '/home/runner/k8s/index.js'
2026-02-23T21:38:33.6844555Z shell: /home/runner/externals/node20/bin/node {0}
2026-02-23T21:38:33.6845077Z ##[endgroup]
2026-02-23T21:38:34.2299853Z (node:154) [DEP0005] DeprecationWarning: Buffer() is deprecated due to security and usability issues. Please use the Buffer.alloc(), Buffer.allocUnsafe(), or Buffer.from() methods instead.
2026-02-23T21:38:34.2300984Z (Use `node --trace-deprecation ...` to show where the warning was created)
2026-02-23T21:38:35.6907280Z Get:1 http://ports.ubuntu.com/ubuntu-ports jammy InRelease [270 kB]
2026-02-23T21:38:37.1028707Z Get:2 http://ports.ubuntu.com/ubuntu-ports jammy-updates InRelease [128 kB]
2026-02-23T21:38:37.4530715Z Get:3 http://ports.ubuntu.com/ubuntu-ports jammy-backports InRelease [127 kB]
2026-02-23T21:38:37.8013660Z Get:4 http://ports.ubuntu.com/ubuntu-ports jammy-security InRelease [129 kB]
2026-02-23T21:38:38.1538658Z Get:5 http://ports.ubuntu.com/ubuntu-ports jammy/multiverse arm64 Packages [224 kB]
2026-02-23T21:38:38.7647498Z Get:6 http://ports.ubuntu.com/ubuntu-ports jammy/restricted arm64 Packages [24.2 kB]
2026-02-23T21:38:39.2534018Z Get:7 http://ports.ubuntu.com/ubuntu-ports jammy/universe arm64 Packages [17.2 MB]
2026-02-23T21:38:41.8303924Z Get:8 http://ports.ubuntu.com/ubuntu-ports jammy/main arm64 Packages [1758 kB]
2026-02-23T21:38:41.9336461Z Get:9 http://ports.ubuntu.com/ubuntu-ports jammy-updates/universe arm64 Packages [1659 kB]
2026-02-23T21:38:42.0695119Z Get:10 http://ports.ubuntu.com/ubuntu-ports jammy-updates/multiverse arm64 Packages [47.7 kB]
2026-02-23T21:38:42.0719968Z Get:11 http://ports.ubuntu.com/ubuntu-ports jammy-updates/restricted arm64 Packages [6616 kB]
2026-02-23T21:38:42.5415762Z Get:12 http://ports.ubuntu.com/ubuntu-ports jammy-updates/main arm64 Packages [3862 kB]
2026-02-23T21:38:42.8066418Z Get:13 http://ports.ubuntu.com/ubuntu-ports jammy-backports/universe arm64 Packages [35.3 kB]
2026-02-23T21:38:42.8072990Z Get:14 http://ports.ubuntu.com/ubuntu-ports jammy-backports/main arm64 Packages [83.5 kB]
2026-02-23T21:38:42.8118922Z Get:15 http://ports.ubuntu.com/ubuntu-ports jammy-security/restricted arm64 Packages [6342 kB]
2026-02-23T21:38:43.2661543Z Get:16 http://ports.ubuntu.com/ubuntu-ports jammy-security/multiverse arm64 Packages [41.2 kB]
2026-02-23T21:38:43.2679422Z Get:17 http://ports.ubuntu.com/ubuntu-ports jammy-security/main arm64 Packages [3522 kB]
2026-02-23T21:38:43.5262372Z Get:18 http://ports.ubuntu.com/ubuntu-ports jammy-security/universe arm64 Packages [1351 kB]
2026-02-23T21:38:43.7193356Z Fetched 43.4 MB in 9s (5052 kB/s)
2026-02-23T21:38:44.6158464Z Reading package lists...
2026-02-23T21:38:45.5704598Z Reading package lists...
2026-02-23T21:38:45.8216146Z Building dependency tree...
2026-02-23T21:38:45.8222013Z Reading state information...
2026-02-23T21:38:46.0923311Z clang-15 is already the newest version (1:15.0.7-0ubuntu0.22.04.3).
2026-02-23T21:38:46.0923936Z The following packages were automatically installed and are no longer required:
2026-02-23T21:38:46.0925745Z   autoconf automake autotools-dev file javascript-common libboost-atomic-dev
2026-02-23T21:38:46.0926691Z   libboost-atomic1.74-dev libboost-atomic1.74.0 libboost-chrono-dev
2026-02-23T21:38:46.0927270Z   libboost-chrono1.74-dev libboost-chrono1.74.0 libboost-container-dev
2026-02-23T21:38:46.0928339Z   libboost-container1.74-dev libboost-container1.74.0 libboost-context-dev
2026-02-23T21:38:46.0928955Z   libboost-context1.74-dev libboost-context1.74.0 libboost-coroutine-dev
2026-02-23T21:38:46.0929587Z   libboost-coroutine1.74-dev libboost-coroutine1.74.0 libboost-date-time-dev
2026-02-23T21:38:46.0930197Z   libboost-date-time1.74-dev libboost-date-time1.74.0 libboost-dev
2026-02-23T21:38:46.0930793Z   libboost-exception-dev libboost-exception1.74-dev libboost-fiber-dev
2026-02-23T21:38:46.0931388Z   libboost-fiber1.74-dev libboost-fiber1.74.0 libboost-filesystem-dev
2026-02-23T21:38:46.0931987Z   libboost-filesystem1.74-dev libboost-filesystem1.74.0 libboost-graph-dev
2026-02-23T21:38:46.0932592Z   libboost-graph-parallel-dev libboost-graph-parallel1.74-dev
2026-02-23T21:38:46.0933284Z   libboost-graph-parallel1.74.0 libboost-graph1.74-dev libboost-graph1.74.0
2026-02-23T21:38:46.0933947Z   libboost-iostreams-dev libboost-iostreams1.74-dev libboost-iostreams1.74.0
2026-02-23T21:38:46.0934577Z   libboost-locale-dev libboost-locale1.74-dev libboost-locale1.74.0
2026-02-23T21:38:46.0935263Z   libboost-log-dev libboost-log1.74-dev libboost-log1.74.0 libboost-math-dev
2026-02-23T21:38:46.0935850Z   libboost-math1.74-dev libboost-math1.74.0 libboost-mpi1.74.0
2026-02-23T21:38:46.0936383Z   libboost-nowide-dev libboost-nowide1.74-dev libboost-nowide1.74.0
2026-02-23T21:38:46.0936950Z   libboost-numpy-dev libboost-numpy1.74-dev libboost-numpy1.74.0
2026-02-23T21:38:46.0937652Z   libboost-program-options-dev libboost-program-options1.74-dev
2026-02-23T21:38:46.0938265Z   libboost-program-options1.74.0 libboost-python-dev libboost-python1.74-dev
2026-02-23T21:38:46.0938898Z   libboost-python1.74.0 libboost-random-dev libboost-random1.74-dev
2026-02-23T21:38:46.0939448Z   libboost-random1.74.0 libboost-regex-dev libboost-regex1.74-dev
2026-02-23T21:38:46.0939944Z   libboost-regex1.74.0 libboost-serialization-dev
2026-02-23T21:38:46.0940412Z   libboost-serialization1.74-dev libboost-serialization1.74.0
2026-02-23T21:38:46.0940995Z   libboost-stacktrace-dev libboost-stacktrace1.74-dev
2026-02-23T21:38:46.0941516Z   libboost-stacktrace1.74.0 libboost-system-dev libboost-system1.74-dev
2026-02-23T21:38:46.0942098Z   libboost-system1.74.0 libboost-test-dev libboost-test1.74-dev
2026-02-23T21:38:46.0942643Z   libboost-test1.74.0 libboost-thread-dev libboost-thread1.74-dev
2026-02-23T21:38:46.0943230Z   libboost-thread1.74.0 libboost-timer-dev libboost-timer1.74-dev
2026-02-23T21:38:46.0943794Z   libboost-timer1.74.0 libboost-tools-dev libboost-type-erasure-dev
2026-02-23T21:38:46.0944404Z   libboost-type-erasure1.74-dev libboost-type-erasure1.74.0 libboost-wave-dev
2026-02-23T21:38:46.0945067Z   libboost-wave1.74-dev libboost-wave1.74.0 libboost1.74-dev
2026-02-23T21:38:46.0945617Z   libboost1.74-tools-dev libcaf-openmpi-3 libcoarrays-dev libevent-2.1-7
2026-02-23T21:38:46.0946245Z   libevent-core-2.1-7 libevent-dev libevent-extra-2.1-7 libevent-openssl-2.1-7
2026-02-23T21:38:46.0946873Z   libevent-pthreads-2.1-7 libhwloc-dev libjs-jquery libjs-jquery-ui
2026-02-23T21:38:46.0947479Z   libjs-sphinxdoc libjs-underscore libltdl-dev libltdl7 libmagic-mgc libmagic1
2026-02-23T21:38:46.0948083Z   libopenmpi3 libpmix-dev libpmix2 libsigsegv2 libtool libucx0 m4
2026-02-23T21:38:46.0953387Z   openmpi-common python3-dev python3-distutils python3-lib2to3 python3.10-dev
2026-02-23T21:38:46.0953906Z Use 'apt autoremove' to remove them.
2026-02-23T21:38:46.1267386Z 0 upgraded, 0 newly installed, 0 to remove and 10 not upgraded.
2026-02-23T21:38:46.6436455Z ##[group]Run # ignore test_dispatch_ffn_combine until the test is fixed
2026-02-23T21:38:46.6437078Z [36;1m# ignore test_dispatch_ffn_combine until the test is fixed[0m
2026-02-23T21:38:46.6437858Z [36;1mpytest -sv tests/e2e/nightly/single_node/models/test_deepseek_v3_2_w8a8.py \[0m
2026-02-23T21:38:46.6439154Z [36;1m--ignore=tests/e2e/nightly/single_node/ops/singlecard_ops/test_fused_moe.py[0m
2026-02-23T21:38:46.6440238Z shell: bash -el {0}
2026-02-23T21:38:46.6440650Z env:
2026-02-23T21:38:46.6440997Z   HF_HUB_OFFLINE: 1
2026-02-23T21:38:46.6441439Z   VLLM_USE_MODELSCOPE: true
2026-02-23T21:38:46.6441959Z   VLLM_WORKER_MULTIPROC_METHOD: spawn
2026-02-23T21:38:46.6442565Z   VLLM_CI_RUNNER: linux-aarch64-a3-16
2026-02-23T21:38:46.6443340Z   BENCHMARK_HOME: /vllm-workspace/vllm-ascend/benchmark
2026-02-23T21:38:46.6444028Z ##[endgroup]
2026-02-23T21:38:46.6548904Z ##[group]Run '/home/runner/k8s/index.js'
2026-02-23T21:38:46.6550725Z shell: /home/runner/externals/node20/bin/node {0}
2026-02-23T21:38:46.6551080Z ##[endgroup]
2026-02-23T21:38:47.1981384Z (node:209) [DEP0005] DeprecationWarning: Buffer() is deprecated due to security and usability issues. Please use the Buffer.alloc(), Buffer.allocUnsafe(), or Buffer.from() methods instead.
2026-02-23T21:38:47.1982495Z (Use `node --trace-deprecation ...` to show where the warning was created)
2026-02-23T21:39:01.1992339Z INFO 02-23 21:39:01 [__init__.py:43] Available plugins for group vllm.platform_plugins:
2026-02-23T21:39:01.1993037Z INFO 02-23 21:39:01 [__init__.py:45] - ascend -> vllm_ascend:register
2026-02-23T21:39:01.1993805Z INFO 02-23 21:39:01 [__init__.py:48] All plugins in this group will be loaded. Set `VLLM_PLUGINS` to control which plugins to load.
2026-02-23T21:39:01.4103248Z INFO 02-23 21:39:01 [__init__.py:217] Platform plugin ascend is activated
2026-02-23T21:39:08.4099632Z ============================= test session starts ==============================
2026-02-23T21:39:08.4100762Z platform linux -- Python 3.11.14, pytest-8.4.2, pluggy-1.6.0 -- /usr/local/python3.11.14/bin/python3
2026-02-23T21:39:08.4101321Z cachedir: .pytest_cache
2026-02-23T21:39:08.4101596Z rootdir: /vllm-workspace/vllm-ascend
2026-02-23T21:39:08.4101928Z configfile: pyproject.toml
2026-02-23T21:39:08.4102285Z plugins: asyncio-1.3.0, mock-3.15.1, cov-7.0.0, anyio-4.12.1
2026-02-23T21:39:08.4103093Z asyncio: mode=Mode.STRICT, debug=False, asyncio_default_fixture_loop_scope=None, asyncio_default_test_loop_scope=function
2026-02-23T21:39:09.1478365Z collecting ... collected 1 item
2026-02-23T21:39:09.1478796Z 
2026-02-23T21:39:09.1495488Z [2026-02-23 21:39:09] INFO conftest.py:241: Starting server with command: vllm serve vllm-ascend/DeepSeek-V3.2-W8A8 --enable-expert-parallel --tensor-parallel-size 8 --data-parallel-size 2 --port 48137 --max-model-len 8192 --max-num-batched-tokens 8192 --max-num-seqs 4 --trust-remote-code --quantization ascend --gpu-memory-utilization 0.92 --compilation-config {"cudagraph_capture_sizes":[3, 6, 9, 12], "cudagraph_mode":"FULL_DECODE_ONLY"} --speculative-config {"num_speculative_tokens": 2, "method":"deepseek_mtp"} --additional-config {"layer_sharding": ["q_b_proj", "o_proj"]} --reasoning-parser deepseek_v3 --tokenizer_mode deepseek_v32
2026-02-23T21:39:13.3911183Z tests/e2e/nightly/single_node/models/test_deepseek_v3_2_w8a8.py::test_models[2-8-vllm-ascend/DeepSeek-V3.2-W8A8] INFO 02-23 21:39:13 [__init__.py:43] Available plugins for group vllm.platform_plugins:
2026-02-23T21:39:13.3912275Z INFO 02-23 21:39:13 [__init__.py:45] - ascend -> vllm_ascend:register
2026-02-23T21:39:13.3913148Z INFO 02-23 21:39:13 [__init__.py:48] All plugins in this group will be loaded. Set `VLLM_PLUGINS` to control which plugins to load.
2026-02-23T21:39:13.3974116Z INFO 02-23 21:39:13 [__init__.py:217] Platform plugin ascend is activated
2026-02-23T21:39:19.3139982Z 2026-02-23 21:39:19,312 - 979 - vllmProfiler - INFO - VLLM_USE_V1 not set, auto-detected via vLLM 0.15.0+empty: default 1
2026-02-23T21:39:19.3432243Z INFO 02-23 21:39:19 [__init__.py:108] Registered model loader `<class 'vllm_ascend.model_loader.netloader.netloader.ModelNetLoaderElastic'>` with load format `netloader`
2026-02-23T21:39:19.4805754Z INFO 02-23 21:39:19 [serve.py:100] Defaulting api_server_count to data_parallel_size (2).
2026-02-23T21:39:19.4806786Z INFO 02-23 21:39:19 [utils.py:325] 
2026-02-23T21:39:19.4911200Z INFO 02-23 21:39:19 [utils.py:325]        â–ˆ     â–ˆ     â–ˆâ–„   â–„â–ˆ
2026-02-23T21:39:19.4913571Z INFO 02-23 21:39:19 [utils.py:325]  â–„â–„ â–„â–ˆ â–ˆ     â–ˆ     â–ˆ â–€â–„â–€ â–ˆ  version 0.15.0
2026-02-23T21:39:19.4914466Z INFO 02-23 21:39:19 [utils.py:325]   â–ˆâ–„â–ˆâ–€ â–ˆ     â–ˆ     â–ˆ     â–ˆ  model   vllm-ascend/DeepSeek-V3.2-W8A8
2026-02-23T21:39:19.4915345Z INFO 02-23 21:39:19 [utils.py:325]    â–€â–€  â–€â–€â–€â–€â–€ â–€â–€â–€â–€â–€ â–€     â–€
2026-02-23T21:39:19.4915732Z INFO 02-23 21:39:19 [utils.py:325] 
2026-02-23T21:39:19.4922032Z INFO 02-23 21:39:19 [utils.py:261] non-default args: {'model_tag': 'vllm-ascend/DeepSeek-V3.2-W8A8', 'api_server_count': 2, 'port': 48137, 'model': 'vllm-ascend/DeepSeek-V3.2-W8A8', 'tokenizer_mode': 'deepseek_v32', 'trust_remote_code': True, 'max_model_len': 8192, 'quantization': 'ascend', 'reasoning_parser': 'deepseek_v3', 'tensor_parallel_size': 8, 'data_parallel_size': 2, 'enable_expert_parallel': True, 'gpu_memory_utilization': 0.92, 'max_num_batched_tokens': 8192, 'max_num_seqs': 4, 'speculative_config': {'num_speculative_tokens': 2, 'method': 'deepseek_mtp'}, 'compilation_config': {'level': None, 'mode': None, 'debug_dump_path': None, 'cache_dir': '', 'compile_cache_save_format': 'binary', 'backend': 'vllm_ascend.compilation.compiler_interface.AscendCompiler', 'custom_ops': [], 'splitting_ops': None, 'compile_mm_encoder': False, 'compile_sizes': None, 'compile_ranges_split_points': None, 'inductor_compile_config': {'enable_auto_functionalized_v2': False, 'combo_kernels': True, 'benchmark_combo_kernel': True}, 'inductor_passes': {}, 'cudagraph_mode': <CUDAGraphMode.FULL_DECODE_ONLY: (2, 0)>, 'cudagraph_num_of_warmups': 0, 'cudagraph_capture_sizes': [3, 6, 9, 12], 'cudagraph_copy_inputs': False, 'cudagraph_specialize_lora': True, 'use_inductor_graph_partition': None, 'pass_config': {}, 'max_cudagraph_capture_size': None, 'dynamic_shapes_config': {'type': <DynamicShapesType.BACKED: 'backed'>, 'evaluate_guards': False, 'assume_32_bit_indexing': True}, 'local_cache_dir': None}, 'additional_config': {'layer_sharding': ['q_b_proj', 'o_proj']}}
2026-02-23T21:39:19.5407547Z 2026-02-23 21:39:19,539 - modelscope - WARNING - We can not confirm the cached file is for revision: master
2026-02-23T21:39:19.5461557Z INFO 02-23 21:39:19 [arg_utils.py:602] HF_HUB_OFFLINE is True, replace model_id [vllm-ascend/DeepSeek-V3.2-W8A8] to model_path [/root/.cache/modelscope/hub/models/vllm-ascend/DeepSeek-V3___2-W8A8]
2026-02-23T21:39:19.5468022Z The argument `trust_remote_code` is to be used with Auto classes. It has no effect here and is ignored.
2026-02-23T21:39:19.5469071Z [2026-02-23 21:39:19] WARNING configuration_utils.py:697: The argument `trust_remote_code` is to be used with Auto classes. It has no effect here and is ignored.
2026-02-23T21:39:19.5569111Z The argument `trust_remote_code` is to be used with Auto classes. It has no effect here and is ignored.
2026-02-23T21:39:19.5570138Z [2026-02-23 21:39:19] WARNING configuration_utils.py:697: The argument `trust_remote_code` is to be used with Auto classes. It has no effect here and is ignored.
2026-02-23T21:39:19.5571140Z The argument `trust_remote_code` is to be used with Auto classes. It has no effect here and is ignored.
2026-02-23T21:39:19.5572282Z [2026-02-23 21:39:19] WARNING configuration_utils.py:697: The argument `trust_remote_code` is to be used with Auto classes. It has no effect here and is ignored.
2026-02-23T21:39:19.5574073Z You are using a model of type deepseek_v32 to instantiate a model of type deepseek_v3. This is not supported for all configurations of models and can yield errors.
2026-02-23T21:39:19.5576053Z [2026-02-23 21:39:19] WARNING configuration_utils.py:635: You are using a model of type deepseek_v32 to instantiate a model of type deepseek_v3. This is not supported for all configurations of models and can yield errors.
2026-02-23T21:39:19.5759922Z INFO 02-23 21:39:19 [model.py:541] Resolved architecture: DeepseekV32ForCausalLM
2026-02-23T21:39:19.5760489Z INFO 02-23 21:39:19 [model.py:1561] Using max model len 8192
2026-02-23T21:39:19.8435968Z WARNING 02-23 21:39:19 [speculative.py:270] method `deepseek_mtp` is deprecated and replaced with mtp.
2026-02-23T21:39:19.8437638Z The argument `trust_remote_code` is to be used with Auto classes. It has no effect here and is ignored.
2026-02-23T21:39:19.8439625Z [2026-02-23 21:39:19] WARNING configuration_utils.py:697: The argument `trust_remote_code` is to be used with Auto classes. It has no effect here and is ignored.
2026-02-23T21:39:19.8443874Z The argument `trust_remote_code` is to be used with Auto classes. It has no effect here and is ignored.
2026-02-23T21:39:19.8446054Z [2026-02-23 21:39:19] WARNING configuration_utils.py:697: The argument `trust_remote_code` is to be used with Auto classes. It has no effect here and is ignored.
2026-02-23T21:39:19.8451896Z You are using a model of type deepseek_v32 to instantiate a model of type deepseek_v3. This is not supported for all configurations of models and can yield errors.
2026-02-23T21:39:19.8453707Z [2026-02-23 21:39:19] WARNING configuration_utils.py:635: You are using a model of type deepseek_v32 to instantiate a model of type deepseek_v3. This is not supported for all configurations of models and can yield errors.
2026-02-23T21:39:19.8539938Z INFO 02-23 21:39:19 [model.py:541] Resolved architecture: DeepSeekMTPModel
2026-02-23T21:39:19.8540476Z INFO 02-23 21:39:19 [model.py:1561] Using max model len 163840
2026-02-23T21:39:19.8541585Z WARNING 02-23 21:39:19 [speculative.py:388] Enabling num_speculative_tokens > 1 will runmultiple times of forward on same MTP layer,which may result in lower acceptance rate
2026-02-23T21:39:19.8543005Z INFO 02-23 21:39:19 [scheduler.py:226] Chunked prefill is enabled with max_num_batched_tokens=8192.
2026-02-23T21:39:20.1763822Z INFO 02-23 21:39:20 [vllm.py:624] Asynchronous scheduling is enabled.
2026-02-23T21:39:20.1764753Z INFO 02-23 21:39:20 [vllm.py:634] Disabling NCCL for DP synchronization when using async scheduling.
2026-02-23T21:39:20.1765925Z WARNING 02-23 21:39:20 [platform.py:730] Speculative quantization is set but Ascend automatically uses the main model's quantization method. Resetting to None.
2026-02-23T21:39:20.1767279Z WARNING 02-23 21:39:20 [platform.py:771] Ignored parameter 'use_trtllm_ragged_deepseek_prefill'. This is a GPU-specific feature not supported on Ascend. Resetting to False.
2026-02-23T21:39:20.1768209Z INFO 02-23 21:39:20 [ascend_config.py:412] Dynamic EPLB is False
2026-02-23T21:39:20.1768722Z INFO 02-23 21:39:20 [ascend_config.py:413] The number of redundant experts is 0
2026-02-23T21:39:20.1770074Z INFO 02-23 21:39:20 [ascend_config.py:54] Linear layer sharding enabled with config: ['q_b_proj', 'o_proj']. Note: This feature works optimally with FLASHCOMM2 and DSA-CP enabled; using it without these features may result in significant performance degradation.
2026-02-23T21:39:20.1771844Z WARNING 02-23 21:39:20 [vllm.py:1062] Batch sizes [3, 6, 9, 12] are removed because they are not multiple of tp_size 8 when sequence parallelism is enabled
2026-02-23T21:39:20.1785957Z Traceback (most recent call last):
2026-02-23T21:39:20.1786380Z   File "/usr/local/python3.11.14/bin/vllm", line 7, in <module>
2026-02-23T21:39:20.1786767Z     sys.exit(main())
2026-02-23T21:39:20.1787004Z              ^^^^^^
2026-02-23T21:39:20.1787396Z   File "/vllm-workspace/vllm/vllm/entrypoints/cli/main.py", line 73, in main
2026-02-23T21:39:20.1787867Z     args.dispatch_function(args)
2026-02-23T21:39:20.1788311Z   File "/vllm-workspace/vllm/vllm/entrypoints/cli/serve.py", line 108, in cmd
2026-02-23T21:39:20.1788778Z     run_multi_api_server(args)
2026-02-23T21:39:20.1789286Z   File "/vllm-workspace/vllm/vllm/entrypoints/cli/serve.py", line 232, in run_multi_api_server
2026-02-23T21:39:20.1790327Z     vllm_config = engine_args.create_engine_config(usage_context=usage_context)
2026-02-23T21:39:20.1790828Z                   ^^^^^^^^^^^^^^^^^^^^^^^^^^^^^^^^^^^^^^^^^^^^^^^^^^^^^^^^^^^^^
2026-02-23T21:39:20.1791389Z   File "/vllm-workspace/vllm/vllm/engine/arg_utils.py", line 1754, in create_engine_config
2026-02-23T21:39:20.1791907Z     config = VllmConfig(
2026-02-23T21:39:20.1792166Z              ^^^^^^^^^^^
2026-02-23T21:39:20.1792849Z   File "/usr/local/python3.11.14/lib/python3.11/site-packages/pydantic/_internal/_dataclasses.py", line 121, in __init__
2026-02-23T21:39:20.1796695Z     s.__pydantic_validator__.validate_python(ArgsKwargs(args, kwargs), self_instance=s)
2026-02-23T21:39:20.1812853Z pydantic_core._pydantic_core.ValidationError: 1 validation error for VllmConfig
2026-02-23T21:39:20.1814090Z   Assertion failed, cudagraph_capture_sizes [3, 6, 9, 12] does not containvalues that are multiples of tp_size 8 [type=assertion_error, input_value=ArgsKwargs((), {'model_co...timizationLevel.O2: 2>}), input_type=ArgsKwargs]
2026-02-23T21:39:20.1815643Z     For further information visit https://errors.pydantic.dev/2.12/v/assertion_error
2026-02-23T21:39:20.2296471Z [ERROR] 2026-02-23-21:39:20 (PID:979, Device:-1, RankID:-1) ERR99999 UNKNOWN applicaiton exception
2026-02-23T21:39:20.5098353Z sys:1: DeprecationWarning: builtin type swigvarlink has no __module__ attribute
2026-02-23T21:39:25.5960619Z FAILED
2026-02-23T21:39:25.5960871Z 
2026-02-23T21:39:25.5961078Z =================================== FAILURES ===================================
2026-02-23T21:39:25.5961605Z _______________ test_models[2-8-vllm-ascend/DeepSeek-V3.2-W8A8] ________________
2026-02-23T21:39:25.5961975Z 
2026-02-23T21:39:25.5962180Z model = 'vllm-ascend/DeepSeek-V3.2-W8A8', tp_size = 8, dp_size = 2
2026-02-23T21:39:25.5962493Z 
2026-02-23T21:39:25.5962599Z     @pytest.mark.asyncio
2026-02-23T21:39:25.5963039Z     @pytest.mark.parametrize("model", MODELS)
2026-02-23T21:39:25.5963828Z     @pytest.mark.parametrize("tp_size", TENSOR_PARALLELS)
2026-02-23T21:39:25.5964276Z     @pytest.mark.parametrize("dp_size", DATA_PARALLELS)
2026-02-23T21:39:25.5964815Z     async def test_models(model: str, tp_size: int, dp_size: int) -> None:
2026-02-23T21:39:25.5965520Z         port = get_open_port()
2026-02-23T21:39:25.5965804Z         env_dict = {
2026-02-23T21:39:25.5966061Z             "HCCL_OP_EXPANSION_MODE": "AIV",
2026-02-23T21:39:25.5966393Z             "OMP_PROC_BIND": "false",
2026-02-23T21:39:25.5966687Z             "OMP_NUM_THREADS": "1",
2026-02-23T21:39:25.5966987Z             "HCCL_BUFFSIZE": "1024",
2026-02-23T21:39:25.5967302Z             "VLLM_ASCEND_ENABLE_MLAPO": "1",
2026-02-23T21:39:25.5967712Z             "PYTORCH_NPU_ALLOC_CONF": "expandable_segments:True",
2026-02-23T21:39:25.5968125Z             "VLLM_ASCEND_ENABLE_FLASHCOMM1": "1",
2026-02-23T21:39:25.5968432Z         }
2026-02-23T21:39:25.5968635Z     
2026-02-23T21:39:25.5968830Z         server_args = [
2026-02-23T21:39:25.5969200Z             "--enable-expert-parallel", "--tensor-parallel-size",
2026-02-23T21:39:25.5969619Z             str(tp_size), "--data-parallel-size",
2026-02-23T21:39:25.5969968Z             str(dp_size), "--port",
2026-02-23T21:39:25.5970362Z             str(port), "--max-model-len", "8192", "--max-num-batched-tokens",
2026-02-23T21:39:25.5970915Z             "8192", "--max-num-seqs", "4", "--trust-remote-code", "--quantization",
2026-02-23T21:39:25.5971492Z             "ascend", "--gpu-memory-utilization", "0.92", "--compilation-config",
2026-02-23T21:39:25.5972095Z             '{"cudagraph_capture_sizes":[3, 6, 9, 12], "cudagraph_mode":"FULL_DECODE_ONLY"}',
2026-02-23T21:39:25.5972586Z             "--speculative-config",
2026-02-23T21:39:25.5973054Z             '{"num_speculative_tokens": 2, "method":"deepseek_mtp"}',
2026-02-23T21:39:25.5973461Z             "--additional-config",
2026-02-23T21:39:25.5973791Z             '{"layer_sharding": ["q_b_proj", "o_proj"]}',
2026-02-23T21:39:25.5974506Z             "--reasoning-parser", "deepseek_v3", "--tokenizer_mode", "deepseek_v32"
2026-02-23T21:39:25.5975125Z         ]
2026-02-23T21:39:25.5975362Z         request_keyword_args: dict[str, Any] = {
2026-02-23T21:39:25.5975702Z             **api_keyword_args,
2026-02-23T21:39:25.5976005Z         }
2026-02-23T21:39:25.5976385Z >       with RemoteOpenAIServer(model,
2026-02-23T21:39:25.5976708Z                                 server_args,
2026-02-23T21:39:25.5977034Z                                 server_port=port,
2026-02-23T21:39:25.5977365Z                                 env_dict=env_dict,
2026-02-23T21:39:25.5977729Z                                 auto_port=False) as server:
2026-02-23T21:39:25.5977974Z 
2026-02-23T21:39:25.5978207Z tests/e2e/nightly/single_node/models/test_deepseek_v3_2_w8a8.py:95: 
2026-02-23T21:39:25.5978694Z _ _ _ _ _ _ _ _ _ _ _ _ _ _ _ _ _ _ _ _ _ _ _ _ _ _ _ _ _ _ _ _ _ _ _ _ _ _ _ _ 
2026-02-23T21:39:25.5979100Z tests/e2e/conftest.py:306: in __init__
2026-02-23T21:39:25.5979423Z     self._wait_for_multiple_servers(
2026-02-23T21:39:25.5979795Z _ _ _ _ _ _ _ _ _ _ _ _ _ _ _ _ _ _ _ _ _ _ _ _ _ _ _ _ _ _ _ _ _ _ _ _ _ _ _ _ 
2026-02-23T21:39:25.5980074Z 
2026-02-23T21:39:25.5980312Z self = <tests.e2e.conftest.RemoteOpenAIServer object at 0xffff147a4f10>
2026-02-23T21:39:25.5980902Z targets = [('0.0.0.0', 'http://0.0.0.0:48137/health')], timeout = 2800
2026-02-23T21:39:25.5981312Z log_interval = 30.0
2026-02-23T21:39:25.5981455Z 
2026-02-23T21:39:25.5981565Z     def _wait_for_multiple_servers(self,
2026-02-23T21:39:25.5981900Z                                    targets,
2026-02-23T21:39:25.5982224Z                                    timeout: float,
2026-02-23T21:39:25.5982576Z                                    log_interval: float = 30.0):
2026-02-23T21:39:25.5983011Z         """
2026-02-23T21:39:25.5983230Z         targets: List[(node_ip, url)]
2026-02-23T21:39:25.5983538Z         log_interval
2026-02-23T21:39:25.5983763Z         """
2026-02-23T21:39:25.5984155Z         start = time.time()
2026-02-23T21:39:25.5984417Z         client = requests
2026-02-23T21:39:25.5984671Z     
2026-02-23T21:39:25.5985034Z         ready = {node_ip: False for node_ip, _ in targets}
2026-02-23T21:39:25.5985371Z     
2026-02-23T21:39:25.5985583Z         last_log_time = 0.0
2026-02-23T21:39:25.5985826Z     
2026-02-23T21:39:25.5986057Z         while True:
2026-02-23T21:39:25.5986362Z             now = time.time()
2026-02-23T21:39:25.5986642Z             all_ready = True
2026-02-23T21:39:25.5987142Z             should_log = (now - last_log_time) >= log_interval
2026-02-23T21:39:25.5987486Z     
2026-02-23T21:39:25.5987708Z             for node_ip, url in targets:
2026-02-23T21:39:25.5988015Z                 if ready[node_ip]:
2026-02-23T21:39:25.5988330Z                     continue
2026-02-23T21:39:25.5988568Z     
2026-02-23T21:39:25.5988774Z                 try:
2026-02-23T21:39:25.5989030Z                     resp = client.get(url)
2026-02-23T21:39:25.5989350Z                     if resp.status_code == 200:
2026-02-23T21:39:25.5989699Z                         ready[node_ip] = True
2026-02-23T21:39:25.5990074Z                         logger.info(f"[READY] Node {node_ip} is ready.")
2026-02-23T21:39:25.5990474Z                 except RequestException:
2026-02-23T21:39:25.5990791Z                     all_ready = False
2026-02-23T21:39:25.5991089Z                     if should_log:
2026-02-23T21:39:25.5991429Z                         logger.debug(f"[WAIT] {url}: connection failed")
2026-02-23T21:39:25.5991800Z     
2026-02-23T21:39:25.5992021Z                     # check unexpected exit
2026-02-23T21:39:25.5992330Z                     result = self._poll()
2026-02-23T21:39:25.5992765Z                     if result is not None and result != 0:
2026-02-23T21:39:25.5993114Z >                       raise RuntimeError(
2026-02-23T21:39:25.5993489Z                             f"Server at {node_ip} exited unexpectedly."
2026-02-23T21:39:25.5993851Z                         ) from None
2026-02-23T21:39:25.5994378Z E                       RuntimeError: Server at 0.0.0.0 exited unexpectedly.
2026-02-23T21:39:25.5994688Z 
2026-02-23T21:39:25.5994817Z tests/e2e/conftest.py:399: RuntimeError
2026-02-23T21:39:25.5995322Z ------------------------------ Captured log call -------------------------------
2026-02-23T21:39:25.5998460Z INFO     tests.e2e.conftest:conftest.py:241 Starting server with command: vllm serve vllm-ascend/DeepSeek-V3.2-W8A8 --enable-expert-parallel --tensor-parallel-size 8 --data-parallel-size 2 --port 48137 --max-model-len 8192 --max-num-batched-tokens 8192 --max-num-seqs 4 --trust-remote-code --quantization ascend --gpu-memory-utilization 0.92 --compilation-config {"cudagraph_capture_sizes":[3, 6, 9, 12], "cudagraph_mode":"FULL_DECODE_ONLY"} --speculative-config {"num_speculative_tokens": 2, "method":"deepseek_mtp"} --additional-config {"layer_sharding": ["q_b_proj", "o_proj"]} --reasoning-parser deepseek_v3 --tokenizer_mode deepseek_v32
2026-02-23T21:39:25.6001398Z =============================== warnings summary ===============================
2026-02-23T21:39:25.6001802Z <frozen importlib._bootstrap>:241
2026-02-23T21:39:25.6002409Z   <frozen importlib._bootstrap>:241: DeprecationWarning: builtin type SwigPyPacked has no __module__ attribute
2026-02-23T21:39:25.6003003Z 
2026-02-23T21:39:25.6003126Z <frozen importlib._bootstrap>:241
2026-02-23T21:39:25.6003708Z   <frozen importlib._bootstrap>:241: DeprecationWarning: builtin type SwigPyObject has no __module__ attribute
2026-02-23T21:39:25.6004225Z 
2026-02-23T21:39:25.6004624Z ../../usr/local/python3.11.14/lib/python3.11/site-packages/transformers/models/auto/image_processing_auto.py:647
2026-02-23T21:39:25.6006342Z   /usr/local/python3.11.14/lib/python3.11/site-packages/transformers/models/auto/image_processing_auto.py:647: FutureWarning: The image_processor_class argument is deprecated and will be removed in v4.42. Please use `slow_image_processor_class`, or `fast_image_processor_class` instead
2026-02-23T21:39:25.6007664Z     warnings.warn(
2026-02-23T21:39:25.6007944Z 
2026-02-23T21:39:25.6008325Z ../../usr/local/python3.11.14/lib/python3.11/site-packages/torch_npu/dynamo/torchair/__init__.py:8
2026-02-23T21:39:25.6009734Z   /usr/local/python3.11.14/lib/python3.11/site-packages/torch_npu/dynamo/torchair/__init__.py:8: DeprecationWarning: pkg_resources is deprecated as an API. See https://setuptools.pypa.io/en/latest/pkg_resources.html
2026-02-23T21:39:25.6010799Z     import pkg_resources
2026-02-23T21:39:25.6010968Z 
2026-02-23T21:39:25.6011214Z -- Docs: https://docs.pytest.org/en/stable/how-to/capture-warnings.html
2026-02-23T21:39:25.6011733Z =========================== short test summary info ============================
2026-02-23T21:39:25.6012826Z FAILED tests/e2e/nightly/single_node/models/test_deepseek_v3_2_w8a8.py::test_models[2-8-vllm-ascend/DeepSeek-V3.2-W8A8] - RuntimeError: Server at 0.0.0.0 exited unexpectedly.
2026-02-23T21:39:25.6013770Z ======================== 1 failed, 4 warnings in 15.94s ========================
2026-02-23T21:39:27.5757162Z ##[error]Error: failed to run script step: Error: command terminated with non-zero exit code: command terminated with exit code 1
2026-02-23T21:39:27.5819151Z ##[error]Process completed with exit code 1.
2026-02-23T21:39:27.5910368Z ##[error]Executing the custom container implementation failed. Please contact your self hosted runner administrator.
2026-02-23T21:39:27.5968704Z ##[group]Run '/home/runner/k8s/index.js'
2026-02-23T21:39:27.5969759Z shell: /home/runner/externals/node20/bin/node {0}
2026-02-23T21:39:27.5970117Z ##[endgroup]
2026-02-23T21:39:28.2255540Z Cleaning up orphan processes
