# Run ID: 21874130621
# Commit: 02886e2641d7a9679f2e587745a172228b0f7c71
# Job: multi-node (multi-node-dpsk3.2-2node, DeepSeek-V3_2-W8A8-A3-dual-nodes.yaml, 2) / DeepSeek-V3_2-W8A8-A3-dual-nodes.yaml
# Date: 2026-02-10
============================================================

ï»¿2026-02-10T18:17:56.8380946Z Current runner version: '2.330.0'
2026-02-10T18:17:56.8385904Z Runner name: 'linux-aarch64-a3-0-n4cwm-runner-22l76'
2026-02-10T18:17:56.8386613Z Runner group name: 'Default'
2026-02-10T18:17:56.8387336Z Machine name: 'linux-aarch64-a3-0-n4cwm-runner-22l76'
2026-02-10T18:17:56.8390730Z ##[group]GITHUB_TOKEN Permissions
2026-02-10T18:17:56.8392894Z Actions: write
2026-02-10T18:17:56.8393336Z ArtifactMetadata: write
2026-02-10T18:17:56.8393737Z Attestations: write
2026-02-10T18:17:56.8394159Z Checks: write
2026-02-10T18:17:56.8394539Z Contents: write
2026-02-10T18:17:56.8394977Z Deployments: write
2026-02-10T18:17:56.8395384Z Discussions: write
2026-02-10T18:17:56.8395763Z Issues: write
2026-02-10T18:17:56.8396117Z Metadata: read
2026-02-10T18:17:56.8396498Z Models: read
2026-02-10T18:17:56.8396839Z Packages: write
2026-02-10T18:17:56.8397229Z Pages: write
2026-02-10T18:17:56.8397611Z PullRequests: write
2026-02-10T18:17:56.8397984Z RepositoryProjects: write
2026-02-10T18:17:56.8398541Z SecurityEvents: write
2026-02-10T18:17:56.8398998Z Statuses: write
2026-02-10T18:17:56.8399507Z ##[endgroup]
2026-02-10T18:17:56.8401175Z Secret source: Actions
2026-02-10T18:17:56.8401693Z Prepare workflow directory
2026-02-10T18:17:56.9109642Z Prepare all required actions
2026-02-10T18:17:56.9140739Z Getting action download info
2026-02-10T18:17:59.3263884Z Download action repository 'actions/checkout@v6' (SHA:de0fac2e4500dabe0009e67214ff5f5447ce83dd)
2026-02-10T18:18:04.9300849Z Download action repository 'actions/upload-artifact@v6' (SHA:b7c566a772e6b6bfb58ed0dc250532a479d7789f)
2026-02-10T18:18:12.2046975Z Uses: vllm-project/vllm-ascend/.github/workflows/_e2e_nightly_multi_node.yaml@refs/heads/main (02886e2641d7a9679f2e587745a172228b0f7c71)
2026-02-10T18:18:12.2050076Z ##[group] Inputs
2026-02-10T18:18:12.2050314Z   soc_version: a3
2026-02-10T18:18:12.2050628Z   runner: linux-aarch64-a3-0
2026-02-10T18:18:12.2051045Z   image: swr.cn-southwest-2.myhuaweicloud.com/base_image/ascend-ci/vllm-ascend:nightly-a3
2026-02-10T18:18:12.2051483Z   config_file_path: DeepSeek-V3_2-W8A8-A3-dual-nodes.yaml
2026-02-10T18:18:12.2051837Z   replicas: 1
2026-02-10T18:18:12.2052237Z   size: 2
2026-02-10T18:18:12.2052426Z   vllm_version: v0.15.0
2026-02-10T18:18:12.2052897Z   vllm_ascend_remote_url: https://github.com/vllm-project/vllm-ascend.git
2026-02-10T18:18:12.2053247Z   vllm_ascend_ref: main
2026-02-10T18:18:12.2053464Z ##[endgroup]
2026-02-10T18:18:12.2053975Z Complete job name: multi-node (multi-node-dpsk3.2-2node, DeepSeek-V3_2-W8A8-A3-dual-nodes.yaml, 2) / DeepSeek-V3_2-W8A8-A3-dual-nodes.yaml
2026-02-10T18:18:12.2647160Z ##[group]Run '/home/runner/k8s/index.js'
2026-02-10T18:18:12.2649643Z shell: /home/runner/externals/node20/bin/node {0}
2026-02-10T18:18:12.2650133Z ##[endgroup]
2026-02-10T18:18:27.8368133Z (node:68) [DEP0005] DeprecationWarning: Buffer() is deprecated due to security and usability issues. Please use the Buffer.alloc(), Buffer.allocUnsafe(), or Buffer.from() methods instead.
2026-02-10T18:18:27.8368943Z (Use `node --trace-deprecation ...` to show where the warning was created)
2026-02-10T18:18:29.7842095Z ##[group]Run # Decode and save kubeconfig
2026-02-10T18:18:29.7842587Z [36;1m# Decode and save kubeconfig[0m
2026-02-10T18:18:29.7874948Z [36;1mecho "***" | base64 -d > "$KUBECONFIG"[0m
2026-02-10T18:18:29.7875530Z shell: bash -el {0}
2026-02-10T18:18:29.7875760Z ##[endgroup]
2026-02-10T18:18:29.7991803Z ##[group]Run '/home/runner/k8s/index.js'
2026-02-10T18:18:29.7992840Z shell: /home/runner/externals/node20/bin/node {0}
2026-02-10T18:18:29.7993128Z ##[endgroup]
2026-02-10T18:18:30.1644195Z (node:398) [DEP0005] DeprecationWarning: Buffer() is deprecated due to security and usability issues. Please use the Buffer.alloc(), Buffer.allocUnsafe(), or Buffer.from() methods instead.
2026-02-10T18:18:30.1645021Z (Use `node --trace-deprecation ...` to show where the warning was created)
2026-02-10T18:18:31.1970306Z ##[group]Run actions/checkout@v6
2026-02-10T18:18:31.1970756Z with:
2026-02-10T18:18:31.1970992Z   repository: vllm-project/vllm-ascend
2026-02-10T18:18:31.1972214Z   token: ***
2026-02-10T18:18:31.1972477Z   ssh-strict: true
2026-02-10T18:18:31.1972677Z   ssh-user: git
2026-02-10T18:18:31.1972923Z   persist-credentials: true
2026-02-10T18:18:31.1973142Z   clean: true
2026-02-10T18:18:31.1973387Z   sparse-checkout-cone-mode: true
2026-02-10T18:18:31.1973663Z   fetch-depth: 1
2026-02-10T18:18:31.1973874Z   fetch-tags: false
2026-02-10T18:18:31.1974111Z   show-progress: true
2026-02-10T18:18:31.1974422Z   lfs: false
2026-02-10T18:18:31.1974615Z   submodules: false
2026-02-10T18:18:31.1974850Z   set-safe-directory: true
2026-02-10T18:18:31.1975061Z ##[endgroup]
2026-02-10T18:18:31.2015866Z ##[group]Run '/home/runner/k8s/index.js'
2026-02-10T18:18:31.2016743Z shell: /home/runner/externals/node20/bin/node {0}
2026-02-10T18:18:31.2017012Z ##[endgroup]
2026-02-10T18:18:31.5600756Z (node:429) [DEP0005] DeprecationWarning: Buffer() is deprecated due to security and usability issues. Please use the Buffer.alloc(), Buffer.allocUnsafe(), or Buffer.from() methods instead.
2026-02-10T18:18:31.5601653Z (Use `node --trace-deprecation ...` to show where the warning was created)
2026-02-10T18:18:32.2639145Z Syncing repository: vllm-project/vllm-ascend
2026-02-10T18:18:32.2640284Z ##[group]Getting Git version info
2026-02-10T18:18:32.2640723Z Working directory is '/__w/vllm-ascend/vllm-ascend'
2026-02-10T18:18:32.2641209Z [command]/usr/bin/git version
2026-02-10T18:18:32.2641470Z git version 2.34.1
2026-02-10T18:18:32.2643207Z ##[endgroup]
2026-02-10T18:18:32.2647732Z Copying '/root/.gitconfig' to '/__w/_temp/a0da3391-fde9-456d-adb8-0fe2b5a42a20/.gitconfig'
2026-02-10T18:18:32.2657519Z Temporarily overriding HOME='/__w/_temp/a0da3391-fde9-456d-adb8-0fe2b5a42a20' before making global git config changes
2026-02-10T18:18:32.2658237Z Adding repository directory to the temporary git global config as a safe directory
2026-02-10T18:18:32.2661884Z [command]/usr/bin/git config --global --add safe.directory /__w/vllm-ascend/vllm-ascend
2026-02-10T18:18:32.2698059Z Deleting the contents of '/__w/vllm-ascend/vllm-ascend'
2026-02-10T18:18:32.2700661Z ##[group]Initializing the repository
2026-02-10T18:18:32.2704747Z [command]/usr/bin/git init /__w/vllm-ascend/vllm-ascend
2026-02-10T18:18:32.2823776Z hint: Using 'master' as the name for the initial branch. This default branch name
2026-02-10T18:18:32.2824364Z hint: is subject to change. To configure the initial branch name to use in all
2026-02-10T18:18:32.2824809Z hint: of your new repositories, which will suppress this warning, call:
2026-02-10T18:18:32.2825157Z hint: 
2026-02-10T18:18:32.2825463Z hint: 	git config --global init.defaultBranch <name>
2026-02-10T18:18:32.2825724Z hint: 
2026-02-10T18:18:32.2826019Z hint: Names commonly chosen instead of 'master' are 'main', 'trunk' and
2026-02-10T18:18:32.2826467Z hint: 'development'. The just-created branch can be renamed via this command:
2026-02-10T18:18:32.2826786Z hint: 
2026-02-10T18:18:32.2827012Z hint: 	git branch -m <name>
2026-02-10T18:18:32.2830821Z Initialized empty Git repository in /__w/vllm-ascend/vllm-ascend/.git/
2026-02-10T18:18:32.2839443Z [command]/usr/bin/git remote add origin https://github.com/vllm-project/vllm-ascend
2026-02-10T18:18:32.2880322Z ##[endgroup]
2026-02-10T18:18:32.2880783Z ##[group]Disabling automatic garbage collection
2026-02-10T18:18:32.2883527Z [command]/usr/bin/git config --local gc.auto 0
2026-02-10T18:18:32.2908625Z ##[endgroup]
2026-02-10T18:18:32.2908998Z ##[group]Setting up auth
2026-02-10T18:18:32.2910493Z Removing SSH command configuration
2026-02-10T18:18:32.2915289Z [command]/usr/bin/git config --local --name-only --get-regexp core\.sshCommand
2026-02-10T18:18:32.2943931Z [command]/usr/bin/git submodule foreach --recursive sh -c "git config --local --name-only --get-regexp 'core\.sshCommand' && git config --local --unset-all 'core.sshCommand' || :"
2026-02-10T18:18:32.3130644Z Removing HTTP extra header
2026-02-10T18:18:32.3133991Z [command]/usr/bin/git config --local --name-only --get-regexp http\.https\:\/\/github\.com\/\.extraheader
2026-02-10T18:18:32.3158944Z [command]/usr/bin/git submodule foreach --recursive sh -c "git config --local --name-only --get-regexp 'http\.https\:\/\/github\.com\/\.extraheader' && git config --local --unset-all 'http.https://github.com/.extraheader' || :"
2026-02-10T18:18:32.3338362Z Removing includeIf entries pointing to credentials config files
2026-02-10T18:18:32.3343086Z [command]/usr/bin/git config --local --name-only --get-regexp ^includeIf\.gitdir:
2026-02-10T18:18:32.3369008Z [command]/usr/bin/git submodule foreach --recursive git config --local --show-origin --name-only --get-regexp remote.origin.url
2026-02-10T18:18:32.3555935Z [command]/usr/bin/git config --file /__w/_temp/git-credentials-cae79bf0-895f-4104-bff7-e91cd10551f4.config http.https://github.com/.extraheader AUTHORIZATION: basic ***
2026-02-10T18:18:32.3595041Z [command]/usr/bin/git config --local includeIf.gitdir:/__w/vllm-ascend/vllm-ascend/.git.path /__w/_temp/git-credentials-cae79bf0-895f-4104-bff7-e91cd10551f4.config
2026-02-10T18:18:32.3622226Z [command]/usr/bin/git config --local includeIf.gitdir:/__w/vllm-ascend/vllm-ascend/.git/worktrees/*.path /__w/_temp/git-credentials-cae79bf0-895f-4104-bff7-e91cd10551f4.config
2026-02-10T18:18:32.3647599Z [command]/usr/bin/git config --local includeIf.gitdir:/github/workspace/.git.path /github/runner_temp/git-credentials-cae79bf0-895f-4104-bff7-e91cd10551f4.config
2026-02-10T18:18:32.3673383Z [command]/usr/bin/git config --local includeIf.gitdir:/github/workspace/.git/worktrees/*.path /github/runner_temp/git-credentials-cae79bf0-895f-4104-bff7-e91cd10551f4.config
2026-02-10T18:18:32.3698083Z ##[endgroup]
2026-02-10T18:18:32.3698472Z ##[group]Fetching the repository
2026-02-10T18:18:32.3705849Z [command]/usr/bin/git -c protocol.version=2 fetch --no-tags --prune --no-recurse-submodules --depth=1 origin +02886e2641d7a9679f2e587745a172228b0f7c71:refs/remotes/origin/main
2026-02-10T18:18:34.0537197Z From https://gh-proxy.test.osinfra.cn/https://github.com/vllm-project/vllm-ascend
2026-02-10T18:18:34.0537736Z  * [new ref]         02886e2641d7a9679f2e587745a172228b0f7c71 -> origin/main
2026-02-10T18:18:34.0559658Z [command]/usr/bin/git branch --list --remote origin/main
2026-02-10T18:18:34.0586053Z   origin/main
2026-02-10T18:18:34.0593761Z [command]/usr/bin/git rev-parse refs/remotes/origin/main
2026-02-10T18:18:34.0619216Z 02886e2641d7a9679f2e587745a172228b0f7c71
2026-02-10T18:18:34.0627242Z ##[endgroup]
2026-02-10T18:18:34.0627516Z ##[group]Determining the checkout info
2026-02-10T18:18:34.0629474Z ##[endgroup]
2026-02-10T18:18:34.0629663Z [command]/usr/bin/git sparse-checkout disable
2026-02-10T18:18:34.0669430Z [command]/usr/bin/git config --local --unset-all extensions.worktreeConfig
2026-02-10T18:18:34.0696479Z ##[group]Checking out the ref
2026-02-10T18:18:34.0700486Z [command]/usr/bin/git checkout --progress --force -B main refs/remotes/origin/main
2026-02-10T18:18:34.1565641Z Switched to a new branch 'main'
2026-02-10T18:18:34.1565954Z Branch 'main' set up to track remote branch 'main' from 'origin'.
2026-02-10T18:18:34.1575228Z ##[endgroup]
2026-02-10T18:18:34.1615223Z [command]/usr/bin/git log -1 --format=%H
2026-02-10T18:18:34.1637962Z 02886e2641d7a9679f2e587745a172228b0f7c71
2026-02-10T18:18:34.6910969Z ##[group]Run # prepare for lws entrypoint scripts
2026-02-10T18:18:34.6911260Z [36;1m# prepare for lws entrypoint scripts[0m
2026-02-10T18:18:34.6911599Z [36;1minstall -D tests/e2e/nightly/multi_node/scripts/run.sh /root/.cache/tests/run.sh[0m
2026-02-10T18:18:34.6912154Z shell: bash -el {0}
2026-02-10T18:18:34.6912313Z ##[endgroup]
2026-02-10T18:18:34.6997765Z ##[group]Run '/home/runner/k8s/index.js'
2026-02-10T18:18:34.6998402Z shell: /home/runner/externals/node20/bin/node {0}
2026-02-10T18:18:34.6998610Z ##[endgroup]
2026-02-10T18:18:35.0523182Z (node:470) [DEP0005] DeprecationWarning: Buffer() is deprecated due to security and usability issues. Please use the Buffer.alloc(), Buffer.allocUnsafe(), or Buffer.from() methods instead.
2026-02-10T18:18:35.0523851Z (Use `node --trace-deprecation ...` to show where the warning was created)
2026-02-10T18:18:36.0951933Z ##[group]Run set -euo pipefail
2026-02-10T18:18:36.0952349Z [36;1mset -euo pipefail[0m
2026-02-10T18:18:36.0952519Z [36;1m[0m
2026-02-10T18:18:36.0952662Z [36;1mCRD_NAME="${CRD_NAME:-vllm}"[0m
2026-02-10T18:18:36.0952931Z [36;1mTIMEOUT=${TIMEOUT:-120}[0m
2026-02-10T18:18:36.0953126Z [36;1mSLEEP_INTERVAL=2[0m
2026-02-10T18:18:36.0953284Z [36;1m[0m
2026-02-10T18:18:36.0953532Z [36;1mecho "Deleting leaderworkerset [$CRD_NAME] in namespace [$NAMESPACE]..."[0m
2026-02-10T18:18:36.0953991Z [36;1mkubectl delete leaderworkerset "$CRD_NAME" -n "$NAMESPACE" --ignore-not-found[0m
2026-02-10T18:18:36.0954295Z [36;1m[0m
2026-02-10T18:18:36.0954512Z [36;1mecho "Waiting for all pods starting with 'vllm' to be deleted..."[0m
2026-02-10T18:18:36.0954780Z [36;1mSTART_TIME=$(date +%s)[0m
2026-02-10T18:18:36.0954958Z [36;1m[0m
2026-02-10T18:18:36.0955096Z [36;1mwhile true; do[0m
2026-02-10T18:18:36.0955258Z [36;1m  NOW=$(date +%s)[0m
2026-02-10T18:18:36.0955489Z [36;1m  ELAPSED=$((NOW - START_TIME))[0m
2026-02-10T18:18:36.0955674Z [36;1m[0m
2026-02-10T18:18:36.0955830Z [36;1m  if [[ $ELAPSED -ge $TIMEOUT ]]; then[0m
2026-02-10T18:18:36.0956115Z [36;1m    echo "Timeout reached ($TIMEOUT seconds), some pods still exist:"[0m
2026-02-10T18:18:36.0956439Z [36;1m    kubectl get pods -n "$NAMESPACE" | grep '^vllm' || true[0m
2026-02-10T18:18:36.0956679Z [36;1m    exit 1[0m
2026-02-10T18:18:36.0956829Z [36;1m  fi[0m
2026-02-10T18:18:36.0956960Z [36;1m[0m
2026-02-10T18:18:36.0957333Z [36;1m  PODS_EXIST=$(kubectl get pods -n "$NAMESPACE" -o jsonpath='{.items[*].metadata.name}' 2>/dev/null | tr ' ' '\n' | grep '^vllm' || true)[0m
2026-02-10T18:18:36.0957741Z [36;1m[0m
2026-02-10T18:18:36.0957892Z [36;1m  if [[ -z "$PODS_EXIST" ]]; then[0m
2026-02-10T18:18:36.0958100Z [36;1m    echo "All vllm pods deleted."[0m
2026-02-10T18:18:36.0958285Z [36;1m    break[0m
2026-02-10T18:18:36.0958436Z [36;1m  else[0m
2026-02-10T18:18:36.0958640Z [36;1m    echo "Waiting for pods to be deleted: $PODS_EXIST"[0m
2026-02-10T18:18:36.0958881Z [36;1m    sleep $SLEEP_INTERVAL[0m
2026-02-10T18:18:36.0959063Z [36;1m  fi[0m
2026-02-10T18:18:36.0959199Z [36;1mdone[0m
2026-02-10T18:18:36.0959448Z shell: bash -el {0}
2026-02-10T18:18:36.0959599Z ##[endgroup]
2026-02-10T18:18:36.1049327Z ##[group]Run '/home/runner/k8s/index.js'
2026-02-10T18:18:36.1049952Z shell: /home/runner/externals/node20/bin/node {0}
2026-02-10T18:18:36.1050159Z ##[endgroup]
2026-02-10T18:18:36.4502777Z (node:524) [DEP0005] DeprecationWarning: Buffer() is deprecated due to security and usability issues. Please use the Buffer.alloc(), Buffer.allocUnsafe(), or Buffer.from() methods instead.
2026-02-10T18:18:36.4503540Z (Use `node --trace-deprecation ...` to show where the warning was created)
2026-02-10T18:18:37.2014213Z Deleting leaderworkerset [vllm] in namespace [vllm-project]...
2026-02-10T18:18:37.2810602Z Waiting for all pods starting with 'vllm' to be deleted...
2026-02-10T18:18:37.3970279Z All vllm pods deleted.
2026-02-10T18:18:37.9701487Z ##[group]Run set -e
2026-02-10T18:18:37.9701700Z [36;1mset -e[0m
2026-02-10T18:18:37.9701849Z [36;1m[0m
2026-02-10T18:18:37.9702123Z [36;1msize="2"[0m
2026-02-10T18:18:37.9702292Z [36;1mreplicas="1"[0m
2026-02-10T18:18:37.9702617Z [36;1mimage="swr.cn-southwest-2.myhuaweicloud.com/base_image/ascend-ci/vllm-ascend:nightly-a3"[0m
2026-02-10T18:18:37.9703050Z [36;1mconfig_file_path="DeepSeek-V3_2-W8A8-A3-dual-nodes.yaml"[0m
2026-02-10T18:18:37.9703444Z [36;1mfail_tag=FAIL_TAG_"DeepSeek-V3_2-W8A8-A3-dual-nodes.yaml"[0m
2026-02-10T18:18:37.9703730Z [36;1mecho "FAIL_TAG=${fail_tag}" >> "$GITHUB_ENV"[0m
2026-02-10T18:18:37.9703934Z [36;1m[0m
2026-02-10T18:18:37.9704148Z [36;1mrequired_params=("size" "replicas" "image" "config_file_path")[0m
2026-02-10T18:18:37.9704447Z [36;1mfor param in "${required_params[@]}"; do[0m
2026-02-10T18:18:37.9704666Z [36;1m  if [ -z "${!param}" ]; then[0m
2026-02-10T18:18:37.9705113Z [36;1m    echo "Error: Parameter '$param' is required but empty"[0m
2026-02-10T18:18:37.9705350Z [36;1m    exit 1[0m
2026-02-10T18:18:37.9705503Z [36;1m  fi[0m
2026-02-10T18:18:37.9705646Z [36;1mdone[0m
2026-02-10T18:18:37.9705774Z [36;1m[0m
2026-02-10T18:18:37.9705914Z [36;1mif [ "a3" = "a3" ]; then[0m
2026-02-10T18:18:37.9706096Z [36;1m  npu_per_node=16[0m
2026-02-10T18:18:37.9706364Z [36;1m  TEMPLATE_FILE="tests/e2e/nightly/multi_node/scripts/lws.yaml.jinja2"[0m
2026-02-10T18:18:37.9706639Z [36;1melse[0m
2026-02-10T18:18:37.9706781Z [36;1m  npu_per_node=8[0m
2026-02-10T18:18:37.9707049Z [36;1m  TEMPLATE_FILE="tests/e2e/nightly/multi_node/scripts/lws-a2.yaml.jinja2"[0m
2026-02-10T18:18:37.9707330Z [36;1mfi[0m
2026-02-10T18:18:37.9707455Z [36;1m[0m
2026-02-10T18:18:37.9707596Z [36;1mjinja2 $TEMPLATE_FILE \[0m
2026-02-10T18:18:37.9707786Z [36;1m  -D size="$size" \[0m
2026-02-10T18:18:37.9707967Z [36;1m  -D replicas="$replicas" \[0m
2026-02-10T18:18:37.9708165Z [36;1m  -D image="$image" \[0m
2026-02-10T18:18:37.9708378Z [36;1m  -D config_file_path="$config_file_path" \[0m
2026-02-10T18:18:37.9708616Z [36;1m  -D npu_per_node="$npu_per_node" \[0m
2026-02-10T18:18:37.9708825Z [36;1m  -D fail_tag="$fail_tag" \[0m
2026-02-10T18:18:37.9709014Z [36;1m  --outfile lws.yaml[0m
2026-02-10T18:18:37.9709183Z [36;1m[0m
2026-02-10T18:18:37.9709325Z [36;1mkubectl apply -f ./lws.yaml[0m
2026-02-10T18:18:37.9709628Z shell: bash -el {0}
2026-02-10T18:18:37.9709782Z ##[endgroup]
2026-02-10T18:18:37.9811473Z ##[group]Run '/home/runner/k8s/index.js'
2026-02-10T18:18:37.9812709Z shell: /home/runner/externals/node20/bin/node {0}
2026-02-10T18:18:37.9812923Z ##[endgroup]
2026-02-10T18:18:38.3280160Z (node:590) [DEP0005] DeprecationWarning: Buffer() is deprecated due to security and usability issues. Please use the Buffer.alloc(), Buffer.allocUnsafe(), or Buffer.from() methods instead.
2026-02-10T18:18:38.3280840Z (Use `node --trace-deprecation ...` to show where the warning was created)
2026-02-10T18:18:39.3109091Z leaderworkerset.leaderworkerset.x-k8s.io/vllm created
2026-02-10T18:18:39.3374653Z service/vllm-leader created
2026-02-10T18:18:39.8287298Z ##[group]Run POD_PREFIX="${POD_PREFIX:-vllm-0}"
2026-02-10T18:18:39.8287603Z [36;1mPOD_PREFIX="${POD_PREFIX:-vllm-0}"[0m
2026-02-10T18:18:39.8287807Z [36;1mSIZE="2"[0m
2026-02-10T18:18:39.8287991Z [36;1mTIMEOUT=1200  # default timeout 20 minutes[0m
2026-02-10T18:18:39.8288211Z [36;1m[0m
2026-02-10T18:18:39.8288509Z [36;1mecho "Waiting for Pods in namespace [$NAMESPACE] to become Running and Ready (timeout ${TIMEOUT}s)..."[0m
2026-02-10T18:18:39.8288863Z [36;1m[0m
2026-02-10T18:18:39.8289007Z [36;1mSTART_TIME=$(date +%s)[0m
2026-02-10T18:18:39.8289177Z [36;1m[0m
2026-02-10T18:18:39.8289314Z [36;1mwhile true; do[0m
2026-02-10T18:18:39.8289474Z [36;1m  NOW=$(date +%s)[0m
2026-02-10T18:18:39.8289662Z [36;1m  ELAPSED=$((NOW - START_TIME))[0m
2026-02-10T18:18:39.8289879Z [36;1m  if [[ $ELAPSED -ge $TIMEOUT ]]; then[0m
2026-02-10T18:18:39.8290116Z [36;1m    echo "Timeout reached after ${ELAPSED}s"[0m
2026-02-10T18:18:39.8290392Z [36;1m    echo "Dumping pod status for debugging:"[0m
2026-02-10T18:18:39.8290616Z [36;1m    kubectl get pods -n "$NAMESPACE"[0m
2026-02-10T18:18:39.8290876Z [36;1m    kubectl describe pod "$LEADER_POD" -n "$NAMESPACE"[0m
2026-02-10T18:18:39.8291109Z [36;1m    exit 1[0m
2026-02-10T18:18:39.8291253Z [36;1m  fi[0m
2026-02-10T18:18:39.8291387Z [36;1m[0m
2026-02-10T18:18:39.8291535Z [36;1m  # 1) check follower pods[0m
2026-02-10T18:18:39.8291723Z [36;1m  ALL_FOLLOWERS_READY=true[0m
2026-02-10T18:18:39.8291915Z [36;1m  for ((i=1; i<SIZE; i++)); do[0m
2026-02-10T18:18:39.8292245Z [36;1m    POD="${POD_PREFIX}-${i}"[0m
2026-02-10T18:18:39.8292633Z [36;1m    PHASE=$(kubectl get pod "$POD" -n "$NAMESPACE" -o jsonpath='{.status.phase}' 2>/dev/null || echo "NotFound")[0m
2026-02-10T18:18:39.8293176Z [36;1m    READY=$(kubectl get pod "$POD" -n "$NAMESPACE" -o jsonpath='{.status.containerStatuses[*].ready}' 2>/dev/null)[0m
2026-02-10T18:18:39.8293672Z [36;1m[0m
2026-02-10T18:18:39.8293947Z [36;1m    echo "Follower [$POD] phase=$PHASE ready=$READY"[0m
2026-02-10T18:18:39.8294190Z [36;1m[0m
2026-02-10T18:18:39.8294371Z [36;1m    if [[ "$PHASE" != "Running" || "$READY" != "true" ]]; then[0m
2026-02-10T18:18:39.8294651Z [36;1m      echo "Follower [$POD] not Ready yet..."[0m
2026-02-10T18:18:39.8294881Z [36;1m      ALL_FOLLOWERS_READY=false[0m
2026-02-10T18:18:39.8295068Z [36;1m      break[0m
2026-02-10T18:18:39.8295219Z [36;1m    fi[0m
2026-02-10T18:18:39.8295357Z [36;1m  done[0m
2026-02-10T18:18:39.8295485Z [36;1m[0m
2026-02-10T18:18:39.8295624Z [36;1m  # 2) check leader pod[0m
2026-02-10T18:18:39.8296012Z [36;1m  LEADER_PHASE=$(kubectl get pod "$LEADER_POD" -n "$NAMESPACE" -o jsonpath='{.status.phase}' 2>/dev/null || echo "NotFound")[0m
2026-02-10T18:18:39.8296598Z [36;1m  LEADER_READY=$(kubectl get pod "$LEADER_POD" -n "$NAMESPACE" -o jsonpath='{.status.containerStatuses[*].ready}' 2>/dev/null)[0m
2026-02-10T18:18:39.8296997Z [36;1m[0m
2026-02-10T18:18:39.8297215Z [36;1m  echo "Leader [$LEADER_POD] phase=$LEADER_PHASE ready=$LEADER_READY"[0m
2026-02-10T18:18:39.8297473Z [36;1m[0m
2026-02-10T18:18:39.8297682Z [36;1m  if [[ "$LEADER_PHASE" != "Running" || "$LEADER_READY" != "true" ]]; then[0m
2026-02-10T18:18:39.8297963Z [36;1m    echo "Leader not Ready yet..."[0m
2026-02-10T18:18:39.8298160Z [36;1m    ALL_FOLLOWERS_READY=false[0m
2026-02-10T18:18:39.8298341Z [36;1m  fi[0m
2026-02-10T18:18:39.8298470Z [36;1m[0m
2026-02-10T18:18:39.8298641Z [36;1m  if [[ "$ALL_FOLLOWERS_READY" == "true" ]]; then[0m
2026-02-10T18:18:39.8298969Z [36;1m    echo "All follower pods and leader pod are Running and Ready â€” continuing."[0m
2026-02-10T18:18:39.8299254Z [36;1m    break[0m
2026-02-10T18:18:39.8299434Z [36;1m  fi[0m
2026-02-10T18:18:39.8299582Z [36;1m[0m
2026-02-10T18:18:39.8299707Z [36;1m  sleep 2[0m
2026-02-10T18:18:39.8299856Z [36;1mdone[0m
2026-02-10T18:18:39.8300129Z shell: bash -el {0}
2026-02-10T18:18:39.8300273Z env:
2026-02-10T18:18:39.8300603Z   FAIL_TAG: FAIL_TAG_DeepSeek-V3_2-W8A8-A3-dual-nodes.yaml
2026-02-10T18:18:39.8300833Z ##[endgroup]
2026-02-10T18:18:39.8407712Z ##[group]Run '/home/runner/k8s/index.js'
2026-02-10T18:18:39.8408375Z shell: /home/runner/externals/node20/bin/node {0}
2026-02-10T18:18:39.8408583Z ##[endgroup]
2026-02-10T18:18:40.1935158Z (node:669) [DEP0005] DeprecationWarning: Buffer() is deprecated due to security and usability issues. Please use the Buffer.alloc(), Buffer.allocUnsafe(), or Buffer.from() methods instead.
2026-02-10T18:18:40.1935833Z (Use `node --trace-deprecation ...` to show where the warning was created)
2026-02-10T18:18:40.7661191Z Waiting for Pods in namespace [vllm-project] to become Running and Ready (timeout 1200s)...
2026-02-10T18:18:40.8873023Z Follower [vllm-0-1] phase=Pending ready=
2026-02-10T18:18:40.8873269Z Follower [vllm-0-1] not Ready yet...
2026-02-10T18:18:41.0175494Z Leader [vllm-0] phase=Pending ready=
2026-02-10T18:18:41.0175740Z Leader not Ready yet...
2026-02-10T18:18:43.1380825Z Follower [vllm-0-1] phase=Pending ready=
2026-02-10T18:18:43.1381104Z Follower [vllm-0-1] not Ready yet...
2026-02-10T18:18:43.2670068Z Leader [vllm-0] phase=Pending ready=
2026-02-10T18:18:43.2670289Z Leader not Ready yet...
2026-02-10T18:18:45.3972371Z Follower [vllm-0-1] phase=Pending ready=
2026-02-10T18:18:45.3972810Z Follower [vllm-0-1] not Ready yet...
2026-02-10T18:18:45.5112995Z Leader [vllm-0] phase=Pending ready=
2026-02-10T18:18:45.5113267Z Leader not Ready yet...
2026-02-10T18:18:47.6353806Z Follower [vllm-0-1] phase=Pending ready=
2026-02-10T18:18:47.6354083Z Follower [vllm-0-1] not Ready yet...
2026-02-10T18:18:47.7566897Z Leader [vllm-0] phase=Pending ready=
2026-02-10T18:18:47.7567113Z Leader not Ready yet...
2026-02-10T18:18:49.8760712Z Follower [vllm-0-1] phase=Pending ready=
2026-02-10T18:18:49.8760979Z Follower [vllm-0-1] not Ready yet...
2026-02-10T18:18:49.9918240Z Leader [vllm-0] phase=Pending ready=
2026-02-10T18:18:49.9918779Z Leader not Ready yet...
2026-02-10T18:18:52.1076776Z Follower [vllm-0-1] phase=Pending ready=false
2026-02-10T18:18:52.1077145Z Follower [vllm-0-1] not Ready yet...
2026-02-10T18:18:52.2241674Z Leader [vllm-0] phase=Pending ready=
2026-02-10T18:18:52.2241913Z Leader not Ready yet...
2026-02-10T18:18:54.3397151Z Follower [vllm-0-1] phase=Pending ready=false
2026-02-10T18:18:54.3397424Z Follower [vllm-0-1] not Ready yet...
2026-02-10T18:18:54.4542395Z Leader [vllm-0] phase=Pending ready=false
2026-02-10T18:18:54.4542658Z Leader not Ready yet...
2026-02-10T18:18:56.6193886Z Follower [vllm-0-1] phase=Pending ready=false
2026-02-10T18:18:56.6194173Z Follower [vllm-0-1] not Ready yet...
2026-02-10T18:18:56.7416686Z Leader [vllm-0] phase=Running ready=false
2026-02-10T18:18:56.7416912Z Leader not Ready yet...
2026-02-10T18:18:58.8688122Z Follower [vllm-0-1] phase=Pending ready=false
2026-02-10T18:18:58.8688416Z Follower [vllm-0-1] not Ready yet...
2026-02-10T18:18:58.9820317Z Leader [vllm-0] phase=Running ready=false
2026-02-10T18:18:58.9820606Z Leader not Ready yet...
2026-02-10T18:19:01.1179672Z Follower [vllm-0-1] phase=Pending ready=false
2026-02-10T18:19:01.1179957Z Follower [vllm-0-1] not Ready yet...
2026-02-10T18:19:01.2384134Z Leader [vllm-0] phase=Running ready=false
2026-02-10T18:19:01.2384390Z Leader not Ready yet...
2026-02-10T18:19:03.3643400Z Follower [vllm-0-1] phase=Pending ready=false
2026-02-10T18:19:03.3643701Z Follower [vllm-0-1] not Ready yet...
2026-02-10T18:19:03.4835856Z Leader [vllm-0] phase=Running ready=false
2026-02-10T18:19:03.4836115Z Leader not Ready yet...
2026-02-10T18:19:05.6216386Z Follower [vllm-0-1] phase=Pending ready=false
2026-02-10T18:19:05.6216733Z Follower [vllm-0-1] not Ready yet...
2026-02-10T18:19:05.7490260Z Leader [vllm-0] phase=Running ready=false
2026-02-10T18:19:05.7490512Z Leader not Ready yet...
2026-02-10T18:19:07.8838980Z Follower [vllm-0-1] phase=Pending ready=false
2026-02-10T18:19:07.8839258Z Follower [vllm-0-1] not Ready yet...
2026-02-10T18:19:08.0006984Z Leader [vllm-0] phase=Running ready=false
2026-02-10T18:19:08.0007217Z Leader not Ready yet...
2026-02-10T18:19:10.1281158Z Follower [vllm-0-1] phase=Pending ready=false
2026-02-10T18:19:10.1281454Z Follower [vllm-0-1] not Ready yet...
2026-02-10T18:19:10.2462332Z Leader [vllm-0] phase=Running ready=false
2026-02-10T18:19:10.2462606Z Leader not Ready yet...
2026-02-10T18:19:12.3704551Z Follower [vllm-0-1] phase=Pending ready=false
2026-02-10T18:19:12.3704839Z Follower [vllm-0-1] not Ready yet...
2026-02-10T18:19:12.4951775Z Leader [vllm-0] phase=Running ready=false
2026-02-10T18:19:12.4952142Z Leader not Ready yet...
2026-02-10T18:19:14.6403229Z Follower [vllm-0-1] phase=Pending ready=false
2026-02-10T18:19:14.6403549Z Follower [vllm-0-1] not Ready yet...
2026-02-10T18:19:14.7590445Z Leader [vllm-0] phase=Running ready=false
2026-02-10T18:19:14.7590699Z Leader not Ready yet...
2026-02-10T18:19:16.8770371Z Follower [vllm-0-1] phase=Pending ready=false
2026-02-10T18:19:16.8770677Z Follower [vllm-0-1] not Ready yet...
2026-02-10T18:19:16.9915809Z Leader [vllm-0] phase=Running ready=false
2026-02-10T18:19:16.9916087Z Leader not Ready yet...
2026-02-10T18:19:19.1152749Z Follower [vllm-0-1] phase=Pending ready=false
2026-02-10T18:19:19.1153041Z Follower [vllm-0-1] not Ready yet...
2026-02-10T18:19:19.2368167Z Leader [vllm-0] phase=Running ready=false
2026-02-10T18:19:19.2368395Z Leader not Ready yet...
2026-02-10T18:19:21.3501906Z Follower [vllm-0-1] phase=Pending ready=false
2026-02-10T18:19:21.3502294Z Follower [vllm-0-1] not Ready yet...
2026-02-10T18:19:21.4653008Z Leader [vllm-0] phase=Running ready=false
2026-02-10T18:19:21.4653264Z Leader not Ready yet...
2026-02-10T18:19:23.5830449Z Follower [vllm-0-1] phase=Pending ready=false
2026-02-10T18:19:23.5830737Z Follower [vllm-0-1] not Ready yet...
2026-02-10T18:19:23.7020152Z Leader [vllm-0] phase=Running ready=false
2026-02-10T18:19:23.7020377Z Leader not Ready yet...
2026-02-10T18:19:25.8408182Z Follower [vllm-0-1] phase=Pending ready=false
2026-02-10T18:19:25.8408890Z Follower [vllm-0-1] not Ready yet...
2026-02-10T18:19:25.9632899Z Leader [vllm-0] phase=Running ready=false
2026-02-10T18:19:25.9633178Z Leader not Ready yet...
2026-02-10T18:19:28.0844521Z Follower [vllm-0-1] phase=Pending ready=false
2026-02-10T18:19:28.0844820Z Follower [vllm-0-1] not Ready yet...
2026-02-10T18:19:28.2077636Z Leader [vllm-0] phase=Running ready=false
2026-02-10T18:19:28.2077901Z Leader not Ready yet...
2026-02-10T18:19:30.3454568Z Follower [vllm-0-1] phase=Pending ready=false
2026-02-10T18:19:30.3454860Z Follower [vllm-0-1] not Ready yet...
2026-02-10T18:19:30.4744034Z Leader [vllm-0] phase=Running ready=false
2026-02-10T18:19:30.4744313Z Leader not Ready yet...
2026-02-10T18:19:32.6020849Z Follower [vllm-0-1] phase=Pending ready=false
2026-02-10T18:19:32.6021135Z Follower [vllm-0-1] not Ready yet...
2026-02-10T18:19:32.7257342Z Leader [vllm-0] phase=Running ready=false
2026-02-10T18:19:32.7257621Z Leader not Ready yet...
2026-02-10T18:19:34.8545698Z Follower [vllm-0-1] phase=Pending ready=false
2026-02-10T18:19:34.8546009Z Follower [vllm-0-1] not Ready yet...
2026-02-10T18:19:34.9778056Z Leader [vllm-0] phase=Running ready=false
2026-02-10T18:19:34.9778285Z Leader not Ready yet...
2026-02-10T18:19:37.1082215Z Follower [vllm-0-1] phase=Pending ready=false
2026-02-10T18:19:37.1082510Z Follower [vllm-0-1] not Ready yet...
2026-02-10T18:19:37.2305174Z Leader [vllm-0] phase=Running ready=false
2026-02-10T18:19:37.2305487Z Leader not Ready yet...
2026-02-10T18:19:39.3459399Z Follower [vllm-0-1] phase=Running ready=false
2026-02-10T18:19:39.3459686Z Follower [vllm-0-1] not Ready yet...
2026-02-10T18:19:39.4599373Z Leader [vllm-0] phase=Running ready=false
2026-02-10T18:19:39.4599636Z Leader not Ready yet...
2026-02-10T18:19:41.5947833Z Follower [vllm-0-1] phase=Running ready=false
2026-02-10T18:19:41.5948117Z Follower [vllm-0-1] not Ready yet...
2026-02-10T18:19:41.7313956Z Leader [vllm-0] phase=Running ready=false
2026-02-10T18:19:41.7314217Z Leader not Ready yet...
2026-02-10T18:19:43.8555195Z Follower [vllm-0-1] phase=Running ready=false
2026-02-10T18:19:43.8555836Z Follower [vllm-0-1] not Ready yet...
2026-02-10T18:19:43.9768197Z Leader [vllm-0] phase=Running ready=false
2026-02-10T18:19:43.9768463Z Leader not Ready yet...
2026-02-10T18:19:46.1325672Z Follower [vllm-0-1] phase=Running ready=false
2026-02-10T18:19:46.1325972Z Follower [vllm-0-1] not Ready yet...
2026-02-10T18:19:46.2601048Z Leader [vllm-0] phase=Running ready=false
2026-02-10T18:19:46.2601315Z Leader not Ready yet...
2026-02-10T18:19:48.3928777Z Follower [vllm-0-1] phase=Running ready=false
2026-02-10T18:19:48.3929062Z Follower [vllm-0-1] not Ready yet...
2026-02-10T18:19:48.5199189Z Leader [vllm-0] phase=Running ready=false
2026-02-10T18:19:48.5199419Z Leader not Ready yet...
2026-02-10T18:19:50.6436329Z Follower [vllm-0-1] phase=Running ready=false
2026-02-10T18:19:50.6436604Z Follower [vllm-0-1] not Ready yet...
2026-02-10T18:19:50.7610627Z Leader [vllm-0] phase=Running ready=false
2026-02-10T18:19:50.7610909Z Leader not Ready yet...
2026-02-10T18:19:52.8922745Z Follower [vllm-0-1] phase=Running ready=false
2026-02-10T18:19:52.8923080Z Follower [vllm-0-1] not Ready yet...
2026-02-10T18:19:53.0114024Z Leader [vllm-0] phase=Running ready=false
2026-02-10T18:19:53.0114270Z Leader not Ready yet...
2026-02-10T18:19:55.1436263Z Follower [vllm-0-1] phase=Running ready=false
2026-02-10T18:19:55.1436543Z Follower [vllm-0-1] not Ready yet...
2026-02-10T18:19:55.2793213Z Leader [vllm-0] phase=Running ready=false
2026-02-10T18:19:55.2793482Z Leader not Ready yet...
2026-02-10T18:19:57.4196532Z Follower [vllm-0-1] phase=Running ready=false
2026-02-10T18:19:57.4196814Z Follower [vllm-0-1] not Ready yet...
2026-02-10T18:19:57.5558459Z Leader [vllm-0] phase=Running ready=false
2026-02-10T18:19:57.5558691Z Leader not Ready yet...
2026-02-10T18:19:59.6892204Z Follower [vllm-0-1] phase=Running ready=false
2026-02-10T18:19:59.6892504Z Follower [vllm-0-1] not Ready yet...
2026-02-10T18:19:59.8291678Z Leader [vllm-0] phase=Running ready=false
2026-02-10T18:19:59.8292545Z Leader not Ready yet...
2026-02-10T18:20:01.9633523Z Follower [vllm-0-1] phase=Running ready=false
2026-02-10T18:20:01.9633947Z Follower [vllm-0-1] not Ready yet...
2026-02-10T18:20:02.1118231Z Leader [vllm-0] phase=Running ready=false
2026-02-10T18:20:02.1118505Z Leader not Ready yet...
2026-02-10T18:20:04.4815870Z Follower [vllm-0-1] phase=Running ready=false
2026-02-10T18:20:04.4817371Z Follower [vllm-0-1] not Ready yet...
2026-02-10T18:20:04.6073520Z Leader [vllm-0] phase=Running ready=false
2026-02-10T18:20:04.6073746Z Leader not Ready yet...
2026-02-10T18:20:06.7345620Z Follower [vllm-0-1] phase=Running ready=false
2026-02-10T18:20:06.7345894Z Follower [vllm-0-1] not Ready yet...
2026-02-10T18:20:06.8583338Z Leader [vllm-0] phase=Running ready=false
2026-02-10T18:20:06.8583592Z Leader not Ready yet...
2026-02-10T18:20:08.9879087Z Follower [vllm-0-1] phase=Running ready=false
2026-02-10T18:20:08.9879384Z Follower [vllm-0-1] not Ready yet...
2026-02-10T18:20:09.1117375Z Leader [vllm-0] phase=Running ready=false
2026-02-10T18:20:09.1117632Z Leader not Ready yet...
2026-02-10T18:20:11.2368301Z Follower [vllm-0-1] phase=Running ready=false
2026-02-10T18:20:11.2368658Z Follower [vllm-0-1] not Ready yet...
2026-02-10T18:20:11.3584084Z Leader [vllm-0] phase=Running ready=false
2026-02-10T18:20:11.3584304Z Leader not Ready yet...
2026-02-10T18:20:13.4888173Z Follower [vllm-0-1] phase=Running ready=false
2026-02-10T18:20:13.4888455Z Follower [vllm-0-1] not Ready yet...
2026-02-10T18:20:13.6115852Z Leader [vllm-0] phase=Running ready=false
2026-02-10T18:20:13.6116115Z Leader not Ready yet...
2026-02-10T18:20:15.7345880Z Follower [vllm-0-1] phase=Running ready=false
2026-02-10T18:20:15.7346163Z Follower [vllm-0-1] not Ready yet...
2026-02-10T18:20:15.8479320Z Leader [vllm-0] phase=Running ready=false
2026-02-10T18:20:15.8479658Z Leader not Ready yet...
2026-02-10T18:20:17.9795057Z Follower [vllm-0-1] phase=Running ready=false
2026-02-10T18:20:17.9795342Z Follower [vllm-0-1] not Ready yet...
2026-02-10T18:20:18.0997141Z Leader [vllm-0] phase=Running ready=false
2026-02-10T18:20:18.0997729Z Leader not Ready yet...
2026-02-10T18:20:20.2293689Z Follower [vllm-0-1] phase=Running ready=false
2026-02-10T18:20:20.2293985Z Follower [vllm-0-1] not Ready yet...
2026-02-10T18:20:20.3492796Z Leader [vllm-0] phase=Running ready=false
2026-02-10T18:20:20.3493178Z Leader not Ready yet...
2026-02-10T18:20:22.4702787Z Follower [vllm-0-1] phase=Running ready=false
2026-02-10T18:20:22.4703077Z Follower [vllm-0-1] not Ready yet...
2026-02-10T18:20:22.5866861Z Leader [vllm-0] phase=Running ready=false
2026-02-10T18:20:22.5867095Z Leader not Ready yet...
2026-02-10T18:20:24.7209818Z Follower [vllm-0-1] phase=Running ready=false
2026-02-10T18:20:24.7210111Z Follower [vllm-0-1] not Ready yet...
2026-02-10T18:20:24.8389876Z Leader [vllm-0] phase=Running ready=false
2026-02-10T18:20:24.8390112Z Leader not Ready yet...
2026-02-10T18:20:26.9693518Z Follower [vllm-0-1] phase=Running ready=false
2026-02-10T18:20:26.9693857Z Follower [vllm-0-1] not Ready yet...
2026-02-10T18:20:27.0883510Z Leader [vllm-0] phase=Running ready=false
2026-02-10T18:20:27.0883754Z Leader not Ready yet...
2026-02-10T18:20:29.2080223Z Follower [vllm-0-1] phase=Running ready=false
2026-02-10T18:20:29.2080522Z Follower [vllm-0-1] not Ready yet...
2026-02-10T18:20:29.3183326Z Leader [vllm-0] phase=Running ready=false
2026-02-10T18:20:29.3183598Z Leader not Ready yet...
2026-02-10T18:20:31.4369707Z Follower [vllm-0-1] phase=Running ready=false
2026-02-10T18:20:31.4370031Z Follower [vllm-0-1] not Ready yet...
2026-02-10T18:20:31.5524805Z Leader [vllm-0] phase=Running ready=false
2026-02-10T18:20:31.5525031Z Leader not Ready yet...
2026-02-10T18:20:33.6735181Z Follower [vllm-0-1] phase=Running ready=false
2026-02-10T18:20:33.6735544Z Follower [vllm-0-1] not Ready yet...
2026-02-10T18:20:33.7944814Z Leader [vllm-0] phase=Running ready=false
2026-02-10T18:20:33.7945093Z Leader not Ready yet...
2026-02-10T18:20:35.9174109Z Follower [vllm-0-1] phase=Running ready=false
2026-02-10T18:20:35.9174871Z Follower [vllm-0-1] not Ready yet...
2026-02-10T18:20:36.0316574Z Leader [vllm-0] phase=Running ready=false
2026-02-10T18:20:36.0316830Z Leader not Ready yet...
2026-02-10T18:20:38.1489222Z Follower [vllm-0-1] phase=Running ready=false
2026-02-10T18:20:38.1489519Z Follower [vllm-0-1] not Ready yet...
2026-02-10T18:20:38.2646484Z Leader [vllm-0] phase=Running ready=false
2026-02-10T18:20:38.2646747Z Leader not Ready yet...
2026-02-10T18:20:40.3846974Z Follower [vllm-0-1] phase=Running ready=false
2026-02-10T18:20:40.3847251Z Follower [vllm-0-1] not Ready yet...
2026-02-10T18:20:40.5026638Z Leader [vllm-0] phase=Running ready=false
2026-02-10T18:20:40.5026879Z Leader not Ready yet...
2026-02-10T18:20:42.6343462Z Follower [vllm-0-1] phase=Running ready=false
2026-02-10T18:20:42.6343746Z Follower [vllm-0-1] not Ready yet...
2026-02-10T18:20:42.7568808Z Leader [vllm-0] phase=Running ready=false
2026-02-10T18:20:42.7569027Z Leader not Ready yet...
2026-02-10T18:20:44.8885169Z Follower [vllm-0-1] phase=Running ready=false
2026-02-10T18:20:44.8885447Z Follower [vllm-0-1] not Ready yet...
2026-02-10T18:20:45.0077365Z Leader [vllm-0] phase=Running ready=false
2026-02-10T18:20:45.0077668Z Leader not Ready yet...
2026-02-10T18:20:47.1417170Z Follower [vllm-0-1] phase=Running ready=false
2026-02-10T18:20:47.1417455Z Follower [vllm-0-1] not Ready yet...
2026-02-10T18:20:47.2601212Z Leader [vllm-0] phase=Running ready=false
2026-02-10T18:20:47.2601466Z Leader not Ready yet...
2026-02-10T18:20:49.3786530Z Follower [vllm-0-1] phase=Running ready=false
2026-02-10T18:20:49.3786816Z Follower [vllm-0-1] not Ready yet...
2026-02-10T18:20:49.4943551Z Leader [vllm-0] phase=Running ready=false
2026-02-10T18:20:49.4943781Z Leader not Ready yet...
2026-02-10T18:20:51.6271975Z Follower [vllm-0-1] phase=Running ready=false
2026-02-10T18:20:51.6272376Z Follower [vllm-0-1] not Ready yet...
2026-02-10T18:20:51.7474188Z Leader [vllm-0] phase=Running ready=false
2026-02-10T18:20:51.7474448Z Leader not Ready yet...
2026-02-10T18:20:53.8747505Z Follower [vllm-0-1] phase=Running ready=false
2026-02-10T18:20:53.8749381Z Follower [vllm-0-1] not Ready yet...
2026-02-10T18:20:54.0060178Z Leader [vllm-0] phase=Running ready=false
2026-02-10T18:20:54.0060442Z Leader not Ready yet...
2026-02-10T18:20:56.1421630Z Follower [vllm-0-1] phase=Running ready=false
2026-02-10T18:20:56.1421980Z Follower [vllm-0-1] not Ready yet...
2026-02-10T18:20:56.2594688Z Leader [vllm-0] phase=Running ready=false
2026-02-10T18:20:56.2594903Z Leader not Ready yet...
2026-02-10T18:20:58.3883464Z Follower [vllm-0-1] phase=Running ready=false
2026-02-10T18:20:58.3883755Z Follower [vllm-0-1] not Ready yet...
2026-02-10T18:20:58.5115382Z Leader [vllm-0] phase=Running ready=false
2026-02-10T18:20:58.5115598Z Leader not Ready yet...
2026-02-10T18:21:00.6304688Z Follower [vllm-0-1] phase=Running ready=false
2026-02-10T18:21:00.6304970Z Follower [vllm-0-1] not Ready yet...
2026-02-10T18:21:00.7512273Z Leader [vllm-0] phase=Running ready=false
2026-02-10T18:21:00.7512585Z Leader not Ready yet...
2026-02-10T18:21:02.8909339Z Follower [vllm-0-1] phase=Running ready=false
2026-02-10T18:21:02.8909645Z Follower [vllm-0-1] not Ready yet...
2026-02-10T18:21:03.0060681Z Leader [vllm-0] phase=Running ready=false
2026-02-10T18:21:03.0060909Z Leader not Ready yet...
2026-02-10T18:21:05.1337973Z Follower [vllm-0-1] phase=Running ready=false
2026-02-10T18:21:05.1338254Z Follower [vllm-0-1] not Ready yet...
2026-02-10T18:21:05.2526655Z Leader [vllm-0] phase=Running ready=false
2026-02-10T18:21:05.2526908Z Leader not Ready yet...
2026-02-10T18:21:07.3951182Z Follower [vllm-0-1] phase=Running ready=false
2026-02-10T18:21:07.3951457Z Follower [vllm-0-1] not Ready yet...
2026-02-10T18:21:07.5269371Z Leader [vllm-0] phase=Running ready=false
2026-02-10T18:21:07.5269606Z Leader not Ready yet...
2026-02-10T18:21:09.6653414Z Follower [vllm-0-1] phase=Running ready=false
2026-02-10T18:21:09.6653687Z Follower [vllm-0-1] not Ready yet...
2026-02-10T18:21:09.7938235Z Leader [vllm-0] phase=Running ready=false
2026-02-10T18:21:09.7938458Z Leader not Ready yet...
2026-02-10T18:21:11.9267791Z Follower [vllm-0-1] phase=Running ready=false
2026-02-10T18:21:11.9268082Z Follower [vllm-0-1] not Ready yet...
2026-02-10T18:21:12.0578823Z Leader [vllm-0] phase=Running ready=false
2026-02-10T18:21:12.0579041Z Leader not Ready yet...
2026-02-10T18:21:14.1993916Z Follower [vllm-0-1] phase=Running ready=false
2026-02-10T18:21:14.1994191Z Follower [vllm-0-1] not Ready yet...
2026-02-10T18:21:14.3329181Z Leader [vllm-0] phase=Running ready=false
2026-02-10T18:21:14.3329412Z Leader not Ready yet...
2026-02-10T18:21:16.4728720Z Follower [vllm-0-1] phase=Running ready=false
2026-02-10T18:21:16.4729104Z Follower [vllm-0-1] not Ready yet...
2026-02-10T18:21:16.6091357Z Leader [vllm-0] phase=Running ready=false
2026-02-10T18:21:16.6091589Z Leader not Ready yet...
2026-02-10T18:21:18.7455021Z Follower [vllm-0-1] phase=Running ready=false
2026-02-10T18:21:18.7455310Z Follower [vllm-0-1] not Ready yet...
2026-02-10T18:21:18.8644751Z Leader [vllm-0] phase=Running ready=false
2026-02-10T18:21:18.8645021Z Leader not Ready yet...
2026-02-10T18:21:20.9963544Z Follower [vllm-0-1] phase=Running ready=false
2026-02-10T18:21:20.9963831Z Follower [vllm-0-1] not Ready yet...
2026-02-10T18:21:21.1276371Z Leader [vllm-0] phase=Running ready=false
2026-02-10T18:21:21.1276591Z Leader not Ready yet...
2026-02-10T18:21:23.2599745Z Follower [vllm-0-1] phase=Running ready=false
2026-02-10T18:21:23.2600032Z Follower [vllm-0-1] not Ready yet...
2026-02-10T18:21:23.3947850Z Leader [vllm-0] phase=Running ready=false
2026-02-10T18:21:23.3948138Z Leader not Ready yet...
2026-02-10T18:21:25.5252107Z Follower [vllm-0-1] phase=Running ready=false
2026-02-10T18:21:25.5252401Z Follower [vllm-0-1] not Ready yet...
2026-02-10T18:21:25.6459641Z Leader [vllm-0] phase=Running ready=false
2026-02-10T18:21:25.6459875Z Leader not Ready yet...
2026-02-10T18:21:27.7675570Z Follower [vllm-0-1] phase=Running ready=false
2026-02-10T18:21:27.7675972Z Follower [vllm-0-1] not Ready yet...
2026-02-10T18:21:27.8896267Z Leader [vllm-0] phase=Running ready=false
2026-02-10T18:21:27.8896852Z Leader not Ready yet...
2026-02-10T18:21:30.0250518Z Follower [vllm-0-1] phase=Running ready=false
2026-02-10T18:21:30.0250811Z Follower [vllm-0-1] not Ready yet...
2026-02-10T18:21:30.1557280Z Leader [vllm-0] phase=Running ready=false
2026-02-10T18:21:30.1557539Z Leader not Ready yet...
2026-02-10T18:21:32.2878439Z Follower [vllm-0-1] phase=Running ready=false
2026-02-10T18:21:32.2878712Z Follower [vllm-0-1] not Ready yet...
2026-02-10T18:21:32.4150938Z Leader [vllm-0] phase=Running ready=false
2026-02-10T18:21:32.4151208Z Leader not Ready yet...
2026-02-10T18:21:34.5482410Z Follower [vllm-0-1] phase=Running ready=false
2026-02-10T18:21:34.5482702Z Follower [vllm-0-1] not Ready yet...
2026-02-10T18:21:34.6759849Z Leader [vllm-0] phase=Running ready=false
2026-02-10T18:21:34.6760175Z Leader not Ready yet...
2026-02-10T18:21:36.7999742Z Follower [vllm-0-1] phase=Running ready=false
2026-02-10T18:21:36.8000072Z Follower [vllm-0-1] not Ready yet...
2026-02-10T18:21:36.9244983Z Leader [vllm-0] phase=Running ready=false
2026-02-10T18:21:36.9245286Z Leader not Ready yet...
2026-02-10T18:21:39.0504733Z Follower [vllm-0-1] phase=Running ready=false
2026-02-10T18:21:39.0505064Z Follower [vllm-0-1] not Ready yet...
2026-02-10T18:21:39.1756122Z Leader [vllm-0] phase=Running ready=false
2026-02-10T18:21:39.1756420Z Leader not Ready yet...
2026-02-10T18:21:41.3065354Z Follower [vllm-0-1] phase=Running ready=false
2026-02-10T18:21:41.3065659Z Follower [vllm-0-1] not Ready yet...
2026-02-10T18:21:41.4245998Z Leader [vllm-0] phase=Running ready=false
2026-02-10T18:21:41.4246331Z Leader not Ready yet...
2026-02-10T18:21:43.5508888Z Follower [vllm-0-1] phase=Running ready=false
2026-02-10T18:21:43.5509203Z Follower [vllm-0-1] not Ready yet...
2026-02-10T18:21:43.6680078Z Leader [vllm-0] phase=Running ready=false
2026-02-10T18:21:43.6680363Z Leader not Ready yet...
2026-02-10T18:21:45.7982090Z Follower [vllm-0-1] phase=Running ready=false
2026-02-10T18:21:45.7982380Z Follower [vllm-0-1] not Ready yet...
2026-02-10T18:21:45.9193098Z Leader [vllm-0] phase=Running ready=false
2026-02-10T18:21:45.9193362Z Leader not Ready yet...
2026-02-10T18:21:48.0558639Z Follower [vllm-0-1] phase=Running ready=false
2026-02-10T18:21:48.0558924Z Follower [vllm-0-1] not Ready yet...
2026-02-10T18:21:48.1930976Z Leader [vllm-0] phase=Running ready=false
2026-02-10T18:21:48.1931246Z Leader not Ready yet...
2026-02-10T18:21:50.3163131Z Follower [vllm-0-1] phase=Running ready=false
2026-02-10T18:21:50.3163407Z Follower [vllm-0-1] not Ready yet...
2026-02-10T18:21:50.4327925Z Leader [vllm-0] phase=Running ready=false
2026-02-10T18:21:50.4328189Z Leader not Ready yet...
2026-02-10T18:21:52.5642219Z Follower [vllm-0-1] phase=Running ready=false
2026-02-10T18:21:52.5642521Z Follower [vllm-0-1] not Ready yet...
2026-02-10T18:21:52.6930306Z Leader [vllm-0] phase=Running ready=false
2026-02-10T18:21:52.6930557Z Leader not Ready yet...
2026-02-10T18:21:54.8145422Z Follower [vllm-0-1] phase=Running ready=false
2026-02-10T18:21:54.8145741Z Follower [vllm-0-1] not Ready yet...
2026-02-10T18:21:54.9340670Z Leader [vllm-0] phase=Running ready=false
2026-02-10T18:21:54.9340930Z Leader not Ready yet...
2026-02-10T18:21:57.0489384Z Follower [vllm-0-1] phase=Running ready=false
2026-02-10T18:21:57.0489672Z Follower [vllm-0-1] not Ready yet...
2026-02-10T18:21:57.1645077Z Leader [vllm-0] phase=Running ready=false
2026-02-10T18:21:57.1645302Z Leader not Ready yet...
2026-02-10T18:21:59.2808083Z Follower [vllm-0-1] phase=Running ready=false
2026-02-10T18:21:59.2808369Z Follower [vllm-0-1] not Ready yet...
2026-02-10T18:21:59.4001961Z Leader [vllm-0] phase=Running ready=false
2026-02-10T18:21:59.4002288Z Leader not Ready yet...
2026-02-10T18:22:01.5247900Z Follower [vllm-0-1] phase=Running ready=false
2026-02-10T18:22:01.5248288Z Follower [vllm-0-1] not Ready yet...
2026-02-10T18:22:01.6741214Z Leader [vllm-0] phase=Running ready=false
2026-02-10T18:22:01.6741481Z Leader not Ready yet...
2026-02-10T18:22:03.8042788Z Follower [vllm-0-1] phase=Running ready=false
2026-02-10T18:22:03.8043463Z Follower [vllm-0-1] not Ready yet...
2026-02-10T18:22:03.9233695Z Leader [vllm-0] phase=Running ready=false
2026-02-10T18:22:03.9234022Z Leader not Ready yet...
2026-02-10T18:22:06.0636851Z Follower [vllm-0-1] phase=Running ready=false
2026-02-10T18:22:06.0637128Z Follower [vllm-0-1] not Ready yet...
2026-02-10T18:22:06.1889490Z Leader [vllm-0] phase=Running ready=false
2026-02-10T18:22:06.1889767Z Leader not Ready yet...
2026-02-10T18:22:08.3301607Z Follower [vllm-0-1] phase=Running ready=false
2026-02-10T18:22:08.3301901Z Follower [vllm-0-1] not Ready yet...
2026-02-10T18:22:08.4685876Z Leader [vllm-0] phase=Running ready=false
2026-02-10T18:22:08.4686134Z Leader not Ready yet...
2026-02-10T18:22:10.5977205Z Follower [vllm-0-1] phase=Running ready=false
2026-02-10T18:22:10.5977492Z Follower [vllm-0-1] not Ready yet...
2026-02-10T18:22:10.7261223Z Leader [vllm-0] phase=Running ready=false
2026-02-10T18:22:10.7261491Z Leader not Ready yet...
2026-02-10T18:22:12.8653130Z Follower [vllm-0-1] phase=Running ready=false
2026-02-10T18:22:12.8653411Z Follower [vllm-0-1] not Ready yet...
2026-02-10T18:22:12.9916131Z Leader [vllm-0] phase=Running ready=false
2026-02-10T18:22:12.9916396Z Leader not Ready yet...
2026-02-10T18:22:15.1274603Z Follower [vllm-0-1] phase=Running ready=false
2026-02-10T18:22:15.1274879Z Follower [vllm-0-1] not Ready yet...
2026-02-10T18:22:15.2543861Z Leader [vllm-0] phase=Running ready=false
2026-02-10T18:22:15.2544132Z Leader not Ready yet...
2026-02-10T18:22:17.3897316Z Follower [vllm-0-1] phase=Running ready=false
2026-02-10T18:22:17.3897593Z Follower [vllm-0-1] not Ready yet...
2026-02-10T18:22:17.5132223Z Leader [vllm-0] phase=Running ready=false
2026-02-10T18:22:17.5132581Z Leader not Ready yet...
2026-02-10T18:22:19.6532520Z Follower [vllm-0-1] phase=Running ready=false
2026-02-10T18:22:19.6532820Z Follower [vllm-0-1] not Ready yet...
2026-02-10T18:22:19.7812734Z Leader [vllm-0] phase=Running ready=false
2026-02-10T18:22:19.7812996Z Leader not Ready yet...
2026-02-10T18:22:21.9309036Z Follower [vllm-0-1] phase=Running ready=false
2026-02-10T18:22:21.9309314Z Follower [vllm-0-1] not Ready yet...
2026-02-10T18:22:22.0538716Z Leader [vllm-0] phase=Running ready=false
2026-02-10T18:22:22.0538966Z Leader not Ready yet...
2026-02-10T18:22:24.1764489Z Follower [vllm-0-1] phase=Running ready=false
2026-02-10T18:22:24.1764773Z Follower [vllm-0-1] not Ready yet...
2026-02-10T18:22:24.2995998Z Leader [vllm-0] phase=Running ready=false
2026-02-10T18:22:24.2996224Z Leader not Ready yet...
2026-02-10T18:22:26.4286573Z Follower [vllm-0-1] phase=Running ready=false
2026-02-10T18:22:26.4286873Z Follower [vllm-0-1] not Ready yet...
2026-02-10T18:22:26.6020613Z Leader [vllm-0] phase=Running ready=false
2026-02-10T18:22:26.6022837Z Leader not Ready yet...
2026-02-10T18:22:28.7292263Z Follower [vllm-0-1] phase=Running ready=false
2026-02-10T18:22:28.7292564Z Follower [vllm-0-1] not Ready yet...
2026-02-10T18:22:28.8502514Z Leader [vllm-0] phase=Running ready=false
2026-02-10T18:22:28.8502821Z Leader not Ready yet...
2026-02-10T18:22:30.9817690Z Follower [vllm-0-1] phase=Running ready=false
2026-02-10T18:22:30.9817983Z Follower [vllm-0-1] not Ready yet...
2026-02-10T18:22:31.1197724Z Leader [vllm-0] phase=Running ready=false
2026-02-10T18:22:31.1197962Z Leader not Ready yet...
2026-02-10T18:22:33.2584005Z Follower [vllm-0-1] phase=Running ready=false
2026-02-10T18:22:33.2584288Z Follower [vllm-0-1] not Ready yet...
2026-02-10T18:22:33.3857143Z Leader [vllm-0] phase=Running ready=false
2026-02-10T18:22:33.3857397Z Leader not Ready yet...
2026-02-10T18:22:35.5137472Z Follower [vllm-0-1] phase=Running ready=false
2026-02-10T18:22:35.5137761Z Follower [vllm-0-1] not Ready yet...
2026-02-10T18:22:35.6442467Z Leader [vllm-0] phase=Running ready=false
2026-02-10T18:22:35.6442723Z Leader not Ready yet...
2026-02-10T18:22:37.7667272Z Follower [vllm-0-1] phase=Running ready=false
2026-02-10T18:22:37.7667590Z Follower [vllm-0-1] not Ready yet...
2026-02-10T18:22:37.8944510Z Leader [vllm-0] phase=Running ready=false
2026-02-10T18:22:37.8945185Z Leader not Ready yet...
2026-02-10T18:22:40.0184928Z Follower [vllm-0-1] phase=Running ready=false
2026-02-10T18:22:40.0185216Z Follower [vllm-0-1] not Ready yet...
2026-02-10T18:22:40.1360645Z Leader [vllm-0] phase=Running ready=false
2026-02-10T18:22:40.1360882Z Leader not Ready yet...
2026-02-10T18:22:42.2600801Z Follower [vllm-0-1] phase=Running ready=false
2026-02-10T18:22:42.2601063Z Follower [vllm-0-1] not Ready yet...
2026-02-10T18:22:42.3877694Z Leader [vllm-0] phase=Running ready=false
2026-02-10T18:22:42.3877959Z Leader not Ready yet...
2026-02-10T18:22:44.5134700Z Follower [vllm-0-1] phase=Running ready=false
2026-02-10T18:22:44.5134991Z Follower [vllm-0-1] not Ready yet...
2026-02-10T18:22:44.6332319Z Leader [vllm-0] phase=Running ready=false
2026-02-10T18:22:44.6332586Z Leader not Ready yet...
2026-02-10T18:22:46.7539066Z Follower [vllm-0-1] phase=Running ready=false
2026-02-10T18:22:46.7539396Z Follower [vllm-0-1] not Ready yet...
2026-02-10T18:22:46.8775128Z Leader [vllm-0] phase=Running ready=false
2026-02-10T18:22:46.8775362Z Leader not Ready yet...
2026-02-10T18:22:49.0031361Z Follower [vllm-0-1] phase=Running ready=false
2026-02-10T18:22:49.0031647Z Follower [vllm-0-1] not Ready yet...
2026-02-10T18:22:49.1163306Z Leader [vllm-0] phase=Running ready=false
2026-02-10T18:22:49.1163538Z Leader not Ready yet...
2026-02-10T18:22:51.2509233Z Follower [vllm-0-1] phase=Running ready=false
2026-02-10T18:22:51.2509521Z Follower [vllm-0-1] not Ready yet...
2026-02-10T18:22:51.3644832Z Leader [vllm-0] phase=Running ready=false
2026-02-10T18:22:51.3645061Z Leader not Ready yet...
2026-02-10T18:22:53.4809969Z Follower [vllm-0-1] phase=Running ready=false
2026-02-10T18:22:53.4810251Z Follower [vllm-0-1] not Ready yet...
2026-02-10T18:22:53.6004154Z Leader [vllm-0] phase=Running ready=false
2026-02-10T18:22:53.6004421Z Leader not Ready yet...
2026-02-10T18:22:55.7275430Z Follower [vllm-0-1] phase=Running ready=false
2026-02-10T18:22:55.7275714Z Follower [vllm-0-1] not Ready yet...
2026-02-10T18:22:55.8485735Z Leader [vllm-0] phase=Running ready=false
2026-02-10T18:22:55.8485983Z Leader not Ready yet...
2026-02-10T18:22:57.9964844Z Follower [vllm-0-1] phase=Running ready=false
2026-02-10T18:22:57.9965140Z Follower [vllm-0-1] not Ready yet...
2026-02-10T18:22:58.1318962Z Leader [vllm-0] phase=Running ready=false
2026-02-10T18:22:58.1319193Z Leader not Ready yet...
2026-02-10T18:23:00.2657733Z Follower [vllm-0-1] phase=Running ready=false
2026-02-10T18:23:00.2658039Z Follower [vllm-0-1] not Ready yet...
2026-02-10T18:23:00.3883480Z Leader [vllm-0] phase=Running ready=false
2026-02-10T18:23:00.3883745Z Leader not Ready yet...
2026-02-10T18:23:02.5067191Z Follower [vllm-0-1] phase=Running ready=false
2026-02-10T18:23:02.5067471Z Follower [vllm-0-1] not Ready yet...
2026-02-10T18:23:02.6317409Z Leader [vllm-0] phase=Running ready=false
2026-02-10T18:23:02.6317655Z Leader not Ready yet...
2026-02-10T18:23:04.7498839Z Follower [vllm-0-1] phase=Running ready=false
2026-02-10T18:23:04.7499159Z Follower [vllm-0-1] not Ready yet...
2026-02-10T18:23:04.8706309Z Leader [vllm-0] phase=Running ready=false
2026-02-10T18:23:04.8706589Z Leader not Ready yet...
2026-02-10T18:23:06.9966116Z Follower [vllm-0-1] phase=Running ready=false
2026-02-10T18:23:06.9966417Z Follower [vllm-0-1] not Ready yet...
2026-02-10T18:23:07.1281327Z Leader [vllm-0] phase=Running ready=false
2026-02-10T18:23:07.1281566Z Leader not Ready yet...
2026-02-10T18:23:09.2526685Z Follower [vllm-0-1] phase=Running ready=false
2026-02-10T18:23:09.2526992Z Follower [vllm-0-1] not Ready yet...
2026-02-10T18:23:09.3928693Z Leader [vllm-0] phase=Running ready=false
2026-02-10T18:23:09.3928940Z Leader not Ready yet...
2026-02-10T18:23:11.5288191Z Follower [vllm-0-1] phase=Running ready=false
2026-02-10T18:23:11.5288478Z Follower [vllm-0-1] not Ready yet...
2026-02-10T18:23:11.6530556Z Leader [vllm-0] phase=Running ready=false
2026-02-10T18:23:11.6530842Z Leader not Ready yet...
2026-02-10T18:23:13.7700566Z Follower [vllm-0-1] phase=Running ready=false
2026-02-10T18:23:13.7700872Z Follower [vllm-0-1] not Ready yet...
2026-02-10T18:23:13.8867616Z Leader [vllm-0] phase=Running ready=false
2026-02-10T18:23:13.8867885Z Leader not Ready yet...
2026-02-10T18:23:16.0110819Z Follower [vllm-0-1] phase=Running ready=false
2026-02-10T18:23:16.0111110Z Follower [vllm-0-1] not Ready yet...
2026-02-10T18:23:16.1310184Z Leader [vllm-0] phase=Running ready=false
2026-02-10T18:23:16.1310467Z Leader not Ready yet...
2026-02-10T18:23:18.2566783Z Follower [vllm-0-1] phase=Running ready=false
2026-02-10T18:23:18.2567058Z Follower [vllm-0-1] not Ready yet...
2026-02-10T18:23:18.3810340Z Leader [vllm-0] phase=Running ready=false
2026-02-10T18:23:18.3810579Z Leader not Ready yet...
2026-02-10T18:23:20.4973565Z Follower [vllm-0-1] phase=Running ready=false
2026-02-10T18:23:20.4973842Z Follower [vllm-0-1] not Ready yet...
2026-02-10T18:23:20.6141964Z Leader [vllm-0] phase=Running ready=false
2026-02-10T18:23:20.6142303Z Leader not Ready yet...
2026-02-10T18:23:22.7330172Z Follower [vllm-0-1] phase=Running ready=false
2026-02-10T18:23:22.7330464Z Follower [vllm-0-1] not Ready yet...
2026-02-10T18:23:22.8457148Z Leader [vllm-0] phase=Running ready=false
2026-02-10T18:23:22.8457429Z Leader not Ready yet...
2026-02-10T18:23:24.9648962Z Follower [vllm-0-1] phase=Running ready=false
2026-02-10T18:23:24.9649240Z Follower [vllm-0-1] not Ready yet...
2026-02-10T18:23:25.0820716Z Leader [vllm-0] phase=Running ready=false
2026-02-10T18:23:25.0820968Z Leader not Ready yet...
2026-02-10T18:23:27.2038230Z Follower [vllm-0-1] phase=Running ready=false
2026-02-10T18:23:27.2038527Z Follower [vllm-0-1] not Ready yet...
2026-02-10T18:23:27.3223771Z Leader [vllm-0] phase=Running ready=false
2026-02-10T18:23:27.3224017Z Leader not Ready yet...
2026-02-10T18:23:29.4574847Z Follower [vllm-0-1] phase=Running ready=false
2026-02-10T18:23:29.5869511Z Follower [vllm-0-1] not Ready yet...
2026-02-10T18:23:29.5870166Z Leader [vllm-0] phase=Running ready=false
2026-02-10T18:23:29.5870395Z Leader not Ready yet...
2026-02-10T18:23:31.7115421Z Follower [vllm-0-1] phase=Running ready=false
2026-02-10T18:23:31.7115702Z Follower [vllm-0-1] not Ready yet...
2026-02-10T18:23:31.8419565Z Leader [vllm-0] phase=Running ready=false
2026-02-10T18:23:31.8419804Z Leader not Ready yet...
2026-02-10T18:23:33.9662115Z Follower [vllm-0-1] phase=Running ready=false
2026-02-10T18:23:33.9662591Z Follower [vllm-0-1] not Ready yet...
2026-02-10T18:23:34.0869752Z Leader [vllm-0] phase=Running ready=false
2026-02-10T18:23:34.0870071Z Leader not Ready yet...
2026-02-10T18:23:36.2084934Z Follower [vllm-0-1] phase=Running ready=false
2026-02-10T18:23:36.2085310Z Follower [vllm-0-1] not Ready yet...
2026-02-10T18:23:36.3223873Z Leader [vllm-0] phase=Running ready=false
2026-02-10T18:23:36.3224198Z Leader not Ready yet...
2026-02-10T18:23:38.4374447Z Follower [vllm-0-1] phase=Running ready=false
2026-02-10T18:23:38.4374931Z Follower [vllm-0-1] not Ready yet...
2026-02-10T18:23:38.5509016Z Leader [vllm-0] phase=Running ready=false
2026-02-10T18:23:38.5509388Z Leader not Ready yet...
2026-02-10T18:23:40.6754877Z Follower [vllm-0-1] phase=Running ready=false
2026-02-10T18:23:40.6755444Z Follower [vllm-0-1] not Ready yet...
2026-02-10T18:23:40.7905254Z Leader [vllm-0] phase=Running ready=false
2026-02-10T18:23:40.7905588Z Leader not Ready yet...
2026-02-10T18:23:42.9138928Z Follower [vllm-0-1] phase=Running ready=false
2026-02-10T18:23:42.9139298Z Follower [vllm-0-1] not Ready yet...
2026-02-10T18:23:43.0348522Z Leader [vllm-0] phase=Running ready=false
2026-02-10T18:23:43.0348949Z Leader not Ready yet...
2026-02-10T18:23:45.1750254Z Follower [vllm-0-1] phase=Running ready=false
2026-02-10T18:23:45.1750805Z Follower [vllm-0-1] not Ready yet...
2026-02-10T18:23:45.3009138Z Leader [vllm-0] phase=Running ready=false
2026-02-10T18:23:45.3009490Z Leader not Ready yet...
2026-02-10T18:23:47.4351113Z Follower [vllm-0-1] phase=Running ready=false
2026-02-10T18:23:47.4351536Z Follower [vllm-0-1] not Ready yet...
2026-02-10T18:23:47.5611941Z Leader [vllm-0] phase=Running ready=false
2026-02-10T18:23:47.5612353Z Leader not Ready yet...
2026-02-10T18:23:49.7139782Z Follower [vllm-0-1] phase=Running ready=false
2026-02-10T18:23:49.7140152Z Follower [vllm-0-1] not Ready yet...
2026-02-10T18:23:49.8476432Z Leader [vllm-0] phase=Running ready=false
2026-02-10T18:23:49.8476779Z Leader not Ready yet...
2026-02-10T18:23:51.9813790Z Follower [vllm-0-1] phase=Running ready=false
2026-02-10T18:23:51.9814333Z Follower [vllm-0-1] not Ready yet...
2026-02-10T18:23:52.1132854Z Leader [vllm-0] phase=Running ready=false
2026-02-10T18:23:52.1133234Z Leader not Ready yet...
2026-02-10T18:23:54.2630185Z Follower [vllm-0-1] phase=Running ready=false
2026-02-10T18:23:54.2630619Z Follower [vllm-0-1] not Ready yet...
2026-02-10T18:23:54.3923341Z Leader [vllm-0] phase=Running ready=false
2026-02-10T18:23:54.3923863Z Leader not Ready yet...
2026-02-10T18:23:56.5326105Z Follower [vllm-0-1] phase=Running ready=false
2026-02-10T18:23:56.5326593Z Follower [vllm-0-1] not Ready yet...
2026-02-10T18:23:56.6554793Z Leader [vllm-0] phase=Running ready=false
2026-02-10T18:23:56.6555204Z Leader not Ready yet...
2026-02-10T18:23:58.7977332Z Follower [vllm-0-1] phase=Running ready=false
2026-02-10T18:23:58.7977796Z Follower [vllm-0-1] not Ready yet...
2026-02-10T18:23:58.9344254Z Leader [vllm-0] phase=Running ready=false
2026-02-10T18:23:58.9344636Z Leader not Ready yet...
2026-02-10T18:24:01.0727916Z Follower [vllm-0-1] phase=Running ready=false
2026-02-10T18:24:01.0728386Z Follower [vllm-0-1] not Ready yet...
2026-02-10T18:24:01.2021572Z Leader [vllm-0] phase=Running ready=false
2026-02-10T18:24:01.2021897Z Leader not Ready yet...
2026-02-10T18:24:03.3234347Z Follower [vllm-0-1] phase=Running ready=false
2026-02-10T18:24:03.4496112Z Follower [vllm-0-1] not Ready yet...
2026-02-10T18:24:03.4496455Z Leader [vllm-0] phase=Running ready=false
2026-02-10T18:24:03.4497044Z Leader not Ready yet...
2026-02-10T18:24:05.5725569Z Follower [vllm-0-1] phase=Running ready=false
2026-02-10T18:24:05.5725947Z Follower [vllm-0-1] not Ready yet...
2026-02-10T18:24:05.7157004Z Leader [vllm-0] phase=Running ready=false
2026-02-10T18:24:05.7157352Z Leader not Ready yet...
2026-02-10T18:24:07.8357895Z Follower [vllm-0-1] phase=Running ready=false
2026-02-10T18:24:07.8358284Z Follower [vllm-0-1] not Ready yet...
2026-02-10T18:24:07.9583621Z Leader [vllm-0] phase=Running ready=false
2026-02-10T18:24:07.9583949Z Leader not Ready yet...
2026-02-10T18:24:10.0851705Z Follower [vllm-0-1] phase=Running ready=false
2026-02-10T18:24:10.0852143Z Follower [vllm-0-1] not Ready yet...
2026-02-10T18:24:10.2085503Z Leader [vllm-0] phase=Running ready=false
2026-02-10T18:24:10.2085975Z Leader not Ready yet...
2026-02-10T18:24:12.3306676Z Follower [vllm-0-1] phase=Running ready=false
2026-02-10T18:24:12.3307100Z Follower [vllm-0-1] not Ready yet...
2026-02-10T18:24:12.4567125Z Leader [vllm-0] phase=Running ready=false
2026-02-10T18:24:12.4567467Z Leader not Ready yet...
2026-02-10T18:24:14.5787242Z Follower [vllm-0-1] phase=Running ready=false
2026-02-10T18:24:14.5787610Z Follower [vllm-0-1] not Ready yet...
2026-02-10T18:24:14.6957286Z Leader [vllm-0] phase=Running ready=false
2026-02-10T18:24:14.6957624Z Leader not Ready yet...
2026-02-10T18:24:16.8266646Z Follower [vllm-0-1] phase=Running ready=false
2026-02-10T18:24:16.8267022Z Follower [vllm-0-1] not Ready yet...
2026-02-10T18:24:16.9674981Z Leader [vllm-0] phase=Running ready=false
2026-02-10T18:24:16.9675423Z Leader not Ready yet...
2026-02-10T18:24:19.0825959Z Follower [vllm-0-1] phase=Running ready=false
2026-02-10T18:24:19.0826367Z Follower [vllm-0-1] not Ready yet...
2026-02-10T18:24:19.2192946Z Leader [vllm-0] phase=Running ready=false
2026-02-10T18:24:19.2193330Z Leader not Ready yet...
2026-02-10T18:24:21.3466921Z Follower [vllm-0-1] phase=Running ready=false
2026-02-10T18:24:21.3467288Z Follower [vllm-0-1] not Ready yet...
2026-02-10T18:24:21.4662899Z Leader [vllm-0] phase=Running ready=false
2026-02-10T18:24:21.4663170Z Leader not Ready yet...
2026-02-10T18:24:23.5861177Z Follower [vllm-0-1] phase=Running ready=false
2026-02-10T18:24:23.5861683Z Follower [vllm-0-1] not Ready yet...
2026-02-10T18:24:23.7049900Z Leader [vllm-0] phase=Running ready=false
2026-02-10T18:24:23.7050247Z Leader not Ready yet...
2026-02-10T18:24:25.8426702Z Follower [vllm-0-1] phase=Running ready=false
2026-02-10T18:24:25.8427218Z Follower [vllm-0-1] not Ready yet...
2026-02-10T18:24:25.9677257Z Leader [vllm-0] phase=Running ready=false
2026-02-10T18:24:25.9677611Z Leader not Ready yet...
2026-02-10T18:24:28.0862760Z Follower [vllm-0-1] phase=Running ready=false
2026-02-10T18:24:28.0863139Z Follower [vllm-0-1] not Ready yet...
2026-02-10T18:24:28.2078548Z Leader [vllm-0] phase=Running ready=false
2026-02-10T18:24:28.2078860Z Leader not Ready yet...
2026-02-10T18:24:30.3418942Z Follower [vllm-0-1] phase=Running ready=false
2026-02-10T18:24:30.3419333Z Follower [vllm-0-1] not Ready yet...
2026-02-10T18:24:30.5177338Z Leader [vllm-0] phase=Running ready=false
2026-02-10T18:24:30.5177689Z Leader not Ready yet...
2026-02-10T18:24:32.6338378Z Follower [vllm-0-1] phase=Running ready=false
2026-02-10T18:24:32.6338876Z Follower [vllm-0-1] not Ready yet...
2026-02-10T18:24:32.7563554Z Leader [vllm-0] phase=Running ready=false
2026-02-10T18:24:32.7563861Z Leader not Ready yet...
2026-02-10T18:24:34.8829351Z Follower [vllm-0-1] phase=Running ready=false
2026-02-10T18:24:34.8829723Z Follower [vllm-0-1] not Ready yet...
2026-02-10T18:24:35.0139479Z Leader [vllm-0] phase=Running ready=false
2026-02-10T18:24:35.0139828Z Leader not Ready yet...
2026-02-10T18:24:37.1280223Z Follower [vllm-0-1] phase=Running ready=false
2026-02-10T18:24:37.1280622Z Follower [vllm-0-1] not Ready yet...
2026-02-10T18:24:37.2397801Z Leader [vllm-0] phase=Running ready=false
2026-02-10T18:24:37.2398139Z Leader not Ready yet...
2026-02-10T18:24:39.3519124Z Follower [vllm-0-1] phase=Running ready=false
2026-02-10T18:24:39.3519947Z Follower [vllm-0-1] not Ready yet...
2026-02-10T18:24:39.4827023Z Leader [vllm-0] phase=Running ready=false
2026-02-10T18:24:39.4827394Z Leader not Ready yet...
2026-02-10T18:24:41.6051955Z Follower [vllm-0-1] phase=Running ready=false
2026-02-10T18:24:41.6052433Z Follower [vllm-0-1] not Ready yet...
2026-02-10T18:24:41.7445615Z Leader [vllm-0] phase=Running ready=false
2026-02-10T18:24:41.7445906Z Leader not Ready yet...
2026-02-10T18:24:43.8712580Z Follower [vllm-0-1] phase=Running ready=false
2026-02-10T18:24:43.8713106Z Follower [vllm-0-1] not Ready yet...
2026-02-10T18:24:43.9955182Z Leader [vllm-0] phase=Running ready=false
2026-02-10T18:24:43.9955477Z Leader not Ready yet...
2026-02-10T18:24:46.1301672Z Follower [vllm-0-1] phase=Running ready=false
2026-02-10T18:24:46.1302261Z Follower [vllm-0-1] not Ready yet...
2026-02-10T18:24:46.2665120Z Leader [vllm-0] phase=Running ready=false
2026-02-10T18:24:46.2665548Z Leader not Ready yet...
2026-02-10T18:24:48.3906102Z Follower [vllm-0-1] phase=Running ready=false
2026-02-10T18:24:48.3906617Z Follower [vllm-0-1] not Ready yet...
2026-02-10T18:24:48.5355014Z Leader [vllm-0] phase=Running ready=false
2026-02-10T18:24:48.5355329Z Leader not Ready yet...
2026-02-10T18:24:50.6496655Z Follower [vllm-0-1] phase=Running ready=false
2026-02-10T18:24:50.6497020Z Follower [vllm-0-1] not Ready yet...
2026-02-10T18:24:50.7721030Z Leader [vllm-0] phase=Running ready=false
2026-02-10T18:24:50.7721343Z Leader not Ready yet...
2026-02-10T18:24:52.9071000Z Follower [vllm-0-1] phase=Running ready=false
2026-02-10T18:24:52.9071451Z Follower [vllm-0-1] not Ready yet...
2026-02-10T18:24:53.0268181Z Leader [vllm-0] phase=Running ready=false
2026-02-10T18:24:53.0268552Z Leader not Ready yet...
2026-02-10T18:24:55.1516179Z Follower [vllm-0-1] phase=Running ready=false
2026-02-10T18:24:55.1516539Z Follower [vllm-0-1] not Ready yet...
2026-02-10T18:24:55.2660445Z Leader [vllm-0] phase=Running ready=false
2026-02-10T18:24:55.2660799Z Leader not Ready yet...
2026-02-10T18:24:57.4013357Z Follower [vllm-0-1] phase=Running ready=false
2026-02-10T18:24:57.4013723Z Follower [vllm-0-1] not Ready yet...
2026-02-10T18:24:57.5267180Z Leader [vllm-0] phase=Running ready=false
2026-02-10T18:24:57.5267691Z Leader not Ready yet...
2026-02-10T18:24:59.6521337Z Follower [vllm-0-1] phase=Running ready=false
2026-02-10T18:24:59.6521871Z Follower [vllm-0-1] not Ready yet...
2026-02-10T18:24:59.7659519Z Leader [vllm-0] phase=Running ready=false
2026-02-10T18:24:59.7659901Z Leader not Ready yet...
2026-02-10T18:25:01.8959338Z Follower [vllm-0-1] phase=Running ready=false
2026-02-10T18:25:01.8959798Z Follower [vllm-0-1] not Ready yet...
2026-02-10T18:25:02.0783240Z Leader [vllm-0] phase=Running ready=false
2026-02-10T18:25:02.0783572Z Leader not Ready yet...
2026-02-10T18:25:04.4288044Z Follower [vllm-0-1] phase=Running ready=false
2026-02-10T18:25:04.4288405Z Follower [vllm-0-1] not Ready yet...
2026-02-10T18:25:04.5476311Z Leader [vllm-0] phase=Running ready=false
2026-02-10T18:25:04.5476685Z Leader not Ready yet...
2026-02-10T18:25:06.6816777Z Follower [vllm-0-1] phase=Running ready=false
2026-02-10T18:25:06.6817236Z Follower [vllm-0-1] not Ready yet...
2026-02-10T18:25:06.8104119Z Leader [vllm-0] phase=Running ready=false
2026-02-10T18:25:06.8104438Z Leader not Ready yet...
2026-02-10T18:25:08.9496913Z Follower [vllm-0-1] phase=Running ready=false
2026-02-10T18:25:08.9497283Z Follower [vllm-0-1] not Ready yet...
2026-02-10T18:25:09.0816934Z Leader [vllm-0] phase=Running ready=false
2026-02-10T18:25:09.0817240Z Leader not Ready yet...
2026-02-10T18:25:11.2075257Z Follower [vllm-0-1] phase=Running ready=false
2026-02-10T18:25:11.2075595Z Follower [vllm-0-1] not Ready yet...
2026-02-10T18:25:11.3279354Z Leader [vllm-0] phase=Running ready=false
2026-02-10T18:25:11.3279784Z Leader not Ready yet...
2026-02-10T18:25:13.4750372Z Follower [vllm-0-1] phase=Running ready=false
2026-02-10T18:25:13.4750743Z Follower [vllm-0-1] not Ready yet...
2026-02-10T18:25:13.6129709Z Leader [vllm-0] phase=Running ready=false
2026-02-10T18:25:13.6132149Z Leader not Ready yet...
2026-02-10T18:25:15.7409417Z Follower [vllm-0-1] phase=Running ready=false
2026-02-10T18:25:15.7409847Z Follower [vllm-0-1] not Ready yet...
2026-02-10T18:25:15.8701746Z Leader [vllm-0] phase=Running ready=false
2026-02-10T18:25:15.8702204Z Leader not Ready yet...
2026-02-10T18:25:18.0159914Z Follower [vllm-0-1] phase=Running ready=false
2026-02-10T18:25:18.0160348Z Follower [vllm-0-1] not Ready yet...
2026-02-10T18:25:18.1444765Z Leader [vllm-0] phase=Running ready=false
2026-02-10T18:25:18.1445072Z Leader not Ready yet...
2026-02-10T18:25:20.2740480Z Follower [vllm-0-1] phase=Running ready=false
2026-02-10T18:25:20.2740901Z Follower [vllm-0-1] not Ready yet...
2026-02-10T18:25:20.3986733Z Leader [vllm-0] phase=Running ready=false
2026-02-10T18:25:20.3987115Z Leader not Ready yet...
2026-02-10T18:25:22.5452200Z Follower [vllm-0-1] phase=Running ready=false
2026-02-10T18:25:22.5452684Z Follower [vllm-0-1] not Ready yet...
2026-02-10T18:25:22.6828296Z Leader [vllm-0] phase=Running ready=false
2026-02-10T18:25:22.6828648Z Leader not Ready yet...
2026-02-10T18:25:24.8256546Z Follower [vllm-0-1] phase=Running ready=false
2026-02-10T18:25:24.8256928Z Follower [vllm-0-1] not Ready yet...
2026-02-10T18:25:24.9617360Z Leader [vllm-0] phase=Running ready=false
2026-02-10T18:25:24.9617678Z Leader not Ready yet...
2026-02-10T18:25:27.0975449Z Follower [vllm-0-1] phase=Running ready=false
2026-02-10T18:25:27.0975870Z Follower [vllm-0-1] not Ready yet...
2026-02-10T18:25:27.2372345Z Leader [vllm-0] phase=Running ready=false
2026-02-10T18:25:27.2372677Z Leader not Ready yet...
2026-02-10T18:25:29.3775862Z Follower [vllm-0-1] phase=Running ready=false
2026-02-10T18:25:29.3776209Z Follower [vllm-0-1] not Ready yet...
2026-02-10T18:25:29.5202760Z Leader [vllm-0] phase=Running ready=false
2026-02-10T18:25:29.5203128Z Leader not Ready yet...
2026-02-10T18:25:31.6499324Z Follower [vllm-0-1] phase=Running ready=false
2026-02-10T18:25:31.6499767Z Follower [vllm-0-1] not Ready yet...
2026-02-10T18:25:31.7803189Z Leader [vllm-0] phase=Running ready=false
2026-02-10T18:25:31.7803481Z Leader not Ready yet...
2026-02-10T18:25:33.9295064Z Follower [vllm-0-1] phase=Running ready=false
2026-02-10T18:25:33.9295517Z Follower [vllm-0-1] not Ready yet...
2026-02-10T18:25:34.0555175Z Leader [vllm-0] phase=Running ready=false
2026-02-10T18:25:34.0555747Z Leader not Ready yet...
2026-02-10T18:25:36.1859920Z Follower [vllm-0-1] phase=Running ready=false
2026-02-10T18:25:36.1860399Z Follower [vllm-0-1] not Ready yet...
2026-02-10T18:25:36.3082800Z Leader [vllm-0] phase=Running ready=false
2026-02-10T18:25:36.3083135Z Leader not Ready yet...
2026-02-10T18:25:38.4367494Z Follower [vllm-0-1] phase=Running ready=false
2026-02-10T18:25:38.4367821Z Follower [vllm-0-1] not Ready yet...
2026-02-10T18:25:38.5498499Z Leader [vllm-0] phase=Running ready=false
2026-02-10T18:25:38.5498829Z Leader not Ready yet...
2026-02-10T18:25:40.7050064Z Follower [vllm-0-1] phase=Running ready=false
2026-02-10T18:25:40.7050482Z Follower [vllm-0-1] not Ready yet...
2026-02-10T18:25:40.8419673Z Leader [vllm-0] phase=Running ready=false
2026-02-10T18:25:40.8420072Z Leader not Ready yet...
2026-02-10T18:25:42.9810105Z Follower [vllm-0-1] phase=Running ready=false
2026-02-10T18:25:42.9810449Z Follower [vllm-0-1] not Ready yet...
2026-02-10T18:25:43.1305231Z Leader [vllm-0] phase=Running ready=false
2026-02-10T18:25:43.1305559Z Leader not Ready yet...
2026-02-10T18:25:45.2820923Z Follower [vllm-0-1] phase=Running ready=false
2026-02-10T18:25:45.2821253Z Follower [vllm-0-1] not Ready yet...
2026-02-10T18:25:45.4226531Z Leader [vllm-0] phase=Running ready=false
2026-02-10T18:25:45.4226982Z Leader not Ready yet...
2026-02-10T18:25:47.5617136Z Follower [vllm-0-1] phase=Running ready=false
2026-02-10T18:25:47.5617625Z Follower [vllm-0-1] not Ready yet...
2026-02-10T18:25:47.7040954Z Leader [vllm-0] phase=Running ready=false
2026-02-10T18:25:47.7041344Z Leader not Ready yet...
2026-02-10T18:25:49.8517784Z Follower [vllm-0-1] phase=Running ready=false
2026-02-10T18:25:49.8518568Z Follower [vllm-0-1] not Ready yet...
2026-02-10T18:25:49.9813899Z Leader [vllm-0] phase=Running ready=false
2026-02-10T18:25:49.9814265Z Leader not Ready yet...
2026-02-10T18:25:52.1318542Z Follower [vllm-0-1] phase=Running ready=false
2026-02-10T18:25:52.1318882Z Follower [vllm-0-1] not Ready yet...
2026-02-10T18:25:52.2774120Z Leader [vllm-0] phase=Running ready=false
2026-02-10T18:25:52.2774606Z Leader not Ready yet...
2026-02-10T18:25:54.4142616Z Follower [vllm-0-1] phase=Running ready=false
2026-02-10T18:25:54.4143053Z Follower [vllm-0-1] not Ready yet...
2026-02-10T18:25:54.5336393Z Leader [vllm-0] phase=Running ready=false
2026-02-10T18:25:54.5336683Z Leader not Ready yet...
2026-02-10T18:25:56.6720310Z Follower [vllm-0-1] phase=Running ready=false
2026-02-10T18:25:56.6720663Z Follower [vllm-0-1] not Ready yet...
2026-02-10T18:25:56.7853177Z Leader [vllm-0] phase=Running ready=false
2026-02-10T18:25:56.7853530Z Leader not Ready yet...
2026-02-10T18:25:58.9086388Z Follower [vllm-0-1] phase=Running ready=false
2026-02-10T18:25:58.9086781Z Follower [vllm-0-1] not Ready yet...
2026-02-10T18:25:59.0260094Z Leader [vllm-0] phase=Running ready=false
2026-02-10T18:25:59.0260399Z Leader not Ready yet...
2026-02-10T18:26:01.1444921Z Follower [vllm-0-1] phase=Running ready=false
2026-02-10T18:26:01.1445400Z Follower [vllm-0-1] not Ready yet...
2026-02-10T18:26:01.2606344Z Leader [vllm-0] phase=Running ready=false
2026-02-10T18:26:01.2606718Z Leader not Ready yet...
2026-02-10T18:26:03.3844072Z Follower [vllm-0-1] phase=Running ready=false
2026-02-10T18:26:03.3844388Z Follower [vllm-0-1] not Ready yet...
2026-02-10T18:26:03.5012560Z Leader [vllm-0] phase=Running ready=false
2026-02-10T18:26:03.5012894Z Leader not Ready yet...
2026-02-10T18:26:05.6207327Z Follower [vllm-0-1] phase=Running ready=false
2026-02-10T18:26:05.6207739Z Follower [vllm-0-1] not Ready yet...
2026-02-10T18:26:05.7349240Z Leader [vllm-0] phase=Running ready=false
2026-02-10T18:26:05.7349528Z Leader not Ready yet...
2026-02-10T18:26:07.8484648Z Follower [vllm-0-1] phase=Running ready=false
2026-02-10T18:26:07.8485187Z Follower [vllm-0-1] not Ready yet...
2026-02-10T18:26:07.9789678Z Leader [vllm-0] phase=Running ready=false
2026-02-10T18:26:07.9790211Z Leader not Ready yet...
2026-02-10T18:26:10.0998614Z Follower [vllm-0-1] phase=Running ready=false
2026-02-10T18:26:10.0999067Z Follower [vllm-0-1] not Ready yet...
2026-02-10T18:26:10.2269909Z Leader [vllm-0] phase=Running ready=false
2026-02-10T18:26:10.2270319Z Leader not Ready yet...
2026-02-10T18:26:12.3647912Z Follower [vllm-0-1] phase=Running ready=false
2026-02-10T18:26:12.3648268Z Follower [vllm-0-1] not Ready yet...
2026-02-10T18:26:12.4886386Z Leader [vllm-0] phase=Running ready=false
2026-02-10T18:26:12.4886753Z Leader not Ready yet...
2026-02-10T18:26:14.6124912Z Follower [vllm-0-1] phase=Running ready=false
2026-02-10T18:26:14.6125450Z Follower [vllm-0-1] not Ready yet...
2026-02-10T18:26:14.7369128Z Leader [vllm-0] phase=Running ready=false
2026-02-10T18:26:14.7369603Z Leader not Ready yet...
2026-02-10T18:26:16.8640006Z Follower [vllm-0-1] phase=Running ready=false
2026-02-10T18:26:16.8640465Z Follower [vllm-0-1] not Ready yet...
2026-02-10T18:26:16.9903974Z Leader [vllm-0] phase=Running ready=false
2026-02-10T18:26:16.9904319Z Leader not Ready yet...
2026-02-10T18:26:19.1216001Z Follower [vllm-0-1] phase=Running ready=false
2026-02-10T18:26:19.1216390Z Follower [vllm-0-1] not Ready yet...
2026-02-10T18:26:19.2398697Z Leader [vllm-0] phase=Running ready=false
2026-02-10T18:26:19.2399003Z Leader not Ready yet...
2026-02-10T18:26:21.3662481Z Follower [vllm-0-1] phase=Running ready=false
2026-02-10T18:26:21.3662968Z Follower [vllm-0-1] not Ready yet...
2026-02-10T18:26:21.4971783Z Leader [vllm-0] phase=Running ready=false
2026-02-10T18:26:21.4972234Z Leader not Ready yet...
2026-02-10T18:26:23.6317376Z Follower [vllm-0-1] phase=Running ready=false
2026-02-10T18:26:23.6317845Z Follower [vllm-0-1] not Ready yet...
2026-02-10T18:26:23.7773725Z Leader [vllm-0] phase=Running ready=false
2026-02-10T18:26:23.7774384Z Leader not Ready yet...
2026-02-10T18:26:25.9136170Z Follower [vllm-0-1] phase=Running ready=false
2026-02-10T18:26:25.9136490Z Follower [vllm-0-1] not Ready yet...
2026-02-10T18:26:26.0475786Z Leader [vllm-0] phase=Running ready=false
2026-02-10T18:26:26.0476123Z Leader not Ready yet...
2026-02-10T18:26:28.1863267Z Follower [vllm-0-1] phase=Running ready=false
2026-02-10T18:26:28.1863643Z Follower [vllm-0-1] not Ready yet...
2026-02-10T18:26:28.3083813Z Leader [vllm-0] phase=Running ready=false
2026-02-10T18:26:28.3084148Z Leader not Ready yet...
2026-02-10T18:26:30.4411395Z Follower [vllm-0-1] phase=Running ready=false
2026-02-10T18:26:30.4411776Z Follower [vllm-0-1] not Ready yet...
2026-02-10T18:26:30.5615036Z Leader [vllm-0] phase=Running ready=false
2026-02-10T18:26:30.5615518Z Leader not Ready yet...
2026-02-10T18:26:32.7001650Z Follower [vllm-0-1] phase=Running ready=false
2026-02-10T18:26:32.7002106Z Follower [vllm-0-1] not Ready yet...
2026-02-10T18:26:32.8301422Z Leader [vllm-0] phase=Running ready=false
2026-02-10T18:26:32.8301763Z Leader not Ready yet...
2026-02-10T18:26:34.9754636Z Follower [vllm-0-1] phase=Running ready=false
2026-02-10T18:26:34.9755127Z Follower [vllm-0-1] not Ready yet...
2026-02-10T18:26:35.1023491Z Leader [vllm-0] phase=Running ready=false
2026-02-10T18:26:35.1023805Z Leader not Ready yet...
2026-02-10T18:26:37.2309614Z Follower [vllm-0-1] phase=Running ready=false
2026-02-10T18:26:37.2310045Z Follower [vllm-0-1] not Ready yet...
2026-02-10T18:26:37.3639383Z Leader [vllm-0] phase=Running ready=false
2026-02-10T18:26:37.3639727Z Leader not Ready yet...
2026-02-10T18:26:39.4838129Z Follower [vllm-0-1] phase=Running ready=false
2026-02-10T18:26:39.4838474Z Follower [vllm-0-1] not Ready yet...
2026-02-10T18:26:39.6202055Z Leader [vllm-0] phase=Running ready=false
2026-02-10T18:26:39.6202494Z Leader not Ready yet...
2026-02-10T18:26:41.7440362Z Follower [vllm-0-1] phase=Running ready=false
2026-02-10T18:26:41.7440753Z Follower [vllm-0-1] not Ready yet...
2026-02-10T18:26:41.8830076Z Leader [vllm-0] phase=Running ready=false
2026-02-10T18:26:41.8830418Z Leader not Ready yet...
2026-02-10T18:26:44.0131284Z Follower [vllm-0-1] phase=Running ready=false
2026-02-10T18:26:44.0131656Z Follower [vllm-0-1] not Ready yet...
2026-02-10T18:26:44.1401764Z Leader [vllm-0] phase=Running ready=false
2026-02-10T18:26:44.1402392Z Leader not Ready yet...
2026-02-10T18:26:46.2706292Z Follower [vllm-0-1] phase=Running ready=false
2026-02-10T18:26:46.2706720Z Follower [vllm-0-1] not Ready yet...
2026-02-10T18:26:46.4023471Z Leader [vllm-0] phase=Running ready=false
2026-02-10T18:26:46.4023784Z Leader not Ready yet...
2026-02-10T18:26:48.5373258Z Follower [vllm-0-1] phase=Running ready=false
2026-02-10T18:26:48.5373675Z Follower [vllm-0-1] not Ready yet...
2026-02-10T18:26:48.6473453Z Leader [vllm-0] phase=Running ready=false
2026-02-10T18:26:48.6473723Z Leader not Ready yet...
2026-02-10T18:26:50.7879303Z Follower [vllm-0-1] phase=Running ready=false
2026-02-10T18:26:50.7879686Z Follower [vllm-0-1] not Ready yet...
2026-02-10T18:26:50.9334195Z Leader [vllm-0] phase=Running ready=false
2026-02-10T18:26:50.9334632Z Leader not Ready yet...
2026-02-10T18:26:53.0592174Z Follower [vllm-0-1] phase=Running ready=false
2026-02-10T18:26:53.0592554Z Follower [vllm-0-1] not Ready yet...
2026-02-10T18:26:53.1782327Z Leader [vllm-0] phase=Running ready=false
2026-02-10T18:26:53.1782682Z Leader not Ready yet...
2026-02-10T18:26:55.3027895Z Follower [vllm-0-1] phase=Running ready=false
2026-02-10T18:26:55.3028243Z Follower [vllm-0-1] not Ready yet...
2026-02-10T18:26:55.4275073Z Leader [vllm-0] phase=Running ready=false
2026-02-10T18:26:55.4275518Z Leader not Ready yet...
2026-02-10T18:26:57.5492210Z Follower [vllm-0-1] phase=Running ready=false
2026-02-10T18:26:57.5492707Z Follower [vllm-0-1] not Ready yet...
2026-02-10T18:26:57.6615780Z Leader [vllm-0] phase=Running ready=false
2026-02-10T18:26:57.6616143Z Leader not Ready yet...
2026-02-10T18:26:59.7915526Z Follower [vllm-0-1] phase=Running ready=false
2026-02-10T18:26:59.7916281Z Follower [vllm-0-1] not Ready yet...
2026-02-10T18:26:59.9220268Z Leader [vllm-0] phase=Running ready=false
2026-02-10T18:26:59.9220584Z Leader not Ready yet...
2026-02-10T18:27:02.0471770Z Follower [vllm-0-1] phase=Running ready=false
2026-02-10T18:27:02.0472218Z Follower [vllm-0-1] not Ready yet...
2026-02-10T18:27:02.1892725Z Leader [vllm-0] phase=Running ready=false
2026-02-10T18:27:02.1893259Z Leader not Ready yet...
2026-02-10T18:27:04.3202891Z Follower [vllm-0-1] phase=Running ready=false
2026-02-10T18:27:04.3203275Z Follower [vllm-0-1] not Ready yet...
2026-02-10T18:27:04.4475580Z Leader [vllm-0] phase=Running ready=false
2026-02-10T18:27:04.4475930Z Leader not Ready yet...
2026-02-10T18:27:06.5719875Z Follower [vllm-0-1] phase=Running ready=false
2026-02-10T18:27:06.5720276Z Follower [vllm-0-1] not Ready yet...
2026-02-10T18:27:06.6988836Z Leader [vllm-0] phase=Running ready=false
2026-02-10T18:27:06.6989268Z Leader not Ready yet...
2026-02-10T18:27:08.8394514Z Follower [vllm-0-1] phase=Running ready=false
2026-02-10T18:27:08.8395001Z Follower [vllm-0-1] not Ready yet...
2026-02-10T18:27:08.9673678Z Leader [vllm-0] phase=Running ready=false
2026-02-10T18:27:08.9673961Z Leader not Ready yet...
2026-02-10T18:27:11.1010364Z Follower [vllm-0-1] phase=Running ready=false
2026-02-10T18:27:11.1010739Z Follower [vllm-0-1] not Ready yet...
2026-02-10T18:27:11.2296759Z Leader [vllm-0] phase=Running ready=false
2026-02-10T18:27:11.2297067Z Leader not Ready yet...
2026-02-10T18:27:13.3530051Z Follower [vllm-0-1] phase=Running ready=false
2026-02-10T18:27:13.3530403Z Follower [vllm-0-1] not Ready yet...
2026-02-10T18:27:13.4728215Z Leader [vllm-0] phase=Running ready=false
2026-02-10T18:27:13.4728589Z Leader not Ready yet...
2026-02-10T18:27:15.6071769Z Follower [vllm-0-1] phase=Running ready=false
2026-02-10T18:27:15.6072183Z Follower [vllm-0-1] not Ready yet...
2026-02-10T18:27:15.7448169Z Leader [vllm-0] phase=Running ready=false
2026-02-10T18:27:15.7448506Z Leader not Ready yet...
2026-02-10T18:27:17.8751531Z Follower [vllm-0-1] phase=Running ready=false
2026-02-10T18:27:17.8752364Z Follower [vllm-0-1] not Ready yet...
2026-02-10T18:27:17.9908063Z Leader [vllm-0] phase=Running ready=false
2026-02-10T18:27:17.9908363Z Leader not Ready yet...
2026-02-10T18:27:20.1112523Z Follower [vllm-0-1] phase=Running ready=false
2026-02-10T18:27:20.1112982Z Follower [vllm-0-1] not Ready yet...
2026-02-10T18:27:20.2373695Z Leader [vllm-0] phase=Running ready=false
2026-02-10T18:27:20.2374102Z Leader not Ready yet...
2026-02-10T18:27:22.3622573Z Follower [vllm-0-1] phase=Running ready=false
2026-02-10T18:27:22.4829791Z Follower [vllm-0-1] not Ready yet...
2026-02-10T18:27:22.4830136Z Leader [vllm-0] phase=Running ready=false
2026-02-10T18:27:22.4830414Z Leader not Ready yet...
2026-02-10T18:27:24.6117604Z Follower [vllm-0-1] phase=Running ready=false
2026-02-10T18:27:24.6117977Z Follower [vllm-0-1] not Ready yet...
2026-02-10T18:27:24.7289274Z Leader [vllm-0] phase=Running ready=false
2026-02-10T18:27:24.7289571Z Leader not Ready yet...
2026-02-10T18:27:26.8564440Z Follower [vllm-0-1] phase=Running ready=false
2026-02-10T18:27:26.8564881Z Follower [vllm-0-1] not Ready yet...
2026-02-10T18:27:26.9829550Z Leader [vllm-0] phase=Running ready=false
2026-02-10T18:27:26.9830038Z Leader not Ready yet...
2026-02-10T18:27:29.1136420Z Follower [vllm-0-1] phase=Running ready=false
2026-02-10T18:27:29.1136884Z Follower [vllm-0-1] not Ready yet...
2026-02-10T18:27:29.2351847Z Leader [vllm-0] phase=Running ready=false
2026-02-10T18:27:29.2352330Z Leader not Ready yet...
2026-02-10T18:27:31.3572765Z Follower [vllm-0-1] phase=Running ready=false
2026-02-10T18:27:31.3573227Z Follower [vllm-0-1] not Ready yet...
2026-02-10T18:27:31.4812338Z Leader [vllm-0] phase=Running ready=false
2026-02-10T18:27:31.4812638Z Leader not Ready yet...
2026-02-10T18:27:33.6071101Z Follower [vllm-0-1] phase=Running ready=false
2026-02-10T18:27:33.6071494Z Follower [vllm-0-1] not Ready yet...
2026-02-10T18:27:33.7317012Z Leader [vllm-0] phase=Running ready=false
2026-02-10T18:27:33.7317702Z Leader not Ready yet...
2026-02-10T18:27:35.8651391Z Follower [vllm-0-1] phase=Running ready=false
2026-02-10T18:27:35.8651845Z Follower [vllm-0-1] not Ready yet...
2026-02-10T18:27:35.9942870Z Leader [vllm-0] phase=Running ready=false
2026-02-10T18:27:35.9943200Z Leader not Ready yet...
2026-02-10T18:27:38.1189623Z Follower [vllm-0-1] phase=Running ready=false
2026-02-10T18:27:38.1190079Z Follower [vllm-0-1] not Ready yet...
2026-02-10T18:27:38.2360878Z Leader [vllm-0] phase=Running ready=false
2026-02-10T18:27:38.2361283Z Leader not Ready yet...
2026-02-10T18:27:40.3696421Z Follower [vllm-0-1] phase=Running ready=false
2026-02-10T18:27:40.3696805Z Follower [vllm-0-1] not Ready yet...
2026-02-10T18:27:40.4969121Z Leader [vllm-0] phase=Running ready=false
2026-02-10T18:27:40.4969500Z Leader not Ready yet...
2026-02-10T18:27:42.6398467Z Follower [vllm-0-1] phase=Running ready=false
2026-02-10T18:27:42.6398906Z Follower [vllm-0-1] not Ready yet...
2026-02-10T18:27:42.7892684Z Leader [vllm-0] phase=Running ready=false
2026-02-10T18:27:42.7893136Z Leader not Ready yet...
2026-02-10T18:27:44.9367070Z Follower [vllm-0-1] phase=Running ready=false
2026-02-10T18:27:44.9367399Z Follower [vllm-0-1] not Ready yet...
2026-02-10T18:27:45.0644033Z Leader [vllm-0] phase=Running ready=false
2026-02-10T18:27:45.0644347Z Leader not Ready yet...
2026-02-10T18:27:47.1930627Z Follower [vllm-0-1] phase=Running ready=false
2026-02-10T18:27:47.1930981Z Follower [vllm-0-1] not Ready yet...
2026-02-10T18:27:47.3292229Z Leader [vllm-0] phase=Running ready=false
2026-02-10T18:27:47.3292580Z Leader not Ready yet...
2026-02-10T18:27:49.4563086Z Follower [vllm-0-1] phase=Running ready=false
2026-02-10T18:27:49.4563503Z Follower [vllm-0-1] not Ready yet...
2026-02-10T18:27:49.5973925Z Leader [vllm-0] phase=Running ready=false
2026-02-10T18:27:49.5974298Z Leader not Ready yet...
2026-02-10T18:27:51.7450886Z Follower [vllm-0-1] phase=Running ready=false
2026-02-10T18:27:51.7451329Z Follower [vllm-0-1] not Ready yet...
2026-02-10T18:27:51.8870260Z Leader [vllm-0] phase=Running ready=false
2026-02-10T18:27:51.8870840Z Leader not Ready yet...
2026-02-10T18:27:54.0316310Z Follower [vllm-0-1] phase=Running ready=false
2026-02-10T18:27:54.0316713Z Follower [vllm-0-1] not Ready yet...
2026-02-10T18:27:54.1718174Z Leader [vllm-0] phase=Running ready=false
2026-02-10T18:27:54.1718580Z Leader not Ready yet...
2026-02-10T18:27:56.3053022Z Follower [vllm-0-1] phase=Running ready=false
2026-02-10T18:27:56.3053555Z Follower [vllm-0-1] not Ready yet...
2026-02-10T18:27:56.4456801Z Leader [vllm-0] phase=Running ready=false
2026-02-10T18:27:56.4457152Z Leader not Ready yet...
2026-02-10T18:27:58.5759221Z Follower [vllm-0-1] phase=Running ready=false
2026-02-10T18:27:58.5759588Z Follower [vllm-0-1] not Ready yet...
2026-02-10T18:27:58.7066645Z Leader [vllm-0] phase=Running ready=false
2026-02-10T18:27:58.7066964Z Leader not Ready yet...
2026-02-10T18:28:00.8466712Z Follower [vllm-0-1] phase=Running ready=false
2026-02-10T18:28:00.8467152Z Follower [vllm-0-1] not Ready yet...
2026-02-10T18:28:00.9882771Z Leader [vllm-0] phase=Running ready=false
2026-02-10T18:28:00.9883205Z Leader not Ready yet...
2026-02-10T18:28:03.1341713Z Follower [vllm-0-1] phase=Running ready=false
2026-02-10T18:28:03.1342283Z Follower [vllm-0-1] not Ready yet...
2026-02-10T18:28:03.2824314Z Leader [vllm-0] phase=Running ready=false
2026-02-10T18:28:03.2824619Z Leader not Ready yet...
2026-02-10T18:28:05.4382970Z Follower [vllm-0-1] phase=Running ready=false
2026-02-10T18:28:05.4383340Z Follower [vllm-0-1] not Ready yet...
2026-02-10T18:28:05.5764461Z Leader [vllm-0] phase=Running ready=false
2026-02-10T18:28:05.5764849Z Leader not Ready yet...
2026-02-10T18:28:07.7093376Z Follower [vllm-0-1] phase=Running ready=false
2026-02-10T18:28:07.7093795Z Follower [vllm-0-1] not Ready yet...
2026-02-10T18:28:07.8429928Z Leader [vllm-0] phase=Running ready=false
2026-02-10T18:28:07.8430292Z Leader not Ready yet...
2026-02-10T18:28:09.9727664Z Follower [vllm-0-1] phase=Running ready=false
2026-02-10T18:28:09.9728130Z Follower [vllm-0-1] not Ready yet...
2026-02-10T18:28:10.0880866Z Leader [vllm-0] phase=Running ready=false
2026-02-10T18:28:10.0881171Z Leader not Ready yet...
2026-02-10T18:28:12.2160986Z Follower [vllm-0-1] phase=Running ready=false
2026-02-10T18:28:12.2161303Z Follower [vllm-0-1] not Ready yet...
2026-02-10T18:28:12.3383270Z Leader [vllm-0] phase=Running ready=false
2026-02-10T18:28:12.3383590Z Leader not Ready yet...
2026-02-10T18:28:14.4664991Z Follower [vllm-0-1] phase=Running ready=false
2026-02-10T18:28:14.4665374Z Follower [vllm-0-1] not Ready yet...
2026-02-10T18:28:14.5882950Z Leader [vllm-0] phase=Running ready=false
2026-02-10T18:28:14.5883349Z Leader not Ready yet...
2026-02-10T18:28:16.7244833Z Follower [vllm-0-1] phase=Running ready=false
2026-02-10T18:28:16.7245210Z Follower [vllm-0-1] not Ready yet...
2026-02-10T18:28:16.8430490Z Leader [vllm-0] phase=Running ready=false
2026-02-10T18:28:16.8445268Z Leader not Ready yet...
2026-02-10T18:28:18.9648229Z Follower [vllm-0-1] phase=Running ready=false
2026-02-10T18:28:18.9648609Z Follower [vllm-0-1] not Ready yet...
2026-02-10T18:28:19.0823481Z Leader [vllm-0] phase=Running ready=false
2026-02-10T18:28:19.0824009Z Leader not Ready yet...
2026-02-10T18:28:21.2053676Z Follower [vllm-0-1] phase=Running ready=false
2026-02-10T18:28:21.2054139Z Follower [vllm-0-1] not Ready yet...
2026-02-10T18:28:21.3338529Z Leader [vllm-0] phase=Running ready=false
2026-02-10T18:28:21.3338887Z Leader not Ready yet...
2026-02-10T18:28:23.4581501Z Follower [vllm-0-1] phase=Running ready=false
2026-02-10T18:28:23.4581847Z Follower [vllm-0-1] not Ready yet...
2026-02-10T18:28:23.5799626Z Leader [vllm-0] phase=Running ready=false
2026-02-10T18:28:23.5799951Z Leader not Ready yet...
2026-02-10T18:28:25.7174194Z Follower [vllm-0-1] phase=Running ready=false
2026-02-10T18:28:25.7174579Z Follower [vllm-0-1] not Ready yet...
2026-02-10T18:28:25.8393980Z Leader [vllm-0] phase=Running ready=false
2026-02-10T18:28:25.8394451Z Leader not Ready yet...
2026-02-10T18:28:27.9562178Z Follower [vllm-0-1] phase=Running ready=false
2026-02-10T18:28:27.9562929Z Follower [vllm-0-1] not Ready yet...
2026-02-10T18:28:28.0756986Z Leader [vllm-0] phase=Running ready=false
2026-02-10T18:28:28.0757275Z Leader not Ready yet...
2026-02-10T18:28:30.2102501Z Follower [vllm-0-1] phase=Running ready=false
2026-02-10T18:28:30.2103031Z Follower [vllm-0-1] not Ready yet...
2026-02-10T18:28:30.3552832Z Leader [vllm-0] phase=Running ready=false
2026-02-10T18:28:30.3553208Z Leader not Ready yet...
2026-02-10T18:28:32.4682502Z Follower [vllm-0-1] phase=Running ready=false
2026-02-10T18:28:32.4682896Z Follower [vllm-0-1] not Ready yet...
2026-02-10T18:28:32.5818083Z Leader [vllm-0] phase=Running ready=false
2026-02-10T18:28:32.5818460Z Leader not Ready yet...
2026-02-10T18:28:34.7078884Z Follower [vllm-0-1] phase=Running ready=false
2026-02-10T18:28:34.7079352Z Follower [vllm-0-1] not Ready yet...
2026-02-10T18:28:34.8299140Z Leader [vllm-0] phase=Running ready=false
2026-02-10T18:28:34.8299522Z Leader not Ready yet...
2026-02-10T18:28:36.9559744Z Follower [vllm-0-1] phase=Running ready=false
2026-02-10T18:28:36.9560073Z Follower [vllm-0-1] not Ready yet...
2026-02-10T18:28:37.0702420Z Leader [vllm-0] phase=Running ready=false
2026-02-10T18:28:37.0702741Z Leader not Ready yet...
2026-02-10T18:28:39.1908387Z Follower [vllm-0-1] phase=Running ready=false
2026-02-10T18:28:39.1908816Z Follower [vllm-0-1] not Ready yet...
2026-02-10T18:28:39.3101002Z Leader [vllm-0] phase=Running ready=false
2026-02-10T18:28:39.3101416Z Leader not Ready yet...
2026-02-10T18:28:41.4292325Z Follower [vllm-0-1] phase=Running ready=false
2026-02-10T18:28:41.4292721Z Follower [vllm-0-1] not Ready yet...
2026-02-10T18:28:41.5601171Z Leader [vllm-0] phase=Running ready=false
2026-02-10T18:28:41.5601628Z Leader not Ready yet...
2026-02-10T18:28:43.6852255Z Follower [vllm-0-1] phase=Running ready=false
2026-02-10T18:28:43.6852590Z Follower [vllm-0-1] not Ready yet...
2026-02-10T18:28:43.8159195Z Leader [vllm-0] phase=Running ready=false
2026-02-10T18:28:43.8159540Z Leader not Ready yet...
2026-02-10T18:28:45.9494952Z Follower [vllm-0-1] phase=Running ready=false
2026-02-10T18:28:45.9495317Z Follower [vllm-0-1] not Ready yet...
2026-02-10T18:28:46.0787685Z Leader [vllm-0] phase=Running ready=false
2026-02-10T18:28:46.0788092Z Leader not Ready yet...
2026-02-10T18:28:48.2062533Z Follower [vllm-0-1] phase=Running ready=false
2026-02-10T18:28:48.2062956Z Follower [vllm-0-1] not Ready yet...
2026-02-10T18:28:48.3271891Z Leader [vllm-0] phase=Running ready=false
2026-02-10T18:28:48.3272319Z Leader not Ready yet...
2026-02-10T18:28:50.4593030Z Follower [vllm-0-1] phase=Running ready=false
2026-02-10T18:28:50.4593488Z Follower [vllm-0-1] not Ready yet...
2026-02-10T18:28:50.5887881Z Leader [vllm-0] phase=Running ready=false
2026-02-10T18:28:50.5888291Z Leader not Ready yet...
2026-02-10T18:28:52.7261937Z Follower [vllm-0-1] phase=Running ready=false
2026-02-10T18:28:52.7262413Z Follower [vllm-0-1] not Ready yet...
2026-02-10T18:28:52.8522660Z Leader [vllm-0] phase=Running ready=false
2026-02-10T18:28:52.8523041Z Leader not Ready yet...
2026-02-10T18:28:54.9784582Z Follower [vllm-0-1] phase=Running ready=false
2026-02-10T18:28:54.9785034Z Follower [vllm-0-1] not Ready yet...
2026-02-10T18:28:55.1136931Z Leader [vllm-0] phase=Running ready=false
2026-02-10T18:28:55.1137222Z Leader not Ready yet...
2026-02-10T18:28:57.2404385Z Follower [vllm-0-1] phase=Running ready=false
2026-02-10T18:28:57.2404751Z Follower [vllm-0-1] not Ready yet...
2026-02-10T18:28:57.3609000Z Leader [vllm-0] phase=Running ready=false
2026-02-10T18:28:57.3609340Z Leader not Ready yet...
2026-02-10T18:28:59.4892210Z Follower [vllm-0-1] phase=Running ready=false
2026-02-10T18:28:59.4892590Z Follower [vllm-0-1] not Ready yet...
2026-02-10T18:28:59.6117639Z Leader [vllm-0] phase=Running ready=false
2026-02-10T18:28:59.6118062Z Leader not Ready yet...
2026-02-10T18:29:01.7378858Z Follower [vllm-0-1] phase=Running ready=false
2026-02-10T18:29:01.7379291Z Follower [vllm-0-1] not Ready yet...
2026-02-10T18:29:01.8851422Z Leader [vllm-0] phase=Running ready=false
2026-02-10T18:29:01.8852209Z Leader not Ready yet...
2026-02-10T18:29:04.0300771Z Follower [vllm-0-1] phase=Running ready=false
2026-02-10T18:29:04.0301134Z Follower [vllm-0-1] not Ready yet...
2026-02-10T18:29:04.1591701Z Leader [vllm-0] phase=Running ready=false
2026-02-10T18:29:04.1592208Z Leader not Ready yet...
2026-02-10T18:29:06.2790185Z Follower [vllm-0-1] phase=Running ready=false
2026-02-10T18:29:06.2790526Z Follower [vllm-0-1] not Ready yet...
2026-02-10T18:29:06.3920208Z Leader [vllm-0] phase=Running ready=false
2026-02-10T18:29:06.3920599Z Leader not Ready yet...
2026-02-10T18:29:08.5158443Z Follower [vllm-0-1] phase=Running ready=false
2026-02-10T18:29:08.5158987Z Follower [vllm-0-1] not Ready yet...
2026-02-10T18:29:08.6439314Z Leader [vllm-0] phase=Running ready=false
2026-02-10T18:29:08.6439679Z Leader not Ready yet...
2026-02-10T18:29:10.7761915Z Follower [vllm-0-1] phase=Running ready=false
2026-02-10T18:29:10.7762402Z Follower [vllm-0-1] not Ready yet...
2026-02-10T18:29:10.8979694Z Leader [vllm-0] phase=Running ready=false
2026-02-10T18:29:10.8980012Z Leader not Ready yet...
2026-02-10T18:29:13.0400488Z Follower [vllm-0-1] phase=Running ready=false
2026-02-10T18:29:13.0400909Z Follower [vllm-0-1] not Ready yet...
2026-02-10T18:29:13.1674634Z Leader [vllm-0] phase=Running ready=false
2026-02-10T18:29:13.1674936Z Leader not Ready yet...
2026-02-10T18:29:15.2901186Z Follower [vllm-0-1] phase=Running ready=false
2026-02-10T18:29:15.2901545Z Follower [vllm-0-1] not Ready yet...
2026-02-10T18:29:15.4241970Z Leader [vllm-0] phase=Running ready=false
2026-02-10T18:29:15.4243404Z Leader not Ready yet...
2026-02-10T18:29:17.5557450Z Follower [vllm-0-1] phase=Running ready=false
2026-02-10T18:29:17.5557784Z Follower [vllm-0-1] not Ready yet...
2026-02-10T18:29:17.6702377Z Leader [vllm-0] phase=Running ready=false
2026-02-10T18:29:17.6702786Z Leader not Ready yet...
2026-02-10T18:29:19.8075027Z Follower [vllm-0-1] phase=Running ready=false
2026-02-10T18:29:19.8075388Z Follower [vllm-0-1] not Ready yet...
2026-02-10T18:29:19.9429175Z Leader [vllm-0] phase=Running ready=false
2026-02-10T18:29:19.9429444Z Leader not Ready yet...
2026-02-10T18:29:22.0801442Z Follower [vllm-0-1] phase=Running ready=false
2026-02-10T18:29:22.0801812Z Follower [vllm-0-1] not Ready yet...
2026-02-10T18:29:22.2062720Z Leader [vllm-0] phase=Running ready=false
2026-02-10T18:29:22.2063174Z Leader not Ready yet...
2026-02-10T18:29:24.3377444Z Follower [vllm-0-1] phase=Running ready=false
2026-02-10T18:29:24.3377789Z Follower [vllm-0-1] not Ready yet...
2026-02-10T18:29:24.4691408Z Leader [vllm-0] phase=Running ready=false
2026-02-10T18:29:24.4691720Z Leader not Ready yet...
2026-02-10T18:29:26.6002193Z Follower [vllm-0-1] phase=Running ready=false
2026-02-10T18:29:26.6002572Z Follower [vllm-0-1] not Ready yet...
2026-02-10T18:29:26.7202808Z Leader [vllm-0] phase=Running ready=false
2026-02-10T18:29:26.7203280Z Leader not Ready yet...
2026-02-10T18:29:28.8514159Z Follower [vllm-0-1] phase=Running ready=false
2026-02-10T18:29:28.8514622Z Follower [vllm-0-1] not Ready yet...
2026-02-10T18:29:28.9840884Z Leader [vllm-0] phase=Running ready=false
2026-02-10T18:29:28.9841219Z Leader not Ready yet...
2026-02-10T18:29:31.1211958Z Follower [vllm-0-1] phase=Running ready=false
2026-02-10T18:29:31.1212408Z Follower [vllm-0-1] not Ready yet...
2026-02-10T18:29:31.2379685Z Leader [vllm-0] phase=Running ready=false
2026-02-10T18:29:31.2380066Z Leader not Ready yet...
2026-02-10T18:29:33.3632795Z Follower [vllm-0-1] phase=Running ready=false
2026-02-10T18:29:33.3633237Z Follower [vllm-0-1] not Ready yet...
2026-02-10T18:29:33.4870038Z Leader [vllm-0] phase=Running ready=false
2026-02-10T18:29:33.4870367Z Leader not Ready yet...
2026-02-10T18:29:35.6099878Z Follower [vllm-0-1] phase=Running ready=false
2026-02-10T18:29:35.6100350Z Follower [vllm-0-1] not Ready yet...
2026-02-10T18:29:35.7269786Z Leader [vllm-0] phase=Running ready=false
2026-02-10T18:29:35.7270105Z Leader not Ready yet...
2026-02-10T18:29:37.8560313Z Follower [vllm-0-1] phase=Running ready=false
2026-02-10T18:29:37.8561022Z Follower [vllm-0-1] not Ready yet...
2026-02-10T18:29:37.9779185Z Leader [vllm-0] phase=Running ready=false
2026-02-10T18:29:37.9779588Z Leader not Ready yet...
2026-02-10T18:29:40.1058623Z Follower [vllm-0-1] phase=Running ready=false
2026-02-10T18:29:40.1059057Z Follower [vllm-0-1] not Ready yet...
2026-02-10T18:29:40.2308769Z Leader [vllm-0] phase=Running ready=false
2026-02-10T18:29:42.3496513Z Leader not Ready yet...
2026-02-10T18:29:42.3496907Z Follower [vllm-0-1] phase=Running ready=false
2026-02-10T18:29:42.3497233Z Follower [vllm-0-1] not Ready yet...
2026-02-10T18:29:42.4685181Z Leader [vllm-0] phase=Running ready=false
2026-02-10T18:29:42.4685505Z Leader not Ready yet...
2026-02-10T18:29:44.5800405Z Follower [vllm-0-1] phase=Running ready=false
2026-02-10T18:29:44.5800824Z Follower [vllm-0-1] not Ready yet...
2026-02-10T18:29:44.6884552Z Leader [vllm-0] phase=Running ready=false
2026-02-10T18:29:44.6884876Z Leader not Ready yet...
2026-02-10T18:29:46.8082183Z Follower [vllm-0-1] phase=Running ready=false
2026-02-10T18:29:46.8082555Z Follower [vllm-0-1] not Ready yet...
2026-02-10T18:29:46.9235417Z Leader [vllm-0] phase=Running ready=false
2026-02-10T18:29:46.9235743Z Leader not Ready yet...
2026-02-10T18:29:49.0369420Z Follower [vllm-0-1] phase=Running ready=false
2026-02-10T18:29:49.0369790Z Follower [vllm-0-1] not Ready yet...
2026-02-10T18:29:49.1475432Z Leader [vllm-0] phase=Running ready=false
2026-02-10T18:29:49.1475836Z Leader not Ready yet...
2026-02-10T18:29:51.2723644Z Follower [vllm-0-1] phase=Running ready=false
2026-02-10T18:29:51.2724026Z Follower [vllm-0-1] not Ready yet...
2026-02-10T18:29:51.3863654Z Leader [vllm-0] phase=Running ready=false
2026-02-10T18:29:51.3863978Z Leader not Ready yet...
2026-02-10T18:29:53.5047428Z Follower [vllm-0-1] phase=Running ready=false
2026-02-10T18:29:53.5047898Z Follower [vllm-0-1] not Ready yet...
2026-02-10T18:29:53.6253155Z Leader [vllm-0] phase=Running ready=false
2026-02-10T18:29:53.6253592Z Leader not Ready yet...
2026-02-10T18:29:55.7587561Z Follower [vllm-0-1] phase=Running ready=false
2026-02-10T18:29:55.7587878Z Follower [vllm-0-1] not Ready yet...
2026-02-10T18:29:55.8860622Z Leader [vllm-0] phase=Running ready=false
2026-02-10T18:29:55.8860935Z Leader not Ready yet...
2026-02-10T18:29:58.0119693Z Follower [vllm-0-1] phase=Running ready=false
2026-02-10T18:29:58.0120071Z Follower [vllm-0-1] not Ready yet...
2026-02-10T18:29:58.1469475Z Leader [vllm-0] phase=Running ready=false
2026-02-10T18:29:58.1469925Z Leader not Ready yet...
2026-02-10T18:30:00.2730255Z Follower [vllm-0-1] phase=Running ready=false
2026-02-10T18:30:00.2730810Z Follower [vllm-0-1] not Ready yet...
2026-02-10T18:30:00.3946507Z Leader [vllm-0] phase=Running ready=false
2026-02-10T18:30:00.3946995Z Leader not Ready yet...
2026-02-10T18:30:02.5357277Z Follower [vllm-0-1] phase=Running ready=false
2026-02-10T18:30:02.5357685Z Follower [vllm-0-1] not Ready yet...
2026-02-10T18:30:02.6573744Z Leader [vllm-0] phase=Running ready=false
2026-02-10T18:30:02.6574320Z Leader not Ready yet...
2026-02-10T18:30:05.0130712Z Follower [vllm-0-1] phase=Running ready=false
2026-02-10T18:30:05.0131140Z Follower [vllm-0-1] not Ready yet...
2026-02-10T18:30:05.1430294Z Leader [vllm-0] phase=Running ready=false
2026-02-10T18:30:05.1430645Z Leader not Ready yet...
2026-02-10T18:30:07.3108769Z Follower [vllm-0-1] phase=Running ready=false
2026-02-10T18:30:07.3109125Z Follower [vllm-0-1] not Ready yet...
2026-02-10T18:30:07.5396601Z Leader [vllm-0] phase=Running ready=false
2026-02-10T18:30:07.5396965Z Leader not Ready yet...
2026-02-10T18:30:09.6780842Z Follower [vllm-0-1] phase=Running ready=false
2026-02-10T18:30:09.6781225Z Follower [vllm-0-1] not Ready yet...
2026-02-10T18:30:09.8313247Z Leader [vllm-0] phase=Running ready=false
2026-02-10T18:30:09.8313542Z Leader not Ready yet...
2026-02-10T18:30:11.9759987Z Follower [vllm-0-1] phase=Running ready=false
2026-02-10T18:30:11.9760408Z Follower [vllm-0-1] not Ready yet...
2026-02-10T18:30:12.1223901Z Leader [vllm-0] phase=Running ready=false
2026-02-10T18:30:12.1224239Z Leader not Ready yet...
2026-02-10T18:30:14.2717061Z Follower [vllm-0-1] phase=Running ready=false
2026-02-10T18:30:14.2717450Z Follower [vllm-0-1] not Ready yet...
2026-02-10T18:30:14.4119955Z Leader [vllm-0] phase=Running ready=false
2026-02-10T18:30:14.4120289Z Leader not Ready yet...
2026-02-10T18:30:16.5461436Z Follower [vllm-0-1] phase=Running ready=false
2026-02-10T18:30:16.5461792Z Follower [vllm-0-1] not Ready yet...
2026-02-10T18:30:16.6969673Z Leader [vllm-0] phase=Running ready=false
2026-02-10T18:30:16.6970002Z Leader not Ready yet...
2026-02-10T18:30:18.8343012Z Follower [vllm-0-1] phase=Running ready=false
2026-02-10T18:30:18.8343419Z Follower [vllm-0-1] not Ready yet...
2026-02-10T18:30:18.9679688Z Leader [vllm-0] phase=Running ready=false
2026-02-10T18:30:18.9680011Z Leader not Ready yet...
2026-02-10T18:30:21.0921640Z Follower [vllm-0-1] phase=Running ready=false
2026-02-10T18:30:21.0921975Z Follower [vllm-0-1] not Ready yet...
2026-02-10T18:30:21.2163168Z Leader [vllm-0] phase=Running ready=false
2026-02-10T18:30:21.2163541Z Leader not Ready yet...
2026-02-10T18:30:23.3480896Z Follower [vllm-0-1] phase=Running ready=false
2026-02-10T18:30:23.3481205Z Follower [vllm-0-1] not Ready yet...
2026-02-10T18:30:23.4795242Z Leader [vllm-0] phase=Running ready=false
2026-02-10T18:30:23.4795598Z Leader not Ready yet...
2026-02-10T18:30:25.6107029Z Follower [vllm-0-1] phase=Running ready=false
2026-02-10T18:30:25.6107381Z Follower [vllm-0-1] not Ready yet...
2026-02-10T18:30:25.7324722Z Leader [vllm-0] phase=Running ready=false
2026-02-10T18:30:25.7325124Z Leader not Ready yet...
2026-02-10T18:30:27.8540324Z Follower [vllm-0-1] phase=Running ready=false
2026-02-10T18:30:27.8540668Z Follower [vllm-0-1] not Ready yet...
2026-02-10T18:30:27.9770040Z Leader [vllm-0] phase=Running ready=false
2026-02-10T18:30:27.9770395Z Leader not Ready yet...
2026-02-10T18:30:30.0996609Z Follower [vllm-0-1] phase=Running ready=false
2026-02-10T18:30:30.0996981Z Follower [vllm-0-1] not Ready yet...
2026-02-10T18:30:30.2267104Z Leader [vllm-0] phase=Running ready=false
2026-02-10T18:30:30.2267433Z Leader not Ready yet...
2026-02-10T18:30:32.3643386Z Follower [vllm-0-1] phase=Running ready=false
2026-02-10T18:30:32.3643858Z Follower [vllm-0-1] not Ready yet...
2026-02-10T18:30:32.4879483Z Leader [vllm-0] phase=Running ready=false
2026-02-10T18:30:32.4879769Z Leader not Ready yet...
2026-02-10T18:30:34.6172619Z Follower [vllm-0-1] phase=Running ready=false
2026-02-10T18:30:34.6172961Z Follower [vllm-0-1] not Ready yet...
2026-02-10T18:30:34.7389939Z Leader [vllm-0] phase=Running ready=false
2026-02-10T18:30:34.7390253Z Leader not Ready yet...
2026-02-10T18:30:36.8621407Z Follower [vllm-0-1] phase=Running ready=false
2026-02-10T18:30:36.8621746Z Follower [vllm-0-1] not Ready yet...
2026-02-10T18:30:36.9888484Z Leader [vllm-0] phase=Running ready=false
2026-02-10T18:30:36.9888923Z Leader not Ready yet...
2026-02-10T18:30:39.1074922Z Follower [vllm-0-1] phase=Running ready=false
2026-02-10T18:30:39.1075395Z Follower [vllm-0-1] not Ready yet...
2026-02-10T18:30:39.2253731Z Leader [vllm-0] phase=Running ready=false
2026-02-10T18:30:39.2254035Z Leader not Ready yet...
2026-02-10T18:30:41.3557350Z Follower [vllm-0-1] phase=Running ready=false
2026-02-10T18:30:41.3557754Z Follower [vllm-0-1] not Ready yet...
2026-02-10T18:30:41.4817688Z Leader [vllm-0] phase=Running ready=false
2026-02-10T18:30:41.4818063Z Leader not Ready yet...
2026-02-10T18:30:43.6218696Z Follower [vllm-0-1] phase=Running ready=false
2026-02-10T18:30:43.6219113Z Follower [vllm-0-1] not Ready yet...
2026-02-10T18:30:43.7451929Z Leader [vllm-0] phase=Running ready=false
2026-02-10T18:30:43.7452347Z Leader not Ready yet...
2026-02-10T18:30:45.8720760Z Follower [vllm-0-1] phase=Running ready=false
2026-02-10T18:30:45.8721131Z Follower [vllm-0-1] not Ready yet...
2026-02-10T18:30:45.9846569Z Leader [vllm-0] phase=Running ready=false
2026-02-10T18:30:45.9846890Z Leader not Ready yet...
2026-02-10T18:30:48.1165621Z Follower [vllm-0-1] phase=Running ready=false
2026-02-10T18:30:48.1166000Z Follower [vllm-0-1] not Ready yet...
2026-02-10T18:30:48.2377394Z Leader [vllm-0] phase=Running ready=false
2026-02-10T18:30:48.2377817Z Leader not Ready yet...
2026-02-10T18:30:50.3659787Z Follower [vllm-0-1] phase=Running ready=false
2026-02-10T18:30:50.3660345Z Follower [vllm-0-1] not Ready yet...
2026-02-10T18:30:50.4880934Z Leader [vllm-0] phase=Running ready=false
2026-02-10T18:30:50.4881268Z Leader not Ready yet...
2026-02-10T18:30:52.6093121Z Follower [vllm-0-1] phase=Running ready=false
2026-02-10T18:30:52.6093494Z Follower [vllm-0-1] not Ready yet...
2026-02-10T18:30:52.7227303Z Leader [vllm-0] phase=Running ready=false
2026-02-10T18:30:52.7227640Z Leader not Ready yet...
2026-02-10T18:30:54.8552534Z Follower [vllm-0-1] phase=Running ready=false
2026-02-10T18:30:54.8553000Z Follower [vllm-0-1] not Ready yet...
2026-02-10T18:30:54.9849873Z Leader [vllm-0] phase=Running ready=false
2026-02-10T18:30:54.9850222Z Leader not Ready yet...
2026-02-10T18:30:57.1098207Z Follower [vllm-0-1] phase=Running ready=false
2026-02-10T18:30:57.1098578Z Follower [vllm-0-1] not Ready yet...
2026-02-10T18:30:57.2444841Z Leader [vllm-0] phase=Running ready=false
2026-02-10T18:30:57.2445174Z Leader not Ready yet...
2026-02-10T18:30:59.3584654Z Follower [vllm-0-1] phase=Running ready=false
2026-02-10T18:30:59.3585042Z Follower [vllm-0-1] not Ready yet...
2026-02-10T18:30:59.4877557Z Leader [vllm-0] phase=Running ready=false
2026-02-10T18:30:59.4877951Z Leader not Ready yet...
2026-02-10T18:31:01.6069776Z Follower [vllm-0-1] phase=Running ready=false
2026-02-10T18:31:01.6070212Z Follower [vllm-0-1] not Ready yet...
2026-02-10T18:31:01.7252946Z Leader [vllm-0] phase=Running ready=false
2026-02-10T18:31:01.7253275Z Leader not Ready yet...
2026-02-10T18:31:03.8455182Z Follower [vllm-0-1] phase=Running ready=false
2026-02-10T18:31:03.8455905Z Follower [vllm-0-1] not Ready yet...
2026-02-10T18:31:03.9718071Z Leader [vllm-0] phase=Running ready=false
2026-02-10T18:31:03.9718471Z Leader not Ready yet...
2026-02-10T18:31:06.0872482Z Follower [vllm-0-1] phase=Running ready=false
2026-02-10T18:31:06.0872936Z Follower [vllm-0-1] not Ready yet...
2026-02-10T18:31:06.2152606Z Leader [vllm-0] phase=Running ready=false
2026-02-10T18:31:06.2153007Z Leader not Ready yet...
2026-02-10T18:31:08.3313960Z Follower [vllm-0-1] phase=Running ready=false
2026-02-10T18:31:08.3314291Z Follower [vllm-0-1] not Ready yet...
2026-02-10T18:31:08.4478154Z Leader [vllm-0] phase=Running ready=false
2026-02-10T18:31:08.4478476Z Leader not Ready yet...
2026-02-10T18:31:10.5779949Z Follower [vllm-0-1] phase=Running ready=false
2026-02-10T18:31:10.5780381Z Follower [vllm-0-1] not Ready yet...
2026-02-10T18:31:10.6985653Z Leader [vllm-0] phase=Running ready=false
2026-02-10T18:31:10.6986057Z Leader not Ready yet...
2026-02-10T18:31:12.8211067Z Follower [vllm-0-1] phase=Running ready=false
2026-02-10T18:31:12.8211435Z Follower [vllm-0-1] not Ready yet...
2026-02-10T18:31:12.9361406Z Leader [vllm-0] phase=Running ready=false
2026-02-10T18:31:12.9361772Z Leader not Ready yet...
2026-02-10T18:31:15.0575766Z Follower [vllm-0-1] phase=Running ready=false
2026-02-10T18:31:15.0576267Z Follower [vllm-0-1] not Ready yet...
2026-02-10T18:31:15.1804210Z Leader [vllm-0] phase=Running ready=false
2026-02-10T18:31:15.1804531Z Leader not Ready yet...
2026-02-10T18:31:17.3046821Z Follower [vllm-0-1] phase=Running ready=false
2026-02-10T18:31:17.3047185Z Follower [vllm-0-1] not Ready yet...
2026-02-10T18:31:17.4305729Z Leader [vllm-0] phase=Running ready=false
2026-02-10T18:31:17.4306079Z Leader not Ready yet...
2026-02-10T18:31:19.5592570Z Follower [vllm-0-1] phase=Running ready=false
2026-02-10T18:31:19.5592943Z Follower [vllm-0-1] not Ready yet...
2026-02-10T18:31:19.6783642Z Leader [vllm-0] phase=Running ready=false
2026-02-10T18:31:19.6783981Z Leader not Ready yet...
2026-02-10T18:31:21.8080515Z Follower [vllm-0-1] phase=Running ready=false
2026-02-10T18:31:21.8080989Z Follower [vllm-0-1] not Ready yet...
2026-02-10T18:31:21.9273857Z Leader [vllm-0] phase=Running ready=false
2026-02-10T18:31:21.9274225Z Leader not Ready yet...
2026-02-10T18:31:24.0534307Z Follower [vllm-0-1] phase=Running ready=false
2026-02-10T18:31:24.0534673Z Follower [vllm-0-1] not Ready yet...
2026-02-10T18:31:24.1733097Z Leader [vllm-0] phase=Running ready=false
2026-02-10T18:31:24.1733388Z Leader not Ready yet...
2026-02-10T18:31:26.2934456Z Follower [vllm-0-1] phase=Running ready=false
2026-02-10T18:31:26.2934816Z Follower [vllm-0-1] not Ready yet...
2026-02-10T18:31:26.4110178Z Leader [vllm-0] phase=Running ready=false
2026-02-10T18:31:26.4110469Z Leader not Ready yet...
2026-02-10T18:31:28.5335974Z Follower [vllm-0-1] phase=Running ready=false
2026-02-10T18:31:28.5336381Z Follower [vllm-0-1] not Ready yet...
2026-02-10T18:31:28.6466139Z Leader [vllm-0] phase=Running ready=false
2026-02-10T18:31:28.6466422Z Leader not Ready yet...
2026-02-10T18:31:30.7757501Z Follower [vllm-0-1] phase=Running ready=false
2026-02-10T18:31:30.7757910Z Follower [vllm-0-1] not Ready yet...
2026-02-10T18:31:30.8885117Z Leader [vllm-0] phase=Running ready=false
2026-02-10T18:31:30.8885578Z Leader not Ready yet...
2026-02-10T18:31:33.0227001Z Follower [vllm-0-1] phase=Running ready=false
2026-02-10T18:31:33.0227360Z Follower [vllm-0-1] not Ready yet...
2026-02-10T18:31:33.1341695Z Leader [vllm-0] phase=Running ready=false
2026-02-10T18:31:33.1342183Z Leader not Ready yet...
2026-02-10T18:31:35.2571741Z Follower [vllm-0-1] phase=Running ready=false
2026-02-10T18:31:35.2572217Z Follower [vllm-0-1] not Ready yet...
2026-02-10T18:31:35.3742278Z Leader [vllm-0] phase=Running ready=false
2026-02-10T18:31:35.3742709Z Leader not Ready yet...
2026-02-10T18:31:37.4886892Z Follower [vllm-0-1] phase=Running ready=false
2026-02-10T18:31:37.4887280Z Follower [vllm-0-1] not Ready yet...
2026-02-10T18:31:37.6084742Z Leader [vllm-0] phase=Running ready=false
2026-02-10T18:31:37.6085325Z Leader not Ready yet...
2026-02-10T18:31:39.7274112Z Follower [vllm-0-1] phase=Running ready=false
2026-02-10T18:31:39.7274576Z Follower [vllm-0-1] not Ready yet...
2026-02-10T18:31:39.8444394Z Leader [vllm-0] phase=Running ready=false
2026-02-10T18:31:39.8444686Z Leader not Ready yet...
2026-02-10T18:31:41.9754857Z Follower [vllm-0-1] phase=Running ready=false
2026-02-10T18:31:41.9755181Z Follower [vllm-0-1] not Ready yet...
2026-02-10T18:31:42.0871781Z Leader [vllm-0] phase=Running ready=false
2026-02-10T18:31:42.0872222Z Leader not Ready yet...
2026-02-10T18:31:44.2130912Z Follower [vllm-0-1] phase=Running ready=false
2026-02-10T18:31:44.2131397Z Follower [vllm-0-1] not Ready yet...
2026-02-10T18:31:44.3352971Z Leader [vllm-0] phase=Running ready=false
2026-02-10T18:31:44.3353351Z Leader not Ready yet...
2026-02-10T18:31:46.4576177Z Follower [vllm-0-1] phase=Running ready=false
2026-02-10T18:31:46.4576606Z Follower [vllm-0-1] not Ready yet...
2026-02-10T18:31:46.5731590Z Leader [vllm-0] phase=Running ready=false
2026-02-10T18:31:46.5731935Z Leader not Ready yet...
2026-02-10T18:31:48.6951242Z Follower [vllm-0-1] phase=Running ready=false
2026-02-10T18:31:48.6951617Z Follower [vllm-0-1] not Ready yet...
2026-02-10T18:31:48.8157190Z Leader [vllm-0] phase=Running ready=false
2026-02-10T18:31:48.8157513Z Leader not Ready yet...
2026-02-10T18:31:50.9350672Z Follower [vllm-0-1] phase=Running ready=false
2026-02-10T18:31:50.9351047Z Follower [vllm-0-1] not Ready yet...
2026-02-10T18:31:51.0499452Z Leader [vllm-0] phase=Running ready=false
2026-02-10T18:31:51.0499776Z Leader not Ready yet...
2026-02-10T18:31:53.1790732Z Follower [vllm-0-1] phase=Running ready=false
2026-02-10T18:31:53.1791079Z Follower [vllm-0-1] not Ready yet...
2026-02-10T18:31:53.3079101Z Leader [vllm-0] phase=Running ready=false
2026-02-10T18:31:53.3079423Z Leader not Ready yet...
2026-02-10T18:31:55.4364271Z Follower [vllm-0-1] phase=Running ready=false
2026-02-10T18:31:55.4364628Z Follower [vllm-0-1] not Ready yet...
2026-02-10T18:31:55.5625645Z Leader [vllm-0] phase=Running ready=false
2026-02-10T18:31:55.5626014Z Leader not Ready yet...
2026-02-10T18:31:57.6890926Z Follower [vllm-0-1] phase=Running ready=false
2026-02-10T18:31:57.6891454Z Follower [vllm-0-1] not Ready yet...
2026-02-10T18:31:57.8146029Z Leader [vllm-0] phase=Running ready=false
2026-02-10T18:31:57.8146427Z Leader not Ready yet...
2026-02-10T18:31:59.9349615Z Follower [vllm-0-1] phase=Running ready=false
2026-02-10T18:31:59.9350043Z Follower [vllm-0-1] not Ready yet...
2026-02-10T18:32:00.0484932Z Leader [vllm-0] phase=Running ready=false
2026-02-10T18:32:00.0485296Z Leader not Ready yet...
2026-02-10T18:32:02.1797147Z Follower [vllm-0-1] phase=Running ready=false
2026-02-10T18:32:02.1797494Z Follower [vllm-0-1] not Ready yet...
2026-02-10T18:32:02.2926338Z Leader [vllm-0] phase=Running ready=false
2026-02-10T18:32:02.2926658Z Leader not Ready yet...
2026-02-10T18:32:04.4115070Z Follower [vllm-0-1] phase=Running ready=false
2026-02-10T18:32:04.4115437Z Follower [vllm-0-1] not Ready yet...
2026-02-10T18:32:04.5329142Z Leader [vllm-0] phase=Running ready=false
2026-02-10T18:32:04.5329511Z Leader not Ready yet...
2026-02-10T18:32:06.6621576Z Follower [vllm-0-1] phase=Running ready=false
2026-02-10T18:32:06.6622140Z Follower [vllm-0-1] not Ready yet...
2026-02-10T18:32:06.7806474Z Leader [vllm-0] phase=Running ready=false
2026-02-10T18:32:06.7806789Z Leader not Ready yet...
2026-02-10T18:32:08.9143541Z Follower [vllm-0-1] phase=Running ready=false
2026-02-10T18:32:08.9143903Z Follower [vllm-0-1] not Ready yet...
2026-02-10T18:32:09.0401561Z Leader [vllm-0] phase=Running ready=false
2026-02-10T18:32:09.0401927Z Leader not Ready yet...
2026-02-10T18:32:11.1644684Z Follower [vllm-0-1] phase=Running ready=false
2026-02-10T18:32:11.1645061Z Follower [vllm-0-1] not Ready yet...
2026-02-10T18:32:11.2775511Z Leader [vllm-0] phase=Running ready=false
2026-02-10T18:32:11.2775885Z Leader not Ready yet...
2026-02-10T18:32:13.4757764Z Follower [vllm-0-1] phase=Running ready=false
2026-02-10T18:32:13.4758374Z Follower [vllm-0-1] not Ready yet...
2026-02-10T18:32:13.5891906Z Leader [vllm-0] phase=Running ready=false
2026-02-10T18:32:13.5892296Z Leader not Ready yet...
2026-02-10T18:32:15.7091465Z Follower [vllm-0-1] phase=Running ready=false
2026-02-10T18:32:15.7091845Z Follower [vllm-0-1] not Ready yet...
2026-02-10T18:32:15.8293735Z Leader [vllm-0] phase=Running ready=false
2026-02-10T18:32:15.8294122Z Leader not Ready yet...
2026-02-10T18:32:17.9473843Z Follower [vllm-0-1] phase=Running ready=false
2026-02-10T18:32:17.9474279Z Follower [vllm-0-1] not Ready yet...
2026-02-10T18:32:18.0711833Z Leader [vllm-0] phase=Running ready=false
2026-02-10T18:32:18.0712273Z Leader not Ready yet...
2026-02-10T18:32:20.1881784Z Follower [vllm-0-1] phase=Running ready=false
2026-02-10T18:32:20.1882199Z Follower [vllm-0-1] not Ready yet...
2026-02-10T18:32:20.3022094Z Leader [vllm-0] phase=Running ready=false
2026-02-10T18:32:20.3022423Z Leader not Ready yet...
2026-02-10T18:32:22.4202901Z Follower [vllm-0-1] phase=Running ready=false
2026-02-10T18:32:22.4203304Z Follower [vllm-0-1] not Ready yet...
2026-02-10T18:32:22.5384974Z Leader [vllm-0] phase=Running ready=false
2026-02-10T18:32:22.5385332Z Leader not Ready yet...
2026-02-10T18:32:24.6655611Z Follower [vllm-0-1] phase=Running ready=false
2026-02-10T18:32:24.6656058Z Follower [vllm-0-1] not Ready yet...
2026-02-10T18:32:24.7849879Z Leader [vllm-0] phase=Running ready=false
2026-02-10T18:32:24.7850156Z Leader not Ready yet...
2026-02-10T18:32:26.9061045Z Follower [vllm-0-1] phase=Running ready=false
2026-02-10T18:32:26.9061370Z Follower [vllm-0-1] not Ready yet...
2026-02-10T18:32:27.0425900Z Leader [vllm-0] phase=Running ready=false
2026-02-10T18:32:27.0426264Z Leader not Ready yet...
2026-02-10T18:32:29.1673271Z Follower [vllm-0-1] phase=Running ready=false
2026-02-10T18:32:29.1673604Z Follower [vllm-0-1] not Ready yet...
2026-02-10T18:32:29.2895573Z Leader [vllm-0] phase=Running ready=false
2026-02-10T18:32:29.2896025Z Leader not Ready yet...
2026-02-10T18:32:31.4274720Z Follower [vllm-0-1] phase=Running ready=false
2026-02-10T18:32:31.4275056Z Follower [vllm-0-1] not Ready yet...
2026-02-10T18:32:31.5515660Z Leader [vllm-0] phase=Running ready=false
2026-02-10T18:32:31.5516027Z Leader not Ready yet...
2026-02-10T18:32:33.6887149Z Follower [vllm-0-1] phase=Running ready=false
2026-02-10T18:32:33.6887601Z Follower [vllm-0-1] not Ready yet...
2026-02-10T18:32:33.8377942Z Leader [vllm-0] phase=Running ready=false
2026-02-10T18:32:33.8378417Z Leader not Ready yet...
2026-02-10T18:32:35.9689991Z Follower [vllm-0-1] phase=Running ready=false
2026-02-10T18:32:35.9690386Z Follower [vllm-0-1] not Ready yet...
2026-02-10T18:32:36.0971724Z Leader [vllm-0] phase=Running ready=false
2026-02-10T18:32:36.0972137Z Leader not Ready yet...
2026-02-10T18:32:38.2206209Z Follower [vllm-0-1] phase=Running ready=false
2026-02-10T18:32:38.2206551Z Follower [vllm-0-1] not Ready yet...
2026-02-10T18:32:38.3460089Z Leader [vllm-0] phase=Running ready=false
2026-02-10T18:32:38.3460378Z Leader not Ready yet...
2026-02-10T18:32:40.4750990Z Follower [vllm-0-1] phase=Running ready=false
2026-02-10T18:32:40.4751381Z Follower [vllm-0-1] not Ready yet...
2026-02-10T18:32:40.5996595Z Leader [vllm-0] phase=Running ready=false
2026-02-10T18:32:40.5996923Z Leader not Ready yet...
2026-02-10T18:32:42.7230108Z Follower [vllm-0-1] phase=Running ready=false
2026-02-10T18:32:42.7230602Z Follower [vllm-0-1] not Ready yet...
2026-02-10T18:32:42.8595583Z Leader [vllm-0] phase=Running ready=false
2026-02-10T18:32:42.8595895Z Leader not Ready yet...
2026-02-10T18:32:44.9860041Z Follower [vllm-0-1] phase=Running ready=false
2026-02-10T18:32:44.9860428Z Follower [vllm-0-1] not Ready yet...
2026-02-10T18:32:45.1043666Z Leader [vllm-0] phase=Running ready=false
2026-02-10T18:32:45.1043990Z Leader not Ready yet...
2026-02-10T18:32:47.2205969Z Follower [vllm-0-1] phase=Running ready=false
2026-02-10T18:32:47.2206307Z Follower [vllm-0-1] not Ready yet...
2026-02-10T18:32:47.3406986Z Leader [vllm-0] phase=Running ready=false
2026-02-10T18:32:47.3407533Z Leader not Ready yet...
2026-02-10T18:32:49.5369349Z Follower [vllm-0-1] phase=Running ready=false
2026-02-10T18:32:49.5369720Z Follower [vllm-0-1] not Ready yet...
2026-02-10T18:32:49.7156266Z Leader [vllm-0] phase=Running ready=false
2026-02-10T18:32:49.7156608Z Leader not Ready yet...
2026-02-10T18:32:51.8556066Z Follower [vllm-0-1] phase=Running ready=false
2026-02-10T18:32:51.8556385Z Follower [vllm-0-1] not Ready yet...
2026-02-10T18:32:51.9977530Z Leader [vllm-0] phase=Running ready=false
2026-02-10T18:32:51.9977867Z Leader not Ready yet...
2026-02-10T18:32:54.1263891Z Follower [vllm-0-1] phase=Running ready=false
2026-02-10T18:32:54.1264367Z Follower [vllm-0-1] not Ready yet...
2026-02-10T18:32:54.2576868Z Leader [vllm-0] phase=Running ready=false
2026-02-10T18:32:54.2577219Z Leader not Ready yet...
2026-02-10T18:32:56.3859763Z Follower [vllm-0-1] phase=Running ready=false
2026-02-10T18:32:56.3860195Z Follower [vllm-0-1] not Ready yet...
2026-02-10T18:32:56.5189191Z Leader [vllm-0] phase=Running ready=false
2026-02-10T18:32:56.5189510Z Leader not Ready yet...
2026-02-10T18:32:58.6612184Z Follower [vllm-0-1] phase=Running ready=false
2026-02-10T18:32:58.6612569Z Follower [vllm-0-1] not Ready yet...
2026-02-10T18:32:58.7880346Z Leader [vllm-0] phase=Running ready=false
2026-02-10T18:32:58.7880801Z Leader not Ready yet...
2026-02-10T18:33:00.9205538Z Follower [vllm-0-1] phase=Running ready=false
2026-02-10T18:33:00.9206032Z Follower [vllm-0-1] not Ready yet...
2026-02-10T18:33:01.0536110Z Leader [vllm-0] phase=Running ready=false
2026-02-10T18:33:01.0536393Z Leader not Ready yet...
2026-02-10T18:33:03.1834538Z Follower [vllm-0-1] phase=Running ready=false
2026-02-10T18:33:03.1834868Z Follower [vllm-0-1] not Ready yet...
2026-02-10T18:33:03.3168470Z Leader [vllm-0] phase=Running ready=false
2026-02-10T18:33:03.3168785Z Leader not Ready yet...
2026-02-10T18:33:05.4549841Z Follower [vllm-0-1] phase=Running ready=false
2026-02-10T18:33:05.4550278Z Follower [vllm-0-1] not Ready yet...
2026-02-10T18:33:05.5749648Z Leader [vllm-0] phase=Running ready=false
2026-02-10T18:33:07.7017959Z Leader not Ready yet...
2026-02-10T18:33:07.7018592Z Follower [vllm-0-1] phase=Running ready=false
2026-02-10T18:33:07.7018978Z Follower [vllm-0-1] not Ready yet...
2026-02-10T18:33:07.8334957Z Leader [vllm-0] phase=Running ready=false
2026-02-10T18:33:07.8335256Z Leader not Ready yet...
2026-02-10T18:33:09.9555891Z Follower [vllm-0-1] phase=Running ready=false
2026-02-10T18:33:09.9556246Z Follower [vllm-0-1] not Ready yet...
2026-02-10T18:33:10.0731745Z Leader [vllm-0] phase=Running ready=false
2026-02-10T18:33:10.0732154Z Leader not Ready yet...
2026-02-10T18:33:12.2137793Z Follower [vllm-0-1] phase=Running ready=false
2026-02-10T18:33:12.2138121Z Follower [vllm-0-1] not Ready yet...
2026-02-10T18:33:12.3282908Z Leader [vllm-0] phase=Running ready=false
2026-02-10T18:33:12.3283315Z Leader not Ready yet...
2026-02-10T18:33:14.4607214Z Follower [vllm-0-1] phase=Running ready=false
2026-02-10T18:33:14.4607680Z Follower [vllm-0-1] not Ready yet...
2026-02-10T18:33:14.5733304Z Leader [vllm-0] phase=Running ready=false
2026-02-10T18:33:14.5733630Z Leader not Ready yet...
2026-02-10T18:33:16.6867630Z Follower [vllm-0-1] phase=Running ready=false
2026-02-10T18:33:16.6867957Z Follower [vllm-0-1] not Ready yet...
2026-02-10T18:33:16.8039123Z Leader [vllm-0] phase=Running ready=false
2026-02-10T18:33:16.8039477Z Leader not Ready yet...
2026-02-10T18:33:18.9295286Z Follower [vllm-0-1] phase=Running ready=false
2026-02-10T18:33:18.9295767Z Follower [vllm-0-1] not Ready yet...
2026-02-10T18:33:19.0439712Z Leader [vllm-0] phase=Running ready=false
2026-02-10T18:33:19.0440086Z Leader not Ready yet...
2026-02-10T18:33:21.1670511Z Follower [vllm-0-1] phase=Running ready=false
2026-02-10T18:33:21.1670941Z Follower [vllm-0-1] not Ready yet...
2026-02-10T18:33:21.2813831Z Leader [vllm-0] phase=Running ready=false
2026-02-10T18:33:21.2814181Z Leader not Ready yet...
2026-02-10T18:33:23.4020823Z Follower [vllm-0-1] phase=Running ready=false
2026-02-10T18:33:23.4021678Z Follower [vllm-0-1] not Ready yet...
2026-02-10T18:33:23.5219712Z Leader [vllm-0] phase=Running ready=false
2026-02-10T18:33:23.5220118Z Leader not Ready yet...
2026-02-10T18:33:25.6463445Z Follower [vllm-0-1] phase=Running ready=false
2026-02-10T18:33:25.6463946Z Follower [vllm-0-1] not Ready yet...
2026-02-10T18:33:25.7602350Z Leader [vllm-0] phase=Running ready=false
2026-02-10T18:33:25.7602712Z Leader not Ready yet...
2026-02-10T18:33:27.8850886Z Follower [vllm-0-1] phase=Running ready=false
2026-02-10T18:33:27.8851252Z Follower [vllm-0-1] not Ready yet...
2026-02-10T18:33:28.0012439Z Leader [vllm-0] phase=Running ready=false
2026-02-10T18:33:28.0012892Z Leader not Ready yet...
2026-02-10T18:33:30.1412547Z Follower [vllm-0-1] phase=Running ready=false
2026-02-10T18:33:30.1413103Z Follower [vllm-0-1] not Ready yet...
2026-02-10T18:33:30.2703896Z Leader [vllm-0] phase=Running ready=false
2026-02-10T18:33:30.2704219Z Leader not Ready yet...
2026-02-10T18:33:32.3920881Z Follower [vllm-0-1] phase=Running ready=false
2026-02-10T18:33:32.3921224Z Follower [vllm-0-1] not Ready yet...
2026-02-10T18:33:32.5161795Z Leader [vllm-0] phase=Running ready=false
2026-02-10T18:33:32.5162348Z Leader not Ready yet...
2026-02-10T18:33:34.6339704Z Follower [vllm-0-1] phase=Running ready=false
2026-02-10T18:33:34.6340147Z Follower [vllm-0-1] not Ready yet...
2026-02-10T18:33:34.7460288Z Leader [vllm-0] phase=Running ready=false
2026-02-10T18:33:34.7460645Z Leader not Ready yet...
2026-02-10T18:33:36.8731155Z Follower [vllm-0-1] phase=Running ready=false
2026-02-10T18:33:36.8731488Z Follower [vllm-0-1] not Ready yet...
2026-02-10T18:33:36.9853502Z Leader [vllm-0] phase=Running ready=false
2026-02-10T18:33:36.9853819Z Leader not Ready yet...
2026-02-10T18:33:39.1086657Z Follower [vllm-0-1] phase=Running ready=false
2026-02-10T18:33:39.1087044Z Follower [vllm-0-1] not Ready yet...
2026-02-10T18:33:39.2258722Z Leader [vllm-0] phase=Running ready=false
2026-02-10T18:33:39.2259138Z Leader not Ready yet...
2026-02-10T18:33:41.3489834Z Follower [vllm-0-1] phase=Running ready=false
2026-02-10T18:33:41.3490617Z Follower [vllm-0-1] not Ready yet...
2026-02-10T18:33:41.4920947Z Leader [vllm-0] phase=Running ready=false
2026-02-10T18:33:41.4921266Z Leader not Ready yet...
2026-02-10T18:33:43.6340641Z Follower [vllm-0-1] phase=Running ready=false
2026-02-10T18:33:43.6340959Z Follower [vllm-0-1] not Ready yet...
2026-02-10T18:33:43.7479757Z Leader [vllm-0] phase=Running ready=false
2026-02-10T18:33:43.7480142Z Leader not Ready yet...
2026-02-10T18:33:45.8760657Z Follower [vllm-0-1] phase=Running ready=false
2026-02-10T18:33:45.8761123Z Follower [vllm-0-1] not Ready yet...
2026-02-10T18:33:45.9894948Z Leader [vllm-0] phase=Running ready=false
2026-02-10T18:33:45.9895310Z Leader not Ready yet...
2026-02-10T18:33:48.1132978Z Follower [vllm-0-1] phase=Running ready=false
2026-02-10T18:33:48.1133318Z Follower [vllm-0-1] not Ready yet...
2026-02-10T18:33:48.2444292Z Leader [vllm-0] phase=Running ready=false
2026-02-10T18:33:48.2444632Z Leader not Ready yet...
2026-02-10T18:33:50.3702844Z Follower [vllm-0-1] phase=Running ready=false
2026-02-10T18:33:50.3703285Z Follower [vllm-0-1] not Ready yet...
2026-02-10T18:33:50.4854046Z Leader [vllm-0] phase=Running ready=false
2026-02-10T18:33:50.4854463Z Leader not Ready yet...
2026-02-10T18:33:52.6060799Z Follower [vllm-0-1] phase=Running ready=false
2026-02-10T18:33:52.6061180Z Follower [vllm-0-1] not Ready yet...
2026-02-10T18:33:52.7306877Z Leader [vllm-0] phase=Running ready=false
2026-02-10T18:33:52.7307346Z Leader not Ready yet...
2026-02-10T18:33:54.8487222Z Follower [vllm-0-1] phase=Running ready=false
2026-02-10T18:33:54.8487597Z Follower [vllm-0-1] not Ready yet...
2026-02-10T18:33:54.9629507Z Leader [vllm-0] phase=Running ready=false
2026-02-10T18:33:54.9629949Z Leader not Ready yet...
2026-02-10T18:33:57.0858270Z Follower [vllm-0-1] phase=Running ready=false
2026-02-10T18:33:57.0858768Z Follower [vllm-0-1] not Ready yet...
2026-02-10T18:33:57.1980996Z Leader [vllm-0] phase=Running ready=false
2026-02-10T18:33:57.1981676Z Leader not Ready yet...
2026-02-10T18:33:59.3239928Z Follower [vllm-0-1] phase=Running ready=false
2026-02-10T18:33:59.3240258Z Follower [vllm-0-1] not Ready yet...
2026-02-10T18:33:59.4414482Z Leader [vllm-0] phase=Running ready=false
2026-02-10T18:33:59.4414821Z Leader not Ready yet...
2026-02-10T18:34:01.5641501Z Follower [vllm-0-1] phase=Running ready=false
2026-02-10T18:34:01.5641936Z Follower [vllm-0-1] not Ready yet...
2026-02-10T18:34:01.6878177Z Leader [vllm-0] phase=Running ready=false
2026-02-10T18:34:01.6878618Z Leader not Ready yet...
2026-02-10T18:34:03.8225205Z Follower [vllm-0-1] phase=Running ready=false
2026-02-10T18:34:03.8225551Z Follower [vllm-0-1] not Ready yet...
2026-02-10T18:34:03.9447612Z Leader [vllm-0] phase=Running ready=false
2026-02-10T18:34:03.9447951Z Leader not Ready yet...
2026-02-10T18:34:06.0675890Z Follower [vllm-0-1] phase=Running ready=false
2026-02-10T18:34:06.0676309Z Follower [vllm-0-1] not Ready yet...
2026-02-10T18:34:06.1789476Z Leader [vllm-0] phase=Running ready=false
2026-02-10T18:34:06.1789790Z Leader not Ready yet...
2026-02-10T18:34:08.3108613Z Follower [vllm-0-1] phase=Running ready=false
2026-02-10T18:34:08.3108990Z Follower [vllm-0-1] not Ready yet...
2026-02-10T18:34:08.4268810Z Leader [vllm-0] phase=Running ready=false
2026-02-10T18:34:08.4269223Z Leader not Ready yet...
2026-02-10T18:34:10.5416077Z Follower [vllm-0-1] phase=Running ready=false
2026-02-10T18:34:10.5416537Z Follower [vllm-0-1] not Ready yet...
2026-02-10T18:34:10.6808473Z Leader [vllm-0] phase=Running ready=false
2026-02-10T18:34:10.6808802Z Leader not Ready yet...
2026-02-10T18:34:12.7989214Z Follower [vllm-0-1] phase=Running ready=false
2026-02-10T18:34:12.7989571Z Follower [vllm-0-1] not Ready yet...
2026-02-10T18:34:12.9224260Z Leader [vllm-0] phase=Running ready=false
2026-02-10T18:34:12.9224627Z Leader not Ready yet...
2026-02-10T18:34:15.0581843Z Follower [vllm-0-1] phase=Running ready=false
2026-02-10T18:34:15.0582382Z Follower [vllm-0-1] not Ready yet...
2026-02-10T18:34:15.1804160Z Leader [vllm-0] phase=Running ready=false
2026-02-10T18:34:15.1804886Z Leader not Ready yet...
2026-02-10T18:34:17.3006101Z Follower [vllm-0-1] phase=Running ready=false
2026-02-10T18:34:17.3006425Z Follower [vllm-0-1] not Ready yet...
2026-02-10T18:34:17.4233933Z Leader [vllm-0] phase=Running ready=false
2026-02-10T18:34:17.4234317Z Leader not Ready yet...
2026-02-10T18:34:19.5424013Z Follower [vllm-0-1] phase=Running ready=false
2026-02-10T18:34:19.5424343Z Follower [vllm-0-1] not Ready yet...
2026-02-10T18:34:19.6569192Z Leader [vllm-0] phase=Running ready=false
2026-02-10T18:34:19.6569553Z Leader not Ready yet...
2026-02-10T18:34:21.7846061Z Follower [vllm-0-1] phase=Running ready=false
2026-02-10T18:34:21.7846427Z Follower [vllm-0-1] not Ready yet...
2026-02-10T18:34:21.8996511Z Leader [vllm-0] phase=Running ready=false
2026-02-10T18:34:21.8996823Z Leader not Ready yet...
2026-02-10T18:34:24.0226018Z Follower [vllm-0-1] phase=Running ready=false
2026-02-10T18:34:24.0226504Z Follower [vllm-0-1] not Ready yet...
2026-02-10T18:34:24.1434729Z Leader [vllm-0] phase=Running ready=false
2026-02-10T18:34:24.1435104Z Leader not Ready yet...
2026-02-10T18:34:26.2701257Z Follower [vllm-0-1] phase=Running ready=false
2026-02-10T18:34:26.2701594Z Follower [vllm-0-1] not Ready yet...
2026-02-10T18:34:26.3875966Z Leader [vllm-0] phase=Running ready=false
2026-02-10T18:34:28.5288542Z Leader not Ready yet...
2026-02-10T18:34:28.5289063Z Follower [vllm-0-1] phase=Running ready=false
2026-02-10T18:34:28.5289391Z Follower [vllm-0-1] not Ready yet...
2026-02-10T18:34:28.6593388Z Leader [vllm-0] phase=Running ready=false
2026-02-10T18:34:28.6593740Z Leader not Ready yet...
2026-02-10T18:34:30.7865245Z Follower [vllm-0-1] phase=Running ready=false
2026-02-10T18:34:30.7865727Z Follower [vllm-0-1] not Ready yet...
2026-02-10T18:34:30.9118506Z Leader [vllm-0] phase=Running ready=false
2026-02-10T18:34:30.9118923Z Leader not Ready yet...
2026-02-10T18:34:33.0638614Z Follower [vllm-0-1] phase=Running ready=false
2026-02-10T18:34:33.0639330Z Follower [vllm-0-1] not Ready yet...
2026-02-10T18:34:33.1866306Z Leader [vllm-0] phase=Running ready=false
2026-02-10T18:34:33.1866653Z Leader not Ready yet...
2026-02-10T18:34:35.3162355Z Follower [vllm-0-1] phase=Running ready=false
2026-02-10T18:34:35.3162768Z Follower [vllm-0-1] not Ready yet...
2026-02-10T18:34:35.4514581Z Leader [vllm-0] phase=Running ready=false
2026-02-10T18:34:35.4514950Z Leader not Ready yet...
2026-02-10T18:34:37.5945061Z Follower [vllm-0-1] phase=Running ready=false
2026-02-10T18:34:37.5945413Z Follower [vllm-0-1] not Ready yet...
2026-02-10T18:34:37.7402768Z Leader [vllm-0] phase=Running ready=false
2026-02-10T18:34:37.7403178Z Leader not Ready yet...
2026-02-10T18:34:39.8666963Z Follower [vllm-0-1] phase=Running ready=false
2026-02-10T18:34:39.8667309Z Follower [vllm-0-1] not Ready yet...
2026-02-10T18:34:39.9977172Z Leader [vllm-0] phase=Running ready=false
2026-02-10T18:34:39.9977536Z Leader not Ready yet...
2026-02-10T18:34:42.1224971Z Follower [vllm-0-1] phase=Running ready=false
2026-02-10T18:34:42.1225349Z Follower [vllm-0-1] not Ready yet...
2026-02-10T18:34:42.2415606Z Leader [vllm-0] phase=Running ready=false
2026-02-10T18:34:42.2415876Z Leader not Ready yet...
2026-02-10T18:34:44.3669601Z Follower [vllm-0-1] phase=Running ready=false
2026-02-10T18:34:44.3669988Z Follower [vllm-0-1] not Ready yet...
2026-02-10T18:34:44.4823604Z Leader [vllm-0] phase=Running ready=false
2026-02-10T18:34:44.4823895Z Leader not Ready yet...
2026-02-10T18:34:46.6013492Z Follower [vllm-0-1] phase=Running ready=false
2026-02-10T18:34:46.6013927Z Follower [vllm-0-1] not Ready yet...
2026-02-10T18:34:46.7209424Z Leader [vllm-0] phase=Running ready=false
2026-02-10T18:34:46.7209815Z Leader not Ready yet...
2026-02-10T18:34:48.8463026Z Follower [vllm-0-1] phase=Running ready=false
2026-02-10T18:34:48.8463525Z Follower [vllm-0-1] not Ready yet...
2026-02-10T18:34:48.9715470Z Leader [vllm-0] phase=Running ready=false
2026-02-10T18:34:48.9715800Z Leader not Ready yet...
2026-02-10T18:34:51.0943735Z Follower [vllm-0-1] phase=Running ready=false
2026-02-10T18:34:51.0944455Z Follower [vllm-0-1] not Ready yet...
2026-02-10T18:34:51.2176257Z Leader [vllm-0] phase=Running ready=false
2026-02-10T18:34:51.2176618Z Leader not Ready yet...
2026-02-10T18:34:53.3357155Z Follower [vllm-0-1] phase=Running ready=false
2026-02-10T18:34:53.3357537Z Follower [vllm-0-1] not Ready yet...
2026-02-10T18:34:53.4526410Z Leader [vllm-0] phase=Running ready=false
2026-02-10T18:34:53.4526751Z Leader not Ready yet...
2026-02-10T18:34:55.5762976Z Follower [vllm-0-1] phase=Running ready=false
2026-02-10T18:34:55.5763425Z Follower [vllm-0-1] not Ready yet...
2026-02-10T18:34:55.6954562Z Leader [vllm-0] phase=Running ready=false
2026-02-10T18:34:55.6954866Z Leader not Ready yet...
2026-02-10T18:34:57.8122352Z Follower [vllm-0-1] phase=Running ready=false
2026-02-10T18:34:57.8122730Z Follower [vllm-0-1] not Ready yet...
2026-02-10T18:34:57.9244367Z Leader [vllm-0] phase=Running ready=false
2026-02-10T18:34:57.9244769Z Leader not Ready yet...
2026-02-10T18:35:00.0583400Z Follower [vllm-0-1] phase=Running ready=false
2026-02-10T18:35:00.0583772Z Follower [vllm-0-1] not Ready yet...
2026-02-10T18:35:00.1817297Z Leader [vllm-0] phase=Running ready=false
2026-02-10T18:35:00.1817817Z Leader not Ready yet...
2026-02-10T18:35:02.3090996Z Follower [vllm-0-1] phase=Running ready=false
2026-02-10T18:35:02.3091342Z Follower [vllm-0-1] not Ready yet...
2026-02-10T18:35:02.4302939Z Leader [vllm-0] phase=Running ready=false
2026-02-10T18:35:02.4303312Z Leader not Ready yet...
2026-02-10T18:35:04.8040437Z Follower [vllm-0-1] phase=Running ready=false
2026-02-10T18:35:04.8040813Z Follower [vllm-0-1] not Ready yet...
2026-02-10T18:35:04.9353401Z Leader [vllm-0] phase=Running ready=false
2026-02-10T18:35:04.9353715Z Leader not Ready yet...
2026-02-10T18:35:07.0667386Z Follower [vllm-0-1] phase=Running ready=false
2026-02-10T18:35:07.0667749Z Follower [vllm-0-1] not Ready yet...
2026-02-10T18:35:07.1891915Z Leader [vllm-0] phase=Running ready=false
2026-02-10T18:35:07.1892481Z Leader not Ready yet...
2026-02-10T18:35:09.3263255Z Follower [vllm-0-1] phase=Running ready=false
2026-02-10T18:35:09.3263714Z Follower [vllm-0-1] not Ready yet...
2026-02-10T18:35:09.4492910Z Leader [vllm-0] phase=Running ready=false
2026-02-10T18:35:09.4493327Z Leader not Ready yet...
2026-02-10T18:35:11.5817427Z Follower [vllm-0-1] phase=Running ready=false
2026-02-10T18:35:11.5817859Z Follower [vllm-0-1] not Ready yet...
2026-02-10T18:35:11.7005291Z Leader [vllm-0] phase=Running ready=false
2026-02-10T18:35:11.7005597Z Leader not Ready yet...
2026-02-10T18:35:13.8328634Z Follower [vllm-0-1] phase=Running ready=false
2026-02-10T18:35:13.8328992Z Follower [vllm-0-1] not Ready yet...
2026-02-10T18:35:13.9573562Z Leader [vllm-0] phase=Running ready=false
2026-02-10T18:35:13.9573952Z Leader not Ready yet...
2026-02-10T18:35:16.0815654Z Follower [vllm-0-1] phase=Running ready=false
2026-02-10T18:35:16.0816056Z Follower [vllm-0-1] not Ready yet...
2026-02-10T18:35:16.2036408Z Leader [vllm-0] phase=Running ready=false
2026-02-10T18:35:16.2036784Z Leader not Ready yet...
2026-02-10T18:35:18.3282227Z Follower [vllm-0-1] phase=Running ready=false
2026-02-10T18:35:18.3282652Z Follower [vllm-0-1] not Ready yet...
2026-02-10T18:35:18.4456663Z Leader [vllm-0] phase=Running ready=false
2026-02-10T18:35:18.4456999Z Leader not Ready yet...
2026-02-10T18:35:20.5828102Z Follower [vllm-0-1] phase=Running ready=false
2026-02-10T18:35:20.5828460Z Follower [vllm-0-1] not Ready yet...
2026-02-10T18:35:20.6996941Z Leader [vllm-0] phase=Running ready=false
2026-02-10T18:35:20.6997299Z Leader not Ready yet...
2026-02-10T18:35:22.8180453Z Follower [vllm-0-1] phase=Running ready=false
2026-02-10T18:35:22.8180914Z Follower [vllm-0-1] not Ready yet...
2026-02-10T18:35:22.9325977Z Leader [vllm-0] phase=Running ready=false
2026-02-10T18:35:22.9326355Z Leader not Ready yet...
2026-02-10T18:35:25.0521072Z Follower [vllm-0-1] phase=Running ready=false
2026-02-10T18:35:25.0521435Z Follower [vllm-0-1] not Ready yet...
2026-02-10T18:35:25.1590759Z Leader [vllm-0] phase=Running ready=false
2026-02-10T18:35:25.1591485Z Leader not Ready yet...
2026-02-10T18:35:27.2725627Z Follower [vllm-0-1] phase=Running ready=false
2026-02-10T18:35:27.2725966Z Follower [vllm-0-1] not Ready yet...
2026-02-10T18:35:27.3888178Z Leader [vllm-0] phase=Running ready=false
2026-02-10T18:35:27.3888470Z Leader not Ready yet...
2026-02-10T18:35:29.5013551Z Follower [vllm-0-1] phase=Running ready=false
2026-02-10T18:35:29.5013927Z Follower [vllm-0-1] not Ready yet...
2026-02-10T18:35:29.6138499Z Leader [vllm-0] phase=Running ready=false
2026-02-10T18:35:29.6138931Z Leader not Ready yet...
2026-02-10T18:35:31.7339720Z Follower [vllm-0-1] phase=Running ready=false
2026-02-10T18:35:31.7340199Z Follower [vllm-0-1] not Ready yet...
2026-02-10T18:35:31.8573925Z Leader [vllm-0] phase=Running ready=false
2026-02-10T18:35:31.8574262Z Leader not Ready yet...
2026-02-10T18:35:34.2155787Z Follower [vllm-0-1] phase=Running ready=false
2026-02-10T18:35:34.2156178Z Follower [vllm-0-1] not Ready yet...
2026-02-10T18:35:34.3309655Z Leader [vllm-0] phase=Running ready=false
2026-02-10T18:35:34.3310108Z Leader not Ready yet...
2026-02-10T18:35:36.4663623Z Follower [vllm-0-1] phase=Running ready=false
2026-02-10T18:35:36.4664062Z Follower [vllm-0-1] not Ready yet...
2026-02-10T18:35:36.5868109Z Leader [vllm-0] phase=Running ready=false
2026-02-10T18:35:36.5868393Z Leader not Ready yet...
2026-02-10T18:35:38.7100264Z Follower [vllm-0-1] phase=Running ready=false
2026-02-10T18:35:38.7100629Z Follower [vllm-0-1] not Ready yet...
2026-02-10T18:35:38.8319805Z Leader [vllm-0] phase=Running ready=false
2026-02-10T18:35:38.8320144Z Leader not Ready yet...
2026-02-10T18:35:40.9707039Z Follower [vllm-0-1] phase=Running ready=false
2026-02-10T18:35:40.9707464Z Follower [vllm-0-1] not Ready yet...
2026-02-10T18:35:41.1142978Z Leader [vllm-0] phase=Running ready=false
2026-02-10T18:35:41.1143355Z Leader not Ready yet...
2026-02-10T18:35:43.2375133Z Follower [vllm-0-1] phase=Running ready=false
2026-02-10T18:35:43.2375510Z Follower [vllm-0-1] not Ready yet...
2026-02-10T18:35:43.3570511Z Leader [vllm-0] phase=Running ready=false
2026-02-10T18:35:43.3570802Z Leader not Ready yet...
2026-02-10T18:35:45.4853835Z Follower [vllm-0-1] phase=Running ready=false
2026-02-10T18:35:45.4854225Z Follower [vllm-0-1] not Ready yet...
2026-02-10T18:35:45.6019525Z Leader [vllm-0] phase=Running ready=false
2026-02-10T18:35:45.6020056Z Leader not Ready yet...
2026-02-10T18:35:47.7376973Z Follower [vllm-0-1] phase=Running ready=false
2026-02-10T18:35:47.7377335Z Follower [vllm-0-1] not Ready yet...
2026-02-10T18:35:47.8576082Z Leader [vllm-0] phase=Running ready=false
2026-02-10T18:35:47.8576432Z Leader not Ready yet...
2026-02-10T18:35:49.9868623Z Follower [vllm-0-1] phase=Running ready=false
2026-02-10T18:35:49.9868964Z Follower [vllm-0-1] not Ready yet...
2026-02-10T18:35:50.1054168Z Leader [vllm-0] phase=Running ready=false
2026-02-10T18:35:50.1054553Z Leader not Ready yet...
2026-02-10T18:35:52.2395845Z Follower [vllm-0-1] phase=Running ready=false
2026-02-10T18:35:52.2396251Z Follower [vllm-0-1] not Ready yet...
2026-02-10T18:35:52.3566970Z Leader [vllm-0] phase=Running ready=false
2026-02-10T18:35:52.3567356Z Leader not Ready yet...
2026-02-10T18:35:54.4804947Z Follower [vllm-0-1] phase=Running ready=false
2026-02-10T18:35:54.4805372Z Follower [vllm-0-1] not Ready yet...
2026-02-10T18:35:54.6008545Z Leader [vllm-0] phase=Running ready=false
2026-02-10T18:35:54.6008899Z Leader not Ready yet...
2026-02-10T18:35:56.7255424Z Follower [vllm-0-1] phase=Running ready=false
2026-02-10T18:35:56.7255786Z Follower [vllm-0-1] not Ready yet...
2026-02-10T18:35:57.8444102Z Leader [vllm-0] phase=Running ready=false
2026-02-10T18:35:57.8444457Z Leader not Ready yet...
2026-02-10T18:35:59.9654289Z Follower [vllm-0-1] phase=Running ready=false
2026-02-10T18:35:59.9654849Z Follower [vllm-0-1] not Ready yet...
2026-02-10T18:36:00.0860521Z Leader [vllm-0] phase=Running ready=false
2026-02-10T18:36:00.0860893Z Leader not Ready yet...
2026-02-10T18:36:02.2093477Z Follower [vllm-0-1] phase=Running ready=false
2026-02-10T18:36:02.2094225Z Follower [vllm-0-1] not Ready yet...
2026-02-10T18:36:02.3377156Z Leader [vllm-0] phase=Running ready=false
2026-02-10T18:36:02.3377440Z Leader not Ready yet...
2026-02-10T18:36:04.4717772Z Follower [vllm-0-1] phase=Running ready=false
2026-02-10T18:36:04.4718165Z Follower [vllm-0-1] not Ready yet...
2026-02-10T18:36:04.5972408Z Leader [vllm-0] phase=Running ready=false
2026-02-10T18:36:04.5972735Z Leader not Ready yet...
2026-02-10T18:36:06.7220516Z Follower [vllm-0-1] phase=Running ready=false
2026-02-10T18:36:06.8436566Z Follower [vllm-0-1] not Ready yet...
2026-02-10T18:36:06.8436895Z Leader [vllm-0] phase=Running ready=false
2026-02-10T18:36:06.8437180Z Leader not Ready yet...
2026-02-10T18:36:08.9711594Z Follower [vllm-0-1] phase=Running ready=false
2026-02-10T18:36:08.9711935Z Follower [vllm-0-1] not Ready yet...
2026-02-10T18:36:09.0959178Z Leader [vllm-0] phase=Running ready=false
2026-02-10T18:36:09.0959645Z Leader not Ready yet...
2026-02-10T18:36:11.2163247Z Follower [vllm-0-1] phase=Running ready=false
2026-02-10T18:36:11.2163694Z Follower [vllm-0-1] not Ready yet...
2026-02-10T18:36:11.3340876Z Leader [vllm-0] phase=Running ready=false
2026-02-10T18:36:11.3341227Z Leader not Ready yet...
2026-02-10T18:36:13.4551074Z Follower [vllm-0-1] phase=Running ready=false
2026-02-10T18:36:13.4551551Z Follower [vllm-0-1] not Ready yet...
2026-02-10T18:36:13.5648782Z Leader [vllm-0] phase=Running ready=false
2026-02-10T18:36:13.5649233Z Leader not Ready yet...
2026-02-10T18:36:15.6836579Z Follower [vllm-0-1] phase=Running ready=false
2026-02-10T18:36:15.6837001Z Follower [vllm-0-1] not Ready yet...
2026-02-10T18:36:15.8025620Z Leader [vllm-0] phase=Running ready=false
2026-02-10T18:36:15.8025982Z Leader not Ready yet...
2026-02-10T18:36:17.9291483Z Follower [vllm-0-1] phase=Running ready=false
2026-02-10T18:36:17.9291845Z Follower [vllm-0-1] not Ready yet...
2026-02-10T18:36:18.0460378Z Leader [vllm-0] phase=Running ready=false
2026-02-10T18:36:18.0460732Z Leader not Ready yet...
2026-02-10T18:36:20.1672848Z Follower [vllm-0-1] phase=Running ready=false
2026-02-10T18:36:20.1673213Z Follower [vllm-0-1] not Ready yet...
2026-02-10T18:36:20.2851485Z Leader [vllm-0] phase=Running ready=false
2026-02-10T18:36:20.2851903Z Leader not Ready yet...
2026-02-10T18:36:22.4203142Z Follower [vllm-0-1] phase=Running ready=false
2026-02-10T18:36:22.4203505Z Follower [vllm-0-1] not Ready yet...
2026-02-10T18:36:22.5472779Z Leader [vllm-0] phase=Running ready=false
2026-02-10T18:36:22.5473113Z Leader not Ready yet...
2026-02-10T18:36:24.6767876Z Follower [vllm-0-1] phase=Running ready=false
2026-02-10T18:36:24.6768212Z Follower [vllm-0-1] not Ready yet...
2026-02-10T18:36:24.7921642Z Leader [vllm-0] phase=Running ready=false
2026-02-10T18:36:24.7921978Z Leader not Ready yet...
2026-02-10T18:36:26.9230338Z Follower [vllm-0-1] phase=Running ready=false
2026-02-10T18:36:26.9230921Z Follower [vllm-0-1] not Ready yet...
2026-02-10T18:36:27.0576164Z Leader [vllm-0] phase=Running ready=false
2026-02-10T18:36:27.0576493Z Leader not Ready yet...
2026-02-10T18:36:29.1947383Z Follower [vllm-0-1] phase=Running ready=false
2026-02-10T18:36:29.1947748Z Follower [vllm-0-1] not Ready yet...
2026-02-10T18:36:29.3247338Z Leader [vllm-0] phase=Running ready=false
2026-02-10T18:36:29.3247642Z Leader not Ready yet...
2026-02-10T18:36:31.4697853Z Follower [vllm-0-1] phase=Running ready=false
2026-02-10T18:36:31.4698242Z Follower [vllm-0-1] not Ready yet...
2026-02-10T18:36:31.5995854Z Leader [vllm-0] phase=Running ready=false
2026-02-10T18:36:31.5996170Z Leader not Ready yet...
2026-02-10T18:36:33.7331814Z Follower [vllm-0-1] phase=Running ready=false
2026-02-10T18:36:33.7332272Z Follower [vllm-0-1] not Ready yet...
2026-02-10T18:36:33.8521125Z Leader [vllm-0] phase=Running ready=false
2026-02-10T18:36:33.8521476Z Leader not Ready yet...
2026-02-10T18:36:35.9914333Z Follower [vllm-0-1] phase=Running ready=false
2026-02-10T18:36:35.9914820Z Follower [vllm-0-1] not Ready yet...
2026-02-10T18:36:36.1131735Z Leader [vllm-0] phase=Running ready=false
2026-02-10T18:36:36.1132138Z Leader not Ready yet...
2026-02-10T18:36:38.2391020Z Follower [vllm-0-1] phase=Running ready=false
2026-02-10T18:36:38.2391453Z Follower [vllm-0-1] not Ready yet...
2026-02-10T18:36:38.3794970Z Leader [vllm-0] phase=Running ready=false
2026-02-10T18:36:38.3795290Z Leader not Ready yet...
2026-02-10T18:36:40.6126073Z Follower [vllm-0-1] phase=Running ready=false
2026-02-10T18:36:40.6126446Z Follower [vllm-0-1] not Ready yet...
2026-02-10T18:36:40.7389690Z Leader [vllm-0] phase=Running ready=false
2026-02-10T18:36:40.7389990Z Leader not Ready yet...
2026-02-10T18:36:42.8748292Z Follower [vllm-0-1] phase=Running ready=false
2026-02-10T18:36:42.8748770Z Follower [vllm-0-1] not Ready yet...
2026-02-10T18:36:43.0231613Z Leader [vllm-0] phase=Running ready=false
2026-02-10T18:36:43.0231930Z Leader not Ready yet...
2026-02-10T18:36:45.1470981Z Follower [vllm-0-1] phase=Running ready=false
2026-02-10T18:36:45.1471348Z Follower [vllm-0-1] not Ready yet...
2026-02-10T18:36:45.3232730Z Leader [vllm-0] phase=Running ready=false
2026-02-10T18:36:45.3233041Z Leader not Ready yet...
2026-02-10T18:36:47.4439679Z Follower [vllm-0-1] phase=Running ready=false
2026-02-10T18:36:47.4440045Z Follower [vllm-0-1] not Ready yet...
2026-02-10T18:36:47.5675636Z Leader [vllm-0] phase=Running ready=false
2026-02-10T18:36:47.5676093Z Leader not Ready yet...
2026-02-10T18:36:49.6975805Z Follower [vllm-0-1] phase=Running ready=false
2026-02-10T18:36:49.6976296Z Follower [vllm-0-1] not Ready yet...
2026-02-10T18:36:49.8205591Z Leader [vllm-0] phase=Running ready=false
2026-02-10T18:36:49.8205911Z Leader not Ready yet...
2026-02-10T18:36:51.9823032Z Follower [vllm-0-1] phase=Running ready=false
2026-02-10T18:36:51.9823363Z Follower [vllm-0-1] not Ready yet...
2026-02-10T18:36:52.1235685Z Leader [vllm-0] phase=Running ready=false
2026-02-10T18:36:52.1236033Z Leader not Ready yet...
2026-02-10T18:36:54.2486741Z Follower [vllm-0-1] phase=Running ready=false
2026-02-10T18:36:54.2487183Z Follower [vllm-0-1] not Ready yet...
2026-02-10T18:36:54.3876849Z Leader [vllm-0] phase=Running ready=false
2026-02-10T18:36:54.3877236Z Leader not Ready yet...
2026-02-10T18:36:56.5186019Z Follower [vllm-0-1] phase=Running ready=false
2026-02-10T18:36:56.5186378Z Follower [vllm-0-1] not Ready yet...
2026-02-10T18:36:56.6609727Z Leader [vllm-0] phase=Running ready=false
2026-02-10T18:36:56.6610079Z Leader not Ready yet...
2026-02-10T18:36:58.7910382Z Follower [vllm-0-1] phase=Running ready=false
2026-02-10T18:36:58.7910753Z Follower [vllm-0-1] not Ready yet...
2026-02-10T18:36:58.9133720Z Leader [vllm-0] phase=Running ready=false
2026-02-10T18:36:58.9134024Z Leader not Ready yet...
2026-02-10T18:37:01.0428245Z Follower [vllm-0-1] phase=Running ready=false
2026-02-10T18:37:01.0428608Z Follower [vllm-0-1] not Ready yet...
2026-02-10T18:37:01.1900032Z Leader [vllm-0] phase=Running ready=false
2026-02-10T18:37:01.1900482Z Leader not Ready yet...
2026-02-10T18:37:03.3174861Z Follower [vllm-0-1] phase=Running ready=false
2026-02-10T18:37:03.3175334Z Follower [vllm-0-1] not Ready yet...
2026-02-10T18:37:03.4496139Z Leader [vllm-0] phase=Running ready=false
2026-02-10T18:37:03.4496450Z Leader not Ready yet...
2026-02-10T18:37:05.5822711Z Follower [vllm-0-1] phase=Running ready=false
2026-02-10T18:37:05.5823080Z Follower [vllm-0-1] not Ready yet...
2026-02-10T18:37:05.7008918Z Leader [vllm-0] phase=Running ready=false
2026-02-10T18:37:05.7009301Z Leader not Ready yet...
2026-02-10T18:37:07.8170707Z Follower [vllm-0-1] phase=Running ready=false
2026-02-10T18:37:07.8171073Z Follower [vllm-0-1] not Ready yet...
2026-02-10T18:37:07.9413020Z Leader [vllm-0] phase=Running ready=false
2026-02-10T18:37:07.9413542Z Leader not Ready yet...
2026-02-10T18:37:10.0599652Z Follower [vllm-0-1] phase=Running ready=false
2026-02-10T18:37:10.0600118Z Follower [vllm-0-1] not Ready yet...
2026-02-10T18:37:10.1858603Z Leader [vllm-0] phase=Running ready=false
2026-02-10T18:37:10.1858959Z Leader not Ready yet...
2026-02-10T18:37:12.3258900Z Follower [vllm-0-1] phase=Running ready=false
2026-02-10T18:37:12.3259332Z Follower [vllm-0-1] not Ready yet...
2026-02-10T18:37:12.4486118Z Leader [vllm-0] phase=Running ready=false
2026-02-10T18:37:12.4486405Z Leader not Ready yet...
2026-02-10T18:37:14.5748049Z Follower [vllm-0-1] phase=Running ready=false
2026-02-10T18:37:14.5748430Z Follower [vllm-0-1] not Ready yet...
2026-02-10T18:37:14.6984010Z Leader [vllm-0] phase=Running ready=false
2026-02-10T18:37:14.6984431Z Leader not Ready yet...
2026-02-10T18:37:16.8246570Z Follower [vllm-0-1] phase=Running ready=false
2026-02-10T18:37:16.8246951Z Follower [vllm-0-1] not Ready yet...
2026-02-10T18:37:16.9554276Z Leader [vllm-0] phase=Running ready=false
2026-02-10T18:37:16.9554551Z Leader not Ready yet...
2026-02-10T18:37:19.0808154Z Follower [vllm-0-1] phase=Running ready=false
2026-02-10T18:37:19.0808547Z Follower [vllm-0-1] not Ready yet...
2026-02-10T18:37:19.2086445Z Leader [vllm-0] phase=Running ready=false
2026-02-10T18:37:19.2086752Z Leader not Ready yet...
2026-02-10T18:37:21.3608498Z Follower [vllm-0-1] phase=Running ready=false
2026-02-10T18:37:21.3608932Z Follower [vllm-0-1] not Ready yet...
2026-02-10T18:37:21.4832474Z Leader [vllm-0] phase=Running ready=false
2026-02-10T18:37:21.4832777Z Leader not Ready yet...
2026-02-10T18:37:23.6025098Z Follower [vllm-0-1] phase=Running ready=false
2026-02-10T18:37:23.6025607Z Follower [vllm-0-1] not Ready yet...
2026-02-10T18:37:23.7256809Z Leader [vllm-0] phase=Running ready=false
2026-02-10T18:37:23.7257086Z Leader not Ready yet...
2026-02-10T18:37:25.8650608Z Follower [vllm-0-1] phase=Running ready=false
2026-02-10T18:37:25.8650952Z Follower [vllm-0-1] not Ready yet...
2026-02-10T18:37:25.9892709Z Leader [vllm-0] phase=Running ready=false
2026-02-10T18:37:25.9893026Z Leader not Ready yet...
2026-02-10T18:37:28.1051261Z Follower [vllm-0-1] phase=Running ready=false
2026-02-10T18:37:28.1051636Z Follower [vllm-0-1] not Ready yet...
2026-02-10T18:37:28.2307809Z Leader [vllm-0] phase=Running ready=false
2026-02-10T18:37:28.2308236Z Leader not Ready yet...
2026-02-10T18:37:30.3639222Z Follower [vllm-0-1] phase=Running ready=false
2026-02-10T18:37:30.3639654Z Follower [vllm-0-1] not Ready yet...
2026-02-10T18:37:30.4852893Z Leader [vllm-0] phase=Running ready=false
2026-02-10T18:37:30.4853291Z Leader not Ready yet...
2026-02-10T18:37:32.6242268Z Follower [vllm-0-1] phase=Running ready=false
2026-02-10T18:37:32.6242608Z Follower [vllm-0-1] not Ready yet...
2026-02-10T18:37:32.7434790Z Leader [vllm-0] phase=Running ready=false
2026-02-10T18:37:32.7435155Z Leader not Ready yet...
2026-02-10T18:37:34.8626339Z Follower [vllm-0-1] phase=Running ready=false
2026-02-10T18:37:34.8626807Z Follower [vllm-0-1] not Ready yet...
2026-02-10T18:37:34.9760891Z Leader [vllm-0] phase=Running ready=false
2026-02-10T18:37:34.9761198Z Leader not Ready yet...
2026-02-10T18:37:37.1008484Z Follower [vllm-0-1] phase=Running ready=false
2026-02-10T18:37:37.1008868Z Follower [vllm-0-1] not Ready yet...
2026-02-10T18:37:37.2295591Z Leader [vllm-0] phase=Running ready=false
2026-02-10T18:37:37.2296040Z Leader not Ready yet...
2026-02-10T18:37:39.3457757Z Follower [vllm-0-1] phase=Running ready=false
2026-02-10T18:37:39.3458122Z Follower [vllm-0-1] not Ready yet...
2026-02-10T18:37:39.4693577Z Leader [vllm-0] phase=Running ready=false
2026-02-10T18:37:39.4693885Z Leader not Ready yet...
2026-02-10T18:37:41.5900640Z Follower [vllm-0-1] phase=Running ready=false
2026-02-10T18:37:41.5901089Z Follower [vllm-0-1] not Ready yet...
2026-02-10T18:37:41.7099610Z Leader [vllm-0] phase=Running ready=false
2026-02-10T18:37:41.7099934Z Leader not Ready yet...
2026-02-10T18:37:43.8402235Z Follower [vllm-0-1] phase=Running ready=false
2026-02-10T18:37:43.8402729Z Follower [vllm-0-1] not Ready yet...
2026-02-10T18:37:43.9575796Z Leader [vllm-0] phase=Running ready=false
2026-02-10T18:37:43.9576263Z Leader not Ready yet...
2026-02-10T18:37:46.0765140Z Follower [vllm-0-1] phase=Running ready=false
2026-02-10T18:37:46.0765587Z Follower [vllm-0-1] not Ready yet...
2026-02-10T18:37:46.2012231Z Leader [vllm-0] phase=Running ready=false
2026-02-10T18:37:46.2012569Z Leader not Ready yet...
2026-02-10T18:37:48.3254686Z Follower [vllm-0-1] phase=Running ready=false
2026-02-10T18:37:48.3255013Z Follower [vllm-0-1] not Ready yet...
2026-02-10T18:37:48.4535389Z Leader [vllm-0] phase=Running ready=false
2026-02-10T18:37:48.4535708Z Leader not Ready yet...
2026-02-10T18:37:50.5808948Z Follower [vllm-0-1] phase=Running ready=false
2026-02-10T18:37:50.5809310Z Follower [vllm-0-1] not Ready yet...
2026-02-10T18:37:50.7021394Z Leader [vllm-0] phase=Running ready=false
2026-02-10T18:37:50.7021744Z Leader not Ready yet...
2026-02-10T18:37:52.8358351Z Follower [vllm-0-1] phase=Running ready=false
2026-02-10T18:37:52.8358728Z Follower [vllm-0-1] not Ready yet...
2026-02-10T18:37:52.9769148Z Leader [vllm-0] phase=Running ready=false
2026-02-10T18:37:52.9769489Z Leader not Ready yet...
2026-02-10T18:37:55.1137349Z Follower [vllm-0-1] phase=Running ready=false
2026-02-10T18:37:55.1137689Z Follower [vllm-0-1] not Ready yet...
2026-02-10T18:37:55.2365652Z Leader [vllm-0] phase=Running ready=false
2026-02-10T18:37:55.2365977Z Leader not Ready yet...
2026-02-10T18:37:57.3690032Z Follower [vllm-0-1] phase=Running ready=false
2026-02-10T18:37:57.3690435Z Follower [vllm-0-1] not Ready yet...
2026-02-10T18:37:57.4845324Z Leader [vllm-0] phase=Running ready=false
2026-02-10T18:37:57.4845710Z Leader not Ready yet...
2026-02-10T18:37:59.5982488Z Follower [vllm-0-1] phase=Running ready=false
2026-02-10T18:37:59.5982946Z Follower [vllm-0-1] not Ready yet...
2026-02-10T18:37:59.7128420Z Leader [vllm-0] phase=Running ready=false
2026-02-10T18:37:59.7128750Z Leader not Ready yet...
2026-02-10T18:38:01.8335508Z Follower [vllm-0-1] phase=Running ready=false
2026-02-10T18:38:01.8335838Z Follower [vllm-0-1] not Ready yet...
2026-02-10T18:38:01.9581489Z Leader [vllm-0] phase=Running ready=false
2026-02-10T18:38:01.9582168Z Leader not Ready yet...
2026-02-10T18:38:04.0877712Z Follower [vllm-0-1] phase=Running ready=false
2026-02-10T18:38:04.0878252Z Follower [vllm-0-1] not Ready yet...
2026-02-10T18:38:04.2040221Z Leader [vllm-0] phase=Running ready=false
2026-02-10T18:38:04.2040563Z Leader not Ready yet...
2026-02-10T18:38:06.3385359Z Follower [vllm-0-1] phase=Running ready=false
2026-02-10T18:38:06.3385845Z Follower [vllm-0-1] not Ready yet...
2026-02-10T18:38:06.4516476Z Leader [vllm-0] phase=Running ready=false
2026-02-10T18:38:06.4516801Z Leader not Ready yet...
2026-02-10T18:38:08.5897170Z Follower [vllm-0-1] phase=Running ready=false
2026-02-10T18:38:08.5897529Z Follower [vllm-0-1] not Ready yet...
2026-02-10T18:38:08.7209300Z Leader [vllm-0] phase=Running ready=false
2026-02-10T18:38:08.7209646Z Leader not Ready yet...
2026-02-10T18:38:10.8420884Z Follower [vllm-0-1] phase=Running ready=false
2026-02-10T18:38:10.8421254Z Follower [vllm-0-1] not Ready yet...
2026-02-10T18:38:10.9666413Z Leader [vllm-0] phase=Running ready=false
2026-02-10T18:38:10.9666798Z Leader not Ready yet...
2026-02-10T18:38:13.1092549Z Follower [vllm-0-1] phase=Running ready=false
2026-02-10T18:38:13.1093021Z Follower [vllm-0-1] not Ready yet...
2026-02-10T18:38:13.2396194Z Leader [vllm-0] phase=Running ready=false
2026-02-10T18:38:13.2396550Z Leader not Ready yet...
2026-02-10T18:38:15.3654146Z Follower [vllm-0-1] phase=Running ready=false
2026-02-10T18:38:15.3654579Z Follower [vllm-0-1] not Ready yet...
2026-02-10T18:38:15.4877873Z Leader [vllm-0] phase=Running ready=false
2026-02-10T18:38:15.4878177Z Leader not Ready yet...
2026-02-10T18:38:17.6143162Z Follower [vllm-0-1] phase=Running ready=false
2026-02-10T18:38:17.6143545Z Follower [vllm-0-1] not Ready yet...
2026-02-10T18:38:17.7354933Z Leader [vllm-0] phase=Running ready=false
2026-02-10T18:38:17.7355372Z Leader not Ready yet...
2026-02-10T18:38:19.8558780Z Follower [vllm-0-1] phase=Running ready=false
2026-02-10T18:38:19.8559241Z Follower [vllm-0-1] not Ready yet...
2026-02-10T18:38:19.9935749Z Leader [vllm-0] phase=Running ready=false
2026-02-10T18:38:19.9936157Z Leader not Ready yet...
2026-02-10T18:38:22.1176298Z Follower [vllm-0-1] phase=Running ready=false
2026-02-10T18:38:22.1176783Z Follower [vllm-0-1] not Ready yet...
2026-02-10T18:38:22.2372330Z Leader [vllm-0] phase=Running ready=false
2026-02-10T18:38:22.2372719Z Leader not Ready yet...
2026-02-10T18:38:24.3582420Z Follower [vllm-0-1] phase=Running ready=false
2026-02-10T18:38:24.3582932Z Follower [vllm-0-1] not Ready yet...
2026-02-10T18:38:24.4727897Z Leader [vllm-0] phase=Running ready=false
2026-02-10T18:38:24.4728298Z Leader not Ready yet...
2026-02-10T18:38:26.5999386Z Follower [vllm-0-1] phase=Running ready=false
2026-02-10T18:38:26.5999842Z Follower [vllm-0-1] not Ready yet...
2026-02-10T18:38:26.7285515Z Leader [vllm-0] phase=Running ready=false
2026-02-10T18:38:26.7285843Z Leader not Ready yet...
2026-02-10T18:38:28.8425305Z Follower [vllm-0-1] phase=Running ready=false
2026-02-10T18:38:28.8425669Z Follower [vllm-0-1] not Ready yet...
2026-02-10T18:38:28.9692449Z Leader [vllm-0] phase=Running ready=false
2026-02-10T18:38:28.9692764Z Leader not Ready yet...
2026-02-10T18:38:31.0972072Z Follower [vllm-0-1] phase=Running ready=false
2026-02-10T18:38:31.0972473Z Follower [vllm-0-1] not Ready yet...
2026-02-10T18:38:31.2180830Z Leader [vllm-0] phase=Running ready=false
2026-02-10T18:38:31.2181230Z Leader not Ready yet...
2026-02-10T18:38:33.3516758Z Follower [vllm-0-1] phase=Running ready=false
2026-02-10T18:38:33.3517171Z Follower [vllm-0-1] not Ready yet...
2026-02-10T18:38:33.4824519Z Leader [vllm-0] phase=Running ready=false
2026-02-10T18:38:33.4824972Z Leader not Ready yet...
2026-02-10T18:38:35.6245047Z Follower [vllm-0-1] phase=Running ready=false
2026-02-10T18:38:35.6245461Z Follower [vllm-0-1] not Ready yet...
2026-02-10T18:38:35.7624798Z Leader [vllm-0] phase=Running ready=false
2026-02-10T18:38:35.7625196Z Leader not Ready yet...
2026-02-10T18:38:37.8913752Z Follower [vllm-0-1] phase=Running ready=false
2026-02-10T18:38:37.8914508Z Follower [vllm-0-1] not Ready yet...
2026-02-10T18:38:38.0135461Z Leader [vllm-0] phase=Running ready=false
2026-02-10T18:38:38.0135824Z Leader not Ready yet...
2026-02-10T18:38:40.0160446Z Timeout reached after 1200s
2026-02-10T18:38:40.0160862Z Dumping pod status for debugging:
2026-02-10T18:38:40.0825066Z NAME                                             READY   STATUS             RESTARTS        AGE
2026-02-10T18:38:40.0825644Z linux-aarch64-a3-0-n4cwm-runner-22l76            1/1     Running            0               21m
2026-02-10T18:38:40.0826260Z linux-aarch64-a3-0-n4cwm-runner-22l76-workflow   1/1     Running            0               20m
2026-02-10T18:38:40.0826908Z linux-aarch64-a3-2-4pm9j-runner-jkzlx            1/1     Running            0               77m
2026-02-10T18:38:40.0827486Z linux-aarch64-a3-2-4pm9j-runner-jkzlx-workflow   1/1     Running            0               76m
2026-02-10T18:38:40.0828082Z linux-aarch64-a3-2-4pm9j-runner-n27m9            1/1     Running            0               77m
2026-02-10T18:38:40.0828613Z linux-aarch64-a3-2-4pm9j-runner-n27m9-workflow   1/1     Running            0               76m
2026-02-10T18:38:40.0829204Z linux-aarch64-a3-4-lxnt7-runner-6fh62            1/1     Running            0               77m
2026-02-10T18:38:40.0829738Z linux-aarch64-a3-4-lxnt7-runner-6fh62-workflow   1/1     Running            0               76m
2026-02-10T18:38:40.0830223Z linux-aarch64-a3-4-lxnt7-runner-vt9vp            1/1     Running            0               77m
2026-02-10T18:38:40.0830775Z linux-aarch64-a3-4-lxnt7-runner-vt9vp-workflow   1/1     Running            0               76m
2026-02-10T18:38:40.0831242Z vllm-0                                           0/1     CrashLoopBackOff   8 (3m52s ago)   20m
2026-02-10T18:38:40.0831595Z vllm-0-1                                         0/1     CrashLoopBackOff   8 (3m2s ago)    20m
2026-02-10T18:38:40.1823566Z Name:             vllm-0
2026-02-10T18:38:40.1823867Z Namespace:        vllm-project
2026-02-10T18:38:40.1824248Z Priority:         0
2026-02-10T18:38:40.1824526Z Service Account:  default
2026-02-10T18:38:40.1825150Z Node:             172.22.5.119/172.22.5.119
2026-02-10T18:38:40.1825433Z Start Time:       Tue, 10 Feb 2026 18:18:53 +0000
2026-02-10T18:38:40.1825752Z Labels:           apps.kubernetes.io/pod-index=0
2026-02-10T18:38:40.1826137Z                   controller-revision-hash=vllm-5b6dfb7656
2026-02-10T18:38:40.1826454Z                   leaderworkerset.sigs.k8s.io/group-index=0
2026-02-10T18:38:40.1826955Z                   leaderworkerset.sigs.k8s.io/group-key=25e9b5ff19e8f82d5e17dacd84730be69a447a94
2026-02-10T18:38:40.1827409Z                   leaderworkerset.sigs.k8s.io/name=vllm
2026-02-10T18:38:40.1827753Z                   leaderworkerset.sigs.k8s.io/template-revision-hash=bf9955647
2026-02-10T18:38:40.1828136Z                   leaderworkerset.sigs.k8s.io/worker-index=0
2026-02-10T18:38:40.1828466Z                   role=leader
2026-02-10T18:38:40.1828780Z                   statefulset.kubernetes.io/pod-name=vllm-0
2026-02-10T18:38:40.1829162Z Annotations:      cce.kubectl.kubernetes.io/ascend-1980-configuration:
2026-02-10T18:38:40.1829761Z                     {"pod_name":"vllm-0","server_id":"172.22.5.119","devices":[{"device_id":"0","device_ip":"40.130.135.214","super_device_id":"125829120","to...
2026-02-10T18:38:40.1830231Z                   huawei.com/AscendReal:
2026-02-10T18:38:40.1830828Z                     Ascend910-13,Ascend910-9,Ascend910-7,Ascend910-1,Ascend910-14,Ascend910-0,Ascend910-10,Ascend910-11,Ascend910-8,Ascend910-15,Ascend910-2,A...
2026-02-10T18:38:40.1831442Z                   huawei.com/kltDev:
2026-02-10T18:38:40.1832073Z                     Ascend910-13,Ascend910-9,Ascend910-7,Ascend910-1,Ascend910-14,Ascend910-0,Ascend910-10,Ascend910-11,Ascend910-8,Ascend910-15,Ascend910-2,A...
2026-02-10T18:38:40.1832709Z                   leaderworkerset.sigs.k8s.io/size: 2
2026-02-10T18:38:40.1833050Z                   localdns.cce.io/servers: ["169.254.20.10"]
2026-02-10T18:38:40.1833494Z                   node-local-dns-webhook.k8s.io/status: injected
2026-02-10T18:38:40.1833811Z Status:           Running
2026-02-10T18:38:40.1834075Z IP:               10.0.0.137
2026-02-10T18:38:40.1834282Z IPs:
2026-02-10T18:38:40.1834496Z   IP:           10.0.0.137
2026-02-10T18:38:40.1834724Z Controlled By:  StatefulSet/vllm
2026-02-10T18:38:40.1834988Z Containers:
2026-02-10T18:38:40.1835207Z   vllm-leader:
2026-02-10T18:38:40.1835579Z     Container ID:  docker://c669932351181c93261a5439bdc6146c12737346ffd5a995740dc7b673c90281
2026-02-10T18:38:40.1836127Z     Image:         swr.cn-southwest-2.myhuaweicloud.com/base_image/ascend-ci/vllm-ascend:nightly-a3
2026-02-10T18:38:40.1836969Z     Image ID:      docker-pullable://swr.cn-southwest-2.myhuaweicloud.com/base_image/ascend-ci/vllm-ascend@sha256:39c6e7da64e5ae5df8d02b5dafc70e35a8aafe156a6b8b45b023835b54637831
2026-02-10T18:38:40.1837589Z     Port:          8080/TCP
2026-02-10T18:38:40.1837927Z     Host Port:     0/TCP
2026-02-10T18:38:40.1838157Z     Command:
2026-02-10T18:38:40.1838343Z       sh
2026-02-10T18:38:40.1838551Z       -c
2026-02-10T18:38:40.1838764Z       bash /root/.cache/tests/run.sh
2026-02-10T18:38:40.1839039Z       
2026-02-10T18:38:40.1839257Z     State:          Waiting
2026-02-10T18:38:40.1839501Z       Reason:       CrashLoopBackOff
2026-02-10T18:38:40.1839755Z     Last State:     Terminated
2026-02-10T18:38:40.1840008Z       Reason:       Error
2026-02-10T18:38:40.1840239Z       Exit Code:    1
2026-02-10T18:38:40.1840472Z       Started:      Tue, 10 Feb 2026 18:34:48 +0000
2026-02-10T18:38:40.1840854Z       Finished:     Tue, 10 Feb 2026 18:34:48 +0000
2026-02-10T18:38:40.1841179Z     Ready:          False
2026-02-10T18:38:40.1841405Z     Restart Count:  8
2026-02-10T18:38:40.1841785Z     Limits:
2026-02-10T18:38:40.1843444Z       ephemeral-storage:       100Gi
2026-02-10T18:38:40.1843714Z       huawei.com/ascend-1980:  16
2026-02-10T18:38:40.1843974Z       memory:                  512Gi
2026-02-10T18:38:40.1844232Z     Requests:
2026-02-10T18:38:40.1844443Z       cpu:                     125
2026-02-10T18:38:40.1844702Z       ephemeral-storage:       100Gi
2026-02-10T18:38:40.1845090Z       huawei.com/ascend-1980:  16
2026-02-10T18:38:40.1845327Z       memory:                  512Gi
2026-02-10T18:38:40.1845667Z     Environment:
2026-02-10T18:38:40.1845876Z       LWS_LEADER_ADDRESS:  vllm-0.vllm.vllm-project
2026-02-10T18:38:40.1846199Z       LWS_GROUP_SIZE:      2
2026-02-10T18:38:40.1846452Z       LWS_WORKER_INDEX:    0
2026-02-10T18:38:40.1846793Z       CONFIG_YAML_PATH:    DeepSeek-V3_2-W8A8-A3-dual-nodes.yaml
2026-02-10T18:38:40.1847148Z       WORKSPACE:           /vllm-workspace
2026-02-10T18:38:40.1847477Z       FAIL_TAG:            FAIL_TAG_DeepSeek-V3_2-W8A8-A3-dual-nodes.yaml
2026-02-10T18:38:40.1847751Z     Mounts:
2026-02-10T18:38:40.1847983Z       /dev/shm from dshm (rw)
2026-02-10T18:38:40.1848243Z       /root/.cache from shared-volume (rw)
2026-02-10T18:38:40.1848524Z       /usr/local/Ascend/driver/tools from driver-tools (rw)
2026-02-10T18:38:40.1849031Z       /var/run/secrets/kubernetes.io/serviceaccount from kube-api-access-df499 (ro)
2026-02-10T18:38:40.1849407Z Conditions:
2026-02-10T18:38:40.1849587Z   Type                        Status
2026-02-10T18:38:40.1849920Z   PodReadyToStartContainers   True 
2026-02-10T18:38:40.1850163Z   Initialized                 True 
2026-02-10T18:38:40.1850412Z   Ready                       False 
2026-02-10T18:38:40.1850683Z   ContainersReady             False 
2026-02-10T18:38:40.1850924Z   PodScheduled                True 
2026-02-10T18:38:40.1851155Z Volumes:
2026-02-10T18:38:40.1851375Z   dshm:
2026-02-10T18:38:40.1851633Z     Type:       EmptyDir (a temporary directory that shares a pod's lifetime)
2026-02-10T18:38:40.1851958Z     Medium:     Memory
2026-02-10T18:38:40.1852304Z     SizeLimit:  15Gi
2026-02-10T18:38:40.1852633Z   shared-volume:
2026-02-10T18:38:40.1852990Z     Type:       PersistentVolumeClaim (a reference to a PersistentVolumeClaim in the same namespace)
2026-02-10T18:38:40.1853522Z     ClaimName:  nv-action-vllm-benchmarks-v2
2026-02-10T18:38:40.1853806Z     ReadOnly:   false
2026-02-10T18:38:40.1854023Z   driver-tools:
2026-02-10T18:38:40.1854273Z     Type:          HostPath (bare host directory volume)
2026-02-10T18:38:40.1854584Z     Path:          /usr/local/Ascend/driver/tools
2026-02-10T18:38:40.1854850Z     HostPathType:  
2026-02-10T18:38:40.1855081Z   kube-api-access-df499:
2026-02-10T18:38:40.1855433Z     Type:                    Projected (a volume that contains injected data from multiple sources)
2026-02-10T18:38:40.1855799Z     TokenExpirationSeconds:  3607
2026-02-10T18:38:40.1856153Z     ConfigMapName:           kube-root-ca.crt
2026-02-10T18:38:40.1856438Z     Optional:                false
2026-02-10T18:38:40.1856741Z     DownwardAPI:             true
2026-02-10T18:38:40.1857017Z QoS Class:                   Burstable
2026-02-10T18:38:40.1857280Z Node-Selectors:              <none>
2026-02-10T18:38:40.1857599Z Tolerations:                 node.kubernetes.io/not-ready:NoExecute op=Exists for 300s
2026-02-10T18:38:40.1858067Z                              node.kubernetes.io/unreachable:NoExecute op=Exists for 300s
2026-02-10T18:38:40.1858402Z Events:
2026-02-10T18:38:40.1858639Z   Type     Reason                 Age                   From               Message
2026-02-10T18:38:40.1859024Z   ----     ------                 ----                  ----               -------
2026-02-10T18:38:40.1859522Z   Normal   Scheduled              20m                   default-scheduler  Successfully assigned vllm-project/vllm-0 to 172.22.5.119
2026-02-10T18:38:40.1860230Z   Normal   SuccessfulMountVolume  19m (x2 over 19m)     kubelet            Successfully mounted volumes for pod "vllm-0_vllm-project(90366889-a197-4384-a4fd-4d9c13234548)"
2026-02-10T18:38:40.1861430Z   Normal   Pulled                 19m                   kubelet            spec.containers{vllm-leader}: Successfully pulled image "swr.cn-southwest-2.myhuaweicloud.com/base_image/ascend-ci/vllm-ascend:nightly-a3" in 44ms (44ms including waiting). Image size: 16683984787 bytes.
2026-02-10T18:38:40.1862935Z   Normal   Pulled                 19m                   kubelet            spec.containers{vllm-leader}: Successfully pulled image "swr.cn-southwest-2.myhuaweicloud.com/base_image/ascend-ci/vllm-ascend:nightly-a3" in 105ms (105ms including waiting). Image size: 16683984787 bytes.
2026-02-10T18:38:40.1864061Z   Normal   Pulling                19m (x3 over 19m)     kubelet            spec.containers{vllm-leader}: Pulling image "swr.cn-southwest-2.myhuaweicloud.com/base_image/ascend-ci/vllm-ascend:nightly-a3"
2026-02-10T18:38:40.1864897Z   Normal   SuccessfulCreate       19m (x3 over 19m)     kubelet            spec.containers{vllm-leader}: Created container: vllm-leader
2026-02-10T18:38:40.1865493Z   Normal   Started                19m (x3 over 19m)     kubelet            spec.containers{vllm-leader}: Started container vllm-leader
2026-02-10T18:38:40.1866418Z   Normal   Pulled                 19m                   kubelet            spec.containers{vllm-leader}: Successfully pulled image "swr.cn-southwest-2.myhuaweicloud.com/base_image/ascend-ci/vllm-ascend:nightly-a3" in 125ms (125ms including waiting). Image size: 16683984787 bytes.
2026-02-10T18:38:40.1867481Z   Warning  BackOffStart           19m (x3 over 19m)     kubelet            spec.containers{vllm-leader}: Back-off restarting failed container
2026-02-10T18:38:40.1868172Z   Warning  BackOffStart           19m (x4 over 19m)     kubelet            spec.containers{vllm-leader}: the failed container exited with ExitCode: 1
2026-02-10T18:38:40.1869013Z   Warning  BackOffStart           4m40s (x75 over 19m)  kubelet            spec.containers{vllm-leader}: Back-off restarting failed container vllm-leader in pod vllm-0_vllm-project(90366889-a197-4384-a4fd-4d9c13234548)
2026-02-10T18:38:40.3686774Z ##[error]Error: failed to run script step: Error: command terminated with non-zero exit code: command terminated with exit code 1
2026-02-10T18:38:40.3739184Z ##[error]Process completed with exit code 1.
2026-02-10T18:38:40.3838387Z ##[error]Executing the custom container implementation failed. Please contact your self hosted runner administrator.
2026-02-10T18:38:40.4213189Z ##[group]Run actions/upload-artifact@v6
2026-02-10T18:38:40.4213491Z with:
2026-02-10T18:38:40.4213770Z   name: DeepSeek-V3_2-W8A8-A3-dual-nodes.yaml-pod-logs
2026-02-10T18:38:40.4214055Z   path: /tmp/vllm*_logs.txt
2026-02-10T18:38:40.4214303Z   retention-days: 7
2026-02-10T18:38:40.4214545Z   if-no-files-found: warn
2026-02-10T18:38:40.4214763Z   compression-level: 6
2026-02-10T18:38:40.4215063Z   overwrite: false
2026-02-10T18:38:40.4215277Z   include-hidden-files: false
2026-02-10T18:38:40.4215528Z env:
2026-02-10T18:38:40.4215777Z   FAIL_TAG: FAIL_TAG_DeepSeek-V3_2-W8A8-A3-dual-nodes.yaml
2026-02-10T18:38:40.4216062Z ##[endgroup]
2026-02-10T18:38:40.4450747Z ##[group]Run '/home/runner/k8s/index.js'
2026-02-10T18:38:40.4451539Z shell: /home/runner/externals/node20/bin/node {0}
2026-02-10T18:38:40.4451848Z ##[endgroup]
2026-02-10T18:38:40.7991596Z (node:846) [DEP0005] DeprecationWarning: Buffer() is deprecated due to security and usability issues. Please use the Buffer.alloc(), Buffer.allocUnsafe(), or Buffer.from() methods instead.
2026-02-10T18:38:40.7992379Z (Use `node --trace-deprecation ...` to show where the warning was created)
2026-02-10T18:38:41.9762617Z ##[warning]No files were found with the provided path: /tmp/vllm*_logs.txt. No artifacts will be uploaded.
2026-02-10T18:38:43.1334671Z ##[group]Run kubectl get pods -n "$NAMESPACE" --ignore-not-found=true
2026-02-10T18:38:43.1335064Z [36;1mkubectl get pods -n "$NAMESPACE" --ignore-not-found=true[0m
2026-02-10T18:38:43.1335400Z [36;1mkubectl delete -f ./lws.yaml --ignore-not-found=true || true[0m
2026-02-10T18:38:43.1335733Z shell: bash -el {0}
2026-02-10T18:38:43.1335879Z env:
2026-02-10T18:38:43.1336079Z   FAIL_TAG: FAIL_TAG_DeepSeek-V3_2-W8A8-A3-dual-nodes.yaml
2026-02-10T18:38:43.1336311Z ##[endgroup]
2026-02-10T18:38:43.1442861Z ##[group]Run '/home/runner/k8s/index.js'
2026-02-10T18:38:43.1443524Z shell: /home/runner/externals/node20/bin/node {0}
2026-02-10T18:38:43.1443777Z ##[endgroup]
2026-02-10T18:38:43.4989031Z (node:946) [DEP0005] DeprecationWarning: Buffer() is deprecated due to security and usability issues. Please use the Buffer.alloc(), Buffer.allocUnsafe(), or Buffer.from() methods instead.
2026-02-10T18:38:43.4989722Z (Use `node --trace-deprecation ...` to show where the warning was created)
2026-02-10T18:38:44.6849476Z NAME                                             READY   STATUS             RESTARTS        AGE
2026-02-10T18:38:44.6849916Z linux-aarch64-a3-0-n4cwm-runner-22l76            1/1     Running            0               21m
2026-02-10T18:38:44.6850380Z linux-aarch64-a3-0-n4cwm-runner-22l76-workflow   1/1     Running            0               20m
2026-02-10T18:38:44.6850925Z linux-aarch64-a3-2-4pm9j-runner-jkzlx            1/1     Running            0               77m
2026-02-10T18:38:44.6851368Z linux-aarch64-a3-2-4pm9j-runner-jkzlx-workflow   1/1     Running            0               76m
2026-02-10T18:38:44.6851829Z linux-aarch64-a3-2-4pm9j-runner-n27m9            1/1     Running            0               77m
2026-02-10T18:38:44.6852374Z linux-aarch64-a3-2-4pm9j-runner-n27m9-workflow   1/1     Running            0               76m
2026-02-10T18:38:44.6852821Z linux-aarch64-a3-4-lxnt7-runner-6fh62            1/1     Running            0               77m
2026-02-10T18:38:44.6853270Z linux-aarch64-a3-4-lxnt7-runner-6fh62-workflow   1/1     Running            0               76m
2026-02-10T18:38:44.6853726Z linux-aarch64-a3-4-lxnt7-runner-vt9vp            1/1     Running            0               77m
2026-02-10T18:38:44.6854167Z linux-aarch64-a3-4-lxnt7-runner-vt9vp-workflow   1/1     Running            0               76m
2026-02-10T18:38:44.6854561Z vllm-0                                           0/1     CrashLoopBackOff   8 (3m56s ago)   20m
2026-02-10T18:38:44.6854875Z vllm-0-1                                         0/1     CrashLoopBackOff   8 (3m6s ago)    20m
2026-02-10T18:38:44.7535819Z leaderworkerset.leaderworkerset.x-k8s.io "vllm" deleted from vllm-project namespace
2026-02-10T18:38:44.7859856Z service "vllm-leader" deleted from vllm-project namespace
2026-02-10T18:38:45.6914393Z Post job cleanup.
2026-02-10T18:38:45.6934437Z ##[group]Run '/home/runner/k8s/index.js'
2026-02-10T18:38:45.6935067Z shell: /home/runner/externals/node20/bin/node {0}
2026-02-10T18:38:45.6935283Z ##[endgroup]
2026-02-10T18:38:46.0494526Z (node:1060) [DEP0005] DeprecationWarning: Buffer() is deprecated due to security and usability issues. Please use the Buffer.alloc(), Buffer.allocUnsafe(), or Buffer.from() methods instead.
2026-02-10T18:38:46.0495246Z (Use `node --trace-deprecation ...` to show where the warning was created)
2026-02-10T18:38:47.0930905Z [command]/usr/bin/git version
2026-02-10T18:38:47.1142890Z git version 2.34.1
2026-02-10T18:38:47.1173518Z Copying '/root/.gitconfig' to '/__w/_temp/1b7625e3-bfc3-4991-b413-cb1c67a8e616/.gitconfig'
2026-02-10T18:38:47.1186512Z Temporarily overriding HOME='/__w/_temp/1b7625e3-bfc3-4991-b413-cb1c67a8e616' before making global git config changes
2026-02-10T18:38:47.1187078Z Adding repository directory to the temporary git global config as a safe directory
2026-02-10T18:38:47.1191950Z [command]/usr/bin/git config --global --add safe.directory /__w/vllm-ascend/vllm-ascend
2026-02-10T18:38:47.1240351Z Removing SSH command configuration
2026-02-10T18:38:47.1246328Z [command]/usr/bin/git config --local --name-only --get-regexp core\.sshCommand
2026-02-10T18:38:47.1305951Z [command]/usr/bin/git submodule foreach --recursive sh -c "git config --local --name-only --get-regexp 'core\.sshCommand' && git config --local --unset-all 'core.sshCommand' || :"
2026-02-10T18:38:47.1817645Z Removing HTTP extra header
2026-02-10T18:38:47.1820877Z [command]/usr/bin/git config --local --name-only --get-regexp http\.https\:\/\/github\.com\/\.extraheader
2026-02-10T18:38:47.1849400Z [command]/usr/bin/git submodule foreach --recursive sh -c "git config --local --name-only --get-regexp 'http\.https\:\/\/github\.com\/\.extraheader' && git config --local --unset-all 'http.https://github.com/.extraheader' || :"
2026-02-10T18:38:47.2072497Z Removing includeIf entries pointing to credentials config files
2026-02-10T18:38:47.2077860Z [command]/usr/bin/git config --local --name-only --get-regexp ^includeIf\.gitdir:
2026-02-10T18:38:47.2097137Z includeif.gitdir:/__w/vllm-ascend/vllm-ascend/.git.path
2026-02-10T18:38:47.2097552Z includeif.gitdir:/__w/vllm-ascend/vllm-ascend/.git/worktrees/*.path
2026-02-10T18:38:47.2097905Z includeif.gitdir:/github/workspace/.git.path
2026-02-10T18:38:47.2098170Z includeif.gitdir:/github/workspace/.git/worktrees/*.path
2026-02-10T18:38:47.2105485Z [command]/usr/bin/git config --local --get-all includeif.gitdir:/__w/vllm-ascend/vllm-ascend/.git.path
2026-02-10T18:38:47.2123773Z /__w/_temp/git-credentials-cae79bf0-895f-4104-bff7-e91cd10551f4.config
2026-02-10T18:38:47.2133427Z [command]/usr/bin/git config --local --unset includeif.gitdir:/__w/vllm-ascend/vllm-ascend/.git.path /__w/_temp/git-credentials-cae79bf0-895f-4104-bff7-e91cd10551f4.config
2026-02-10T18:38:47.2164286Z [command]/usr/bin/git config --local --get-all includeif.gitdir:/__w/vllm-ascend/vllm-ascend/.git/worktrees/*.path
2026-02-10T18:38:47.2182996Z /__w/_temp/git-credentials-cae79bf0-895f-4104-bff7-e91cd10551f4.config
2026-02-10T18:38:47.2190588Z [command]/usr/bin/git config --local --unset includeif.gitdir:/__w/vllm-ascend/vllm-ascend/.git/worktrees/*.path /__w/_temp/git-credentials-cae79bf0-895f-4104-bff7-e91cd10551f4.config
2026-02-10T18:38:47.2218563Z [command]/usr/bin/git config --local --get-all includeif.gitdir:/github/workspace/.git.path
2026-02-10T18:38:47.2236567Z /github/runner_temp/git-credentials-cae79bf0-895f-4104-bff7-e91cd10551f4.config
2026-02-10T18:38:47.2244512Z [command]/usr/bin/git config --local --unset includeif.gitdir:/github/workspace/.git.path /github/runner_temp/git-credentials-cae79bf0-895f-4104-bff7-e91cd10551f4.config
2026-02-10T18:38:47.2276997Z [command]/usr/bin/git config --local --get-all includeif.gitdir:/github/workspace/.git/worktrees/*.path
2026-02-10T18:38:47.2295337Z /github/runner_temp/git-credentials-cae79bf0-895f-4104-bff7-e91cd10551f4.config
2026-02-10T18:38:47.2301935Z [command]/usr/bin/git config --local --unset includeif.gitdir:/github/workspace/.git/worktrees/*.path /github/runner_temp/git-credentials-cae79bf0-895f-4104-bff7-e91cd10551f4.config
2026-02-10T18:38:47.2330989Z [command]/usr/bin/git submodule foreach --recursive git config --local --show-origin --name-only --get-regexp remote.origin.url
2026-02-10T18:38:47.2552351Z Removing credentials config '/__w/_temp/git-credentials-cae79bf0-895f-4104-bff7-e91cd10551f4.config'
2026-02-10T18:39:08.2820763Z ##[group]Run '/home/runner/k8s/index.js'
2026-02-10T18:39:08.2821456Z shell: /home/runner/externals/node20/bin/node {0}
2026-02-10T18:39:08.2821701Z ##[endgroup]
2026-02-10T18:39:08.7249728Z Cleaning up orphan processes
