# Run ID: 21719776452
# Commit: 81f3c09d6d46917052fc62759a93bd5a797968ef
# Job: single-node (deepseek3_2-w8a8, linux-aarch64-a3-16, tests/e2e/nightly/single_node/models/test_dee... / tests/e2e/nightly/single_node/models/test_deepseek_v3_2_w8a8.py
# Date: 2026-02-05
============================================================

ï»¿2026-02-05T22:30:28.9735464Z Current runner version: '2.330.0'
2026-02-05T22:30:28.9739938Z Runner name: 'linux-aarch64-a3-16-r8zc8-runner-cr2cv'
2026-02-05T22:30:28.9740618Z Runner group name: 'Default'
2026-02-05T22:30:28.9741305Z Machine name: 'linux-aarch64-a3-16-r8zc8-runner-cr2cv'
2026-02-05T22:30:28.9744906Z ##[group]GITHUB_TOKEN Permissions
2026-02-05T22:30:28.9747130Z Actions: write
2026-02-05T22:30:28.9747519Z ArtifactMetadata: write
2026-02-05T22:30:28.9748041Z Attestations: write
2026-02-05T22:30:28.9748462Z Checks: write
2026-02-05T22:30:28.9748826Z Contents: write
2026-02-05T22:30:28.9749189Z Deployments: write
2026-02-05T22:30:28.9749576Z Discussions: write
2026-02-05T22:30:28.9749921Z Issues: write
2026-02-05T22:30:28.9750292Z Metadata: read
2026-02-05T22:30:28.9750623Z Models: read
2026-02-05T22:30:28.9750991Z Packages: write
2026-02-05T22:30:28.9751380Z Pages: write
2026-02-05T22:30:28.9751711Z PullRequests: write
2026-02-05T22:30:28.9752233Z RepositoryProjects: write
2026-02-05T22:30:28.9752791Z SecurityEvents: write
2026-02-05T22:30:28.9753270Z Statuses: write
2026-02-05T22:30:28.9753645Z ##[endgroup]
2026-02-05T22:30:28.9755327Z Secret source: Actions
2026-02-05T22:30:28.9755951Z Prepare workflow directory
2026-02-05T22:30:29.0451788Z Prepare all required actions
2026-02-05T22:30:29.0504086Z Uses: vllm-project/vllm-ascend/.github/workflows/_e2e_nightly_single_node.yaml@refs/heads/main (81f3c09d6d46917052fc62759a93bd5a797968ef)
2026-02-05T22:30:29.0508037Z ##[group] Inputs
2026-02-05T22:30:29.0508577Z   runner: linux-aarch64-a3-16
2026-02-05T22:30:29.0509240Z   image: swr.cn-southwest-2.myhuaweicloud.com/base_image/ascend-ci/vllm-ascend:nightly-a3
2026-02-05T22:30:29.0510074Z   tests: tests/e2e/nightly/single_node/models/test_deepseek_v3_2_w8a8.py
2026-02-05T22:30:29.0510668Z   name: deepseek3_2-w8a8
2026-02-05T22:30:29.0511064Z ##[endgroup]
2026-02-05T22:30:29.0512253Z Complete job name: single-node (deepseek3_2-w8a8, linux-aarch64-a3-16, tests/e2e/nightly/single_node/models/test_dee... / tests/e2e/nightly/single_node/models/test_deepseek_v3_2_w8a8.py
2026-02-05T22:30:29.1020221Z ##[group]Run '/home/runner/k8s/index.js'
2026-02-05T22:30:29.1027658Z shell: /home/runner/externals/node20/bin/node {0}
2026-02-05T22:30:29.1028621Z ##[endgroup]
2026-02-05T22:31:40.7088386Z (node:52) [DEP0005] DeprecationWarning: Buffer() is deprecated due to security and usability issues. Please use the Buffer.alloc(), Buffer.allocUnsafe(), or Buffer.from() methods instead.
2026-02-05T22:31:40.7089270Z (Use `node --trace-deprecation ...` to show where the warning was created)
2026-02-05T22:31:58.5647596Z ##[group]Run npu-smi info
2026-02-05T22:31:58.5647992Z [36;1mnpu-smi info[0m
2026-02-05T22:31:58.5648420Z [36;1mcat /usr/local/Ascend/ascend-toolkit/latest/"$(uname -i)"-linux/ascend_toolkit_install.info[0m
2026-02-05T22:31:58.5649175Z shell: bash -el {0}
2026-02-05T22:31:58.5649483Z env:
2026-02-05T22:31:58.5649698Z   HF_HUB_OFFLINE: 1
2026-02-05T22:31:58.5650004Z   VLLM_USE_MODELSCOPE: true
2026-02-05T22:31:58.5650257Z ##[endgroup]
2026-02-05T22:31:58.5796217Z ##[group]Run '/home/runner/k8s/index.js'
2026-02-05T22:31:58.5797153Z shell: /home/runner/externals/node20/bin/node {0}
2026-02-05T22:31:58.5797428Z ##[endgroup]
2026-02-05T22:31:58.9337382Z (node:285) [DEP0005] DeprecationWarning: Buffer() is deprecated due to security and usability issues. Please use the Buffer.alloc(), Buffer.allocUnsafe(), or Buffer.from() methods instead.
2026-02-05T22:31:58.9338272Z (Use `node --trace-deprecation ...` to show where the warning was created)
2026-02-05T22:32:18.4741846Z +------------------------------------------------------------------------------------------------+
2026-02-05T22:32:18.4743070Z | npu-smi 25.5.0                   Version: 25.5.0                                               |
2026-02-05T22:32:18.4743535Z +---------------------------+---------------+----------------------------------------------------+
2026-02-05T22:32:18.4744000Z | NPU   Name                | Health        | Power(W)    Temp(C)           Hugepages-Usage(page)|
2026-02-05T22:32:18.4744724Z | Chip  Phy-ID              | Bus-Id        | AICore(%)   Memory-Usage(MB)  HBM-Usage(MB)        |
2026-02-05T22:32:18.4745129Z +===========================+===============+====================================================+
2026-02-05T22:32:18.4745575Z | 0     Ascend910           | OK            | 160.8       36                0    / 0             |
2026-02-05T22:32:18.4745955Z | 0     0                   | 0000:9D:00.0  | 0           0    / 0          3143 / 65536         |
2026-02-05T22:32:18.4746366Z +------------------------------------------------------------------------------------------------+
2026-02-05T22:32:18.4746871Z | 0     Ascend910           | OK            | -           35                0    / 0             |
2026-02-05T22:32:18.4747237Z | 1     1                   | 0000:9F:00.0  | 0           0    / 0          2894 / 65536         |
2026-02-05T22:32:18.4747581Z +===========================+===============+====================================================+
2026-02-05T22:32:18.4747957Z | 1     Ascend910           | OK            | 162.9       36                0    / 0             |
2026-02-05T22:32:18.4748399Z | 0     2                   | 0000:99:00.0  | 0           0    / 0          3163 / 65536         |
2026-02-05T22:32:18.4748806Z +------------------------------------------------------------------------------------------------+
2026-02-05T22:32:18.4749274Z | 1     Ascend910           | OK            | -           36                0    / 0             |
2026-02-05T22:32:18.4749640Z | 1     3                   | 0000:9B:00.0  | 0           0    / 0          2886 / 65536         |
2026-02-05T22:32:18.4749976Z +===========================+===============+====================================================+
2026-02-05T22:32:18.4750336Z | 2     Ascend910           | OK            | 163.3       36                0    / 0             |
2026-02-05T22:32:18.4750663Z | 0     4                   | 0000:95:00.0  | 0           0    / 0          3149 / 65536         |
2026-02-05T22:32:18.4751083Z +------------------------------------------------------------------------------------------------+
2026-02-05T22:32:18.4751485Z | 2     Ascend910           | OK            | -           36                0    / 0             |
2026-02-05T22:32:18.4751815Z | 1     5                   | 0000:97:00.0  | 0           0    / 0          2897 / 65536         |
2026-02-05T22:32:18.4752292Z +===========================+===============+====================================================+
2026-02-05T22:32:18.4752782Z | 3     Ascend910           | OK            | 168.5       37                0    / 0             |
2026-02-05T22:32:18.4753231Z | 0     6                   | 0000:91:00.0  | 0           0    / 0          3161 / 65536         |
2026-02-05T22:32:18.4753659Z +------------------------------------------------------------------------------------------------+
2026-02-05T22:32:18.4754043Z | 3     Ascend910           | OK            | -           36                0    / 0             |
2026-02-05T22:32:18.4754419Z | 1     7                   | 0000:93:00.0  | 0           0    / 0          2888 / 65536         |
2026-02-05T22:32:18.4754760Z +===========================+===============+====================================================+
2026-02-05T22:32:18.4755129Z | 4     Ascend910           | OK            | 165.6       36                0    / 0             |
2026-02-05T22:32:18.4755563Z | 0     8                   | 0000:8D:00.0  | 0           0    / 0          3154 / 65536         |
2026-02-05T22:32:18.4755955Z +------------------------------------------------------------------------------------------------+
2026-02-05T22:32:18.4756355Z | 4     Ascend910           | OK            | -           36                0    / 0             |
2026-02-05T22:32:18.4756704Z | 1     9                   | 0000:8F:00.0  | 0           0    / 0          2898 / 65536         |
2026-02-05T22:32:18.4757054Z +===========================+===============+====================================================+
2026-02-05T22:32:18.4757589Z | 5     Ascend910           | OK            | 161.9       34                0    / 0             |
2026-02-05T22:32:18.4757941Z | 0     10                  | 0000:89:00.0  | 0           0    / 0          3149 / 65536         |
2026-02-05T22:32:18.4758337Z +------------------------------------------------------------------------------------------------+
2026-02-05T22:32:18.4758705Z | 5     Ascend910           | OK            | -           36                0    / 0             |
2026-02-05T22:32:18.4759083Z | 1     11                  | 0000:8B:00.0  | 0           0    / 0          2900 / 65536         |
2026-02-05T22:32:18.7766550Z +===========================+===============+====================================================+
2026-02-05T22:32:18.7767057Z | 6     Ascend910           | OK            | 162.4       37                0    / 0             |
2026-02-05T22:32:18.7767438Z | 0     12                  | 0000:85:00.0  | 0           0    / 0          3151 / 65536         |
2026-02-05T22:32:18.7767996Z +------------------------------------------------------------------------------------------------+
2026-02-05T22:32:18.7768545Z | 6     Ascend910           | OK            | -           35                0    / 0             |
2026-02-05T22:32:18.7768899Z | 1     13                  | 0000:87:00.0  | 0           0    / 0          2896 / 65536         |
2026-02-05T22:32:18.7769258Z +===========================+===============+====================================================+
2026-02-05T22:32:18.7769613Z | 7     Ascend910           | OK            | 164.5       36                0    / 0             |
2026-02-05T22:32:18.7770008Z | 0     14                  | 0000:81:00.0  | 0           0    / 0          3160 / 65536         |
2026-02-05T22:32:18.7770411Z +------------------------------------------------------------------------------------------------+
2026-02-05T22:32:18.7770803Z | 7     Ascend910           | OK            | -           36                0    / 0             |
2026-02-05T22:32:18.7771189Z | 1     15                  | 0000:83:00.0  | 0           0    / 0          2885 / 65536         |
2026-02-05T22:32:18.7771495Z +===========================+===============+====================================================+
2026-02-05T22:32:18.7771896Z +---------------------------+---------------+----------------------------------------------------+
2026-02-05T22:32:18.7772457Z | NPU     Chip              | Process id    | Process name             | Process memory(MB)      |
2026-02-05T22:32:18.7773035Z +===========================+===============+====================================================+
2026-02-05T22:32:18.7773462Z | No running processes found in NPU 0                                                            |
2026-02-05T22:32:18.7773868Z +===========================+===============+====================================================+
2026-02-05T22:32:18.7774211Z | No running processes found in NPU 1                                                            |
2026-02-05T22:32:18.7774620Z +===========================+===============+====================================================+
2026-02-05T22:32:18.7774989Z | No running processes found in NPU 2                                                            |
2026-02-05T22:32:18.7775426Z +===========================+===============+====================================================+
2026-02-05T22:32:18.7775899Z | No running processes found in NPU 3                                                            |
2026-02-05T22:32:18.7776249Z +===========================+===============+====================================================+
2026-02-05T22:32:18.7776621Z | No running processes found in NPU 4                                                            |
2026-02-05T22:32:18.7776989Z +===========================+===============+====================================================+
2026-02-05T22:32:18.7777379Z | No running processes found in NPU 5                                                            |
2026-02-05T22:32:18.7777829Z +===========================+===============+====================================================+
2026-02-05T22:32:18.7778255Z | No running processes found in NPU 6                                                            |
2026-02-05T22:32:18.7779052Z +===========================+===============+====================================================+
2026-02-05T22:32:18.7779465Z | No running processes found in NPU 7                                                            |
2026-02-05T22:32:18.7779863Z +===========================+===============+====================================================+
2026-02-05T22:32:18.7817460Z package_name=Ascend-cann-toolkit
2026-02-05T22:32:18.7817793Z version=8.5.0
2026-02-05T22:32:18.7818046Z innerversion=V100R001C25SPC001B232
2026-02-05T22:32:18.7818410Z compatible_version=[V100R001C15],[V100R001C18],[V100R001C19],[V100R001C20],[V100R001C21],[V100R001C23]
2026-02-05T22:32:18.7818801Z arch=aarch64
2026-02-05T22:32:18.7818977Z os=linux
2026-02-05T22:32:18.7819210Z path=/usr/local/Ascend/cann-8.5.0
2026-02-05T22:32:36.5896654Z ##[group]Run echo "Installed vLLM-related Python packages:"
2026-02-05T22:32:36.5897136Z [36;1mecho "Installed vLLM-related Python packages:"[0m
2026-02-05T22:32:36.5897459Z [36;1mpip list | grep vllm || echo "No vllm packages found."[0m
2026-02-05T22:32:36.5897783Z [36;1m[0m
2026-02-05T22:32:36.5897965Z [36;1mecho ""[0m
2026-02-05T22:32:36.5898182Z [36;1mecho "============================"[0m
2026-02-05T22:32:36.5898472Z [36;1mecho "vLLM Git information"[0m
2026-02-05T22:32:36.5898722Z [36;1mecho "============================"[0m
2026-02-05T22:32:36.5898964Z [36;1mcd vllm[0m
2026-02-05T22:32:36.5899232Z [36;1mif [ -d .git ]; then[0m
2026-02-05T22:32:36.5899540Z [36;1m  echo "Branch:      $(git rev-parse --abbrev-ref HEAD)"[0m
2026-02-05T22:32:36.5899849Z [36;1m  echo "Commit hash: $(git rev-parse HEAD)"[0m
2026-02-05T22:32:36.5900299Z [36;1m  echo "Author:      $(git log -1 --pretty=format:'%an <%ae>')"[0m
2026-02-05T22:32:36.5900775Z [36;1m  echo "Date:        $(git log -1 --pretty=format:'%ad' --date=iso)"[0m
2026-02-05T22:32:36.5901153Z [36;1m  echo "Message:     $(git log -1 --pretty=format:'%s')"[0m
2026-02-05T22:32:36.5901532Z [36;1m  echo "Tags:        $(git tag --points-at HEAD || echo 'None')"[0m
2026-02-05T22:32:36.5901860Z [36;1m  echo "Remote:      $(git remote -v | head -n1)"[0m
2026-02-05T22:32:36.5902245Z [36;1m  echo ""[0m
2026-02-05T22:32:36.5902455Z [36;1melse[0m
2026-02-05T22:32:36.5902697Z [36;1m  echo "No .git directory found in vllm"[0m
2026-02-05T22:32:36.5902928Z [36;1mfi[0m
2026-02-05T22:32:36.5903225Z [36;1mcd ..[0m
2026-02-05T22:32:36.5903432Z [36;1m[0m
2026-02-05T22:32:36.5903587Z [36;1mecho ""[0m
2026-02-05T22:32:36.5903836Z [36;1mecho "============================"[0m
2026-02-05T22:32:36.5904087Z [36;1mecho "vLLM-Ascend Git information"[0m
2026-02-05T22:32:36.5904353Z [36;1mecho "============================"[0m
2026-02-05T22:32:36.5904608Z [36;1mcd vllm-ascend[0m
2026-02-05T22:32:36.5904868Z [36;1mif [ -d .git ]; then[0m
2026-02-05T22:32:36.5905154Z [36;1m  echo "Branch:      $(git rev-parse --abbrev-ref HEAD)"[0m
2026-02-05T22:32:36.5905475Z [36;1m  echo "Commit hash: $(git rev-parse HEAD)"[0m
2026-02-05T22:32:36.5905822Z [36;1m  echo "Author:      $(git log -1 --pretty=format:'%an <%ae>')"[0m
2026-02-05T22:32:36.5906233Z [36;1m  echo "Date:        $(git log -1 --pretty=format:'%ad' --date=iso)"[0m
2026-02-05T22:32:36.5906684Z [36;1m  echo "Message:     $(git log -1 --pretty=format:'%s')"[0m
2026-02-05T22:32:36.5907041Z [36;1m  echo "Tags:        $(git tag --points-at HEAD || echo 'None')"[0m
2026-02-05T22:32:36.5907368Z [36;1m  echo "Remote:      $(git remote -v | head -n1)"[0m
2026-02-05T22:32:36.5907657Z [36;1m  echo ""[0m
2026-02-05T22:32:36.5907842Z [36;1melse[0m
2026-02-05T22:32:36.5908100Z [36;1m  echo "No .git directory found in vllm-ascend"[0m
2026-02-05T22:32:36.5908343Z [36;1mfi[0m
2026-02-05T22:32:36.5908547Z [36;1mcd ..[0m
2026-02-05T22:32:36.5909018Z shell: bash -el {0}
2026-02-05T22:32:36.5909231Z env:
2026-02-05T22:32:36.5909454Z   HF_HUB_OFFLINE: 1
2026-02-05T22:32:36.5909726Z   VLLM_USE_MODELSCOPE: true
2026-02-05T22:32:36.5909963Z ##[endgroup]
2026-02-05T22:32:36.5983970Z ##[group]Run '/home/runner/k8s/index.js'
2026-02-05T22:32:36.5984880Z shell: /home/runner/externals/node20/bin/node {0}
2026-02-05T22:32:36.5985127Z ##[endgroup]
2026-02-05T22:32:36.9461370Z (node:707) [DEP0005] DeprecationWarning: Buffer() is deprecated due to security and usability issues. Please use the Buffer.alloc(), Buffer.allocUnsafe(), or Buffer.from() methods instead.
2026-02-05T22:32:36.9462242Z (Use `node --trace-deprecation ...` to show where the warning was created)
2026-02-05T22:32:55.2055043Z Installed vLLM-related Python packages:
2026-02-05T22:32:55.9407935Z ais_bench_benchmark               3.0.20250930               /vllm-workspace/vllm-ascend/benchmark
2026-02-05T22:32:55.9408562Z vllm                              0.15.0+empty               /vllm-workspace/vllm
2026-02-05T22:32:55.9409362Z vllm_ascend                       0.14.0rc2.dev99+g2c1608265 /vllm-workspace/vllm-ascend
2026-02-05T22:32:55.9409644Z 
2026-02-05T22:32:55.9409764Z ============================
2026-02-05T22:32:55.9410017Z vLLM Git information
2026-02-05T22:32:55.9410264Z ============================
2026-02-05T22:32:55.9533895Z Branch:      HEAD
2026-02-05T22:32:55.9555465Z Commit hash: f176443446f659dbab5315e056e605d8984fd976
2026-02-05T22:32:55.9596188Z Author:      TJian <tunjian.tan@embeddedllm.com>
2026-02-05T22:32:55.9622076Z Date:        2026-01-29 14:45:42 +0800
2026-02-05T22:32:55.9645259Z Message:     [Release] [CI] Optim release pipeline (#33156)
2026-02-05T22:32:55.9668665Z Tags:        v0.15.0
2026-02-05T22:32:55.9700128Z Remote:      origin	https://gh-proxy.test.osinfra.cn/https://github.com/vllm-project/vllm.git (fetch)
2026-02-05T22:32:55.9700511Z 
2026-02-05T22:32:55.9700515Z 
2026-02-05T22:32:55.9700611Z ============================
2026-02-05T22:32:55.9700883Z vLLM-Ascend Git information
2026-02-05T22:32:55.9701134Z ============================
2026-02-05T22:32:55.9723572Z Branch:      main
2026-02-05T22:32:55.9744722Z Commit hash: 2c1608265be02b499c0056f0454533c77d42366f
2026-02-05T22:32:55.9769327Z Author:      ChenCangtao <50493711+ChenCangtao@users.noreply.github.com>
2026-02-05T22:32:55.9793892Z Date:        2026-02-05 14:03:10 +0800
2026-02-05T22:32:55.9817435Z Message:     [CI][npugraph_ex]Fix npugraph ex e2e test (#6553)
2026-02-05T22:32:55.9853254Z Tags:        
2026-02-05T22:32:55.9882460Z Remote:      origin	https://gh-proxy.test.osinfra.cn/https://github.com/vllm-project/vllm-ascend (fetch)
2026-02-05T22:32:55.9882834Z 
2026-02-05T22:33:13.8665297Z ##[group]Run apt-get update && apt-get -y install clang-15
2026-02-05T22:33:13.8665765Z [36;1mapt-get update && apt-get -y install clang-15[0m
2026-02-05T22:33:13.8666147Z [36;1mupdate-alternatives --install /usr/bin/clang clang /usr/bin/clang-15 20[0m
2026-02-05T22:33:13.8666614Z [36;1mupdate-alternatives --install /usr/bin/clang++ clang++ /usr/bin/clang++-15 20[0m
2026-02-05T22:33:13.8667156Z shell: bash -l {0}
2026-02-05T22:33:13.8667346Z env:
2026-02-05T22:33:13.8667550Z   HF_HUB_OFFLINE: 1
2026-02-05T22:33:13.8667769Z   VLLM_USE_MODELSCOPE: true
2026-02-05T22:33:13.8668014Z ##[endgroup]
2026-02-05T22:33:13.8740753Z ##[group]Run '/home/runner/k8s/index.js'
2026-02-05T22:33:13.8741580Z shell: /home/runner/externals/node20/bin/node {0}
2026-02-05T22:33:13.8741907Z ##[endgroup]
2026-02-05T22:33:14.2273174Z (node:1310) [DEP0005] DeprecationWarning: Buffer() is deprecated due to security and usability issues. Please use the Buffer.alloc(), Buffer.allocUnsafe(), or Buffer.from() methods instead.
2026-02-05T22:33:14.2273917Z (Use `node --trace-deprecation ...` to show where the warning was created)
2026-02-05T22:33:33.6488064Z Get:1 http://ports.ubuntu.com/ubuntu-ports jammy InRelease [270 kB]
2026-02-05T22:33:35.0523683Z Get:2 http://ports.ubuntu.com/ubuntu-ports jammy-updates InRelease [128 kB]
2026-02-05T22:33:35.3972446Z Get:3 http://ports.ubuntu.com/ubuntu-ports jammy-backports InRelease [127 kB]
2026-02-05T22:33:35.7401351Z Get:4 http://ports.ubuntu.com/ubuntu-ports jammy-security InRelease [129 kB]
2026-02-05T22:33:36.0859731Z Get:5 http://ports.ubuntu.com/ubuntu-ports jammy/main arm64 Packages [1758 kB]
2026-02-05T22:33:36.8822820Z Get:6 http://ports.ubuntu.com/ubuntu-ports jammy/multiverse arm64 Packages [224 kB]
2026-02-05T22:33:36.9136095Z Get:7 http://ports.ubuntu.com/ubuntu-ports jammy/universe arm64 Packages [17.2 MB]
2026-02-05T22:33:38.3856993Z Get:8 http://ports.ubuntu.com/ubuntu-ports jammy/restricted arm64 Packages [24.2 kB]
2026-02-05T22:33:38.3859340Z Get:9 http://ports.ubuntu.com/ubuntu-ports jammy-updates/universe arm64 Packages [1644 kB]
2026-02-05T22:33:38.5324803Z Get:10 http://ports.ubuntu.com/ubuntu-ports jammy-updates/multiverse arm64 Packages [47.7 kB]
2026-02-05T22:33:38.5345939Z Get:11 http://ports.ubuntu.com/ubuntu-ports jammy-updates/main arm64 Packages [3761 kB]
2026-02-05T22:33:38.8392440Z Get:12 http://ports.ubuntu.com/ubuntu-ports jammy-updates/restricted arm64 Packages [6313 kB]
2026-02-05T22:33:39.3520018Z Get:13 http://ports.ubuntu.com/ubuntu-ports jammy-backports/main arm64 Packages [83.5 kB]
2026-02-05T22:33:39.3575984Z Get:14 http://ports.ubuntu.com/ubuntu-ports jammy-backports/universe arm64 Packages [35.3 kB]
2026-02-05T22:33:39.3607660Z Get:15 http://ports.ubuntu.com/ubuntu-ports jammy-security/main arm64 Packages [3443 kB]
2026-02-05T22:33:39.6402918Z Get:16 http://ports.ubuntu.com/ubuntu-ports jammy-security/restricted arm64 Packages [6121 kB]
2026-02-05T22:33:40.1369129Z Get:17 http://ports.ubuntu.com/ubuntu-ports jammy-security/multiverse arm64 Packages [41.2 kB]
2026-02-05T22:33:40.1389280Z Get:18 http://ports.ubuntu.com/ubuntu-ports jammy-security/universe arm64 Packages [1341 kB]
2026-02-05T22:33:40.4262696Z Fetched 42.7 MB in 8s (5661 kB/s)
2026-02-05T22:33:41.2925855Z Reading package lists...
2026-02-05T22:33:42.2084120Z Reading package lists...
2026-02-05T22:33:42.4262186Z Building dependency tree...
2026-02-05T22:33:42.4262515Z Reading state information...
2026-02-05T22:33:42.7235814Z clang-15 is already the newest version (1:15.0.7-0ubuntu0.22.04.3).
2026-02-05T22:33:42.7236317Z The following packages were automatically installed and are no longer required:
2026-02-05T22:33:42.7238206Z   autoconf automake autotools-dev file javascript-common libboost-atomic-dev
2026-02-05T22:33:42.7238742Z   libboost-atomic1.74-dev libboost-atomic1.74.0 libboost-chrono-dev
2026-02-05T22:33:42.7239136Z   libboost-chrono1.74-dev libboost-chrono1.74.0 libboost-container-dev
2026-02-05T22:33:42.7239926Z   libboost-container1.74-dev libboost-container1.74.0 libboost-context-dev
2026-02-05T22:33:42.7240394Z   libboost-context1.74-dev libboost-context1.74.0 libboost-coroutine-dev
2026-02-05T22:33:42.7240850Z   libboost-coroutine1.74-dev libboost-coroutine1.74.0 libboost-date-time-dev
2026-02-05T22:33:42.7241318Z   libboost-date-time1.74-dev libboost-date-time1.74.0 libboost-dev
2026-02-05T22:33:42.7241725Z   libboost-exception-dev libboost-exception1.74-dev libboost-fiber-dev
2026-02-05T22:33:42.7242247Z   libboost-fiber1.74-dev libboost-fiber1.74.0 libboost-filesystem-dev
2026-02-05T22:33:42.7242696Z   libboost-filesystem1.74-dev libboost-filesystem1.74.0 libboost-graph-dev
2026-02-05T22:33:42.7243096Z   libboost-graph-parallel-dev libboost-graph-parallel1.74-dev
2026-02-05T22:33:42.7243523Z   libboost-graph-parallel1.74.0 libboost-graph1.74-dev libboost-graph1.74.0
2026-02-05T22:33:42.7243947Z   libboost-iostreams-dev libboost-iostreams1.74-dev libboost-iostreams1.74.0
2026-02-05T22:33:42.7244407Z   libboost-locale-dev libboost-locale1.74-dev libboost-locale1.74.0
2026-02-05T22:33:42.7244841Z   libboost-log-dev libboost-log1.74-dev libboost-log1.74.0 libboost-math-dev
2026-02-05T22:33:42.7245275Z   libboost-math1.74-dev libboost-math1.74.0 libboost-mpi1.74.0
2026-02-05T22:33:42.7245680Z   libboost-nowide-dev libboost-nowide1.74-dev libboost-nowide1.74.0
2026-02-05T22:33:42.7246149Z   libboost-numpy-dev libboost-numpy1.74-dev libboost-numpy1.74.0
2026-02-05T22:33:42.7246554Z   libboost-program-options-dev libboost-program-options1.74-dev
2026-02-05T22:33:42.7246966Z   libboost-program-options1.74.0 libboost-python-dev libboost-python1.74-dev
2026-02-05T22:33:42.7247398Z   libboost-python1.74.0 libboost-random-dev libboost-random1.74-dev
2026-02-05T22:33:42.7247797Z   libboost-random1.74.0 libboost-regex-dev libboost-regex1.74-dev
2026-02-05T22:33:42.7248228Z   libboost-regex1.74.0 libboost-serialization-dev
2026-02-05T22:33:42.7248589Z   libboost-serialization1.74-dev libboost-serialization1.74.0
2026-02-05T22:33:42.7248917Z   libboost-stacktrace-dev libboost-stacktrace1.74-dev
2026-02-05T22:33:42.7249317Z   libboost-stacktrace1.74.0 libboost-system-dev libboost-system1.74-dev
2026-02-05T22:33:42.7249704Z   libboost-system1.74.0 libboost-test-dev libboost-test1.74-dev
2026-02-05T22:33:42.7250092Z   libboost-test1.74.0 libboost-thread-dev libboost-thread1.74-dev
2026-02-05T22:33:42.7250498Z   libboost-thread1.74.0 libboost-timer-dev libboost-timer1.74-dev
2026-02-05T22:33:42.7250875Z   libboost-timer1.74.0 libboost-tools-dev libboost-type-erasure-dev
2026-02-05T22:33:42.7251291Z   libboost-type-erasure1.74-dev libboost-type-erasure1.74.0 libboost-wave-dev
2026-02-05T22:33:42.7251728Z   libboost-wave1.74-dev libboost-wave1.74.0 libboost1.74-dev
2026-02-05T22:33:42.7252231Z   libboost1.74-tools-dev libcaf-openmpi-3 libcoarrays-dev libevent-2.1-7
2026-02-05T22:33:42.7252649Z   libevent-core-2.1-7 libevent-dev libevent-extra-2.1-7 libevent-openssl-2.1-7
2026-02-05T22:33:42.7253061Z   libevent-pthreads-2.1-7 libhwloc-dev libjs-jquery libjs-jquery-ui
2026-02-05T22:33:42.7253492Z   libjs-sphinxdoc libjs-underscore libltdl-dev libltdl7 libmagic-mgc libmagic1
2026-02-05T22:33:42.7253883Z   libopenmpi3 libpmix-dev libpmix2 libsigsegv2 libtool libucx0 m4
2026-02-05T22:33:42.7258328Z   openmpi-common python3-dev python3-distutils python3-lib2to3 python3.10-dev
2026-02-05T22:33:42.7258709Z Use 'apt autoremove' to remove them.
2026-02-05T22:33:42.7579111Z 0 upgraded, 0 newly installed, 0 to remove and 17 not upgraded.
2026-02-05T22:34:00.9115926Z ##[group]Run # ignore test_dispatch_ffn_combine until the test is fixed
2026-02-05T22:34:00.9116416Z [36;1m# ignore test_dispatch_ffn_combine until the test is fixed[0m
2026-02-05T22:34:00.9116866Z [36;1mpytest -sv tests/e2e/nightly/single_node/models/test_deepseek_v3_2_w8a8.py \[0m
2026-02-05T22:34:00.9117337Z [36;1m--ignore=tests/e2e/nightly/single_node/ops/singlecard_ops/test_fused_moe.py[0m
2026-02-05T22:34:00.9117836Z shell: bash -el {0}
2026-02-05T22:34:00.9118018Z env:
2026-02-05T22:34:00.9118246Z   HF_HUB_OFFLINE: 1
2026-02-05T22:34:00.9118444Z   VLLM_USE_MODELSCOPE: true
2026-02-05T22:34:00.9118695Z   VLLM_WORKER_MULTIPROC_METHOD: spawn
2026-02-05T22:34:00.9118998Z   VLLM_CI_RUNNER: linux-aarch64-a3-16
2026-02-05T22:34:00.9119343Z   BENCHMARK_HOME: /vllm-workspace/vllm-ascend/benchmark
2026-02-05T22:34:00.9119672Z ##[endgroup]
2026-02-05T22:34:00.9243720Z ##[group]Run '/home/runner/k8s/index.js'
2026-02-05T22:34:00.9244782Z shell: /home/runner/externals/node20/bin/node {0}
2026-02-05T22:34:00.9245071Z ##[endgroup]
2026-02-05T22:34:01.3180996Z (node:2096) [DEP0005] DeprecationWarning: Buffer() is deprecated due to security and usability issues. Please use the Buffer.alloc(), Buffer.allocUnsafe(), or Buffer.from() methods instead.
2026-02-05T22:34:01.3181736Z (Use `node --trace-deprecation ...` to show where the warning was created)
2026-02-05T22:34:29.6651820Z INFO 02-05 22:34:29 [__init__.py:43] Available plugins for group vllm.platform_plugins:
2026-02-05T22:34:29.6652418Z INFO 02-05 22:34:29 [__init__.py:45] - ascend -> vllm_ascend:register
2026-02-05T22:34:29.6652910Z INFO 02-05 22:34:29 [__init__.py:48] All plugins in this group will be loaded. Set `VLLM_PLUGINS` to control which plugins to load.
2026-02-05T22:34:29.7090165Z INFO 02-05 22:34:29 [__init__.py:217] Platform plugin ascend is activated
2026-02-05T22:34:34.8338674Z ============================= test session starts ==============================
2026-02-05T22:34:34.8339715Z platform linux -- Python 3.11.14, pytest-8.4.2, pluggy-1.6.0 -- /usr/local/python3.11.14/bin/python3
2026-02-05T22:34:34.8340159Z cachedir: .pytest_cache
2026-02-05T22:34:34.8340386Z rootdir: /vllm-workspace/vllm-ascend
2026-02-05T22:34:34.8340703Z configfile: pyproject.toml
2026-02-05T22:34:34.8340993Z plugins: asyncio-1.3.0, mock-3.15.1, cov-7.0.0, anyio-4.12.1
2026-02-05T22:34:34.8341549Z asyncio: mode=Mode.STRICT, debug=False, asyncio_default_fixture_loop_scope=None, asyncio_default_test_loop_scope=function
2026-02-05T22:34:35.1640427Z collecting ... collected 1 item
2026-02-05T22:34:35.1640676Z 
2026-02-05T22:34:35.1659454Z [2026-02-05 22:34:35] INFO conftest.py:232: Starting server with command: vllm serve vllm-ascend/DeepSeek-V3.2-W8A8 --enable-expert-parallel --tensor-parallel-size 8 --data-parallel-size 2 --port 51547 --max-model-len 8192 --max-num-batched-tokens 8192 --max-num-seqs 4 --trust-remote-code --quantization ascend --gpu-memory-utilization 0.92 --compilation-config {"cudagraph_capture_sizes":[3, 6, 9, 12], "cudagraph_mode":"FULL_DECODE_ONLY"} --speculative-config {"num_speculative_tokens": 2, "method":"deepseek_mtp"} --additional-config {"layer_sharding": ["q_b_proj", "o_proj"]} --reasoning-parser deepseek_v3 --tokenizer_mode deepseek_v32
2026-02-05T22:34:39.4824833Z tests/e2e/nightly/single_node/models/test_deepseek_v3_2_w8a8.py::test_models[2-8-vllm-ascend/DeepSeek-V3.2-W8A8] INFO 02-05 22:34:39 [__init__.py:43] Available plugins for group vllm.platform_plugins:
2026-02-05T22:34:39.4889811Z INFO 02-05 22:34:39 [__init__.py:45] - ascend -> vllm_ascend:register
2026-02-05T22:34:39.4890337Z INFO 02-05 22:34:39 [__init__.py:48] All plugins in this group will be loaded. Set `VLLM_PLUGINS` to control which plugins to load.
2026-02-05T22:34:39.4890908Z INFO 02-05 22:34:39 [__init__.py:217] Platform plugin ascend is activated
2026-02-05T22:34:45.2232242Z 2026-02-05 22:34:45,221 - 3862 - vllmProfiler - INFO - VLLM_USE_V1 not set, auto-detected via vLLM 0.15.0+empty: default 1
2026-02-05T22:34:45.2486128Z INFO 02-05 22:34:45 [__init__.py:108] Registered model loader `<class 'vllm_ascend.model_loader.netloader.netloader.ModelNetLoaderElastic'>` with load format `netloader`
2026-02-05T22:34:45.4110653Z INFO 02-05 22:34:45 [serve.py:100] Defaulting api_server_count to data_parallel_size (2).
2026-02-05T22:34:45.4111100Z INFO 02-05 22:34:45 [utils.py:325] 
2026-02-05T22:34:45.4186342Z INFO 02-05 22:34:45 [utils.py:325]        â–ˆ     â–ˆ     â–ˆâ–„   â–„â–ˆ
2026-02-05T22:34:45.4186917Z INFO 02-05 22:34:45 [utils.py:325]  â–„â–„ â–„â–ˆ â–ˆ     â–ˆ     â–ˆ â–€â–„â–€ â–ˆ  version 0.15.0
2026-02-05T22:34:45.4187536Z INFO 02-05 22:34:45 [utils.py:325]   â–ˆâ–„â–ˆâ–€ â–ˆ     â–ˆ     â–ˆ     â–ˆ  model   vllm-ascend/DeepSeek-V3.2-W8A8
2026-02-05T22:34:45.4188016Z INFO 02-05 22:34:45 [utils.py:325]    â–€â–€  â–€â–€â–€â–€â–€ â–€â–€â–€â–€â–€ â–€     â–€
2026-02-05T22:34:45.4188289Z INFO 02-05 22:34:45 [utils.py:325] 
2026-02-05T22:34:45.4192091Z INFO 02-05 22:34:45 [utils.py:261] non-default args: {'model_tag': 'vllm-ascend/DeepSeek-V3.2-W8A8', 'api_server_count': 2, 'port': 51547, 'model': 'vllm-ascend/DeepSeek-V3.2-W8A8', 'tokenizer_mode': 'deepseek_v32', 'trust_remote_code': True, 'max_model_len': 8192, 'quantization': 'ascend', 'reasoning_parser': 'deepseek_v3', 'tensor_parallel_size': 8, 'data_parallel_size': 2, 'enable_expert_parallel': True, 'gpu_memory_utilization': 0.92, 'max_num_batched_tokens': 8192, 'max_num_seqs': 4, 'speculative_config': {'num_speculative_tokens': 2, 'method': 'deepseek_mtp'}, 'compilation_config': {'level': None, 'mode': None, 'debug_dump_path': None, 'cache_dir': '', 'compile_cache_save_format': 'binary', 'backend': 'vllm_ascend.compilation.compiler_interface.AscendCompiler', 'custom_ops': [], 'splitting_ops': None, 'compile_mm_encoder': False, 'compile_sizes': None, 'compile_ranges_split_points': None, 'inductor_compile_config': {'enable_auto_functionalized_v2': False, 'combo_kernels': True, 'benchmark_combo_kernel': True}, 'inductor_passes': {}, 'cudagraph_mode': <CUDAGraphMode.FULL_DECODE_ONLY: (2, 0)>, 'cudagraph_num_of_warmups': 0, 'cudagraph_capture_sizes': [3, 6, 9, 12], 'cudagraph_copy_inputs': False, 'cudagraph_specialize_lora': True, 'use_inductor_graph_partition': None, 'pass_config': {}, 'max_cudagraph_capture_size': None, 'dynamic_shapes_config': {'type': <DynamicShapesType.BACKED: 'backed'>, 'evaluate_guards': False, 'assume_32_bit_indexing': True}, 'local_cache_dir': None}, 'additional_config': {'layer_sharding': ['q_b_proj', 'o_proj']}}
2026-02-05T22:34:45.4602659Z 2026-02-05 22:34:45,459 - modelscope - WARNING - We can not confirm the cached file is for revision: master
2026-02-05T22:34:45.4603515Z INFO 02-05 22:34:45 [arg_utils.py:602] HF_HUB_OFFLINE is True, replace model_id [vllm-ascend/DeepSeek-V3.2-W8A8] to model_path [/root/.cache/modelscope/hub/models/vllm-ascend/DeepSeek-V3___2-W8A8]
2026-02-05T22:34:45.4610412Z The argument `trust_remote_code` is to be used with Auto classes. It has no effect here and is ignored.
2026-02-05T22:34:45.4611093Z [2026-02-05 22:34:45] WARNING configuration_utils.py:697: The argument `trust_remote_code` is to be used with Auto classes. It has no effect here and is ignored.
2026-02-05T22:34:45.4665235Z The argument `trust_remote_code` is to be used with Auto classes. It has no effect here and is ignored.
2026-02-05T22:34:45.4665902Z [2026-02-05 22:34:45] WARNING configuration_utils.py:697: The argument `trust_remote_code` is to be used with Auto classes. It has no effect here and is ignored.
2026-02-05T22:34:45.4674597Z The argument `trust_remote_code` is to be used with Auto classes. It has no effect here and is ignored.
2026-02-05T22:34:45.4675304Z [2026-02-05 22:34:45] WARNING configuration_utils.py:697: The argument `trust_remote_code` is to be used with Auto classes. It has no effect here and is ignored.
2026-02-05T22:34:45.4680764Z You are using a model of type deepseek_v32 to instantiate a model of type deepseek_v3. This is not supported for all configurations of models and can yield errors.
2026-02-05T22:34:45.4681882Z [2026-02-05 22:34:45] WARNING configuration_utils.py:635: You are using a model of type deepseek_v32 to instantiate a model of type deepseek_v3. This is not supported for all configurations of models and can yield errors.
2026-02-05T22:34:45.4866921Z INFO 02-05 22:34:45 [model.py:541] Resolved architecture: DeepseekV32ForCausalLM
2026-02-05T22:34:45.4867975Z INFO 02-05 22:34:45 [model.py:1561] Using max model len 8192
2026-02-05T22:34:45.6059664Z The argument `trust_remote_code` is to be used with Auto classes. It has no effect here and is ignored.
2026-02-05T22:34:45.6060275Z WARNING 02-05 22:34:45 [speculative.py:270] method `deepseek_mtp` is deprecated and replaced with mtp.
2026-02-05T22:34:45.6060981Z [2026-02-05 22:34:45] WARNING configuration_utils.py:697: The argument `trust_remote_code` is to be used with Auto classes. It has no effect here and is ignored.
2026-02-05T22:34:45.6061670Z The argument `trust_remote_code` is to be used with Auto classes. It has no effect here and is ignored.
2026-02-05T22:34:45.6062467Z [2026-02-05 22:34:45] WARNING configuration_utils.py:697: The argument `trust_remote_code` is to be used with Auto classes. It has no effect here and is ignored.
2026-02-05T22:34:45.6063263Z You are using a model of type deepseek_v32 to instantiate a model of type deepseek_v3. This is not supported for all configurations of models and can yield errors.
2026-02-05T22:34:45.6064216Z [2026-02-05 22:34:45] WARNING configuration_utils.py:635: You are using a model of type deepseek_v32 to instantiate a model of type deepseek_v3. This is not supported for all configurations of models and can yield errors.
2026-02-05T22:34:45.6147163Z INFO 02-05 22:34:45 [model.py:541] Resolved architecture: DeepSeekMTPModel
2026-02-05T22:34:45.6149352Z INFO 02-05 22:34:45 [model.py:1561] Using max model len 163840
2026-02-05T22:34:45.6150455Z WARNING 02-05 22:34:45 [speculative.py:388] Enabling num_speculative_tokens > 1 will runmultiple times of forward on same MTP layer,which may result in lower acceptance rate
2026-02-05T22:34:45.6152415Z INFO 02-05 22:34:45 [scheduler.py:226] Chunked prefill is enabled with max_num_batched_tokens=8192.
2026-02-05T22:34:45.9159497Z INFO 02-05 22:34:45 [vllm.py:624] Asynchronous scheduling is enabled.
2026-02-05T22:34:45.9160046Z INFO 02-05 22:34:45 [vllm.py:634] Disabling NCCL for DP synchronization when using async scheduling.
2026-02-05T22:34:45.9160812Z WARNING 02-05 22:34:45 [platform.py:707] Speculative quantization is set but Ascend automatically uses the main model's quantization method. Resetting to None.
2026-02-05T22:34:45.9161630Z WARNING 02-05 22:34:45 [platform.py:748] Ignored parameter 'use_trtllm_ragged_deepseek_prefill'. This is a GPU-specific feature not supported on Ascend. Resetting to False.
2026-02-05T22:34:45.9162796Z INFO 02-05 22:34:45 [ascend_config.py:54] Linear layer sharding enabled with config: ['q_b_proj', 'o_proj']. Note: This feature works optimally with FLASHCOMM2 and DSA-CP enabled; using it without these features may result in significant performance degradation.
2026-02-05T22:34:45.9163952Z WARNING 02-05 22:34:45 [vllm.py:1062] Batch sizes [3, 6, 9, 12] are removed because they are not multiple of tp_size 8 when sequence parallelism is enabled
2026-02-05T22:34:45.9183750Z Traceback (most recent call last):
2026-02-05T22:34:45.9184053Z   File "/usr/local/python3.11.14/bin/vllm", line 7, in <module>
2026-02-05T22:34:45.9184401Z     sys.exit(main())
2026-02-05T22:34:45.9184593Z              ^^^^^^
2026-02-05T22:34:45.9185338Z   File "/vllm-workspace/vllm/vllm/entrypoints/cli/main.py", line 73, in main
2026-02-05T22:34:45.9185741Z     args.dispatch_function(args)
2026-02-05T22:34:45.9186062Z   File "/vllm-workspace/vllm/vllm/entrypoints/cli/serve.py", line 108, in cmd
2026-02-05T22:34:45.9186426Z     run_multi_api_server(args)
2026-02-05T22:34:45.9186809Z   File "/vllm-workspace/vllm/vllm/entrypoints/cli/serve.py", line 232, in run_multi_api_server
2026-02-05T22:34:45.9187288Z     vllm_config = engine_args.create_engine_config(usage_context=usage_context)
2026-02-05T22:34:45.9187740Z                   ^^^^^^^^^^^^^^^^^^^^^^^^^^^^^^^^^^^^^^^^^^^^^^^^^^^^^^^^^^^^^
2026-02-05T22:34:45.9188375Z   File "/vllm-workspace/vllm/vllm/engine/arg_utils.py", line 1754, in create_engine_config
2026-02-05T22:34:45.9189682Z     config = VllmConfig(
2026-02-05T22:34:45.9189898Z              ^^^^^^^^^^^
2026-02-05T22:34:45.9190341Z   File "/usr/local/python3.11.14/lib/python3.11/site-packages/pydantic/_internal/_dataclasses.py", line 121, in __init__
2026-02-05T22:34:45.9190911Z     s.__pydantic_validator__.validate_python(ArgsKwargs(args, kwargs), self_instance=s)
2026-02-05T22:34:45.9207011Z pydantic_core._pydantic_core.ValidationError: 1 validation error for VllmConfig
2026-02-05T22:34:45.9207834Z   Assertion failed, cudagraph_capture_sizes [3, 6, 9, 12] does not containvalues that are multiples of tp_size 8 [type=assertion_error, input_value=ArgsKwargs((), {'model_co...timizationLevel.O2: 2>}), input_type=ArgsKwargs]
2026-02-05T22:34:45.9208638Z     For further information visit https://errors.pydantic.dev/2.12/v/assertion_error
2026-02-05T22:34:45.9582389Z [ERROR] 2026-02-05-22:34:45 (PID:3862, Device:-1, RankID:-1) ERR99999 UNKNOWN applicaiton exception
2026-02-05T22:34:46.2873585Z sys:1: DeprecationWarning: builtin type swigvarlink has no __module__ attribute
2026-02-05T22:34:51.4977314Z FAILED
2026-02-05T22:34:51.4977642Z 
2026-02-05T22:34:51.4977823Z =================================== FAILURES ===================================
2026-02-05T22:34:51.4978411Z _______________ test_models[2-8-vllm-ascend/DeepSeek-V3.2-W8A8] ________________
2026-02-05T22:34:51.4978658Z 
2026-02-05T22:34:51.4978819Z model = 'vllm-ascend/DeepSeek-V3.2-W8A8', tp_size = 8, dp_size = 2
2026-02-05T22:34:51.4979099Z 
2026-02-05T22:34:51.4979182Z     @pytest.mark.asyncio
2026-02-05T22:34:51.4979500Z     @pytest.mark.parametrize("model", MODELS)
2026-02-05T22:34:51.4979821Z     @pytest.mark.parametrize("tp_size", TENSOR_PARALLELS)
2026-02-05T22:34:51.4980179Z     @pytest.mark.parametrize("dp_size", DATA_PARALLELS)
2026-02-05T22:34:51.4980842Z     async def test_models(model: str, tp_size: int, dp_size: int) -> None:
2026-02-05T22:34:51.4981220Z         port = get_open_port()
2026-02-05T22:34:51.4981428Z         env_dict = {
2026-02-05T22:34:51.4981703Z             "HCCL_OP_EXPANSION_MODE": "AIV",
2026-02-05T22:34:51.4982101Z             "OMP_PROC_BIND": "false",
2026-02-05T22:34:51.4982341Z             "OMP_NUM_THREADS": "1",
2026-02-05T22:34:51.4982634Z             "HCCL_BUFFSIZE": "1024",
2026-02-05T22:34:51.4982883Z             "VLLM_ASCEND_ENABLE_MLAPO": "1",
2026-02-05T22:34:51.4983191Z             "PYTORCH_NPU_ALLOC_CONF": "expandable_segments:True",
2026-02-05T22:34:51.4983507Z             "VLLM_ASCEND_ENABLE_FLASHCOMM1": "1",
2026-02-05T22:34:51.4983787Z         }
2026-02-05T22:34:51.4983954Z     
2026-02-05T22:34:51.4984161Z         server_args = [
2026-02-05T22:34:51.4984462Z             "--enable-expert-parallel", "--tensor-parallel-size",
2026-02-05T22:34:51.4984767Z             str(tp_size), "--data-parallel-size",
2026-02-05T22:34:51.4985066Z             str(dp_size), "--port",
2026-02-05T22:34:51.4985373Z             str(port), "--max-model-len", "8192", "--max-num-batched-tokens",
2026-02-05T22:34:51.4985789Z             "8192", "--max-num-seqs", "4", "--trust-remote-code", "--quantization",
2026-02-05T22:34:51.4986170Z             "ascend", "--gpu-memory-utilization", "0.92", "--compilation-config",
2026-02-05T22:34:51.4986771Z             '{"cudagraph_capture_sizes":[3, 6, 9, 12], "cudagraph_mode":"FULL_DECODE_ONLY"}',
2026-02-05T22:34:51.4987152Z             "--speculative-config",
2026-02-05T22:34:51.4987432Z             '{"num_speculative_tokens": 2, "method":"deepseek_mtp"}',
2026-02-05T22:34:51.4987777Z             "--additional-config",
2026-02-05T22:34:51.4988032Z             '{"layer_sharding": ["q_b_proj", "o_proj"]}',
2026-02-05T22:34:51.4988400Z             "--reasoning-parser", "deepseek_v3", "--tokenizer_mode", "deepseek_v32"
2026-02-05T22:34:51.4988760Z         ]
2026-02-05T22:34:51.4988972Z         request_keyword_args: dict[str, Any] = {
2026-02-05T22:34:51.4989249Z             **api_keyword_args,
2026-02-05T22:34:51.4990842Z         }
2026-02-05T22:34:51.4991085Z >       with RemoteOpenAIServer(model,
2026-02-05T22:34:51.4991332Z                                 server_args,
2026-02-05T22:34:51.4991627Z                                 server_port=port,
2026-02-05T22:34:51.4991882Z                                 env_dict=env_dict,
2026-02-05T22:34:51.4992273Z                                 auto_port=False) as server:
2026-02-05T22:34:51.4992461Z 
2026-02-05T22:34:51.4992749Z tests/e2e/nightly/single_node/models/test_deepseek_v3_2_w8a8.py:95: 
2026-02-05T22:34:51.4993083Z _ _ _ _ _ _ _ _ _ _ _ _ _ _ _ _ _ _ _ _ _ _ _ _ _ _ _ _ _ _ _ _ _ _ _ _ _ _ _ _ 
2026-02-05T22:34:51.4993387Z tests/e2e/conftest.py:297: in __init__
2026-02-05T22:34:51.4993644Z     self._wait_for_multiple_servers(
2026-02-05T22:34:51.4993941Z _ _ _ _ _ _ _ _ _ _ _ _ _ _ _ _ _ _ _ _ _ _ _ _ _ _ _ _ _ _ _ _ _ _ _ _ _ _ _ _ 
2026-02-05T22:34:51.4994146Z 
2026-02-05T22:34:51.4994339Z self = <tests.e2e.conftest.RemoteOpenAIServer object at 0xffff01c76ad0>
2026-02-05T22:34:51.4994859Z targets = [('0.0.0.0', 'http://0.0.0.0:51547/health')], timeout = 2800
2026-02-05T22:34:51.4995179Z log_interval = 30.0
2026-02-05T22:34:51.4995302Z 
2026-02-05T22:34:51.4995446Z     def _wait_for_multiple_servers(self,
2026-02-05T22:34:51.4995719Z                                    targets,
2026-02-05T22:34:51.4995953Z                                    timeout: float,
2026-02-05T22:34:51.4996250Z                                    log_interval: float = 30.0):
2026-02-05T22:34:51.4996661Z         """
2026-02-05T22:34:51.4996853Z         targets: List[(node_ip, url)]
2026-02-05T22:34:51.4997112Z         log_interval
2026-02-05T22:34:51.4997291Z         """
2026-02-05T22:34:51.4997510Z         start = time.time()
2026-02-05T22:34:51.4997717Z         client = requests
2026-02-05T22:34:51.4997933Z     
2026-02-05T22:34:51.4998148Z         ready = {node_ip: False for node_ip, _ in targets}
2026-02-05T22:34:51.4998622Z     
2026-02-05T22:34:51.4998816Z         last_log_time = 0.0
2026-02-05T22:34:51.4999035Z     
2026-02-05T22:34:51.4999265Z         while True:
2026-02-05T22:34:51.4999517Z             now = time.time()
2026-02-05T22:34:51.4999863Z             all_ready = True
2026-02-05T22:34:51.5000143Z             should_log = (now - last_log_time) >= log_interval
2026-02-05T22:34:51.5000377Z     
2026-02-05T22:34:51.5000604Z             for node_ip, url in targets:
2026-02-05T22:34:51.5000837Z                 if ready[node_ip]:
2026-02-05T22:34:51.5001073Z                     continue
2026-02-05T22:34:51.5001293Z     
2026-02-05T22:34:51.5001481Z                 try:
2026-02-05T22:34:51.5001682Z                     resp = client.get(url)
2026-02-05T22:34:51.5002133Z                     if resp.status_code == 200:
2026-02-05T22:34:51.5002433Z                         ready[node_ip] = True
2026-02-05T22:34:51.5002712Z                         logger.info(f"[READY] Node {node_ip} is ready.")
2026-02-05T22:34:51.5003125Z                 except RequestException:
2026-02-05T22:34:51.5003378Z                     all_ready = False
2026-02-05T22:34:51.5003635Z                     if should_log:
2026-02-05T22:34:51.5003885Z                         logger.debug(f"[WAIT] {url}: connection failed")
2026-02-05T22:34:51.5004185Z     
2026-02-05T22:34:51.5004360Z                     # check unexpected exit
2026-02-05T22:34:51.5004628Z                     result = self._poll()
2026-02-05T22:34:51.5004920Z                     if result is not None and result != 0:
2026-02-05T22:34:51.5005182Z >                       raise RuntimeError(
2026-02-05T22:34:51.5005468Z                             f"Server at {node_ip} exited unexpectedly."
2026-02-05T22:34:51.5005770Z                         ) from None
2026-02-05T22:34:51.5006127Z E                       RuntimeError: Server at 0.0.0.0 exited unexpectedly.
2026-02-05T22:34:51.5006328Z 
2026-02-05T22:34:51.5006602Z tests/e2e/conftest.py:390: RuntimeError
2026-02-05T22:34:51.5007014Z ------------------------------ Captured log call -------------------------------
2026-02-05T22:34:51.5008831Z INFO     tests.e2e.conftest:conftest.py:232 Starting server with command: vllm serve vllm-ascend/DeepSeek-V3.2-W8A8 --enable-expert-parallel --tensor-parallel-size 8 --data-parallel-size 2 --port 51547 --max-model-len 8192 --max-num-batched-tokens 8192 --max-num-seqs 4 --trust-remote-code --quantization ascend --gpu-memory-utilization 0.92 --compilation-config {"cudagraph_capture_sizes":[3, 6, 9, 12], "cudagraph_mode":"FULL_DECODE_ONLY"} --speculative-config {"num_speculative_tokens": 2, "method":"deepseek_mtp"} --additional-config {"layer_sharding": ["q_b_proj", "o_proj"]} --reasoning-parser deepseek_v3 --tokenizer_mode deepseek_v32
2026-02-05T22:34:51.5010603Z =============================== warnings summary ===============================
2026-02-05T22:34:51.5010933Z <frozen importlib._bootstrap>:241
2026-02-05T22:34:51.5011338Z   <frozen importlib._bootstrap>:241: DeprecationWarning: builtin type SwigPyPacked has no __module__ attribute
2026-02-05T22:34:51.5011684Z 
2026-02-05T22:34:51.5011782Z <frozen importlib._bootstrap>:241
2026-02-05T22:34:51.5012294Z   <frozen importlib._bootstrap>:241: DeprecationWarning: builtin type SwigPyObject has no __module__ attribute
2026-02-05T22:34:51.5012647Z 
2026-02-05T22:34:51.5012825Z -- Docs: https://docs.pytest.org/en/stable/how-to/capture-warnings.html
2026-02-05T22:34:51.5013205Z =========================== short test summary info ============================
2026-02-05T22:34:51.5013864Z FAILED tests/e2e/nightly/single_node/models/test_deepseek_v3_2_w8a8.py::test_models[2-8-vllm-ascend/DeepSeek-V3.2-W8A8] - RuntimeError: Server at 0.0.0.0 exited unexpectedly.
2026-02-05T22:34:51.5014560Z ======================== 1 failed, 2 warnings in 15.47s ========================
2026-02-05T22:34:53.3500757Z ##[error]Error: failed to run script step: Error: command terminated with non-zero exit code: command terminated with exit code 1
2026-02-05T22:34:53.3540369Z ##[error]Process completed with exit code 1.
2026-02-05T22:34:53.3651726Z ##[error]Executing the custom container implementation failed. Please contact your self hosted runner administrator.
2026-02-05T22:34:53.3696861Z ##[group]Run '/home/runner/k8s/index.js'
2026-02-05T22:34:53.3697889Z shell: /home/runner/externals/node20/bin/node {0}
2026-02-05T22:34:53.3698168Z ##[endgroup]
2026-02-05T22:34:53.7985446Z Cleaning up orphan processes
