# Run ID: 22190789077
# Commit: f0caeeadcb37261beebd4a6e32934fa9f460db98
# Job: single-node (deepseek3_2-w8a8, linux-aarch64-a3-16, tests/e2e/nightly/single_node/models/test_dee... / tests/e2e/nightly/single_node/models/test_deepseek_v3_2_w8a8.py
# Date: 2026-02-19
============================================================

ï»¿2026-02-19T23:20:00.1742314Z Current runner version: '2.330.0'
2026-02-19T23:20:00.1749647Z Runner name: 'linux-aarch64-a3-16-jl5bl-runner-jq8c6'
2026-02-19T23:20:00.1750695Z Runner group name: 'Default'
2026-02-19T23:20:00.1751779Z Machine name: 'linux-aarch64-a3-16-jl5bl-runner-jq8c6'
2026-02-19T23:20:00.1757315Z ##[group]GITHUB_TOKEN Permissions
2026-02-19T23:20:00.1760085Z Actions: write
2026-02-19T23:20:00.1760792Z ArtifactMetadata: write
2026-02-19T23:20:00.1761410Z Attestations: write
2026-02-19T23:20:00.1762051Z Checks: write
2026-02-19T23:20:00.1762609Z Contents: write
2026-02-19T23:20:00.1763186Z Deployments: write
2026-02-19T23:20:00.1763740Z Discussions: write
2026-02-19T23:20:00.1764316Z Issues: write
2026-02-19T23:20:00.1764826Z Metadata: read
2026-02-19T23:20:00.1765529Z Models: read
2026-02-19T23:20:00.1766091Z Packages: write
2026-02-19T23:20:00.1766612Z Pages: write
2026-02-19T23:20:00.1767180Z PullRequests: write
2026-02-19T23:20:00.1767736Z RepositoryProjects: write
2026-02-19T23:20:00.1768710Z SecurityEvents: write
2026-02-19T23:20:00.1769370Z Statuses: write
2026-02-19T23:20:00.1769903Z ##[endgroup]
2026-02-19T23:20:00.1772361Z Secret source: Actions
2026-02-19T23:20:00.1773163Z Prepare workflow directory
2026-02-19T23:20:00.2842343Z Prepare all required actions
2026-02-19T23:20:00.2923764Z Uses: vllm-project/vllm-ascend/.github/workflows/_e2e_nightly_single_node.yaml@refs/heads/main (f0caeeadcb37261beebd4a6e32934fa9f460db98)
2026-02-19T23:20:00.2929962Z ##[group] Inputs
2026-02-19T23:20:00.2930690Z   runner: linux-aarch64-a3-16
2026-02-19T23:20:00.2931718Z   image: swr.cn-southwest-2.myhuaweicloud.com/base_image/ascend-ci/vllm-ascend:nightly-a3
2026-02-19T23:20:00.2932997Z   tests: tests/e2e/nightly/single_node/models/test_deepseek_v3_2_w8a8.py
2026-02-19T23:20:00.2933892Z   name: deepseek3_2-w8a8
2026-02-19T23:20:00.2934524Z ##[endgroup]
2026-02-19T23:20:00.2936129Z Complete job name: single-node (deepseek3_2-w8a8, linux-aarch64-a3-16, tests/e2e/nightly/single_node/models/test_dee... / tests/e2e/nightly/single_node/models/test_deepseek_v3_2_w8a8.py
2026-02-19T23:20:00.3708439Z ##[group]Run '/home/runner/k8s/index.js'
2026-02-19T23:20:00.3719465Z shell: /home/runner/externals/node20/bin/node {0}
2026-02-19T23:20:00.3720667Z ##[endgroup]
2026-02-19T23:42:14.2576312Z (node:55) [DEP0005] DeprecationWarning: Buffer() is deprecated due to security and usability issues. Please use the Buffer.alloc(), Buffer.allocUnsafe(), or Buffer.from() methods instead.
2026-02-19T23:42:14.2577473Z (Use `node --trace-deprecation ...` to show where the warning was created)
2026-02-19T23:42:14.8387596Z ##[group]Run npu-smi info
2026-02-19T23:42:14.8388010Z [36;1mnpu-smi info[0m
2026-02-19T23:42:14.8388562Z [36;1mcat /usr/local/Ascend/ascend-toolkit/latest/"$(uname -i)"-linux/ascend_toolkit_install.info[0m
2026-02-19T23:42:14.8389382Z shell: bash -el {0}
2026-02-19T23:42:14.8389628Z env:
2026-02-19T23:42:14.8389835Z   HF_HUB_OFFLINE: 1
2026-02-19T23:42:14.8390088Z   VLLM_USE_MODELSCOPE: true
2026-02-19T23:42:14.8390354Z ##[endgroup]
2026-02-19T23:42:14.8553856Z ##[group]Run '/home/runner/k8s/index.js'
2026-02-19T23:42:14.8555027Z shell: /home/runner/externals/node20/bin/node {0}
2026-02-19T23:42:14.8555395Z ##[endgroup]
2026-02-19T23:42:15.4002748Z (node:230) [DEP0005] DeprecationWarning: Buffer() is deprecated due to security and usability issues. Please use the Buffer.alloc(), Buffer.allocUnsafe(), or Buffer.from() methods instead.
2026-02-19T23:42:15.4003919Z (Use `node --trace-deprecation ...` to show where the warning was created)
2026-02-19T23:42:18.0332849Z +------------------------------------------------------------------------------------------------+
2026-02-19T23:42:18.0333600Z | npu-smi 25.5.0                   Version: 25.5.0                                               |
2026-02-19T23:42:18.0334675Z +---------------------------+---------------+----------------------------------------------------+
2026-02-19T23:42:18.0335676Z | NPU   Name                | Health        | Power(W)    Temp(C)           Hugepages-Usage(page)|
2026-02-19T23:42:18.0336897Z | Chip  Phy-ID              | Bus-Id        | AICore(%)   Memory-Usage(MB)  HBM-Usage(MB)        |
2026-02-19T23:42:18.0337469Z +===========================+===============+====================================================+
2026-02-19T23:42:18.0338021Z | 0     Ascend910           | OK            | 165.7       37                0    / 0             |
2026-02-19T23:42:18.0338582Z | 0     0                   | 0000:9D:00.0  | 0           0    / 0          3166 / 65536         |
2026-02-19T23:42:18.0339188Z +------------------------------------------------------------------------------------------------+
2026-02-19T23:42:18.0339830Z | 0     Ascend910           | OK            | -           36                0    / 0             |
2026-02-19T23:42:18.0340380Z | 1     1                   | 0000:9F:00.0  | 0           0    / 0          2882 / 65536         |
2026-02-19T23:42:18.0340892Z +===========================+===============+====================================================+
2026-02-19T23:42:18.0341441Z | 1     Ascend910           | OK            | 169.0       37                0    / 0             |
2026-02-19T23:42:18.0342139Z | 0     2                   | 0000:99:00.0  | 0           0    / 0          3158 / 65536         |
2026-02-19T23:42:18.0342809Z +------------------------------------------------------------------------------------------------+
2026-02-19T23:42:18.0343448Z | 1     Ascend910           | OK            | -           37                0    / 0             |
2026-02-19T23:42:18.0344007Z | 1     3                   | 0000:9B:00.0  | 0           0    / 0          2881 / 65536         |
2026-02-19T23:42:18.0344513Z +===========================+===============+====================================================+
2026-02-19T23:42:18.0345218Z | 2     Ascend910           | OK            | 168.2       37                0    / 0             |
2026-02-19T23:42:18.0345955Z | 0     4                   | 0000:95:00.0  | 0           0    / 0          3149 / 65536         |
2026-02-19T23:42:18.0346546Z +------------------------------------------------------------------------------------------------+
2026-02-19T23:42:18.0347130Z | 2     Ascend910           | OK            | -           36                0    / 0             |
2026-02-19T23:42:18.0347675Z | 1     5                   | 0000:97:00.0  | 0           0    / 0          2893 / 65536         |
2026-02-19T23:42:18.0348245Z +===========================+===============+====================================================+
2026-02-19T23:42:18.0349006Z | 3     Ascend910           | OK            | 168.5       35                0    / 0             |
2026-02-19T23:42:18.0349571Z | 0     6                   | 0000:91:00.0  | 0           0    / 0          3159 / 65536         |
2026-02-19T23:42:18.0350141Z +------------------------------------------------------------------------------------------------+
2026-02-19T23:42:18.0350760Z | 3     Ascend910           | OK            | -           36                0    / 0             |
2026-02-19T23:42:18.0351332Z | 1     7                   | 0000:93:00.0  | 0           0    / 0          2883 / 65536         |
2026-02-19T23:42:18.0351929Z +===========================+===============+====================================================+
2026-02-19T23:42:18.0352465Z | 4     Ascend910           | OK            | 169.8       36                0    / 0             |
2026-02-19T23:42:18.0353004Z | 0     8                   | 0000:8D:00.0  | 0           0    / 0          3162 / 65536         |
2026-02-19T23:42:18.0353588Z +------------------------------------------------------------------------------------------------+
2026-02-19T23:42:18.0354181Z | 4     Ascend910           | OK            | -           37                0    / 0             |
2026-02-19T23:42:18.0354709Z | 1     9                   | 0000:8F:00.0  | 0           0    / 0          2881 / 65536         |
2026-02-19T23:42:18.0355351Z +===========================+===============+====================================================+
2026-02-19T23:42:18.0356009Z | 5     Ascend910           | OK            | 163.7       35                0    / 0             |
2026-02-19T23:42:18.0356682Z | 0     10                  | 0000:89:00.0  | 0           0    / 0          3147 / 65536         |
2026-02-19T23:42:18.0357258Z +------------------------------------------------------------------------------------------------+
2026-02-19T23:42:18.0357853Z | 5     Ascend910           | OK            | -           35                0    / 0             |
2026-02-19T23:42:18.0358404Z | 1     11                  | 0000:8B:00.0  | 0           0    / 0          2893 / 65536         |
2026-02-19T23:42:18.3358215Z +===========================+===============+====================================================+
2026-02-19T23:42:18.3359094Z | 6     Ascend910           | OK            | 170.8       36                0    / 0             |
2026-02-19T23:42:18.3359903Z | 0     12                  | 0000:85:00.0  | 0           0    / 0          3158 / 65536         |
2026-02-19T23:42:18.3360602Z +------------------------------------------------------------------------------------------------+
2026-02-19T23:42:18.3361182Z | 6     Ascend910           | OK            | -           35                0    / 0             |
2026-02-19T23:42:18.3361777Z | 1     13                  | 0000:87:00.0  | 0           0    / 0          2881 / 65536         |
2026-02-19T23:42:18.3362262Z +===========================+===============+====================================================+
2026-02-19T23:42:18.3362892Z | 7     Ascend910           | OK            | 168.7       36                0    / 0             |
2026-02-19T23:42:18.3363414Z | 0     14                  | 0000:81:00.0  | 0           0    / 0          3158 / 65536         |
2026-02-19T23:42:18.3364244Z +------------------------------------------------------------------------------------------------+
2026-02-19T23:42:18.3365273Z | 7     Ascend910           | OK            | -           36                0    / 0             |
2026-02-19T23:42:18.3366262Z | 1     15                  | 0000:83:00.0  | 0           0    / 0          2884 / 65536         |
2026-02-19T23:42:18.3367129Z +===========================+===============+====================================================+
2026-02-19T23:42:18.3368070Z +---------------------------+---------------+----------------------------------------------------+
2026-02-19T23:42:18.3368919Z | NPU     Chip              | Process id    | Process name             | Process memory(MB)      |
2026-02-19T23:42:18.3369882Z +===========================+===============+====================================================+
2026-02-19T23:42:18.3370704Z | No running processes found in NPU 0                                                            |
2026-02-19T23:42:18.3371327Z +===========================+===============+====================================================+
2026-02-19T23:42:18.3372200Z | No running processes found in NPU 1                                                            |
2026-02-19T23:42:18.3373059Z +===========================+===============+====================================================+
2026-02-19T23:42:18.3373975Z | No running processes found in NPU 2                                                            |
2026-02-19T23:42:18.3374824Z +===========================+===============+====================================================+
2026-02-19T23:42:18.3376020Z | No running processes found in NPU 3                                                            |
2026-02-19T23:42:18.3376590Z +===========================+===============+====================================================+
2026-02-19T23:42:18.3377136Z | No running processes found in NPU 4                                                            |
2026-02-19T23:42:18.3377776Z +===========================+===============+====================================================+
2026-02-19T23:42:18.3378326Z | No running processes found in NPU 5                                                            |
2026-02-19T23:42:18.3379115Z +===========================+===============+====================================================+
2026-02-19T23:42:18.3379684Z | No running processes found in NPU 6                                                            |
2026-02-19T23:42:18.3380303Z +===========================+===============+====================================================+
2026-02-19T23:42:18.3380890Z | No running processes found in NPU 7                                                            |
2026-02-19T23:42:18.3381434Z +===========================+===============+====================================================+
2026-02-19T23:42:18.3400187Z package_name=Ascend-cann-toolkit
2026-02-19T23:42:18.3400805Z version=8.5.0
2026-02-19T23:42:18.3401145Z innerversion=V100R001C25SPC001B232
2026-02-19T23:42:18.3401779Z compatible_version=[V100R001C15],[V100R001C18],[V100R001C19],[V100R001C20],[V100R001C21],[V100R001C23]
2026-02-19T23:42:18.3402656Z arch=aarch64
2026-02-19T23:42:18.3402867Z os=linux
2026-02-19T23:42:18.3403116Z path=/usr/local/Ascend/cann-8.5.0
2026-02-19T23:42:18.7530650Z ##[group]Run echo "Installed vLLM-related Python packages:"
2026-02-19T23:42:18.7531309Z [36;1mecho "Installed vLLM-related Python packages:"[0m
2026-02-19T23:42:18.7531950Z [36;1mpip list | grep vllm || echo "No vllm packages found."[0m
2026-02-19T23:42:18.7532344Z [36;1m[0m
2026-02-19T23:42:18.7532545Z [36;1mecho ""[0m
2026-02-19T23:42:18.7532804Z [36;1mecho "============================"[0m
2026-02-19T23:42:18.7533128Z [36;1mecho "vLLM Git information"[0m
2026-02-19T23:42:18.7533453Z [36;1mecho "============================"[0m
2026-02-19T23:42:18.7533759Z [36;1mcd vllm[0m
2026-02-19T23:42:18.7533988Z [36;1mif [ -d .git ]; then[0m
2026-02-19T23:42:18.7534358Z [36;1m  echo "Branch:      $(git rev-parse --abbrev-ref HEAD)"[0m
2026-02-19T23:42:18.7534795Z [36;1m  echo "Commit hash: $(git rev-parse HEAD)"[0m
2026-02-19T23:42:18.7535350Z [36;1m  echo "Author:      $(git log -1 --pretty=format:'%an <%ae>')"[0m
2026-02-19T23:42:18.7535932Z [36;1m  echo "Date:        $(git log -1 --pretty=format:'%ad' --date=iso)"[0m
2026-02-19T23:42:18.7536429Z [36;1m  echo "Message:     $(git log -1 --pretty=format:'%s')"[0m
2026-02-19T23:42:18.7536923Z [36;1m  echo "Tags:        $(git tag --points-at HEAD || echo 'None')"[0m
2026-02-19T23:42:18.7537400Z [36;1m  echo "Remote:      $(git remote -v | head -n1)"[0m
2026-02-19T23:42:18.7537753Z [36;1m  echo ""[0m
2026-02-19T23:42:18.7537990Z [36;1melse[0m
2026-02-19T23:42:18.7538243Z [36;1m  echo "No .git directory found in vllm"[0m
2026-02-19T23:42:18.7538573Z [36;1mfi[0m
2026-02-19T23:42:18.7538771Z [36;1mcd ..[0m
2026-02-19T23:42:18.7538987Z [36;1m[0m
2026-02-19T23:42:18.7539181Z [36;1mecho ""[0m
2026-02-19T23:42:18.7539433Z [36;1mecho "============================"[0m
2026-02-19T23:42:18.7539765Z [36;1mecho "vLLM-Ascend Git information"[0m
2026-02-19T23:42:18.7540103Z [36;1mecho "============================"[0m
2026-02-19T23:42:18.7540421Z [36;1mcd vllm-ascend[0m
2026-02-19T23:42:18.7540716Z [36;1mif [ -d .git ]; then[0m
2026-02-19T23:42:18.7541081Z [36;1m  echo "Branch:      $(git rev-parse --abbrev-ref HEAD)"[0m
2026-02-19T23:42:18.7541511Z [36;1m  echo "Commit hash: $(git rev-parse HEAD)"[0m
2026-02-19T23:42:18.7542059Z [36;1m  echo "Author:      $(git log -1 --pretty=format:'%an <%ae>')"[0m
2026-02-19T23:42:18.7542565Z [36;1m  echo "Date:        $(git log -1 --pretty=format:'%ad' --date=iso)"[0m
2026-02-19T23:42:18.7543071Z [36;1m  echo "Message:     $(git log -1 --pretty=format:'%s')"[0m
2026-02-19T23:42:18.7543553Z [36;1m  echo "Tags:        $(git tag --points-at HEAD || echo 'None')"[0m
2026-02-19T23:42:18.7544014Z [36;1m  echo "Remote:      $(git remote -v | head -n1)"[0m
2026-02-19T23:42:18.7544376Z [36;1m  echo ""[0m
2026-02-19T23:42:18.7544596Z [36;1melse[0m
2026-02-19T23:42:18.7544970Z [36;1m  echo "No .git directory found in vllm-ascend"[0m
2026-02-19T23:42:18.7545311Z [36;1mfi[0m
2026-02-19T23:42:18.7545527Z [36;1mcd ..[0m
2026-02-19T23:42:18.7546117Z shell: bash -el {0}
2026-02-19T23:42:18.7546342Z env:
2026-02-19T23:42:18.7546567Z   HF_HUB_OFFLINE: 1
2026-02-19T23:42:18.7546802Z   VLLM_USE_MODELSCOPE: true
2026-02-19T23:42:18.7547078Z ##[endgroup]
2026-02-19T23:42:18.7651721Z ##[group]Run '/home/runner/k8s/index.js'
2026-02-19T23:42:18.7652755Z shell: /home/runner/externals/node20/bin/node {0}
2026-02-19T23:42:18.7653096Z ##[endgroup]
2026-02-19T23:42:19.3473348Z (node:262) [DEP0005] DeprecationWarning: Buffer() is deprecated due to security and usability issues. Please use the Buffer.alloc(), Buffer.allocUnsafe(), or Buffer.from() methods instead.
2026-02-19T23:42:19.3474448Z (Use `node --trace-deprecation ...` to show where the warning was created)
2026-02-19T23:42:20.1367101Z Installed vLLM-related Python packages:
2026-02-19T23:42:20.9872111Z ais_bench_benchmark               3.0.20250930                /vllm-workspace/vllm-ascend/benchmark
2026-02-19T23:42:20.9872756Z vllm                              0.15.0+empty                /vllm-workspace/vllm
2026-02-19T23:42:20.9873764Z vllm_ascend                       0.14.0rc2.dev171+gf0caeeadc /vllm-workspace/vllm-ascend
2026-02-19T23:42:20.9874308Z 
2026-02-19T23:42:20.9874408Z ============================
2026-02-19T23:42:20.9874692Z vLLM Git information
2026-02-19T23:42:20.9875032Z ============================
2026-02-19T23:42:21.0131066Z Branch:      HEAD
2026-02-19T23:42:21.0150522Z Commit hash: f176443446f659dbab5315e056e605d8984fd976
2026-02-19T23:42:21.0235091Z Author:      TJian <tunjian.tan@embeddedllm.com>
2026-02-19T23:42:21.0258032Z Date:        2026-01-29 14:45:42 +0800
2026-02-19T23:42:21.0280174Z Message:     [Release] [CI] Optim release pipeline (#33156)
2026-02-19T23:42:21.0304391Z Tags:        v0.15.0
2026-02-19T23:42:21.0334340Z Remote:      origin	https://gh-proxy.test.osinfra.cn/https://github.com/vllm-project/vllm.git (fetch)
2026-02-19T23:42:21.0334842Z 
2026-02-19T23:42:21.0334988Z 
2026-02-19T23:42:21.0335083Z ============================
2026-02-19T23:42:21.0335496Z vLLM-Ascend Git information
2026-02-19T23:42:21.0335899Z ============================
2026-02-19T23:42:21.0393710Z Branch:      main
2026-02-19T23:42:21.0415698Z Commit hash: f0caeeadcb37261beebd4a6e32934fa9f460db98
2026-02-19T23:42:21.0506564Z Author:      Nengjun Ma <nengjunma@outlook.com>
2026-02-19T23:42:21.0532671Z Date:        2026-02-14 18:54:04 +0800
2026-02-19T23:42:21.0555754Z Message:     [CI] unlock when load model (#6771)
2026-02-19T23:42:21.0842867Z Tags:        
2026-02-19T23:42:21.0870696Z Remote:      origin	https://gh-proxy.test.osinfra.cn/https://github.com/vllm-project/vllm-ascend (fetch)
2026-02-19T23:42:21.0871221Z 
2026-02-19T23:42:21.5005360Z ##[group]Run apt-get update && apt-get -y install clang-15
2026-02-19T23:42:21.5006115Z [36;1mapt-get update && apt-get -y install clang-15[0m
2026-02-19T23:42:21.5006649Z [36;1mupdate-alternatives --install /usr/bin/clang clang /usr/bin/clang-15 20[0m
2026-02-19T23:42:21.5007328Z [36;1mupdate-alternatives --install /usr/bin/clang++ clang++ /usr/bin/clang++-15 20[0m
2026-02-19T23:42:21.5007958Z shell: bash -l {0}
2026-02-19T23:42:21.5008196Z env:
2026-02-19T23:42:21.5008399Z   HF_HUB_OFFLINE: 1
2026-02-19T23:42:21.5008667Z   VLLM_USE_MODELSCOPE: true
2026-02-19T23:42:21.5008931Z ##[endgroup]
2026-02-19T23:42:21.5124742Z ##[group]Run '/home/runner/k8s/index.js'
2026-02-19T23:42:21.5126242Z shell: /home/runner/externals/node20/bin/node {0}
2026-02-19T23:42:21.5126674Z ##[endgroup]
2026-02-19T23:42:22.0485206Z (node:305) [DEP0005] DeprecationWarning: Buffer() is deprecated due to security and usability issues. Please use the Buffer.alloc(), Buffer.allocUnsafe(), or Buffer.from() methods instead.
2026-02-19T23:42:22.0486294Z (Use `node --trace-deprecation ...` to show where the warning was created)
2026-02-19T23:42:23.7262502Z Get:1 http://ports.ubuntu.com/ubuntu-ports jammy InRelease [270 kB]
2026-02-19T23:42:25.1244506Z Get:2 http://ports.ubuntu.com/ubuntu-ports jammy-updates InRelease [128 kB]
2026-02-19T23:42:25.4694204Z Get:3 http://ports.ubuntu.com/ubuntu-ports jammy-backports InRelease [127 kB]
2026-02-19T23:42:25.8125165Z Get:4 http://ports.ubuntu.com/ubuntu-ports jammy-security InRelease [129 kB]
2026-02-19T23:42:26.1599811Z Get:5 http://ports.ubuntu.com/ubuntu-ports jammy/main arm64 Packages [1758 kB]
2026-02-19T23:42:26.9544537Z Get:6 http://ports.ubuntu.com/ubuntu-ports jammy/universe arm64 Packages [17.2 MB]
2026-02-19T23:42:28.4438080Z Get:7 http://ports.ubuntu.com/ubuntu-ports jammy/restricted arm64 Packages [24.2 kB]
2026-02-19T23:42:28.4438839Z Get:8 http://ports.ubuntu.com/ubuntu-ports jammy/multiverse arm64 Packages [224 kB]
2026-02-19T23:42:28.4590144Z Get:9 http://ports.ubuntu.com/ubuntu-ports jammy-updates/multiverse arm64 Packages [47.7 kB]
2026-02-19T23:42:28.4613496Z Get:10 http://ports.ubuntu.com/ubuntu-ports jammy-updates/universe arm64 Packages [1654 kB]
2026-02-19T23:42:28.6081763Z Get:11 http://ports.ubuntu.com/ubuntu-ports jammy-updates/restricted arm64 Packages [6534 kB]
2026-02-19T23:42:29.1397279Z Get:12 http://ports.ubuntu.com/ubuntu-ports jammy-updates/main arm64 Packages [3841 kB]
2026-02-19T23:42:29.4495120Z Get:13 http://ports.ubuntu.com/ubuntu-ports jammy-backports/main arm64 Packages [83.5 kB]
2026-02-19T23:42:29.4543611Z Get:14 http://ports.ubuntu.com/ubuntu-ports jammy-backports/universe arm64 Packages [35.3 kB]
2026-02-19T23:42:29.4574647Z Get:15 http://ports.ubuntu.com/ubuntu-ports jammy-security/multiverse arm64 Packages [41.2 kB]
2026-02-19T23:42:29.4607545Z Get:16 http://ports.ubuntu.com/ubuntu-ports jammy-security/restricted arm64 Packages [6342 kB]
2026-02-19T23:42:29.9788851Z Get:17 http://ports.ubuntu.com/ubuntu-ports jammy-security/universe arm64 Packages [1351 kB]
2026-02-19T23:42:30.0946864Z Get:18 http://ports.ubuntu.com/ubuntu-ports jammy-security/main arm64 Packages [3522 kB]
2026-02-19T23:42:30.5185293Z Fetched 43.3 MB in 8s (5748 kB/s)
2026-02-19T23:42:31.4825729Z Reading package lists...
2026-02-19T23:42:32.4637123Z Reading package lists...
2026-02-19T23:42:32.6617289Z Building dependency tree...
2026-02-19T23:42:32.6624611Z Reading state information...
2026-02-19T23:42:32.9028354Z clang-15 is already the newest version (1:15.0.7-0ubuntu0.22.04.3).
2026-02-19T23:42:32.9028978Z The following packages were automatically installed and are no longer required:
2026-02-19T23:42:32.9030713Z   autoconf automake autotools-dev file javascript-common libboost-atomic-dev
2026-02-19T23:42:32.9031362Z   libboost-atomic1.74-dev libboost-atomic1.74.0 libboost-chrono-dev
2026-02-19T23:42:32.9032080Z   libboost-chrono1.74-dev libboost-chrono1.74.0 libboost-container-dev
2026-02-19T23:42:32.9033090Z   libboost-container1.74-dev libboost-container1.74.0 libboost-context-dev
2026-02-19T23:42:32.9033712Z   libboost-context1.74-dev libboost-context1.74.0 libboost-coroutine-dev
2026-02-19T23:42:32.9034338Z   libboost-coroutine1.74-dev libboost-coroutine1.74.0 libboost-date-time-dev
2026-02-19T23:42:32.9035029Z   libboost-date-time1.74-dev libboost-date-time1.74.0 libboost-dev
2026-02-19T23:42:32.9035611Z   libboost-exception-dev libboost-exception1.74-dev libboost-fiber-dev
2026-02-19T23:42:32.9036207Z   libboost-fiber1.74-dev libboost-fiber1.74.0 libboost-filesystem-dev
2026-02-19T23:42:32.9036926Z   libboost-filesystem1.74-dev libboost-filesystem1.74.0 libboost-graph-dev
2026-02-19T23:42:32.9037531Z   libboost-graph-parallel-dev libboost-graph-parallel1.74-dev
2026-02-19T23:42:32.9038118Z   libboost-graph-parallel1.74.0 libboost-graph1.74-dev libboost-graph1.74.0
2026-02-19T23:42:32.9038775Z   libboost-iostreams-dev libboost-iostreams1.74-dev libboost-iostreams1.74.0
2026-02-19T23:42:32.9039402Z   libboost-locale-dev libboost-locale1.74-dev libboost-locale1.74.0
2026-02-19T23:42:32.9039988Z   libboost-log-dev libboost-log1.74-dev libboost-log1.74.0 libboost-math-dev
2026-02-19T23:42:32.9040567Z   libboost-math1.74-dev libboost-math1.74.0 libboost-mpi1.74.0
2026-02-19T23:42:32.9041185Z   libboost-nowide-dev libboost-nowide1.74-dev libboost-nowide1.74.0
2026-02-19T23:42:32.9042117Z   libboost-numpy-dev libboost-numpy1.74-dev libboost-numpy1.74.0
2026-02-19T23:42:32.9042933Z   libboost-program-options-dev libboost-program-options1.74-dev
2026-02-19T23:42:32.9043557Z   libboost-program-options1.74.0 libboost-python-dev libboost-python1.74-dev
2026-02-19T23:42:32.9044192Z   libboost-python1.74.0 libboost-random-dev libboost-random1.74-dev
2026-02-19T23:42:32.9044740Z   libboost-random1.74.0 libboost-regex-dev libboost-regex1.74-dev
2026-02-19T23:42:32.9045399Z   libboost-regex1.74.0 libboost-serialization-dev
2026-02-19T23:42:32.9045870Z   libboost-serialization1.74-dev libboost-serialization1.74.0
2026-02-19T23:42:32.9046381Z   libboost-stacktrace-dev libboost-stacktrace1.74-dev
2026-02-19T23:42:32.9046901Z   libboost-stacktrace1.74.0 libboost-system-dev libboost-system1.74-dev
2026-02-19T23:42:32.9047479Z   libboost-system1.74.0 libboost-test-dev libboost-test1.74-dev
2026-02-19T23:42:32.9048016Z   libboost-test1.74.0 libboost-thread-dev libboost-thread1.74-dev
2026-02-19T23:42:32.9048545Z   libboost-thread1.74.0 libboost-timer-dev libboost-timer1.74-dev
2026-02-19T23:42:32.9049107Z   libboost-timer1.74.0 libboost-tools-dev libboost-type-erasure-dev
2026-02-19T23:42:32.9049712Z   libboost-type-erasure1.74-dev libboost-type-erasure1.74.0 libboost-wave-dev
2026-02-19T23:42:32.9050304Z   libboost-wave1.74-dev libboost-wave1.74.0 libboost1.74-dev
2026-02-19T23:42:32.9050851Z   libboost1.74-tools-dev libcaf-openmpi-3 libcoarrays-dev libevent-2.1-7
2026-02-19T23:42:32.9051476Z   libevent-core-2.1-7 libevent-dev libevent-extra-2.1-7 libevent-openssl-2.1-7
2026-02-19T23:42:32.9052220Z   libevent-pthreads-2.1-7 libhwloc-dev libjs-jquery libjs-jquery-ui
2026-02-19T23:42:32.9052821Z   libjs-sphinxdoc libjs-underscore libltdl-dev libltdl7 libmagic-mgc libmagic1
2026-02-19T23:42:32.9053421Z   libopenmpi3 libpmix-dev libpmix2 libsigsegv2 libtool libucx0 m4
2026-02-19T23:42:32.9053998Z   openmpi-common python3-dev python3-distutils python3-lib2to3 python3.10-dev
2026-02-19T23:42:32.9054502Z Use 'apt autoremove' to remove them.
2026-02-19T23:42:32.9344832Z 0 upgraded, 0 newly installed, 0 to remove and 10 not upgraded.
2026-02-19T23:42:33.4067442Z ##[group]Run # ignore test_dispatch_ffn_combine until the test is fixed
2026-02-19T23:42:33.4068060Z [36;1m# ignore test_dispatch_ffn_combine until the test is fixed[0m
2026-02-19T23:42:33.4068670Z [36;1mpytest -sv tests/e2e/nightly/single_node/models/test_deepseek_v3_2_w8a8.py \[0m
2026-02-19T23:42:33.4069356Z [36;1m--ignore=tests/e2e/nightly/single_node/ops/singlecard_ops/test_fused_moe.py[0m
2026-02-19T23:42:33.4069972Z shell: bash -el {0}
2026-02-19T23:42:33.4070229Z env:
2026-02-19T23:42:33.4070437Z   HF_HUB_OFFLINE: 1
2026-02-19T23:42:33.4070688Z   VLLM_USE_MODELSCOPE: true
2026-02-19T23:42:33.4070979Z   VLLM_WORKER_MULTIPROC_METHOD: spawn
2026-02-19T23:42:33.4071316Z   VLLM_CI_RUNNER: linux-aarch64-a3-16
2026-02-19T23:42:33.4071806Z   BENCHMARK_HOME: /vllm-workspace/vllm-ascend/benchmark
2026-02-19T23:42:33.4072170Z ##[endgroup]
2026-02-19T23:42:33.4163701Z ##[group]Run '/home/runner/k8s/index.js'
2026-02-19T23:42:33.4164776Z shell: /home/runner/externals/node20/bin/node {0}
2026-02-19T23:42:33.4165281Z ##[endgroup]
2026-02-19T23:42:33.9490035Z (node:361) [DEP0005] DeprecationWarning: Buffer() is deprecated due to security and usability issues. Please use the Buffer.alloc(), Buffer.allocUnsafe(), or Buffer.from() methods instead.
2026-02-19T23:42:33.9491137Z (Use `node --trace-deprecation ...` to show where the warning was created)
2026-02-19T23:42:44.4630475Z INFO 02-19 23:42:44 [__init__.py:43] Available plugins for group vllm.platform_plugins:
2026-02-19T23:42:44.4631158Z INFO 02-19 23:42:44 [__init__.py:45] - ascend -> vllm_ascend:register
2026-02-19T23:42:44.4631994Z INFO 02-19 23:42:44 [__init__.py:48] All plugins in this group will be loaded. Set `VLLM_PLUGINS` to control which plugins to load.
2026-02-19T23:42:44.5086664Z INFO 02-19 23:42:44 [__init__.py:217] Platform plugin ascend is activated
2026-02-19T23:42:50.5787517Z ============================= test session starts ==============================
2026-02-19T23:42:50.5788716Z platform linux -- Python 3.11.14, pytest-8.4.2, pluggy-1.6.0 -- /usr/local/python3.11.14/bin/python3
2026-02-19T23:42:50.5789273Z cachedir: .pytest_cache
2026-02-19T23:42:50.5789557Z rootdir: /vllm-workspace/vllm-ascend
2026-02-19T23:42:50.5789887Z configfile: pyproject.toml
2026-02-19T23:42:50.5790262Z plugins: cov-7.0.0, asyncio-1.3.0, mock-3.15.1, anyio-4.12.1
2026-02-19T23:42:50.5790971Z asyncio: mode=Mode.STRICT, debug=False, asyncio_default_fixture_loop_scope=None, asyncio_default_test_loop_scope=function
2026-02-19T23:42:50.9297708Z collecting ... collected 1 item
2026-02-19T23:42:50.9297967Z 
2026-02-19T23:42:50.9316648Z [2026-02-19 23:42:50] INFO conftest.py:241: Starting server with command: vllm serve vllm-ascend/DeepSeek-V3.2-W8A8 --enable-expert-parallel --tensor-parallel-size 8 --data-parallel-size 2 --port 58153 --max-model-len 8192 --max-num-batched-tokens 8192 --max-num-seqs 4 --trust-remote-code --quantization ascend --gpu-memory-utilization 0.92 --compilation-config {"cudagraph_capture_sizes":[3, 6, 9, 12], "cudagraph_mode":"FULL_DECODE_ONLY"} --speculative-config {"num_speculative_tokens": 2, "method":"deepseek_mtp"} --additional-config {"layer_sharding": ["q_b_proj", "o_proj"]} --reasoning-parser deepseek_v3 --tokenizer_mode deepseek_v32
2026-02-19T23:42:55.2961734Z tests/e2e/nightly/single_node/models/test_deepseek_v3_2_w8a8.py::test_models[2-8-vllm-ascend/DeepSeek-V3.2-W8A8] INFO 02-19 23:42:55 [__init__.py:43] Available plugins for group vllm.platform_plugins:
2026-02-19T23:42:55.2962836Z INFO 02-19 23:42:55 [__init__.py:45] - ascend -> vllm_ascend:register
2026-02-19T23:42:55.2963586Z INFO 02-19 23:42:55 [__init__.py:48] All plugins in this group will be loaded. Set `VLLM_PLUGINS` to control which plugins to load.
2026-02-19T23:42:55.3026434Z INFO 02-19 23:42:55 [__init__.py:217] Platform plugin ascend is activated
2026-02-19T23:43:01.1360364Z 2026-02-19 23:43:01,135 - 983 - vllmProfiler - INFO - VLLM_USE_V1 not set, auto-detected via vLLM 0.15.0+empty: default 1
2026-02-19T23:43:01.1698674Z INFO 02-19 23:43:01 [__init__.py:108] Registered model loader `<class 'vllm_ascend.model_loader.netloader.netloader.ModelNetLoaderElastic'>` with load format `netloader`
2026-02-19T23:43:01.3103595Z INFO 02-19 23:43:01 [serve.py:100] Defaulting api_server_count to data_parallel_size (2).
2026-02-19T23:43:01.3104138Z INFO 02-19 23:43:01 [utils.py:325] 
2026-02-19T23:43:01.3212560Z INFO 02-19 23:43:01 [utils.py:325]        â–ˆ     â–ˆ     â–ˆâ–„   â–„â–ˆ
2026-02-19T23:43:01.3213368Z INFO 02-19 23:43:01 [utils.py:325]  â–„â–„ â–„â–ˆ â–ˆ     â–ˆ     â–ˆ â–€â–„â–€ â–ˆ  version 0.15.0
2026-02-19T23:43:01.3214175Z INFO 02-19 23:43:01 [utils.py:325]   â–ˆâ–„â–ˆâ–€ â–ˆ     â–ˆ     â–ˆ     â–ˆ  model   vllm-ascend/DeepSeek-V3.2-W8A8
2026-02-19T23:43:01.3214840Z INFO 02-19 23:43:01 [utils.py:325]    â–€â–€  â–€â–€â–€â–€â–€ â–€â–€â–€â–€â–€ â–€     â–€
2026-02-19T23:43:01.3215366Z INFO 02-19 23:43:01 [utils.py:325] 
2026-02-19T23:43:01.3221689Z INFO 02-19 23:43:01 [utils.py:261] non-default args: {'model_tag': 'vllm-ascend/DeepSeek-V3.2-W8A8', 'api_server_count': 2, 'port': 58153, 'model': 'vllm-ascend/DeepSeek-V3.2-W8A8', 'tokenizer_mode': 'deepseek_v32', 'trust_remote_code': True, 'max_model_len': 8192, 'quantization': 'ascend', 'reasoning_parser': 'deepseek_v3', 'tensor_parallel_size': 8, 'data_parallel_size': 2, 'enable_expert_parallel': True, 'gpu_memory_utilization': 0.92, 'max_num_batched_tokens': 8192, 'max_num_seqs': 4, 'speculative_config': {'num_speculative_tokens': 2, 'method': 'deepseek_mtp'}, 'compilation_config': {'level': None, 'mode': None, 'debug_dump_path': None, 'cache_dir': '', 'compile_cache_save_format': 'binary', 'backend': 'vllm_ascend.compilation.compiler_interface.AscendCompiler', 'custom_ops': [], 'splitting_ops': None, 'compile_mm_encoder': False, 'compile_sizes': None, 'compile_ranges_split_points': None, 'inductor_compile_config': {'enable_auto_functionalized_v2': False, 'combo_kernels': True, 'benchmark_combo_kernel': True}, 'inductor_passes': {}, 'cudagraph_mode': <CUDAGraphMode.FULL_DECODE_ONLY: (2, 0)>, 'cudagraph_num_of_warmups': 0, 'cudagraph_capture_sizes': [3, 6, 9, 12], 'cudagraph_copy_inputs': False, 'cudagraph_specialize_lora': True, 'use_inductor_graph_partition': None, 'pass_config': {}, 'max_cudagraph_capture_size': None, 'dynamic_shapes_config': {'type': <DynamicShapesType.BACKED: 'backed'>, 'evaluate_guards': False, 'assume_32_bit_indexing': True}, 'local_cache_dir': None}, 'additional_config': {'layer_sharding': ['q_b_proj', 'o_proj']}}
2026-02-19T23:43:01.4539153Z 2026-02-19 23:43:01,453 - modelscope - WARNING - We can not confirm the cached file is for revision: master
2026-02-19T23:43:01.4620496Z INFO 02-19 23:43:01 [arg_utils.py:602] HF_HUB_OFFLINE is True, replace model_id [vllm-ascend/DeepSeek-V3.2-W8A8] to model_path [/root/.cache/modelscope/hub/models/vllm-ascend/DeepSeek-V3___2-W8A8]
2026-02-19T23:43:01.4627105Z The argument `trust_remote_code` is to be used with Auto classes. It has no effect here and is ignored.
2026-02-19T23:43:01.4628140Z [2026-02-19 23:43:01] WARNING configuration_utils.py:697: The argument `trust_remote_code` is to be used with Auto classes. It has no effect here and is ignored.
2026-02-19T23:43:01.4707575Z The argument `trust_remote_code` is to be used with Auto classes. It has no effect here and is ignored.
2026-02-19T23:43:01.4708558Z [2026-02-19 23:43:01] WARNING configuration_utils.py:697: The argument `trust_remote_code` is to be used with Auto classes. It has no effect here and is ignored.
2026-02-19T23:43:01.4717292Z The argument `trust_remote_code` is to be used with Auto classes. It has no effect here and is ignored.
2026-02-19T23:43:01.4718295Z [2026-02-19 23:43:01] WARNING configuration_utils.py:697: The argument `trust_remote_code` is to be used with Auto classes. It has no effect here and is ignored.
2026-02-19T23:43:01.4725627Z You are using a model of type deepseek_v32 to instantiate a model of type deepseek_v3. This is not supported for all configurations of models and can yield errors.
2026-02-19T23:43:01.4727470Z [2026-02-19 23:43:01] WARNING configuration_utils.py:635: You are using a model of type deepseek_v32 to instantiate a model of type deepseek_v3. This is not supported for all configurations of models and can yield errors.
2026-02-19T23:43:01.4970224Z INFO 02-19 23:43:01 [model.py:541] Resolved architecture: DeepseekV32ForCausalLM
2026-02-19T23:43:01.4970770Z INFO 02-19 23:43:01 [model.py:1561] Using max model len 8192
2026-02-19T23:43:01.6781735Z WARNING 02-19 23:43:01 [speculative.py:270] method `deepseek_mtp` is deprecated and replaced with mtp.
2026-02-19T23:43:01.6783799Z The argument `trust_remote_code` is to be used with Auto classes. It has no effect here and is ignored.
2026-02-19T23:43:01.6784812Z [2026-02-19 23:43:01] WARNING configuration_utils.py:697: The argument `trust_remote_code` is to be used with Auto classes. It has no effect here and is ignored.
2026-02-19T23:43:01.6791373Z The argument `trust_remote_code` is to be used with Auto classes. It has no effect here and is ignored.
2026-02-19T23:43:01.6792494Z [2026-02-19 23:43:01] WARNING configuration_utils.py:697: The argument `trust_remote_code` is to be used with Auto classes. It has no effect here and is ignored.
2026-02-19T23:43:01.6798532Z You are using a model of type deepseek_v32 to instantiate a model of type deepseek_v3. This is not supported for all configurations of models and can yield errors.
2026-02-19T23:43:01.6800015Z [2026-02-19 23:43:01] WARNING configuration_utils.py:635: You are using a model of type deepseek_v32 to instantiate a model of type deepseek_v3. This is not supported for all configurations of models and can yield errors.
2026-02-19T23:43:01.6901606Z INFO 02-19 23:43:01 [model.py:541] Resolved architecture: DeepSeekMTPModel
2026-02-19T23:43:01.6902337Z INFO 02-19 23:43:01 [model.py:1561] Using max model len 163840
2026-02-19T23:43:01.6903510Z WARNING 02-19 23:43:01 [speculative.py:388] Enabling num_speculative_tokens > 1 will runmultiple times of forward on same MTP layer,which may result in lower acceptance rate
2026-02-19T23:43:01.6905343Z INFO 02-19 23:43:01 [scheduler.py:226] Chunked prefill is enabled with max_num_batched_tokens=8192.
2026-02-19T23:43:02.2989051Z INFO 02-19 23:43:02 [vllm.py:624] Asynchronous scheduling is enabled.
2026-02-19T23:43:02.2989741Z INFO 02-19 23:43:02 [vllm.py:634] Disabling NCCL for DP synchronization when using async scheduling.
2026-02-19T23:43:02.2990738Z WARNING 02-19 23:43:02 [platform.py:730] Speculative quantization is set but Ascend automatically uses the main model's quantization method. Resetting to None.
2026-02-19T23:43:02.2992171Z WARNING 02-19 23:43:02 [platform.py:771] Ignored parameter 'use_trtllm_ragged_deepseek_prefill'. This is a GPU-specific feature not supported on Ascend. Resetting to False.
2026-02-19T23:43:02.2993085Z INFO 02-19 23:43:02 [ascend_config.py:412] Dynamic EPLB is False
2026-02-19T23:43:02.2993598Z INFO 02-19 23:43:02 [ascend_config.py:413] The number of redundant experts is 0
2026-02-19T23:43:02.2995163Z INFO 02-19 23:43:02 [ascend_config.py:54] Linear layer sharding enabled with config: ['q_b_proj', 'o_proj']. Note: This feature works optimally with FLASHCOMM2 and DSA-CP enabled; using it without these features may result in significant performance degradation.
2026-02-19T23:43:02.2996792Z WARNING 02-19 23:43:02 [vllm.py:1062] Batch sizes [3, 6, 9, 12] are removed because they are not multiple of tp_size 8 when sequence parallelism is enabled
2026-02-19T23:43:02.3009547Z Traceback (most recent call last):
2026-02-19T23:43:02.3010002Z   File "/usr/local/python3.11.14/bin/vllm", line 7, in <module>
2026-02-19T23:43:02.3010390Z     sys.exit(main())
2026-02-19T23:43:02.3010631Z              ^^^^^^
2026-02-19T23:43:02.3011012Z   File "/vllm-workspace/vllm/vllm/entrypoints/cli/main.py", line 73, in main
2026-02-19T23:43:02.3011494Z     args.dispatch_function(args)
2026-02-19T23:43:02.3011987Z   File "/vllm-workspace/vllm/vllm/entrypoints/cli/serve.py", line 108, in cmd
2026-02-19T23:43:02.3015008Z     run_multi_api_server(args)
2026-02-19T23:43:02.3015540Z   File "/vllm-workspace/vllm/vllm/entrypoints/cli/serve.py", line 232, in run_multi_api_server
2026-02-19T23:43:02.3016607Z     vllm_config = engine_args.create_engine_config(usage_context=usage_context)
2026-02-19T23:43:02.3017121Z                   ^^^^^^^^^^^^^^^^^^^^^^^^^^^^^^^^^^^^^^^^^^^^^^^^^^^^^^^^^^^^^
2026-02-19T23:43:02.3017686Z   File "/vllm-workspace/vllm/vllm/engine/arg_utils.py", line 1754, in create_engine_config
2026-02-19T23:43:02.3018200Z     config = VllmConfig(
2026-02-19T23:43:02.3018465Z              ^^^^^^^^^^^
2026-02-19T23:43:02.3019039Z   File "/usr/local/python3.11.14/lib/python3.11/site-packages/pydantic/_internal/_dataclasses.py", line 121, in __init__
2026-02-19T23:43:02.3026552Z     s.__pydantic_validator__.validate_python(ArgsKwargs(args, kwargs), self_instance=s)
2026-02-19T23:43:02.3044026Z pydantic_core._pydantic_core.ValidationError: 1 validation error for VllmConfig
2026-02-19T23:43:02.3045489Z   Assertion failed, cudagraph_capture_sizes [3, 6, 9, 12] does not containvalues that are multiples of tp_size 8 [type=assertion_error, input_value=ArgsKwargs((), {'model_co...timizationLevel.O2: 2>}), input_type=ArgsKwargs]
2026-02-19T23:43:02.3046736Z     For further information visit https://errors.pydantic.dev/2.12/v/assertion_error
2026-02-19T23:43:02.3358712Z [ERROR] 2026-02-19-23:43:02 (PID:983, Device:-1, RankID:-1) ERR99999 UNKNOWN applicaiton exception
2026-02-19T23:43:02.5960564Z sys:1: DeprecationWarning: builtin type swigvarlink has no __module__ attribute
2026-02-19T23:43:07.3793592Z FAILED
2026-02-19T23:43:07.3793795Z 
2026-02-19T23:43:07.3793996Z =================================== FAILURES ===================================
2026-02-19T23:43:07.3794522Z _______________ test_models[2-8-vllm-ascend/DeepSeek-V3.2-W8A8] ________________
2026-02-19T23:43:07.3794976Z 
2026-02-19T23:43:07.3795179Z model = 'vllm-ascend/DeepSeek-V3.2-W8A8', tp_size = 8, dp_size = 2
2026-02-19T23:43:07.3795503Z 
2026-02-19T23:43:07.3795627Z     @pytest.mark.asyncio
2026-02-19T23:43:07.3795927Z     @pytest.mark.parametrize("model", MODELS)
2026-02-19T23:43:07.3796671Z     @pytest.mark.parametrize("tp_size", TENSOR_PARALLELS)
2026-02-19T23:43:07.3797131Z     @pytest.mark.parametrize("dp_size", DATA_PARALLELS)
2026-02-19T23:43:07.3797672Z     async def test_models(model: str, tp_size: int, dp_size: int) -> None:
2026-02-19T23:43:07.3798105Z         port = get_open_port()
2026-02-19T23:43:07.3798384Z         env_dict = {
2026-02-19T23:43:07.3798643Z             "HCCL_OP_EXPANSION_MODE": "AIV",
2026-02-19T23:43:07.3798978Z             "OMP_PROC_BIND": "false",
2026-02-19T23:43:07.3799293Z             "OMP_NUM_THREADS": "1",
2026-02-19T23:43:07.3799584Z             "HCCL_BUFFSIZE": "1024",
2026-02-19T23:43:07.3799902Z             "VLLM_ASCEND_ENABLE_MLAPO": "1",
2026-02-19T23:43:07.3800293Z             "PYTORCH_NPU_ALLOC_CONF": "expandable_segments:True",
2026-02-19T23:43:07.3800707Z             "VLLM_ASCEND_ENABLE_FLASHCOMM1": "1",
2026-02-19T23:43:07.3801016Z         }
2026-02-19T23:43:07.3801217Z     
2026-02-19T23:43:07.3801408Z         server_args = [
2026-02-19T23:43:07.3801865Z             "--enable-expert-parallel", "--tensor-parallel-size",
2026-02-19T23:43:07.3802303Z             str(tp_size), "--data-parallel-size",
2026-02-19T23:43:07.3802657Z             str(dp_size), "--port",
2026-02-19T23:43:07.3803114Z             str(port), "--max-model-len", "8192", "--max-num-batched-tokens",
2026-02-19T23:43:07.3803653Z             "8192", "--max-num-seqs", "4", "--trust-remote-code", "--quantization",
2026-02-19T23:43:07.3804229Z             "ascend", "--gpu-memory-utilization", "0.92", "--compilation-config",
2026-02-19T23:43:07.3804848Z             '{"cudagraph_capture_sizes":[3, 6, 9, 12], "cudagraph_mode":"FULL_DECODE_ONLY"}',
2026-02-19T23:43:07.3805412Z             "--speculative-config",
2026-02-19T23:43:07.3805807Z             '{"num_speculative_tokens": 2, "method":"deepseek_mtp"}',
2026-02-19T23:43:07.3806207Z             "--additional-config",
2026-02-19T23:43:07.3806556Z             '{"layer_sharding": ["q_b_proj", "o_proj"]}',
2026-02-19T23:43:07.3809252Z             "--reasoning-parser", "deepseek_v3", "--tokenizer_mode", "deepseek_v32"
2026-02-19T23:43:07.3809806Z         ]
2026-02-19T23:43:07.3810061Z         request_keyword_args: dict[str, Any] = {
2026-02-19T23:43:07.3810393Z             **api_keyword_args,
2026-02-19T23:43:07.3810669Z         }
2026-02-19T23:43:07.3810898Z >       with RemoteOpenAIServer(model,
2026-02-19T23:43:07.3811230Z                                 server_args,
2026-02-19T23:43:07.3811633Z                                 server_port=port,
2026-02-19T23:43:07.3811981Z                                 env_dict=env_dict,
2026-02-19T23:43:07.3812330Z                                 auto_port=False) as server:
2026-02-19T23:43:07.3812590Z 
2026-02-19T23:43:07.3812809Z tests/e2e/nightly/single_node/models/test_deepseek_v3_2_w8a8.py:95: 
2026-02-19T23:43:07.3813308Z _ _ _ _ _ _ _ _ _ _ _ _ _ _ _ _ _ _ _ _ _ _ _ _ _ _ _ _ _ _ _ _ _ _ _ _ _ _ _ _ 
2026-02-19T23:43:07.3813699Z tests/e2e/conftest.py:306: in __init__
2026-02-19T23:43:07.3814041Z     self._wait_for_multiple_servers(
2026-02-19T23:43:07.3814405Z _ _ _ _ _ _ _ _ _ _ _ _ _ _ _ _ _ _ _ _ _ _ _ _ _ _ _ _ _ _ _ _ _ _ _ _ _ _ _ _ 
2026-02-19T23:43:07.3814698Z 
2026-02-19T23:43:07.3815068Z self = <tests.e2e.conftest.RemoteOpenAIServer object at 0xffff013e43d0>
2026-02-19T23:43:07.3815672Z targets = [('0.0.0.0', 'http://0.0.0.0:58153/health')], timeout = 2800
2026-02-19T23:43:07.3816088Z log_interval = 30.0
2026-02-19T23:43:07.3816230Z 
2026-02-19T23:43:07.3816357Z     def _wait_for_multiple_servers(self,
2026-02-19T23:43:07.3816664Z                                    targets,
2026-02-19T23:43:07.3816984Z                                    timeout: float,
2026-02-19T23:43:07.3817335Z                                    log_interval: float = 30.0):
2026-02-19T23:43:07.3817672Z         """
2026-02-19T23:43:07.3817893Z         targets: List[(node_ip, url)]
2026-02-19T23:43:07.3818192Z         log_interval
2026-02-19T23:43:07.3818414Z         """
2026-02-19T23:43:07.3818878Z         start = time.time()
2026-02-19T23:43:07.3819151Z         client = requests
2026-02-19T23:43:07.3819392Z     
2026-02-19T23:43:07.3819658Z         ready = {node_ip: False for node_ip, _ in targets}
2026-02-19T23:43:07.3819989Z     
2026-02-19T23:43:07.3820198Z         last_log_time = 0.0
2026-02-19T23:43:07.3820439Z     
2026-02-19T23:43:07.3820659Z         while True:
2026-02-19T23:43:07.3820975Z             now = time.time()
2026-02-19T23:43:07.3821240Z             all_ready = True
2026-02-19T23:43:07.3821668Z             should_log = (now - last_log_time) >= log_interval
2026-02-19T23:43:07.3822014Z     
2026-02-19T23:43:07.3822238Z             for node_ip, url in targets:
2026-02-19T23:43:07.3822543Z                 if ready[node_ip]:
2026-02-19T23:43:07.3822833Z                     continue
2026-02-19T23:43:07.3823078Z     
2026-02-19T23:43:07.3823282Z                 try:
2026-02-19T23:43:07.3823530Z                     resp = client.get(url)
2026-02-19T23:43:07.3823864Z                     if resp.status_code == 200:
2026-02-19T23:43:07.3824216Z                         ready[node_ip] = True
2026-02-19T23:43:07.3824591Z                         logger.info(f"[READY] Node {node_ip} is ready.")
2026-02-19T23:43:07.3825079Z                 except RequestException:
2026-02-19T23:43:07.3825398Z                     all_ready = False
2026-02-19T23:43:07.3825702Z                     if should_log:
2026-02-19T23:43:07.3826048Z                         logger.debug(f"[WAIT] {url}: connection failed")
2026-02-19T23:43:07.3826419Z     
2026-02-19T23:43:07.3826626Z                     # check unexpected exit
2026-02-19T23:43:07.3826946Z                     result = self._poll()
2026-02-19T23:43:07.3827294Z                     if result is not None and result != 0:
2026-02-19T23:43:07.3827636Z >                       raise RuntimeError(
2026-02-19T23:43:07.3828008Z                             f"Server at {node_ip} exited unexpectedly."
2026-02-19T23:43:07.3828372Z                         ) from None
2026-02-19T23:43:07.3828874Z E                       RuntimeError: Server at 0.0.0.0 exited unexpectedly.
2026-02-19T23:43:07.3829181Z 
2026-02-19T23:43:07.3829296Z tests/e2e/conftest.py:399: RuntimeError
2026-02-19T23:43:07.3829727Z ------------------------------ Captured log call -------------------------------
2026-02-19T23:43:07.3832747Z INFO     tests.e2e.conftest:conftest.py:241 Starting server with command: vllm serve vllm-ascend/DeepSeek-V3.2-W8A8 --enable-expert-parallel --tensor-parallel-size 8 --data-parallel-size 2 --port 58153 --max-model-len 8192 --max-num-batched-tokens 8192 --max-num-seqs 4 --trust-remote-code --quantization ascend --gpu-memory-utilization 0.92 --compilation-config {"cudagraph_capture_sizes":[3, 6, 9, 12], "cudagraph_mode":"FULL_DECODE_ONLY"} --speculative-config {"num_speculative_tokens": 2, "method":"deepseek_mtp"} --additional-config {"layer_sharding": ["q_b_proj", "o_proj"]} --reasoning-parser deepseek_v3 --tokenizer_mode deepseek_v32
2026-02-19T23:43:07.3835699Z =============================== warnings summary ===============================
2026-02-19T23:43:07.3836105Z <frozen importlib._bootstrap>:241
2026-02-19T23:43:07.3836714Z   <frozen importlib._bootstrap>:241: DeprecationWarning: builtin type SwigPyPacked has no __module__ attribute
2026-02-19T23:43:07.3837223Z 
2026-02-19T23:43:07.3837348Z <frozen importlib._bootstrap>:241
2026-02-19T23:43:07.3837921Z   <frozen importlib._bootstrap>:241: DeprecationWarning: builtin type SwigPyObject has no __module__ attribute
2026-02-19T23:43:07.3838423Z 
2026-02-19T23:43:07.3838837Z ../../usr/local/python3.11.14/lib/python3.11/site-packages/transformers/models/auto/image_processing_auto.py:647
2026-02-19T23:43:07.3840434Z   /usr/local/python3.11.14/lib/python3.11/site-packages/transformers/models/auto/image_processing_auto.py:647: FutureWarning: The image_processor_class argument is deprecated and will be removed in v4.42. Please use `slow_image_processor_class`, or `fast_image_processor_class` instead
2026-02-19T23:43:07.3841800Z     warnings.warn(
2026-02-19T23:43:07.3842048Z 
2026-02-19T23:43:07.3842392Z ../../usr/local/python3.11.14/lib/python3.11/site-packages/torch_npu/dynamo/torchair/__init__.py:8
2026-02-19T23:43:07.3843665Z   /usr/local/python3.11.14/lib/python3.11/site-packages/torch_npu/dynamo/torchair/__init__.py:8: DeprecationWarning: pkg_resources is deprecated as an API. See https://setuptools.pypa.io/en/latest/pkg_resources.html
2026-02-19T23:43:07.3844704Z     import pkg_resources
2026-02-19T23:43:07.3844936Z 
2026-02-19T23:43:07.3845188Z -- Docs: https://docs.pytest.org/en/stable/how-to/capture-warnings.html
2026-02-19T23:43:07.3845704Z =========================== short test summary info ============================
2026-02-19T23:43:07.3846710Z FAILED tests/e2e/nightly/single_node/models/test_deepseek_v3_2_w8a8.py::test_models[2-8-vllm-ascend/DeepSeek-V3.2-W8A8] - RuntimeError: Server at 0.0.0.0 exited unexpectedly.
2026-02-19T23:43:07.3847640Z ======================== 1 failed, 4 warnings in 15.56s ========================
2026-02-19T23:43:09.2774739Z ##[error]Error: failed to run script step: Error: command terminated with non-zero exit code: command terminated with exit code 1
2026-02-19T23:43:09.2839874Z ##[error]Process completed with exit code 1.
2026-02-19T23:43:09.2931403Z ##[error]Executing the custom container implementation failed. Please contact your self hosted runner administrator.
2026-02-19T23:43:09.2990262Z ##[group]Run '/home/runner/k8s/index.js'
2026-02-19T23:43:09.2991350Z shell: /home/runner/externals/node20/bin/node {0}
2026-02-19T23:43:09.2991791Z ##[endgroup]
2026-02-19T23:43:09.9118749Z Cleaning up orphan processes
