# Run ID: 22280686910
# Commit: f0caeeadcb37261beebd4a6e32934fa9f460db98
# Job: single-node (deepseek3_2-w8a8, linux-aarch64-a3-16, tests/e2e/nightly/single_node/models/test_dee... / tests/e2e/nightly/single_node/models/test_deepseek_v3_2_w8a8.py
# Date: 2026-02-22
============================================================

ï»¿2026-02-22T21:20:25.2841573Z Current runner version: '2.330.0'
2026-02-22T21:20:25.2849264Z Runner name: 'linux-aarch64-a3-16-jl5bl-runner-q9kvm'
2026-02-22T21:20:25.2850365Z Runner group name: 'Default'
2026-02-22T21:20:25.2851458Z Machine name: 'linux-aarch64-a3-16-jl5bl-runner-q9kvm'
2026-02-22T21:20:25.2857529Z ##[group]GITHUB_TOKEN Permissions
2026-02-22T21:20:25.2860409Z Actions: write
2026-02-22T21:20:25.2861083Z ArtifactMetadata: write
2026-02-22T21:20:25.2861748Z Attestations: write
2026-02-22T21:20:25.2862363Z Checks: write
2026-02-22T21:20:25.2863029Z Contents: write
2026-02-22T21:20:25.2863632Z Deployments: write
2026-02-22T21:20:25.2864183Z Discussions: write
2026-02-22T21:20:25.2864780Z Issues: write
2026-02-22T21:20:25.2865482Z Metadata: read
2026-02-22T21:20:25.2866058Z Models: read
2026-02-22T21:20:25.2866647Z Packages: write
2026-02-22T21:20:25.2867243Z Pages: write
2026-02-22T21:20:25.2867766Z PullRequests: write
2026-02-22T21:20:25.2868370Z RepositoryProjects: write
2026-02-22T21:20:25.2869269Z SecurityEvents: write
2026-02-22T21:20:25.2870016Z Statuses: write
2026-02-22T21:20:25.2870565Z ##[endgroup]
2026-02-22T21:20:25.2873395Z Secret source: Actions
2026-02-22T21:20:25.2874194Z Prepare workflow directory
2026-02-22T21:20:25.3914310Z Prepare all required actions
2026-02-22T21:20:25.4010166Z Uses: vllm-project/vllm-ascend/.github/workflows/_e2e_nightly_single_node.yaml@refs/heads/main (f0caeeadcb37261beebd4a6e32934fa9f460db98)
2026-02-22T21:20:25.4016465Z ##[group] Inputs
2026-02-22T21:20:25.4017129Z   runner: linux-aarch64-a3-16
2026-02-22T21:20:25.4018181Z   image: swr.cn-southwest-2.myhuaweicloud.com/base_image/ascend-ci/vllm-ascend:nightly-a3
2026-02-22T21:20:25.4019417Z   tests: tests/e2e/nightly/single_node/models/test_deepseek_v3_2_w8a8.py
2026-02-22T21:20:25.4020365Z   name: deepseek3_2-w8a8
2026-02-22T21:20:25.4020968Z ##[endgroup]
2026-02-22T21:20:25.4022640Z Complete job name: single-node (deepseek3_2-w8a8, linux-aarch64-a3-16, tests/e2e/nightly/single_node/models/test_dee... / tests/e2e/nightly/single_node/models/test_deepseek_v3_2_w8a8.py
2026-02-22T21:20:25.4825699Z ##[group]Run '/home/runner/k8s/index.js'
2026-02-22T21:20:25.4836291Z shell: /home/runner/externals/node20/bin/node {0}
2026-02-22T21:20:25.4837501Z ##[endgroup]
2026-02-22T21:21:37.4563043Z (node:55) [DEP0005] DeprecationWarning: Buffer() is deprecated due to security and usability issues. Please use the Buffer.alloc(), Buffer.allocUnsafe(), or Buffer.from() methods instead.
2026-02-22T21:21:37.4564311Z (Use `node --trace-deprecation ...` to show where the warning was created)
2026-02-22T21:21:37.9625576Z ##[group]Run npu-smi info
2026-02-22T21:21:37.9626050Z [36;1mnpu-smi info[0m
2026-02-22T21:21:37.9626667Z [36;1mcat /usr/local/Ascend/ascend-toolkit/latest/"$(uname -i)"-linux/ascend_toolkit_install.info[0m
2026-02-22T21:21:37.9627580Z shell: bash -el {0}
2026-02-22T21:21:37.9627870Z env:
2026-02-22T21:21:37.9628140Z   HF_HUB_OFFLINE: 1
2026-02-22T21:21:37.9628434Z   VLLM_USE_MODELSCOPE: true
2026-02-22T21:21:37.9628762Z ##[endgroup]
2026-02-22T21:21:37.9776579Z ##[group]Run '/home/runner/k8s/index.js'
2026-02-22T21:21:37.9777803Z shell: /home/runner/externals/node20/bin/node {0}
2026-02-22T21:21:37.9778222Z ##[endgroup]
2026-02-22T21:21:38.5673397Z (node:92) [DEP0005] DeprecationWarning: Buffer() is deprecated due to security and usability issues. Please use the Buffer.alloc(), Buffer.allocUnsafe(), or Buffer.from() methods instead.
2026-02-22T21:21:38.5674679Z (Use `node --trace-deprecation ...` to show where the warning was created)
2026-02-22T21:21:40.9578288Z +------------------------------------------------------------------------------------------------+
2026-02-22T21:21:40.9579069Z | npu-smi 25.5.0                   Version: 25.5.0                                               |
2026-02-22T21:21:40.9579737Z +---------------------------+---------------+----------------------------------------------------+
2026-02-22T21:21:40.9580422Z | NPU   Name                | Health        | Power(W)    Temp(C)           Hugepages-Usage(page)|
2026-02-22T21:21:40.9581737Z | Chip  Phy-ID              | Bus-Id        | AICore(%)   Memory-Usage(MB)  HBM-Usage(MB)        |
2026-02-22T21:21:40.9582335Z +===========================+===============+====================================================+
2026-02-22T21:21:40.9583012Z | 0     Ascend910           | OK            | 161.2       36                0    / 0             |
2026-02-22T21:21:40.9583601Z | 0     0                   | 0000:9D:00.0  | 0           0    / 0          3157 / 65536         |
2026-02-22T21:21:40.9584218Z +------------------------------------------------------------------------------------------------+
2026-02-22T21:21:40.9585078Z | 0     Ascend910           | OK            | -           34                0    / 0             |
2026-02-22T21:21:40.9585657Z | 1     1                   | 0000:9F:00.0  | 0           0    / 0          2900 / 65536         |
2026-02-22T21:21:40.9586182Z +===========================+===============+====================================================+
2026-02-22T21:21:40.9586751Z | 1     Ascend910           | OK            | 162.7       36                0    / 0             |
2026-02-22T21:21:40.9587359Z | 0     2                   | 0000:99:00.0  | 0           0    / 0          3165 / 65536         |
2026-02-22T21:21:40.9587979Z +------------------------------------------------------------------------------------------------+
2026-02-22T21:21:40.9588659Z | 1     Ascend910           | OK            | -           36                0    / 0             |
2026-02-22T21:21:40.9589234Z | 1     3                   | 0000:9B:00.0  | 0           0    / 0          2887 / 65536         |
2026-02-22T21:21:40.9589762Z +===========================+===============+====================================================+
2026-02-22T21:21:40.9590319Z | 2     Ascend910           | OK            | 162.7       36                0    / 0             |
2026-02-22T21:21:40.9590877Z | 0     4                   | 0000:95:00.0  | 0           0    / 0          3151 / 65536         |
2026-02-22T21:21:40.9591488Z +------------------------------------------------------------------------------------------------+
2026-02-22T21:21:40.9592094Z | 2     Ascend910           | OK            | -           36                0    / 0             |
2026-02-22T21:21:40.9592776Z | 1     5                   | 0000:97:00.0  | 0           0    / 0          2898 / 65536         |
2026-02-22T21:21:40.9593313Z +===========================+===============+====================================================+
2026-02-22T21:21:40.9594060Z | 3     Ascend910           | OK            | 168.9       37                0    / 0             |
2026-02-22T21:21:40.9594641Z | 0     6                   | 0000:91:00.0  | 0           0    / 0          3162 / 65536         |
2026-02-22T21:21:40.9595312Z +------------------------------------------------------------------------------------------------+
2026-02-22T21:21:40.9595950Z | 3     Ascend910           | OK            | -           35                0    / 0             |
2026-02-22T21:21:40.9596524Z | 1     7                   | 0000:93:00.0  | 0           0    / 0          2887 / 65536         |
2026-02-22T21:21:40.9597060Z +===========================+===============+====================================================+
2026-02-22T21:21:40.9597624Z | 4     Ascend910           | OK            | 166.0       36                0    / 0             |
2026-02-22T21:21:40.9598186Z | 0     8                   | 0000:8D:00.0  | 0           0    / 0          3154 / 65536         |
2026-02-22T21:21:40.9598789Z +------------------------------------------------------------------------------------------------+
2026-02-22T21:21:40.9599405Z | 4     Ascend910           | OK            | -           35                0    / 0             |
2026-02-22T21:21:40.9599959Z | 1     9                   | 0000:8F:00.0  | 0           0    / 0          2898 / 65536         |
2026-02-22T21:21:40.9600485Z +===========================+===============+====================================================+
2026-02-22T21:21:40.9601144Z | 5     Ascend910           | OK            | 161.5       34                0    / 0             |
2026-02-22T21:21:40.9601726Z | 0     10                  | 0000:89:00.0  | 0           0    / 0          3150 / 65536         |
2026-02-22T21:21:40.9602321Z +------------------------------------------------------------------------------------------------+
2026-02-22T21:21:40.9603029Z | 5     Ascend910           | OK            | -           35                0    / 0             |
2026-02-22T21:21:40.9603610Z | 1     11                  | 0000:8B:00.0  | 0           0    / 0          2899 / 65536         |
2026-02-22T21:21:41.2635192Z +===========================+===============+====================================================+
2026-02-22T21:21:41.2635848Z | 6     Ascend910           | OK            | 161.4       36                0    / 0             |
2026-02-22T21:21:41.2636413Z | 0     12                  | 0000:85:00.0  | 0           0    / 0          3154 / 65536         |
2026-02-22T21:21:41.2637013Z +------------------------------------------------------------------------------------------------+
2026-02-22T21:21:41.2637618Z | 6     Ascend910           | OK            | -           34                0    / 0             |
2026-02-22T21:21:41.2638146Z | 1     13                  | 0000:87:00.0  | 0           0    / 0          2897 / 65536         |
2026-02-22T21:21:41.2638646Z +===========================+===============+====================================================+
2026-02-22T21:21:41.2639183Z | 7     Ascend910           | OK            | 163.7       36                0    / 0             |
2026-02-22T21:21:41.2639716Z | 0     14                  | 0000:81:00.0  | 0           0    / 0          3160 / 65536         |
2026-02-22T21:21:41.2640291Z +------------------------------------------------------------------------------------------------+
2026-02-22T21:21:41.2640867Z | 7     Ascend910           | OK            | -           36                0    / 0             |
2026-02-22T21:21:41.2641410Z | 1     15                  | 0000:83:00.0  | 0           0    / 0          2889 / 65536         |
2026-02-22T21:21:41.2641910Z +===========================+===============+====================================================+
2026-02-22T21:21:41.2642442Z +---------------------------+---------------+----------------------------------------------------+
2026-02-22T21:21:41.2643199Z | NPU     Chip              | Process id    | Process name             | Process memory(MB)      |
2026-02-22T21:21:41.2644010Z +===========================+===============+====================================================+
2026-02-22T21:21:41.2644598Z | No running processes found in NPU 0                                                            |
2026-02-22T21:21:41.2645245Z +===========================+===============+====================================================+
2026-02-22T21:21:41.2645803Z | No running processes found in NPU 1                                                            |
2026-02-22T21:21:41.2646378Z +===========================+===============+====================================================+
2026-02-22T21:21:41.2646932Z | No running processes found in NPU 2                                                            |
2026-02-22T21:21:41.2647500Z +===========================+===============+====================================================+
2026-02-22T21:21:41.2648056Z | No running processes found in NPU 3                                                            |
2026-02-22T21:21:41.2648639Z +===========================+===============+====================================================+
2026-02-22T21:21:41.2649209Z | No running processes found in NPU 4                                                            |
2026-02-22T21:21:41.2649759Z +===========================+===============+====================================================+
2026-02-22T21:21:41.2650450Z | No running processes found in NPU 5                                                            |
2026-02-22T21:21:41.2651153Z +===========================+===============+====================================================+
2026-02-22T21:21:41.2651713Z | No running processes found in NPU 6                                                            |
2026-02-22T21:21:41.2652352Z +===========================+===============+====================================================+
2026-02-22T21:21:41.2653038Z | No running processes found in NPU 7                                                            |
2026-02-22T21:21:41.2653615Z +===========================+===============+====================================================+
2026-02-22T21:21:41.2681843Z package_name=Ascend-cann-toolkit
2026-02-22T21:21:41.2682159Z version=8.5.0
2026-02-22T21:21:41.2682414Z innerversion=V100R001C25SPC001B232
2026-02-22T21:21:41.2683057Z compatible_version=[V100R001C15],[V100R001C18],[V100R001C19],[V100R001C20],[V100R001C21],[V100R001C23]
2026-02-22T21:21:41.2683622Z arch=aarch64
2026-02-22T21:21:41.2683827Z os=linux
2026-02-22T21:21:41.2684066Z path=/usr/local/Ascend/cann-8.5.0
2026-02-22T21:21:41.6863738Z ##[group]Run echo "Installed vLLM-related Python packages:"
2026-02-22T21:21:41.6864319Z [36;1mecho "Installed vLLM-related Python packages:"[0m
2026-02-22T21:21:41.6864808Z [36;1mpip list | grep vllm || echo "No vllm packages found."[0m
2026-02-22T21:21:41.6865308Z [36;1m[0m
2026-02-22T21:21:41.6865518Z [36;1mecho ""[0m
2026-02-22T21:21:41.6865756Z [36;1mecho "============================"[0m
2026-02-22T21:21:41.6866098Z [36;1mecho "vLLM Git information"[0m
2026-02-22T21:21:41.6866410Z [36;1mecho "============================"[0m
2026-02-22T21:21:41.6866723Z [36;1mcd vllm[0m
2026-02-22T21:21:41.6866962Z [36;1mif [ -d .git ]; then[0m
2026-02-22T21:21:41.6867322Z [36;1m  echo "Branch:      $(git rev-parse --abbrev-ref HEAD)"[0m
2026-02-22T21:21:41.6867787Z [36;1m  echo "Commit hash: $(git rev-parse HEAD)"[0m
2026-02-22T21:21:41.6868240Z [36;1m  echo "Author:      $(git log -1 --pretty=format:'%an <%ae>')"[0m
2026-02-22T21:21:41.6868845Z [36;1m  echo "Date:        $(git log -1 --pretty=format:'%ad' --date=iso)"[0m
2026-02-22T21:21:41.6869363Z [36;1m  echo "Message:     $(git log -1 --pretty=format:'%s')"[0m
2026-02-22T21:21:41.6869870Z [36;1m  echo "Tags:        $(git tag --points-at HEAD || echo 'None')"[0m
2026-02-22T21:21:41.6870351Z [36;1m  echo "Remote:      $(git remote -v | head -n1)"[0m
2026-02-22T21:21:41.6870827Z [36;1m  echo ""[0m
2026-02-22T21:21:41.6871152Z [36;1melse[0m
2026-02-22T21:21:41.6871497Z [36;1m  echo "No .git directory found in vllm"[0m
2026-02-22T21:21:41.6871955Z [36;1mfi[0m
2026-02-22T21:21:41.6872250Z [36;1mcd ..[0m
2026-02-22T21:21:41.6872633Z [36;1m[0m
2026-02-22T21:21:41.6872940Z [36;1mecho ""[0m
2026-02-22T21:21:41.6873241Z [36;1mecho "============================"[0m
2026-02-22T21:21:41.6873699Z [36;1mecho "vLLM-Ascend Git information"[0m
2026-02-22T21:21:41.6874141Z [36;1mecho "============================"[0m
2026-02-22T21:21:41.6874514Z [36;1mcd vllm-ascend[0m
2026-02-22T21:21:41.6875040Z [36;1mif [ -d .git ]; then[0m
2026-02-22T21:21:41.6875454Z [36;1m  echo "Branch:      $(git rev-parse --abbrev-ref HEAD)"[0m
2026-02-22T21:21:41.6876024Z [36;1m  echo "Commit hash: $(git rev-parse HEAD)"[0m
2026-02-22T21:21:41.6876551Z [36;1m  echo "Author:      $(git log -1 --pretty=format:'%an <%ae>')"[0m
2026-02-22T21:21:41.6877173Z [36;1m  echo "Date:        $(git log -1 --pretty=format:'%ad' --date=iso)"[0m
2026-02-22T21:21:41.6877806Z [36;1m  echo "Message:     $(git log -1 --pretty=format:'%s')"[0m
2026-02-22T21:21:41.6878367Z [36;1m  echo "Tags:        $(git tag --points-at HEAD || echo 'None')"[0m
2026-02-22T21:21:41.6878943Z [36;1m  echo "Remote:      $(git remote -v | head -n1)"[0m
2026-02-22T21:21:41.6879379Z [36;1m  echo ""[0m
2026-02-22T21:21:41.6879712Z [36;1melse[0m
2026-02-22T21:21:41.6880084Z [36;1m  echo "No .git directory found in vllm-ascend"[0m
2026-02-22T21:21:41.6880513Z [36;1mfi[0m
2026-02-22T21:21:41.6880822Z [36;1mcd ..[0m
2026-02-22T21:21:41.6881429Z shell: bash -el {0}
2026-02-22T21:21:41.6881792Z env:
2026-02-22T21:21:41.6882055Z   HF_HUB_OFFLINE: 1
2026-02-22T21:21:41.6882369Z   VLLM_USE_MODELSCOPE: true
2026-02-22T21:21:41.6882821Z ##[endgroup]
2026-02-22T21:21:41.7006117Z ##[group]Run '/home/runner/k8s/index.js'
2026-02-22T21:21:41.7007173Z shell: /home/runner/externals/node20/bin/node {0}
2026-02-22T21:21:41.7007535Z ##[endgroup]
2026-02-22T21:21:42.2403756Z (node:126) [DEP0005] DeprecationWarning: Buffer() is deprecated due to security and usability issues. Please use the Buffer.alloc(), Buffer.allocUnsafe(), or Buffer.from() methods instead.
2026-02-22T21:21:42.2404968Z (Use `node --trace-deprecation ...` to show where the warning was created)
2026-02-22T21:21:43.0395444Z Installed vLLM-related Python packages:
2026-02-22T21:21:43.8163075Z ais_bench_benchmark               3.0.20250930                /vllm-workspace/vllm-ascend/benchmark
2026-02-22T21:21:43.8163725Z vllm                              0.15.0+empty                /vllm-workspace/vllm
2026-02-22T21:21:43.8164995Z vllm_ascend                       0.14.0rc2.dev171+gf0caeeadc /vllm-workspace/vllm-ascend
2026-02-22T21:21:43.8165402Z 
2026-02-22T21:21:43.8165509Z ============================
2026-02-22T21:21:43.8165776Z vLLM Git information
2026-02-22T21:21:43.8166020Z ============================
2026-02-22T21:21:43.8321170Z Branch:      HEAD
2026-02-22T21:21:43.8341485Z Commit hash: f176443446f659dbab5315e056e605d8984fd976
2026-02-22T21:21:43.8383725Z Author:      TJian <tunjian.tan@embeddedllm.com>
2026-02-22T21:21:43.8406179Z Date:        2026-01-29 14:45:42 +0800
2026-02-22T21:21:43.8428833Z Message:     [Release] [CI] Optim release pipeline (#33156)
2026-02-22T21:21:43.8450855Z Tags:        v0.15.0
2026-02-22T21:21:43.8479031Z Remote:      origin	https://gh-proxy.test.osinfra.cn/https://github.com/vllm-project/vllm.git (fetch)
2026-02-22T21:21:43.8479955Z 
2026-02-22T21:21:43.8479967Z 
2026-02-22T21:21:43.8480140Z ============================
2026-02-22T21:21:43.8480667Z vLLM-Ascend Git information
2026-02-22T21:21:43.8481178Z ============================
2026-02-22T21:21:43.8504268Z Branch:      main
2026-02-22T21:21:43.8524707Z Commit hash: f0caeeadcb37261beebd4a6e32934fa9f460db98
2026-02-22T21:21:43.8549047Z Author:      Nengjun Ma <nengjunma@outlook.com>
2026-02-22T21:21:43.8573106Z Date:        2026-02-14 18:54:04 +0800
2026-02-22T21:21:43.8606480Z Message:     [CI] unlock when load model (#6771)
2026-02-22T21:21:43.8646560Z Tags:        
2026-02-22T21:21:43.8658923Z Remote:      origin	https://gh-proxy.test.osinfra.cn/https://github.com/vllm-project/vllm-ascend (fetch)
2026-02-22T21:21:43.8659520Z 
2026-02-22T21:21:44.2848492Z ##[group]Run apt-get update && apt-get -y install clang-15
2026-02-22T21:21:44.2849025Z [36;1mapt-get update && apt-get -y install clang-15[0m
2026-02-22T21:21:44.2849576Z [36;1mupdate-alternatives --install /usr/bin/clang clang /usr/bin/clang-15 20[0m
2026-02-22T21:21:44.2850280Z [36;1mupdate-alternatives --install /usr/bin/clang++ clang++ /usr/bin/clang++-15 20[0m
2026-02-22T21:21:44.2850960Z shell: bash -l {0}
2026-02-22T21:21:44.2851180Z env:
2026-02-22T21:21:44.2851391Z   HF_HUB_OFFLINE: 1
2026-02-22T21:21:44.2851625Z   VLLM_USE_MODELSCOPE: true
2026-02-22T21:21:44.2851896Z ##[endgroup]
2026-02-22T21:21:44.2959481Z ##[group]Run '/home/runner/k8s/index.js'
2026-02-22T21:21:44.2961038Z shell: /home/runner/externals/node20/bin/node {0}
2026-02-22T21:21:44.2961387Z ##[endgroup]
2026-02-22T21:21:44.8442343Z (node:168) [DEP0005] DeprecationWarning: Buffer() is deprecated due to security and usability issues. Please use the Buffer.alloc(), Buffer.allocUnsafe(), or Buffer.from() methods instead.
2026-02-22T21:21:44.8443607Z (Use `node --trace-deprecation ...` to show where the warning was created)
2026-02-22T21:21:46.4986835Z Get:1 http://ports.ubuntu.com/ubuntu-ports jammy InRelease [270 kB]
2026-02-22T21:21:47.7824015Z Get:2 http://ports.ubuntu.com/ubuntu-ports jammy-updates InRelease [128 kB]
2026-02-22T21:21:48.1029697Z Get:3 http://ports.ubuntu.com/ubuntu-ports jammy-backports InRelease [127 kB]
2026-02-22T21:21:48.4214945Z Get:4 http://ports.ubuntu.com/ubuntu-ports jammy-security InRelease [129 kB]
2026-02-22T21:21:48.7429993Z Get:5 http://ports.ubuntu.com/ubuntu-ports jammy/restricted arm64 Packages [24.2 kB]
2026-02-22T21:21:48.7656459Z Get:6 http://ports.ubuntu.com/ubuntu-ports jammy/multiverse arm64 Packages [224 kB]
2026-02-22T21:21:48.9082481Z Get:7 http://ports.ubuntu.com/ubuntu-ports jammy/main arm64 Packages [1758 kB]
2026-02-22T21:21:49.5130797Z Get:8 http://ports.ubuntu.com/ubuntu-ports jammy/universe arm64 Packages [17.2 MB]
2026-02-22T21:21:50.8763010Z Get:9 http://ports.ubuntu.com/ubuntu-ports jammy-updates/universe arm64 Packages [1654 kB]
2026-02-22T21:21:51.0057888Z Get:10 http://ports.ubuntu.com/ubuntu-ports jammy-updates/main arm64 Packages [3841 kB]
2026-02-22T21:21:51.2939279Z Get:11 http://ports.ubuntu.com/ubuntu-ports jammy-updates/multiverse arm64 Packages [47.7 kB]
2026-02-22T21:21:51.2965530Z Get:12 http://ports.ubuntu.com/ubuntu-ports jammy-updates/restricted arm64 Packages [6534 kB]
2026-02-22T21:21:51.7884750Z Get:13 http://ports.ubuntu.com/ubuntu-ports jammy-backports/main arm64 Packages [83.5 kB]
2026-02-22T21:21:51.7934238Z Get:14 http://ports.ubuntu.com/ubuntu-ports jammy-backports/universe arm64 Packages [35.3 kB]
2026-02-22T21:21:51.7959690Z Get:15 http://ports.ubuntu.com/ubuntu-ports jammy-security/restricted arm64 Packages [6342 kB]
2026-02-22T21:21:52.2744289Z Get:16 http://ports.ubuntu.com/ubuntu-ports jammy-security/universe arm64 Packages [1351 kB]
2026-02-22T21:21:52.3763944Z Get:17 http://ports.ubuntu.com/ubuntu-ports jammy-security/main arm64 Packages [3522 kB]
2026-02-22T21:21:52.6404456Z Get:18 http://ports.ubuntu.com/ubuntu-ports jammy-security/multiverse arm64 Packages [41.2 kB]
2026-02-22T21:21:52.7831964Z Fetched 43.3 MB in 7s (6168 kB/s)
2026-02-22T21:21:53.6642966Z Reading package lists...
2026-02-22T21:21:54.5974679Z Reading package lists...
2026-02-22T21:21:54.7928055Z Building dependency tree...
2026-02-22T21:21:54.7928887Z Reading state information...
2026-02-22T21:21:55.0305024Z clang-15 is already the newest version (1:15.0.7-0ubuntu0.22.04.3).
2026-02-22T21:21:55.0305806Z The following packages were automatically installed and are no longer required:
2026-02-22T21:21:55.0308412Z   autoconf automake autotools-dev file javascript-common libboost-atomic-dev
2026-02-22T21:21:55.0309087Z   libboost-atomic1.74-dev libboost-atomic1.74.0 libboost-chrono-dev
2026-02-22T21:21:55.0309683Z   libboost-chrono1.74-dev libboost-chrono1.74.0 libboost-container-dev
2026-02-22T21:21:55.0310811Z   libboost-container1.74-dev libboost-container1.74.0 libboost-context-dev
2026-02-22T21:21:55.0311599Z   libboost-context1.74-dev libboost-context1.74.0 libboost-coroutine-dev
2026-02-22T21:21:55.0312225Z   libboost-coroutine1.74-dev libboost-coroutine1.74.0 libboost-date-time-dev
2026-02-22T21:21:55.0312949Z   libboost-date-time1.74-dev libboost-date-time1.74.0 libboost-dev
2026-02-22T21:21:55.0313551Z   libboost-exception-dev libboost-exception1.74-dev libboost-fiber-dev
2026-02-22T21:21:55.0314158Z   libboost-fiber1.74-dev libboost-fiber1.74.0 libboost-filesystem-dev
2026-02-22T21:21:55.0314779Z   libboost-filesystem1.74-dev libboost-filesystem1.74.0 libboost-graph-dev
2026-02-22T21:21:55.0315528Z   libboost-graph-parallel-dev libboost-graph-parallel1.74-dev
2026-02-22T21:21:55.0316142Z   libboost-graph-parallel1.74.0 libboost-graph1.74-dev libboost-graph1.74.0
2026-02-22T21:21:55.0316807Z   libboost-iostreams-dev libboost-iostreams1.74-dev libboost-iostreams1.74.0
2026-02-22T21:21:55.0317447Z   libboost-locale-dev libboost-locale1.74-dev libboost-locale1.74.0
2026-02-22T21:21:55.0318056Z   libboost-log-dev libboost-log1.74-dev libboost-log1.74.0 libboost-math-dev
2026-02-22T21:21:55.0318653Z   libboost-math1.74-dev libboost-math1.74.0 libboost-mpi1.74.0
2026-02-22T21:21:55.0319205Z   libboost-nowide-dev libboost-nowide1.74-dev libboost-nowide1.74.0
2026-02-22T21:21:55.0319760Z   libboost-numpy-dev libboost-numpy1.74-dev libboost-numpy1.74.0
2026-02-22T21:21:55.0320532Z   libboost-program-options-dev libboost-program-options1.74-dev
2026-02-22T21:21:55.0321235Z   libboost-program-options1.74.0 libboost-python-dev libboost-python1.74-dev
2026-02-22T21:21:55.0321875Z   libboost-python1.74.0 libboost-random-dev libboost-random1.74-dev
2026-02-22T21:21:55.0322435Z   libboost-random1.74.0 libboost-regex-dev libboost-regex1.74-dev
2026-02-22T21:21:55.0323037Z   libboost-regex1.74.0 libboost-serialization-dev
2026-02-22T21:21:55.0323521Z   libboost-serialization1.74-dev libboost-serialization1.74.0
2026-02-22T21:21:55.0324015Z   libboost-stacktrace-dev libboost-stacktrace1.74-dev
2026-02-22T21:21:55.0324557Z   libboost-stacktrace1.74.0 libboost-system-dev libboost-system1.74-dev
2026-02-22T21:21:55.0325199Z   libboost-system1.74.0 libboost-test-dev libboost-test1.74-dev
2026-02-22T21:21:55.0325744Z   libboost-test1.74.0 libboost-thread-dev libboost-thread1.74-dev
2026-02-22T21:21:55.0326283Z   libboost-thread1.74.0 libboost-timer-dev libboost-timer1.74-dev
2026-02-22T21:21:55.0326856Z   libboost-timer1.74.0 libboost-tools-dev libboost-type-erasure-dev
2026-02-22T21:21:55.0327489Z   libboost-type-erasure1.74-dev libboost-type-erasure1.74.0 libboost-wave-dev
2026-02-22T21:21:55.0328079Z   libboost-wave1.74-dev libboost-wave1.74.0 libboost1.74-dev
2026-02-22T21:21:55.0328650Z   libboost1.74-tools-dev libcaf-openmpi-3 libcoarrays-dev libevent-2.1-7
2026-02-22T21:21:55.0329274Z   libevent-core-2.1-7 libevent-dev libevent-extra-2.1-7 libevent-openssl-2.1-7
2026-02-22T21:21:55.0329927Z   libevent-pthreads-2.1-7 libhwloc-dev libjs-jquery libjs-jquery-ui
2026-02-22T21:21:55.0330542Z   libjs-sphinxdoc libjs-underscore libltdl-dev libltdl7 libmagic-mgc libmagic1
2026-02-22T21:21:55.0331158Z   libopenmpi3 libpmix-dev libpmix2 libsigsegv2 libtool libucx0 m4
2026-02-22T21:21:55.0331763Z   openmpi-common python3-dev python3-distutils python3-lib2to3 python3.10-dev
2026-02-22T21:21:55.0332262Z Use 'apt autoremove' to remove them.
2026-02-22T21:21:55.0617362Z 0 upgraded, 0 newly installed, 0 to remove and 10 not upgraded.
2026-02-22T21:21:55.5189414Z ##[group]Run # ignore test_dispatch_ffn_combine until the test is fixed
2026-02-22T21:21:55.5190041Z [36;1m# ignore test_dispatch_ffn_combine until the test is fixed[0m
2026-02-22T21:21:55.5190677Z [36;1mpytest -sv tests/e2e/nightly/single_node/models/test_deepseek_v3_2_w8a8.py \[0m
2026-02-22T21:21:55.5191397Z [36;1m--ignore=tests/e2e/nightly/single_node/ops/singlecard_ops/test_fused_moe.py[0m
2026-02-22T21:21:55.5192031Z shell: bash -el {0}
2026-02-22T21:21:55.5192269Z env:
2026-02-22T21:21:55.5192465Z   HF_HUB_OFFLINE: 1
2026-02-22T21:21:55.5192861Z   VLLM_USE_MODELSCOPE: true
2026-02-22T21:21:55.5193146Z   VLLM_WORKER_MULTIPROC_METHOD: spawn
2026-02-22T21:21:55.5193550Z   VLLM_CI_RUNNER: linux-aarch64-a3-16
2026-02-22T21:21:55.5194031Z   BENCHMARK_HOME: /vllm-workspace/vllm-ascend/benchmark
2026-02-22T21:21:55.5194411Z ##[endgroup]
2026-02-22T21:21:55.5362446Z ##[group]Run '/home/runner/k8s/index.js'
2026-02-22T21:21:55.5363809Z shell: /home/runner/externals/node20/bin/node {0}
2026-02-22T21:21:55.5364217Z ##[endgroup]
2026-02-22T21:21:56.0793402Z (node:225) [DEP0005] DeprecationWarning: Buffer() is deprecated due to security and usability issues. Please use the Buffer.alloc(), Buffer.allocUnsafe(), or Buffer.from() methods instead.
2026-02-22T21:21:56.0794564Z (Use `node --trace-deprecation ...` to show where the warning was created)
2026-02-22T21:22:06.4001355Z INFO 02-22 21:22:06 [__init__.py:43] Available plugins for group vllm.platform_plugins:
2026-02-22T21:22:06.4002033Z INFO 02-22 21:22:06 [__init__.py:45] - ascend -> vllm_ascend:register
2026-02-22T21:22:06.4002854Z INFO 02-22 21:22:06 [__init__.py:48] All plugins in this group will be loaded. Set `VLLM_PLUGINS` to control which plugins to load.
2026-02-22T21:22:06.6143699Z INFO 02-22 21:22:06 [__init__.py:217] Platform plugin ascend is activated
2026-02-22T21:22:11.9571524Z ============================= test session starts ==============================
2026-02-22T21:22:11.9572739Z platform linux -- Python 3.11.14, pytest-8.4.2, pluggy-1.6.0 -- /usr/local/python3.11.14/bin/python3
2026-02-22T21:22:11.9573455Z cachedir: .pytest_cache
2026-02-22T21:22:11.9573732Z rootdir: /vllm-workspace/vllm-ascend
2026-02-22T21:22:11.9574063Z configfile: pyproject.toml
2026-02-22T21:22:11.9574430Z plugins: asyncio-1.3.0, mock-3.15.1, cov-7.0.0, anyio-4.12.1
2026-02-22T21:22:11.9575276Z asyncio: mode=Mode.STRICT, debug=False, asyncio_default_fixture_loop_scope=None, asyncio_default_test_loop_scope=function
2026-02-22T21:22:12.2816568Z collecting ... collected 1 item
2026-02-22T21:22:12.2816851Z 
2026-02-22T21:22:12.2838293Z [2026-02-22 21:22:12] INFO conftest.py:241: Starting server with command: vllm serve vllm-ascend/DeepSeek-V3.2-W8A8 --enable-expert-parallel --tensor-parallel-size 8 --data-parallel-size 2 --port 39355 --max-model-len 8192 --max-num-batched-tokens 8192 --max-num-seqs 4 --trust-remote-code --quantization ascend --gpu-memory-utilization 0.92 --compilation-config {"cudagraph_capture_sizes":[3, 6, 9, 12], "cudagraph_mode":"FULL_DECODE_ONLY"} --speculative-config {"num_speculative_tokens": 2, "method":"deepseek_mtp"} --additional-config {"layer_sharding": ["q_b_proj", "o_proj"]} --reasoning-parser deepseek_v3 --tokenizer_mode deepseek_v32
2026-02-22T21:22:16.6223165Z tests/e2e/nightly/single_node/models/test_deepseek_v3_2_w8a8.py::test_models[2-8-vllm-ascend/DeepSeek-V3.2-W8A8] INFO 02-22 21:22:16 [__init__.py:43] Available plugins for group vllm.platform_plugins:
2026-02-22T21:22:16.6224329Z INFO 02-22 21:22:16 [__init__.py:45] - ascend -> vllm_ascend:register
2026-02-22T21:22:16.6225209Z INFO 02-22 21:22:16 [__init__.py:48] All plugins in this group will be loaded. Set `VLLM_PLUGINS` to control which plugins to load.
2026-02-22T21:22:16.6286835Z INFO 02-22 21:22:16 [__init__.py:217] Platform plugin ascend is activated
2026-02-22T21:22:22.3017425Z 2026-02-22 21:22:22,300 - 983 - vllmProfiler - INFO - VLLM_USE_V1 not set, auto-detected via vLLM 0.15.0+empty: default 1
2026-02-22T21:22:22.3253841Z INFO 02-22 21:22:22 [__init__.py:108] Registered model loader `<class 'vllm_ascend.model_loader.netloader.netloader.ModelNetLoaderElastic'>` with load format `netloader`
2026-02-22T21:22:22.4665464Z INFO 02-22 21:22:22 [serve.py:100] Defaulting api_server_count to data_parallel_size (2).
2026-02-22T21:22:22.4666056Z INFO 02-22 21:22:22 [utils.py:325] 
2026-02-22T21:22:22.4771746Z INFO 02-22 21:22:22 [utils.py:325]        â–ˆ     â–ˆ     â–ˆâ–„   â–„â–ˆ
2026-02-22T21:22:22.4774226Z INFO 02-22 21:22:22 [utils.py:325]  â–„â–„ â–„â–ˆ â–ˆ     â–ˆ     â–ˆ â–€â–„â–€ â–ˆ  version 0.15.0
2026-02-22T21:22:22.4775196Z INFO 02-22 21:22:22 [utils.py:325]   â–ˆâ–„â–ˆâ–€ â–ˆ     â–ˆ     â–ˆ     â–ˆ  model   vllm-ascend/DeepSeek-V3.2-W8A8
2026-02-22T21:22:22.4775893Z INFO 02-22 21:22:22 [utils.py:325]    â–€â–€  â–€â–€â–€â–€â–€ â–€â–€â–€â–€â–€ â–€     â–€
2026-02-22T21:22:22.4776280Z INFO 02-22 21:22:22 [utils.py:325] 
2026-02-22T21:22:22.4782949Z INFO 02-22 21:22:22 [utils.py:261] non-default args: {'model_tag': 'vllm-ascend/DeepSeek-V3.2-W8A8', 'api_server_count': 2, 'port': 39355, 'model': 'vllm-ascend/DeepSeek-V3.2-W8A8', 'tokenizer_mode': 'deepseek_v32', 'trust_remote_code': True, 'max_model_len': 8192, 'quantization': 'ascend', 'reasoning_parser': 'deepseek_v3', 'tensor_parallel_size': 8, 'data_parallel_size': 2, 'enable_expert_parallel': True, 'gpu_memory_utilization': 0.92, 'max_num_batched_tokens': 8192, 'max_num_seqs': 4, 'speculative_config': {'num_speculative_tokens': 2, 'method': 'deepseek_mtp'}, 'compilation_config': {'level': None, 'mode': None, 'debug_dump_path': None, 'cache_dir': '', 'compile_cache_save_format': 'binary', 'backend': 'vllm_ascend.compilation.compiler_interface.AscendCompiler', 'custom_ops': [], 'splitting_ops': None, 'compile_mm_encoder': False, 'compile_sizes': None, 'compile_ranges_split_points': None, 'inductor_compile_config': {'enable_auto_functionalized_v2': False, 'combo_kernels': True, 'benchmark_combo_kernel': True}, 'inductor_passes': {}, 'cudagraph_mode': <CUDAGraphMode.FULL_DECODE_ONLY: (2, 0)>, 'cudagraph_num_of_warmups': 0, 'cudagraph_capture_sizes': [3, 6, 9, 12], 'cudagraph_copy_inputs': False, 'cudagraph_specialize_lora': True, 'use_inductor_graph_partition': None, 'pass_config': {}, 'max_cudagraph_capture_size': None, 'dynamic_shapes_config': {'type': <DynamicShapesType.BACKED: 'backed'>, 'evaluate_guards': False, 'assume_32_bit_indexing': True}, 'local_cache_dir': None}, 'additional_config': {'layer_sharding': ['q_b_proj', 'o_proj']}}
2026-02-22T21:22:22.5242425Z 2026-02-22 21:22:22,523 - modelscope - WARNING - We can not confirm the cached file is for revision: master
2026-02-22T21:22:22.5307545Z INFO 02-22 21:22:22 [arg_utils.py:602] HF_HUB_OFFLINE is True, replace model_id [vllm-ascend/DeepSeek-V3.2-W8A8] to model_path [/root/.cache/modelscope/hub/models/vllm-ascend/DeepSeek-V3___2-W8A8]
2026-02-22T21:22:22.5313664Z The argument `trust_remote_code` is to be used with Auto classes. It has no effect here and is ignored.
2026-02-22T21:22:22.5314761Z [2026-02-22 21:22:22] WARNING configuration_utils.py:697: The argument `trust_remote_code` is to be used with Auto classes. It has no effect here and is ignored.
2026-02-22T21:22:22.5365432Z The argument `trust_remote_code` is to be used with Auto classes. It has no effect here and is ignored.
2026-02-22T21:22:22.5366476Z [2026-02-22 21:22:22] WARNING configuration_utils.py:697: The argument `trust_remote_code` is to be used with Auto classes. It has no effect here and is ignored.
2026-02-22T21:22:22.5373106Z The argument `trust_remote_code` is to be used with Auto classes. It has no effect here and is ignored.
2026-02-22T21:22:22.5374165Z [2026-02-22 21:22:22] WARNING configuration_utils.py:697: The argument `trust_remote_code` is to be used with Auto classes. It has no effect here and is ignored.
2026-02-22T21:22:22.5378999Z You are using a model of type deepseek_v32 to instantiate a model of type deepseek_v3. This is not supported for all configurations of models and can yield errors.
2026-02-22T21:22:22.5380930Z [2026-02-22 21:22:22] WARNING configuration_utils.py:635: You are using a model of type deepseek_v32 to instantiate a model of type deepseek_v3. This is not supported for all configurations of models and can yield errors.
2026-02-22T21:22:22.5563458Z INFO 02-22 21:22:22 [model.py:541] Resolved architecture: DeepseekV32ForCausalLM
2026-02-22T21:22:22.5564053Z INFO 02-22 21:22:22 [model.py:1561] Using max model len 8192
2026-02-22T21:22:22.6685401Z WARNING 02-22 21:22:22 [speculative.py:270] method `deepseek_mtp` is deprecated and replaced with mtp.
2026-02-22T21:22:22.6686732Z The argument `trust_remote_code` is to be used with Auto classes. It has no effect here and is ignored.
2026-02-22T21:22:22.6688393Z [2026-02-22 21:22:22] WARNING configuration_utils.py:697: The argument `trust_remote_code` is to be used with Auto classes. It has no effect here and is ignored.
2026-02-22T21:22:22.6693860Z The argument `trust_remote_code` is to be used with Auto classes. It has no effect here and is ignored.
2026-02-22T21:22:22.6695862Z [2026-02-22 21:22:22] WARNING configuration_utils.py:697: The argument `trust_remote_code` is to be used with Auto classes. It has no effect here and is ignored.
2026-02-22T21:22:22.6700246Z You are using a model of type deepseek_v32 to instantiate a model of type deepseek_v3. This is not supported for all configurations of models and can yield errors.
2026-02-22T21:22:22.6782417Z [2026-02-22 21:22:22] WARNING configuration_utils.py:635: You are using a model of type deepseek_v32 to instantiate a model of type deepseek_v3. This is not supported for all configurations of models and can yield errors.
2026-02-22T21:22:22.6784380Z INFO 02-22 21:22:22 [model.py:541] Resolved architecture: DeepSeekMTPModel
2026-02-22T21:22:22.6785374Z INFO 02-22 21:22:22 [model.py:1561] Using max model len 163840
2026-02-22T21:22:22.6786828Z WARNING 02-22 21:22:22 [speculative.py:388] Enabling num_speculative_tokens > 1 will runmultiple times of forward on same MTP layer,which may result in lower acceptance rate
2026-02-22T21:22:22.6788538Z INFO 02-22 21:22:22 [scheduler.py:226] Chunked prefill is enabled with max_num_batched_tokens=8192.
2026-02-22T21:22:22.9713184Z INFO 02-22 21:22:22 [vllm.py:624] Asynchronous scheduling is enabled.
2026-02-22T21:22:22.9714238Z INFO 02-22 21:22:22 [vllm.py:634] Disabling NCCL for DP synchronization when using async scheduling.
2026-02-22T21:22:22.9715449Z WARNING 02-22 21:22:22 [platform.py:730] Speculative quantization is set but Ascend automatically uses the main model's quantization method. Resetting to None.
2026-02-22T21:22:22.9716869Z WARNING 02-22 21:22:22 [platform.py:771] Ignored parameter 'use_trtllm_ragged_deepseek_prefill'. This is a GPU-specific feature not supported on Ascend. Resetting to False.
2026-02-22T21:22:22.9717832Z INFO 02-22 21:22:22 [ascend_config.py:412] Dynamic EPLB is False
2026-02-22T21:22:22.9718375Z INFO 02-22 21:22:22 [ascend_config.py:413] The number of redundant experts is 0
2026-02-22T21:22:22.9719794Z INFO 02-22 21:22:22 [ascend_config.py:54] Linear layer sharding enabled with config: ['q_b_proj', 'o_proj']. Note: This feature works optimally with FLASHCOMM2 and DSA-CP enabled; using it without these features may result in significant performance degradation.
2026-02-22T21:22:22.9721622Z WARNING 02-22 21:22:22 [vllm.py:1062] Batch sizes [3, 6, 9, 12] are removed because they are not multiple of tp_size 8 when sequence parallelism is enabled
2026-02-22T21:22:22.9734169Z Traceback (most recent call last):
2026-02-22T21:22:22.9734593Z   File "/usr/local/python3.11.14/bin/vllm", line 7, in <module>
2026-02-22T21:22:22.9735056Z     sys.exit(main())
2026-02-22T21:22:22.9735296Z              ^^^^^^
2026-02-22T21:22:22.9735683Z   File "/vllm-workspace/vllm/vllm/entrypoints/cli/main.py", line 73, in main
2026-02-22T21:22:22.9736179Z     args.dispatch_function(args)
2026-02-22T21:22:22.9736634Z   File "/vllm-workspace/vllm/vllm/entrypoints/cli/serve.py", line 108, in cmd
2026-02-22T21:22:22.9737116Z     run_multi_api_server(args)
2026-02-22T21:22:22.9737646Z   File "/vllm-workspace/vllm/vllm/entrypoints/cli/serve.py", line 232, in run_multi_api_server
2026-02-22T21:22:22.9738698Z     vllm_config = engine_args.create_engine_config(usage_context=usage_context)
2026-02-22T21:22:22.9739230Z                   ^^^^^^^^^^^^^^^^^^^^^^^^^^^^^^^^^^^^^^^^^^^^^^^^^^^^^^^^^^^^^
2026-02-22T21:22:22.9739818Z   File "/vllm-workspace/vllm/vllm/engine/arg_utils.py", line 1754, in create_engine_config
2026-02-22T21:22:22.9740352Z     config = VllmConfig(
2026-02-22T21:22:22.9740611Z              ^^^^^^^^^^^
2026-02-22T21:22:22.9741210Z   File "/usr/local/python3.11.14/lib/python3.11/site-packages/pydantic/_internal/_dataclasses.py", line 121, in __init__
2026-02-22T21:22:22.9742080Z     s.__pydantic_validator__.validate_python(ArgsKwargs(args, kwargs), self_instance=s)
2026-02-22T21:22:22.9757570Z pydantic_core._pydantic_core.ValidationError: 1 validation error for VllmConfig
2026-02-22T21:22:22.9758871Z   Assertion failed, cudagraph_capture_sizes [3, 6, 9, 12] does not containvalues that are multiples of tp_size 8 [type=assertion_error, input_value=ArgsKwargs((), {'model_co...timizationLevel.O2: 2>}), input_type=ArgsKwargs]
2026-02-22T21:22:22.9760160Z     For further information visit https://errors.pydantic.dev/2.12/v/assertion_error
2026-02-22T21:22:23.0087408Z [ERROR] 2026-02-22-21:22:22 (PID:983, Device:-1, RankID:-1) ERR99999 UNKNOWN applicaiton exception
2026-02-22T21:22:23.3372093Z sys:1: DeprecationWarning: builtin type swigvarlink has no __module__ attribute
2026-02-22T21:22:28.7829404Z FAILED
2026-02-22T21:22:28.7829639Z 
2026-02-22T21:22:28.7829873Z =================================== FAILURES ===================================
2026-02-22T21:22:28.7830436Z _______________ test_models[2-8-vllm-ascend/DeepSeek-V3.2-W8A8] ________________
2026-02-22T21:22:28.7830806Z 
2026-02-22T21:22:28.7831014Z model = 'vllm-ascend/DeepSeek-V3.2-W8A8', tp_size = 8, dp_size = 2
2026-02-22T21:22:28.7831355Z 
2026-02-22T21:22:28.7831454Z     @pytest.mark.asyncio
2026-02-22T21:22:28.7831753Z     @pytest.mark.parametrize("model", MODELS)
2026-02-22T21:22:28.7832779Z     @pytest.mark.parametrize("tp_size", TENSOR_PARALLELS)
2026-02-22T21:22:28.7833604Z     @pytest.mark.parametrize("dp_size", DATA_PARALLELS)
2026-02-22T21:22:28.7834338Z     async def test_models(model: str, tp_size: int, dp_size: int) -> None:
2026-02-22T21:22:28.7834805Z         port = get_open_port()
2026-02-22T21:22:28.7835258Z         env_dict = {
2026-02-22T21:22:28.7835530Z             "HCCL_OP_EXPANSION_MODE": "AIV",
2026-02-22T21:22:28.7835855Z             "OMP_PROC_BIND": "false",
2026-02-22T21:22:28.7836179Z             "OMP_NUM_THREADS": "1",
2026-02-22T21:22:28.7836469Z             "HCCL_BUFFSIZE": "1024",
2026-02-22T21:22:28.7836790Z             "VLLM_ASCEND_ENABLE_MLAPO": "1",
2026-02-22T21:22:28.7837319Z             "PYTORCH_NPU_ALLOC_CONF": "expandable_segments:True",
2026-02-22T21:22:28.7837737Z             "VLLM_ASCEND_ENABLE_FLASHCOMM1": "1",
2026-02-22T21:22:28.7838064Z         }
2026-02-22T21:22:28.7838245Z     
2026-02-22T21:22:28.7838444Z         server_args = [
2026-02-22T21:22:28.7838792Z             "--enable-expert-parallel", "--tensor-parallel-size",
2026-02-22T21:22:28.7839226Z             str(tp_size), "--data-parallel-size",
2026-02-22T21:22:28.7839564Z             str(dp_size), "--port",
2026-02-22T21:22:28.7839977Z             str(port), "--max-model-len", "8192", "--max-num-batched-tokens",
2026-02-22T21:22:28.7840538Z             "8192", "--max-num-seqs", "4", "--trust-remote-code", "--quantization",
2026-02-22T21:22:28.7841128Z             "ascend", "--gpu-memory-utilization", "0.92", "--compilation-config",
2026-02-22T21:22:28.7841772Z             '{"cudagraph_capture_sizes":[3, 6, 9, 12], "cudagraph_mode":"FULL_DECODE_ONLY"}',
2026-02-22T21:22:28.7842269Z             "--speculative-config",
2026-02-22T21:22:28.7842762Z             '{"num_speculative_tokens": 2, "method":"deepseek_mtp"}',
2026-02-22T21:22:28.7843166Z             "--additional-config",
2026-02-22T21:22:28.7843511Z             '{"layer_sharding": ["q_b_proj", "o_proj"]}',
2026-02-22T21:22:28.7844325Z             "--reasoning-parser", "deepseek_v3", "--tokenizer_mode", "deepseek_v32"
2026-02-22T21:22:28.7844801Z         ]
2026-02-22T21:22:28.7845186Z         request_keyword_args: dict[str, Any] = {
2026-02-22T21:22:28.7845520Z             **api_keyword_args,
2026-02-22T21:22:28.7845790Z         }
2026-02-22T21:22:28.7846006Z >       with RemoteOpenAIServer(model,
2026-02-22T21:22:28.7846335Z                                 server_args,
2026-02-22T21:22:28.7846781Z                                 server_port=port,
2026-02-22T21:22:28.7847118Z                                 env_dict=env_dict,
2026-02-22T21:22:28.7847490Z                                 auto_port=False) as server:
2026-02-22T21:22:28.7847745Z 
2026-02-22T21:22:28.7847971Z tests/e2e/nightly/single_node/models/test_deepseek_v3_2_w8a8.py:95: 
2026-02-22T21:22:28.7848494Z _ _ _ _ _ _ _ _ _ _ _ _ _ _ _ _ _ _ _ _ _ _ _ _ _ _ _ _ _ _ _ _ _ _ _ _ _ _ _ _ 
2026-02-22T21:22:28.7848899Z tests/e2e/conftest.py:306: in __init__
2026-02-22T21:22:28.7849237Z     self._wait_for_multiple_servers(
2026-02-22T21:22:28.7849611Z _ _ _ _ _ _ _ _ _ _ _ _ _ _ _ _ _ _ _ _ _ _ _ _ _ _ _ _ _ _ _ _ _ _ _ _ _ _ _ _ 
2026-02-22T21:22:28.7849908Z 
2026-02-22T21:22:28.7850148Z self = <tests.e2e.conftest.RemoteOpenAIServer object at 0xfffefdd58790>
2026-02-22T21:22:28.7850767Z targets = [('0.0.0.0', 'http://0.0.0.0:39355/health')], timeout = 2800
2026-02-22T21:22:28.7851187Z log_interval = 30.0
2026-02-22T21:22:28.7851332Z 
2026-02-22T21:22:28.7851459Z     def _wait_for_multiple_servers(self,
2026-02-22T21:22:28.7851772Z                                    targets,
2026-02-22T21:22:28.7852101Z                                    timeout: float,
2026-02-22T21:22:28.7852466Z                                    log_interval: float = 30.0):
2026-02-22T21:22:28.7852920Z         """
2026-02-22T21:22:28.7853139Z         targets: List[(node_ip, url)]
2026-02-22T21:22:28.7853445Z         log_interval
2026-02-22T21:22:28.7853665Z         """
2026-02-22T21:22:28.7854236Z         start = time.time()
2026-02-22T21:22:28.7854501Z         client = requests
2026-02-22T21:22:28.7854757Z     
2026-02-22T21:22:28.7855157Z         ready = {node_ip: False for node_ip, _ in targets}
2026-02-22T21:22:28.7855506Z     
2026-02-22T21:22:28.7855719Z         last_log_time = 0.0
2026-02-22T21:22:28.7855962Z     
2026-02-22T21:22:28.7856189Z         while True:
2026-02-22T21:22:28.7856485Z             now = time.time()
2026-02-22T21:22:28.7856764Z             all_ready = True
2026-02-22T21:22:28.7857116Z             should_log = (now - last_log_time) >= log_interval
2026-02-22T21:22:28.7857466Z     
2026-02-22T21:22:28.7857691Z             for node_ip, url in targets:
2026-02-22T21:22:28.7858000Z                 if ready[node_ip]:
2026-02-22T21:22:28.7858285Z                     continue
2026-02-22T21:22:28.7858528Z     
2026-02-22T21:22:28.7858721Z                 try:
2026-02-22T21:22:28.7859097Z                     resp = client.get(url)
2026-02-22T21:22:28.7859438Z                     if resp.status_code == 200:
2026-02-22T21:22:28.7859786Z                         ready[node_ip] = True
2026-02-22T21:22:28.7860182Z                         logger.info(f"[READY] Node {node_ip} is ready.")
2026-02-22T21:22:28.7860595Z                 except RequestException:
2026-02-22T21:22:28.7860915Z                     all_ready = False
2026-02-22T21:22:28.7861222Z                     if should_log:
2026-02-22T21:22:28.7861572Z                         logger.debug(f"[WAIT] {url}: connection failed")
2026-02-22T21:22:28.7861954Z     
2026-02-22T21:22:28.7862158Z                     # check unexpected exit
2026-02-22T21:22:28.7862483Z                     result = self._poll()
2026-02-22T21:22:28.7862927Z                     if result is not None and result != 0:
2026-02-22T21:22:28.7863299Z >                       raise RuntimeError(
2026-02-22T21:22:28.7863682Z                             f"Server at {node_ip} exited unexpectedly."
2026-02-22T21:22:28.7864054Z                         ) from None
2026-02-22T21:22:28.7864589Z E                       RuntimeError: Server at 0.0.0.0 exited unexpectedly.
2026-02-22T21:22:28.7865103Z 
2026-02-22T21:22:28.7865222Z tests/e2e/conftest.py:399: RuntimeError
2026-02-22T21:22:28.7865659Z ------------------------------ Captured log call -------------------------------
2026-02-22T21:22:28.7868764Z INFO     tests.e2e.conftest:conftest.py:241 Starting server with command: vllm serve vllm-ascend/DeepSeek-V3.2-W8A8 --enable-expert-parallel --tensor-parallel-size 8 --data-parallel-size 2 --port 39355 --max-model-len 8192 --max-num-batched-tokens 8192 --max-num-seqs 4 --trust-remote-code --quantization ascend --gpu-memory-utilization 0.92 --compilation-config {"cudagraph_capture_sizes":[3, 6, 9, 12], "cudagraph_mode":"FULL_DECODE_ONLY"} --speculative-config {"num_speculative_tokens": 2, "method":"deepseek_mtp"} --additional-config {"layer_sharding": ["q_b_proj", "o_proj"]} --reasoning-parser deepseek_v3 --tokenizer_mode deepseek_v32
2026-02-22T21:22:28.7871797Z =============================== warnings summary ===============================
2026-02-22T21:22:28.7872227Z <frozen importlib._bootstrap>:241
2026-02-22T21:22:28.7872936Z   <frozen importlib._bootstrap>:241: DeprecationWarning: builtin type SwigPyPacked has no __module__ attribute
2026-02-22T21:22:28.7873476Z 
2026-02-22T21:22:28.7873584Z <frozen importlib._bootstrap>:241
2026-02-22T21:22:28.7874201Z   <frozen importlib._bootstrap>:241: DeprecationWarning: builtin type SwigPyObject has no __module__ attribute
2026-02-22T21:22:28.7874731Z 
2026-02-22T21:22:28.7875265Z ../../usr/local/python3.11.14/lib/python3.11/site-packages/transformers/models/auto/image_processing_auto.py:647
2026-02-22T21:22:28.7877002Z   /usr/local/python3.11.14/lib/python3.11/site-packages/transformers/models/auto/image_processing_auto.py:647: FutureWarning: The image_processor_class argument is deprecated and will be removed in v4.42. Please use `slow_image_processor_class`, or `fast_image_processor_class` instead
2026-02-22T21:22:28.7878398Z     warnings.warn(
2026-02-22T21:22:28.7878672Z 
2026-02-22T21:22:28.7879022Z ../../usr/local/python3.11.14/lib/python3.11/site-packages/torch_npu/dynamo/torchair/__init__.py:8
2026-02-22T21:22:28.7880388Z   /usr/local/python3.11.14/lib/python3.11/site-packages/torch_npu/dynamo/torchair/__init__.py:8: DeprecationWarning: pkg_resources is deprecated as an API. See https://setuptools.pypa.io/en/latest/pkg_resources.html
2026-02-22T21:22:28.7881490Z     import pkg_resources
2026-02-22T21:22:28.7881662Z 
2026-02-22T21:22:28.7881897Z -- Docs: https://docs.pytest.org/en/stable/how-to/capture-warnings.html
2026-02-22T21:22:28.7882443Z =========================== short test summary info ============================
2026-02-22T21:22:28.7883654Z FAILED tests/e2e/nightly/single_node/models/test_deepseek_v3_2_w8a8.py::test_models[2-8-vllm-ascend/DeepSeek-V3.2-W8A8] - RuntimeError: Server at 0.0.0.0 exited unexpectedly.
2026-02-22T21:22:28.7884658Z ======================== 1 failed, 4 warnings in 15.53s ========================
2026-02-22T21:22:30.7260142Z ##[error]Error: failed to run script step: Error: command terminated with non-zero exit code: command terminated with exit code 1
2026-02-22T21:22:30.7313335Z ##[error]Process completed with exit code 1.
2026-02-22T21:22:30.7406698Z ##[error]Executing the custom container implementation failed. Please contact your self hosted runner administrator.
2026-02-22T21:22:30.7465461Z ##[group]Run '/home/runner/k8s/index.js'
2026-02-22T21:22:30.7466633Z shell: /home/runner/externals/node20/bin/node {0}
2026-02-22T21:22:30.7467150Z ##[endgroup]
2026-02-22T21:22:31.4478671Z Cleaning up orphan processes
