# Run ID: 21782991565
# Commit: e5f0e0eaf78601e1e2a793c4040c359cd5a201f3
# Job: multi-node (multi-node-dpsk3.2-2node, DeepSeek-V3_2-W8A8-A3-dual-nodes.yaml, 2) / DeepSeek-V3_2-W8A8-A3-dual-nodes.yaml
# Date: 2026-02-07
============================================================

ï»¿2026-02-07T18:02:27.4779667Z Current runner version: '2.330.0'
2026-02-07T18:02:27.4784519Z Runner name: 'linux-aarch64-a3-0-wgt9d-runner-flwzp'
2026-02-07T18:02:27.4785234Z Runner group name: 'Default'
2026-02-07T18:02:27.4785999Z Machine name: 'linux-aarch64-a3-0-wgt9d-runner-flwzp'
2026-02-07T18:02:27.4789465Z ##[group]GITHUB_TOKEN Permissions
2026-02-07T18:02:27.4791380Z Actions: write
2026-02-07T18:02:27.4791905Z ArtifactMetadata: write
2026-02-07T18:02:27.4792620Z Attestations: write
2026-02-07T18:02:27.4793004Z Checks: write
2026-02-07T18:02:27.4793380Z Contents: write
2026-02-07T18:02:27.4793899Z Deployments: write
2026-02-07T18:02:27.4794271Z Discussions: write
2026-02-07T18:02:27.4794655Z Issues: write
2026-02-07T18:02:27.4795012Z Metadata: read
2026-02-07T18:02:27.4795391Z Models: read
2026-02-07T18:02:27.4795752Z Packages: write
2026-02-07T18:02:27.4796121Z Pages: write
2026-02-07T18:02:27.4796574Z PullRequests: write
2026-02-07T18:02:27.4796971Z RepositoryProjects: write
2026-02-07T18:02:27.4797528Z SecurityEvents: write
2026-02-07T18:02:27.4797964Z Statuses: write
2026-02-07T18:02:27.4798365Z ##[endgroup]
2026-02-07T18:02:27.4800151Z Secret source: Actions
2026-02-07T18:02:27.4800629Z Prepare workflow directory
2026-02-07T18:02:27.5337651Z Prepare all required actions
2026-02-07T18:02:27.5369548Z Getting action download info
2026-02-07T18:02:28.5555434Z Download action repository 'actions/checkout@v6' (SHA:de0fac2e4500dabe0009e67214ff5f5447ce83dd)
2026-02-07T18:02:32.9923280Z Download action repository 'actions/upload-artifact@v6' (SHA:b7c566a772e6b6bfb58ed0dc250532a479d7789f)
2026-02-07T18:02:40.1323610Z Uses: vllm-project/vllm-ascend/.github/workflows/_e2e_nightly_multi_node.yaml@refs/heads/main (e5f0e0eaf78601e1e2a793c4040c359cd5a201f3)
2026-02-07T18:02:40.1326600Z ##[group] Inputs
2026-02-07T18:02:40.1327044Z   soc_version: a3
2026-02-07T18:02:40.1327326Z   runner: linux-aarch64-a3-0
2026-02-07T18:02:40.1327718Z   image: swr.cn-southwest-2.myhuaweicloud.com/base_image/ascend-ci/vllm-ascend:nightly-a3
2026-02-07T18:02:40.1328183Z   config_file_path: DeepSeek-V3_2-W8A8-A3-dual-nodes.yaml
2026-02-07T18:02:40.1328502Z   replicas: 1
2026-02-07T18:02:40.1328690Z   size: 2
2026-02-07T18:02:40.1328898Z   vllm_version: v0.15.0
2026-02-07T18:02:40.1329280Z   vllm_ascend_remote_url: https://github.com/vllm-project/vllm-ascend.git
2026-02-07T18:02:40.1329603Z   vllm_ascend_ref: main
2026-02-07T18:02:40.1329861Z ##[endgroup]
2026-02-07T18:02:40.1330336Z Complete job name: multi-node (multi-node-dpsk3.2-2node, DeepSeek-V3_2-W8A8-A3-dual-nodes.yaml, 2) / DeepSeek-V3_2-W8A8-A3-dual-nodes.yaml
2026-02-07T18:02:40.1837821Z ##[group]Run '/home/runner/k8s/index.js'
2026-02-07T18:02:40.1840245Z shell: /home/runner/externals/node20/bin/node {0}
2026-02-07T18:02:40.1840716Z ##[endgroup]
2026-02-07T18:02:55.6774464Z (node:70) [DEP0005] DeprecationWarning: Buffer() is deprecated due to security and usability issues. Please use the Buffer.alloc(), Buffer.allocUnsafe(), or Buffer.from() methods instead.
2026-02-07T18:02:55.6775280Z (Use `node --trace-deprecation ...` to show where the warning was created)
2026-02-07T18:03:21.4151748Z ##[group]Run # Decode and save kubeconfig
2026-02-07T18:03:21.4152483Z [36;1m# Decode and save kubeconfig[0m
2026-02-07T18:03:21.4184676Z [36;1mecho "***" | base64 -d > "$KUBECONFIG"[0m
2026-02-07T18:03:21.4185483Z shell: bash -el {0}
2026-02-07T18:03:21.4185704Z ##[endgroup]
2026-02-07T18:03:21.4314643Z ##[group]Run '/home/runner/k8s/index.js'
2026-02-07T18:03:21.4315896Z shell: /home/runner/externals/node20/bin/node {0}
2026-02-07T18:03:21.4316254Z ##[endgroup]
2026-02-07T18:03:21.8141031Z (node:5682) [DEP0005] DeprecationWarning: Buffer() is deprecated due to security and usability issues. Please use the Buffer.alloc(), Buffer.allocUnsafe(), or Buffer.from() methods instead.
2026-02-07T18:03:21.8141937Z (Use `node --trace-deprecation ...` to show where the warning was created)
2026-02-07T18:03:57.1960405Z ##[group]Run actions/checkout@v6
2026-02-07T18:03:57.1960722Z with:
2026-02-07T18:03:57.1961060Z   repository: vllm-project/vllm-ascend
2026-02-07T18:03:57.1961732Z   token: ***
2026-02-07T18:03:57.1961956Z   ssh-strict: true
2026-02-07T18:03:57.1962378Z   ssh-user: git
2026-02-07T18:03:57.1962618Z   persist-credentials: true
2026-02-07T18:03:57.1962848Z   clean: true
2026-02-07T18:03:57.1963089Z   sparse-checkout-cone-mode: true
2026-02-07T18:03:57.1963356Z   fetch-depth: 1
2026-02-07T18:03:57.1963561Z   fetch-tags: false
2026-02-07T18:03:57.1963799Z   show-progress: true
2026-02-07T18:03:57.1963982Z   lfs: false
2026-02-07T18:03:57.1964221Z   submodules: false
2026-02-07T18:03:57.1964503Z   set-safe-directory: true
2026-02-07T18:03:57.1964738Z ##[endgroup]
2026-02-07T18:03:57.2021637Z ##[group]Run '/home/runner/k8s/index.js'
2026-02-07T18:03:57.2022763Z shell: /home/runner/externals/node20/bin/node {0}
2026-02-07T18:03:57.2023094Z ##[endgroup]
2026-02-07T18:03:57.5579709Z (node:6109) [DEP0005] DeprecationWarning: Buffer() is deprecated due to security and usability issues. Please use the Buffer.alloc(), Buffer.allocUnsafe(), or Buffer.from() methods instead.
2026-02-07T18:03:57.5580483Z (Use `node --trace-deprecation ...` to show where the warning was created)
2026-02-07T18:04:15.4922343Z Syncing repository: vllm-project/vllm-ascend
2026-02-07T18:04:15.4923480Z ##[group]Getting Git version info
2026-02-07T18:04:15.4923963Z Working directory is '/__w/vllm-ascend/vllm-ascend'
2026-02-07T18:04:15.4924443Z [command]/usr/bin/git version
2026-02-07T18:04:15.4924704Z git version 2.34.1
2026-02-07T18:04:15.4926077Z ##[endgroup]
2026-02-07T18:04:15.4928990Z Copying '/root/.gitconfig' to '/__w/_temp/33c5298e-ad49-478e-b1de-2aa4813da1cf/.gitconfig'
2026-02-07T18:04:15.4929692Z Temporarily overriding HOME='/__w/_temp/33c5298e-ad49-478e-b1de-2aa4813da1cf' before making global git config changes
2026-02-07T18:04:15.4930411Z Adding repository directory to the temporary git global config as a safe directory
2026-02-07T18:04:15.4930955Z [command]/usr/bin/git config --global --add safe.directory /__w/vllm-ascend/vllm-ascend
2026-02-07T18:04:15.4956138Z Deleting the contents of '/__w/vllm-ascend/vllm-ascend'
2026-02-07T18:04:15.4958942Z ##[group]Initializing the repository
2026-02-07T18:04:15.4962812Z [command]/usr/bin/git init /__w/vllm-ascend/vllm-ascend
2026-02-07T18:04:15.5086880Z hint: Using 'master' as the name for the initial branch. This default branch name
2026-02-07T18:04:15.5087344Z hint: is subject to change. To configure the initial branch name to use in all
2026-02-07T18:04:15.5087848Z hint: of your new repositories, which will suppress this warning, call:
2026-02-07T18:04:15.5088159Z hint: 
2026-02-07T18:04:15.5088455Z hint: 	git config --global init.defaultBranch <name>
2026-02-07T18:04:15.5088833Z hint: 
2026-02-07T18:04:15.5089122Z hint: Names commonly chosen instead of 'master' are 'main', 'trunk' and
2026-02-07T18:04:15.5089555Z hint: 'development'. The just-created branch can be renamed via this command:
2026-02-07T18:04:15.5089875Z hint: 
2026-02-07T18:04:15.5090103Z hint: 	git branch -m <name>
2026-02-07T18:04:15.5095150Z Initialized empty Git repository in /__w/vllm-ascend/vllm-ascend/.git/
2026-02-07T18:04:15.5103070Z [command]/usr/bin/git remote add origin https://github.com/vllm-project/vllm-ascend
2026-02-07T18:04:15.5141525Z ##[endgroup]
2026-02-07T18:04:15.5141903Z ##[group]Disabling automatic garbage collection
2026-02-07T18:04:15.5144362Z [command]/usr/bin/git config --local gc.auto 0
2026-02-07T18:04:15.5171398Z ##[endgroup]
2026-02-07T18:04:15.5171743Z ##[group]Setting up auth
2026-02-07T18:04:15.5172073Z Removing SSH command configuration
2026-02-07T18:04:15.5175835Z [command]/usr/bin/git config --local --name-only --get-regexp core\.sshCommand
2026-02-07T18:04:15.5202572Z [command]/usr/bin/git submodule foreach --recursive sh -c "git config --local --name-only --get-regexp 'core\.sshCommand' && git config --local --unset-all 'core.sshCommand' || :"
2026-02-07T18:04:15.5405537Z Removing HTTP extra header
2026-02-07T18:04:15.5406024Z [command]/usr/bin/git config --local --name-only --get-regexp http\.https\:\/\/github\.com\/\.extraheader
2026-02-07T18:04:15.5407628Z [command]/usr/bin/git submodule foreach --recursive sh -c "git config --local --name-only --get-regexp 'http\.https\:\/\/github\.com\/\.extraheader' && git config --local --unset-all 'http.https://github.com/.extraheader' || :"
2026-02-07T18:04:15.5585312Z Removing includeIf entries pointing to credentials config files
2026-02-07T18:04:15.5590011Z [command]/usr/bin/git config --local --name-only --get-regexp ^includeIf\.gitdir:
2026-02-07T18:04:15.5616284Z [command]/usr/bin/git submodule foreach --recursive git config --local --show-origin --name-only --get-regexp remote.origin.url
2026-02-07T18:04:15.5810496Z [command]/usr/bin/git config --file /__w/_temp/git-credentials-dcbc5423-9342-4bab-b9d5-3b7ff8f75eb8.config http.https://github.com/.extraheader AUTHORIZATION: basic ***
2026-02-07T18:04:15.5844817Z [command]/usr/bin/git config --local includeIf.gitdir:/__w/vllm-ascend/vllm-ascend/.git.path /__w/_temp/git-credentials-dcbc5423-9342-4bab-b9d5-3b7ff8f75eb8.config
2026-02-07T18:04:15.5875549Z [command]/usr/bin/git config --local includeIf.gitdir:/__w/vllm-ascend/vllm-ascend/.git/worktrees/*.path /__w/_temp/git-credentials-dcbc5423-9342-4bab-b9d5-3b7ff8f75eb8.config
2026-02-07T18:04:15.5900821Z [command]/usr/bin/git config --local includeIf.gitdir:/github/workspace/.git.path /github/runner_temp/git-credentials-dcbc5423-9342-4bab-b9d5-3b7ff8f75eb8.config
2026-02-07T18:04:15.5927922Z [command]/usr/bin/git config --local includeIf.gitdir:/github/workspace/.git/worktrees/*.path /github/runner_temp/git-credentials-dcbc5423-9342-4bab-b9d5-3b7ff8f75eb8.config
2026-02-07T18:04:15.5950506Z ##[endgroup]
2026-02-07T18:04:15.5950911Z ##[group]Fetching the repository
2026-02-07T18:04:15.5957716Z [command]/usr/bin/git -c protocol.version=2 fetch --no-tags --prune --no-recurse-submodules --depth=1 origin +e5f0e0eaf78601e1e2a793c4040c359cd5a201f3:refs/remotes/origin/main
2026-02-07T18:04:17.1633371Z From https://gh-proxy.test.osinfra.cn/https://github.com/vllm-project/vllm-ascend
2026-02-07T18:04:17.1633957Z  * [new ref]         e5f0e0eaf78601e1e2a793c4040c359cd5a201f3 -> origin/main
2026-02-07T18:04:17.1654166Z [command]/usr/bin/git branch --list --remote origin/main
2026-02-07T18:04:17.1677185Z   origin/main
2026-02-07T18:04:17.1684952Z [command]/usr/bin/git rev-parse refs/remotes/origin/main
2026-02-07T18:04:17.1701594Z e5f0e0eaf78601e1e2a793c4040c359cd5a201f3
2026-02-07T18:04:17.1705395Z ##[endgroup]
2026-02-07T18:04:17.1705870Z ##[group]Determining the checkout info
2026-02-07T18:04:17.1707026Z ##[endgroup]
2026-02-07T18:04:17.1710714Z [command]/usr/bin/git sparse-checkout disable
2026-02-07T18:04:17.1756315Z [command]/usr/bin/git config --local --unset-all extensions.worktreeConfig
2026-02-07T18:04:17.1778264Z ##[group]Checking out the ref
2026-02-07T18:04:17.1782856Z [command]/usr/bin/git checkout --progress --force -B main refs/remotes/origin/main
2026-02-07T18:04:17.2637089Z Switched to a new branch 'main'
2026-02-07T18:04:17.2637514Z Branch 'main' set up to track remote branch 'main' from 'origin'.
2026-02-07T18:04:17.2647098Z ##[endgroup]
2026-02-07T18:04:17.2686629Z [command]/usr/bin/git log -1 --format=%H
2026-02-07T18:04:17.2707269Z e5f0e0eaf78601e1e2a793c4040c359cd5a201f3
2026-02-07T18:04:34.9386822Z ##[group]Run # prepare for lws entrypoint scripts
2026-02-07T18:04:34.9387219Z [36;1m# prepare for lws entrypoint scripts[0m
2026-02-07T18:04:34.9387609Z [36;1minstall -D tests/e2e/nightly/multi_node/scripts/run.sh /root/.cache/tests/run.sh[0m
2026-02-07T18:04:34.9388129Z shell: bash -el {0}
2026-02-07T18:04:34.9388337Z ##[endgroup]
2026-02-07T18:04:34.9466837Z ##[group]Run '/home/runner/k8s/index.js'
2026-02-07T18:04:34.9467655Z shell: /home/runner/externals/node20/bin/node {0}
2026-02-07T18:04:34.9467967Z ##[endgroup]
2026-02-07T18:04:35.3110661Z (node:6698) [DEP0005] DeprecationWarning: Buffer() is deprecated due to security and usability issues. Please use the Buffer.alloc(), Buffer.allocUnsafe(), or Buffer.from() methods instead.
2026-02-07T18:04:35.3111434Z (Use `node --trace-deprecation ...` to show where the warning was created)
2026-02-07T18:05:11.1820930Z ##[group]Run set -euo pipefail
2026-02-07T18:05:11.1821314Z [36;1mset -euo pipefail[0m
2026-02-07T18:05:11.1821527Z [36;1m[0m
2026-02-07T18:05:11.1821850Z [36;1mCRD_NAME="${CRD_NAME:-vllm}"[0m
2026-02-07T18:05:11.1822265Z [36;1mTIMEOUT=${TIMEOUT:-120}[0m
2026-02-07T18:05:11.1822495Z [36;1mSLEEP_INTERVAL=2[0m
2026-02-07T18:05:11.1822740Z [36;1m[0m
2026-02-07T18:05:11.1823029Z [36;1mecho "Deleting leaderworkerset [$CRD_NAME] in namespace [$NAMESPACE]..."[0m
2026-02-07T18:05:11.1823499Z [36;1mkubectl delete leaderworkerset "$CRD_NAME" -n "$NAMESPACE" --ignore-not-found[0m
2026-02-07T18:05:11.1823873Z [36;1m[0m
2026-02-07T18:05:11.1824139Z [36;1mecho "Waiting for all pods starting with 'vllm' to be deleted..."[0m
2026-02-07T18:05:11.1824476Z [36;1mSTART_TIME=$(date +%s)[0m
2026-02-07T18:05:11.1824730Z [36;1m[0m
2026-02-07T18:05:11.1824914Z [36;1mwhile true; do[0m
2026-02-07T18:05:11.1825142Z [36;1m  NOW=$(date +%s)[0m
2026-02-07T18:05:11.1825565Z [36;1m  ELAPSED=$((NOW - START_TIME))[0m
2026-02-07T18:05:11.1825864Z [36;1m[0m
2026-02-07T18:05:11.1826109Z [36;1m  if [[ $ELAPSED -ge $TIMEOUT ]]; then[0m
2026-02-07T18:05:11.1826441Z [36;1m    echo "Timeout reached ($TIMEOUT seconds), some pods still exist:"[0m
2026-02-07T18:05:11.1826829Z [36;1m    kubectl get pods -n "$NAMESPACE" | grep '^vllm' || true[0m
2026-02-07T18:05:11.1827155Z [36;1m    exit 1[0m
2026-02-07T18:05:11.1827352Z [36;1m  fi[0m
2026-02-07T18:05:11.1827548Z [36;1m[0m
2026-02-07T18:05:11.1828017Z [36;1m  PODS_EXIST=$(kubectl get pods -n "$NAMESPACE" -o jsonpath='{.items[*].metadata.name}' 2>/dev/null | tr ' ' '\n' | grep '^vllm' || true)[0m
2026-02-07T18:05:11.1828464Z [36;1m[0m
2026-02-07T18:05:11.1828674Z [36;1m  if [[ -z "$PODS_EXIST" ]]; then[0m
2026-02-07T18:05:11.1829058Z [36;1m    echo "All vllm pods deleted."[0m
2026-02-07T18:05:11.1829290Z [36;1m    break[0m
2026-02-07T18:05:11.1829499Z [36;1m  else[0m
2026-02-07T18:05:11.1829869Z [36;1m    echo "Waiting for pods to be deleted: $PODS_EXIST"[0m
2026-02-07T18:05:11.1830163Z [36;1m    sleep $SLEEP_INTERVAL[0m
2026-02-07T18:05:11.1830401Z [36;1m  fi[0m
2026-02-07T18:05:11.1830640Z [36;1mdone[0m
2026-02-07T18:05:11.1831002Z shell: bash -el {0}
2026-02-07T18:05:11.1831255Z ##[endgroup]
2026-02-07T18:05:11.1905430Z ##[group]Run '/home/runner/k8s/index.js'
2026-02-07T18:05:11.1906219Z shell: /home/runner/externals/node20/bin/node {0}
2026-02-07T18:05:11.1906578Z ##[endgroup]
2026-02-07T18:05:11.5509972Z (node:7483) [DEP0005] DeprecationWarning: Buffer() is deprecated due to security and usability issues. Please use the Buffer.alloc(), Buffer.allocUnsafe(), or Buffer.from() methods instead.
2026-02-07T18:05:11.5510719Z (Use `node --trace-deprecation ...` to show where the warning was created)
2026-02-07T18:05:29.5465808Z Deleting leaderworkerset [vllm] in namespace [vllm-project]...
2026-02-07T18:05:29.8426459Z Waiting for all pods starting with 'vllm' to be deleted...
2026-02-07T18:05:29.9125630Z All vllm pods deleted.
2026-02-07T18:05:47.9033356Z ##[group]Run set -e
2026-02-07T18:05:47.9033593Z [36;1mset -e[0m
2026-02-07T18:05:47.9033739Z [36;1m[0m
2026-02-07T18:05:47.9033872Z [36;1msize="2"[0m
2026-02-07T18:05:47.9034012Z [36;1mreplicas="1"[0m
2026-02-07T18:05:47.9034338Z [36;1mimage="swr.cn-southwest-2.myhuaweicloud.com/base_image/ascend-ci/vllm-ascend:nightly-a3"[0m
2026-02-07T18:05:47.9034752Z [36;1mconfig_file_path="DeepSeek-V3_2-W8A8-A3-dual-nodes.yaml"[0m
2026-02-07T18:05:47.9035060Z [36;1mfail_tag=FAIL_TAG_"DeepSeek-V3_2-W8A8-A3-dual-nodes.yaml"[0m
2026-02-07T18:05:47.9035340Z [36;1mecho "FAIL_TAG=${fail_tag}" >> "$GITHUB_ENV"[0m
2026-02-07T18:05:47.9035543Z [36;1m[0m
2026-02-07T18:05:47.9035755Z [36;1mrequired_params=("size" "replicas" "image" "config_file_path")[0m
2026-02-07T18:05:47.9036092Z [36;1mfor param in "${required_params[@]}"; do[0m
2026-02-07T18:05:47.9036310Z [36;1m  if [ -z "${!param}" ]; then[0m
2026-02-07T18:05:47.9036858Z [36;1m    echo "Error: Parameter '$param' is required but empty"[0m
2026-02-07T18:05:47.9037096Z [36;1m    exit 1[0m
2026-02-07T18:05:47.9037249Z [36;1m  fi[0m
2026-02-07T18:05:47.9037390Z [36;1mdone[0m
2026-02-07T18:05:47.9037519Z [36;1m[0m
2026-02-07T18:05:47.9037659Z [36;1mif [ "a3" = "a3" ]; then[0m
2026-02-07T18:05:47.9037844Z [36;1m  npu_per_node=16[0m
2026-02-07T18:05:47.9038098Z [36;1m  TEMPLATE_FILE="tests/e2e/nightly/multi_node/scripts/lws.yaml.jinja2"[0m
2026-02-07T18:05:47.9038368Z [36;1melse[0m
2026-02-07T18:05:47.9038505Z [36;1m  npu_per_node=8[0m
2026-02-07T18:05:47.9038761Z [36;1m  TEMPLATE_FILE="tests/e2e/nightly/multi_node/scripts/lws-a2.yaml.jinja2"[0m
2026-02-07T18:05:47.9039043Z [36;1mfi[0m
2026-02-07T18:05:47.9039168Z [36;1m[0m
2026-02-07T18:05:47.9039313Z [36;1mjinja2 $TEMPLATE_FILE \[0m
2026-02-07T18:05:47.9039499Z [36;1m  -D size="$size" \[0m
2026-02-07T18:05:47.9039748Z [36;1m  -D replicas="$replicas" \[0m
2026-02-07T18:05:47.9039945Z [36;1m  -D image="$image" \[0m
2026-02-07T18:05:47.9040164Z [36;1m  -D config_file_path="$config_file_path" \[0m
2026-02-07T18:05:47.9040395Z [36;1m  -D npu_per_node="$npu_per_node" \[0m
2026-02-07T18:05:47.9040601Z [36;1m  -D fail_tag="$fail_tag" \[0m
2026-02-07T18:05:47.9040780Z [36;1m  --outfile lws.yaml[0m
2026-02-07T18:05:47.9040945Z [36;1m[0m
2026-02-07T18:05:47.9041089Z [36;1mkubectl apply -f ./lws.yaml[0m
2026-02-07T18:05:47.9041409Z shell: bash -el {0}
2026-02-07T18:05:47.9041565Z ##[endgroup]
2026-02-07T18:05:47.9126795Z ##[group]Run '/home/runner/k8s/index.js'
2026-02-07T18:05:47.9127883Z shell: /home/runner/externals/node20/bin/node {0}
2026-02-07T18:05:47.9128102Z ##[endgroup]
2026-02-07T18:05:48.2711048Z (node:8448) [DEP0005] DeprecationWarning: Buffer() is deprecated due to security and usability issues. Please use the Buffer.alloc(), Buffer.allocUnsafe(), or Buffer.from() methods instead.
2026-02-07T18:05:48.2711717Z (Use `node --trace-deprecation ...` to show where the warning was created)
2026-02-07T18:06:07.0382420Z leaderworkerset.leaderworkerset.x-k8s.io/vllm created
2026-02-07T18:06:07.0638787Z service/vllm-leader created
2026-02-07T18:06:25.1291749Z ##[group]Run POD_PREFIX="${POD_PREFIX:-vllm-0}"
2026-02-07T18:06:25.1292282Z [36;1mPOD_PREFIX="${POD_PREFIX:-vllm-0}"[0m
2026-02-07T18:06:25.1292573Z [36;1mSIZE="2"[0m
2026-02-07T18:06:25.1292826Z [36;1mTIMEOUT=1200  # default timeout 20 minutes[0m
2026-02-07T18:06:25.1293086Z [36;1m[0m
2026-02-07T18:06:25.1293464Z [36;1mecho "Waiting for Pods in namespace [$NAMESPACE] to become Running and Ready (timeout ${TIMEOUT}s)..."[0m
2026-02-07T18:06:25.1293876Z [36;1m[0m
2026-02-07T18:06:25.1294069Z [36;1mSTART_TIME=$(date +%s)[0m
2026-02-07T18:06:25.1294319Z [36;1m[0m
2026-02-07T18:06:25.1294583Z [36;1mwhile true; do[0m
2026-02-07T18:06:25.1294827Z [36;1m  NOW=$(date +%s)[0m
2026-02-07T18:06:25.1295087Z [36;1m  ELAPSED=$((NOW - START_TIME))[0m
2026-02-07T18:06:25.1295342Z [36;1m  if [[ $ELAPSED -ge $TIMEOUT ]]; then[0m
2026-02-07T18:06:25.1295671Z [36;1m    echo "Timeout reached after ${ELAPSED}s"[0m
2026-02-07T18:06:25.1296036Z [36;1m    echo "Dumping pod status for debugging:"[0m
2026-02-07T18:06:25.1296348Z [36;1m    kubectl get pods -n "$NAMESPACE"[0m
2026-02-07T18:06:25.1296659Z [36;1m    kubectl describe pod "$LEADER_POD" -n "$NAMESPACE"[0m
2026-02-07T18:06:25.1296942Z [36;1m    exit 1[0m
2026-02-07T18:06:25.1297164Z [36;1m  fi[0m
2026-02-07T18:06:25.1297385Z [36;1m[0m
2026-02-07T18:06:25.1297628Z [36;1m  # 1) check follower pods[0m
2026-02-07T18:06:25.1297971Z [36;1m  ALL_FOLLOWERS_READY=true[0m
2026-02-07T18:06:25.1298225Z [36;1m  for ((i=1; i<SIZE; i++)); do[0m
2026-02-07T18:06:25.1298474Z [36;1m    POD="${POD_PREFIX}-${i}"[0m
2026-02-07T18:06:25.1298909Z [36;1m    PHASE=$(kubectl get pod "$POD" -n "$NAMESPACE" -o jsonpath='{.status.phase}' 2>/dev/null || echo "NotFound")[0m
2026-02-07T18:06:25.1299585Z [36;1m    READY=$(kubectl get pod "$POD" -n "$NAMESPACE" -o jsonpath='{.status.containerStatuses[*].ready}' 2>/dev/null)[0m
2026-02-07T18:06:25.1300164Z [36;1m[0m
2026-02-07T18:06:25.1300425Z [36;1m    echo "Follower [$POD] phase=$PHASE ready=$READY"[0m
2026-02-07T18:06:25.1300720Z [36;1m[0m
2026-02-07T18:06:25.1300953Z [36;1m    if [[ "$PHASE" != "Running" || "$READY" != "true" ]]; then[0m
2026-02-07T18:06:25.1301293Z [36;1m      echo "Follower [$POD] not Ready yet..."[0m
2026-02-07T18:06:25.1301636Z [36;1m      ALL_FOLLOWERS_READY=false[0m
2026-02-07T18:06:25.1301951Z [36;1m      break[0m
2026-02-07T18:06:25.1302293Z [36;1m    fi[0m
2026-02-07T18:06:25.1302512Z [36;1m  done[0m
2026-02-07T18:06:25.1302706Z [36;1m[0m
2026-02-07T18:06:25.1302920Z [36;1m  # 2) check leader pod[0m
2026-02-07T18:06:25.1303380Z [36;1m  LEADER_PHASE=$(kubectl get pod "$LEADER_POD" -n "$NAMESPACE" -o jsonpath='{.status.phase}' 2>/dev/null || echo "NotFound")[0m
2026-02-07T18:06:25.1304014Z [36;1m  LEADER_READY=$(kubectl get pod "$LEADER_POD" -n "$NAMESPACE" -o jsonpath='{.status.containerStatuses[*].ready}' 2>/dev/null)[0m
2026-02-07T18:06:25.1304472Z [36;1m[0m
2026-02-07T18:06:25.1304760Z [36;1m  echo "Leader [$LEADER_POD] phase=$LEADER_PHASE ready=$LEADER_READY"[0m
2026-02-07T18:06:25.1305067Z [36;1m[0m
2026-02-07T18:06:25.1305352Z [36;1m  if [[ "$LEADER_PHASE" != "Running" || "$LEADER_READY" != "true" ]]; then[0m
2026-02-07T18:06:25.1305698Z [36;1m    echo "Leader not Ready yet..."[0m
2026-02-07T18:06:25.1306040Z [36;1m    ALL_FOLLOWERS_READY=false[0m
2026-02-07T18:06:25.1306300Z [36;1m  fi[0m
2026-02-07T18:06:25.1306463Z [36;1m[0m
2026-02-07T18:06:25.1306717Z [36;1m  if [[ "$ALL_FOLLOWERS_READY" == "true" ]]; then[0m
2026-02-07T18:06:25.1307122Z [36;1m    echo "All follower pods and leader pod are Running and Ready â€” continuing."[0m
2026-02-07T18:06:25.1307438Z [36;1m    break[0m
2026-02-07T18:06:25.1307668Z [36;1m  fi[0m
2026-02-07T18:06:25.1307880Z [36;1m[0m
2026-02-07T18:06:25.1308038Z [36;1m  sleep 2[0m
2026-02-07T18:06:25.1308267Z [36;1mdone[0m
2026-02-07T18:06:25.1308654Z shell: bash -el {0}
2026-02-07T18:06:25.1308836Z env:
2026-02-07T18:06:25.1309356Z   FAIL_TAG: FAIL_TAG_DeepSeek-V3_2-W8A8-A3-dual-nodes.yaml
2026-02-07T18:06:25.1309755Z ##[endgroup]
2026-02-07T18:06:25.1386655Z ##[group]Run '/home/runner/k8s/index.js'
2026-02-07T18:06:25.1387468Z shell: /home/runner/externals/node20/bin/node {0}
2026-02-07T18:06:25.1387771Z ##[endgroup]
2026-02-07T18:06:25.5008813Z (node:9591) [DEP0005] DeprecationWarning: Buffer() is deprecated due to security and usability issues. Please use the Buffer.alloc(), Buffer.allocUnsafe(), or Buffer.from() methods instead.
2026-02-07T18:06:25.5009485Z (Use `node --trace-deprecation ...` to show where the warning was created)
2026-02-07T18:06:43.9887862Z Waiting for Pods in namespace [vllm-project] to become Running and Ready (timeout 1200s)...
2026-02-07T18:06:44.1150268Z Follower [vllm-0-1] phase=Running ready=false
2026-02-07T18:06:44.1150501Z Follower [vllm-0-1] not Ready yet...
2026-02-07T18:06:44.2403020Z Leader [vllm-0] phase=Running ready=false
2026-02-07T18:06:44.2403292Z Leader not Ready yet...
2026-02-07T18:06:46.3714113Z Follower [vllm-0-1] phase=Running ready=false
2026-02-07T18:06:46.3714400Z Follower [vllm-0-1] not Ready yet...
2026-02-07T18:06:46.4932381Z Leader [vllm-0] phase=Running ready=false
2026-02-07T18:06:46.4932663Z Leader not Ready yet...
2026-02-07T18:06:48.6183722Z Follower [vllm-0-1] phase=Running ready=false
2026-02-07T18:06:48.6183995Z Follower [vllm-0-1] not Ready yet...
2026-02-07T18:06:48.7436297Z Leader [vllm-0] phase=Running ready=false
2026-02-07T18:06:48.7436526Z Leader not Ready yet...
2026-02-07T18:06:50.8590801Z Follower [vllm-0-1] phase=Running ready=false
2026-02-07T18:06:50.8591099Z Follower [vllm-0-1] not Ready yet...
2026-02-07T18:06:50.9810846Z Leader [vllm-0] phase=Running ready=false
2026-02-07T18:06:50.9811108Z Leader not Ready yet...
2026-02-07T18:06:53.0976144Z Follower [vllm-0-1] phase=Running ready=false
2026-02-07T18:06:53.0976484Z Follower [vllm-0-1] not Ready yet...
2026-02-07T18:06:53.2197507Z Leader [vllm-0] phase=Running ready=false
2026-02-07T18:06:53.2197760Z Leader not Ready yet...
2026-02-07T18:06:55.3379541Z Follower [vllm-0-1] phase=Running ready=false
2026-02-07T18:06:55.3379840Z Follower [vllm-0-1] not Ready yet...
2026-02-07T18:06:55.4540453Z Leader [vllm-0] phase=Running ready=false
2026-02-07T18:06:55.4540749Z Leader not Ready yet...
2026-02-07T18:06:57.5760933Z Follower [vllm-0-1] phase=Running ready=false
2026-02-07T18:06:57.5761212Z Follower [vllm-0-1] not Ready yet...
2026-02-07T18:06:57.7025094Z Leader [vllm-0] phase=Running ready=false
2026-02-07T18:06:57.7025357Z Leader not Ready yet...
2026-02-07T18:06:59.8281972Z Follower [vllm-0-1] phase=Running ready=false
2026-02-07T18:06:59.8282342Z Follower [vllm-0-1] not Ready yet...
2026-02-07T18:06:59.9423370Z Leader [vllm-0] phase=Running ready=false
2026-02-07T18:06:59.9423607Z Leader not Ready yet...
2026-02-07T18:07:02.0844117Z Follower [vllm-0-1] phase=Running ready=false
2026-02-07T18:07:02.0844417Z Follower [vllm-0-1] not Ready yet...
2026-02-07T18:07:02.2071556Z Leader [vllm-0] phase=Running ready=false
2026-02-07T18:07:02.2071812Z Leader not Ready yet...
2026-02-07T18:07:04.3238364Z Follower [vllm-0-1] phase=Running ready=false
2026-02-07T18:07:04.3238681Z Follower [vllm-0-1] not Ready yet...
2026-02-07T18:07:04.4393831Z Leader [vllm-0] phase=Running ready=false
2026-02-07T18:07:04.4394086Z Leader not Ready yet...
2026-02-07T18:07:06.5545448Z Follower [vllm-0-1] phase=Running ready=false
2026-02-07T18:07:06.5545729Z Follower [vllm-0-1] not Ready yet...
2026-02-07T18:07:06.6763134Z Leader [vllm-0] phase=Running ready=false
2026-02-07T18:07:06.6763385Z Leader not Ready yet...
2026-02-07T18:07:08.7921642Z Follower [vllm-0-1] phase=Running ready=false
2026-02-07T18:07:08.7921940Z Follower [vllm-0-1] not Ready yet...
2026-02-07T18:07:08.9100310Z Leader [vllm-0] phase=Running ready=false
2026-02-07T18:07:08.9100597Z Leader not Ready yet...
2026-02-07T18:07:11.0258815Z Follower [vllm-0-1] phase=Running ready=false
2026-02-07T18:07:11.0259123Z Follower [vllm-0-1] not Ready yet...
2026-02-07T18:07:11.1435236Z Leader [vllm-0] phase=Running ready=false
2026-02-07T18:07:11.1435918Z Leader not Ready yet...
2026-02-07T18:07:13.2736001Z Follower [vllm-0-1] phase=Running ready=false
2026-02-07T18:07:13.2736272Z Follower [vllm-0-1] not Ready yet...
2026-02-07T18:07:13.3948912Z Leader [vllm-0] phase=Running ready=false
2026-02-07T18:07:13.3949161Z Leader not Ready yet...
2026-02-07T18:07:15.5143674Z Follower [vllm-0-1] phase=Running ready=false
2026-02-07T18:07:15.5143972Z Follower [vllm-0-1] not Ready yet...
2026-02-07T18:07:15.6695118Z Leader [vllm-0] phase=Running ready=false
2026-02-07T18:07:15.6695361Z Leader not Ready yet...
2026-02-07T18:07:17.7889061Z Follower [vllm-0-1] phase=Running ready=false
2026-02-07T18:07:17.7889331Z Follower [vllm-0-1] not Ready yet...
2026-02-07T18:07:17.9044746Z Leader [vllm-0] phase=Running ready=false
2026-02-07T18:07:17.9045001Z Leader not Ready yet...
2026-02-07T18:07:20.0303470Z Follower [vllm-0-1] phase=Running ready=false
2026-02-07T18:07:20.0303789Z Follower [vllm-0-1] not Ready yet...
2026-02-07T18:07:20.1532685Z Leader [vllm-0] phase=Running ready=false
2026-02-07T18:07:20.1532927Z Leader not Ready yet...
2026-02-07T18:07:22.2765428Z Follower [vllm-0-1] phase=Running ready=false
2026-02-07T18:07:22.2765719Z Follower [vllm-0-1] not Ready yet...
2026-02-07T18:07:22.3929570Z Leader [vllm-0] phase=Running ready=false
2026-02-07T18:07:22.3929820Z Leader not Ready yet...
2026-02-07T18:07:24.5073066Z Follower [vllm-0-1] phase=Running ready=false
2026-02-07T18:07:24.5073348Z Follower [vllm-0-1] not Ready yet...
2026-02-07T18:07:24.6216063Z Leader [vllm-0] phase=Running ready=false
2026-02-07T18:07:24.6216323Z Leader not Ready yet...
2026-02-07T18:07:26.7464303Z Follower [vllm-0-1] phase=Running ready=false
2026-02-07T18:07:26.7464583Z Follower [vllm-0-1] not Ready yet...
2026-02-07T18:07:26.8705359Z Leader [vllm-0] phase=Running ready=false
2026-02-07T18:07:26.8707077Z Leader not Ready yet...
2026-02-07T18:07:28.9873605Z Follower [vllm-0-1] phase=Running ready=false
2026-02-07T18:07:28.9873913Z Follower [vllm-0-1] not Ready yet...
2026-02-07T18:07:29.1087610Z Leader [vllm-0] phase=Running ready=false
2026-02-07T18:07:29.1087894Z Leader not Ready yet...
2026-02-07T18:07:31.2339736Z Follower [vllm-0-1] phase=Running ready=false
2026-02-07T18:07:31.2340019Z Follower [vllm-0-1] not Ready yet...
2026-02-07T18:07:31.3477174Z Leader [vllm-0] phase=Running ready=false
2026-02-07T18:07:31.3477511Z Leader not Ready yet...
2026-02-07T18:07:33.4747181Z Follower [vllm-0-1] phase=Running ready=false
2026-02-07T18:07:33.4747463Z Follower [vllm-0-1] not Ready yet...
2026-02-07T18:07:33.5872812Z Leader [vllm-0] phase=Running ready=false
2026-02-07T18:07:33.5873091Z Leader not Ready yet...
2026-02-07T18:07:35.7048009Z Follower [vllm-0-1] phase=Running ready=false
2026-02-07T18:07:35.7048296Z Follower [vllm-0-1] not Ready yet...
2026-02-07T18:07:35.8229248Z Leader [vllm-0] phase=Running ready=false
2026-02-07T18:07:35.8229551Z Leader not Ready yet...
2026-02-07T18:07:37.9431522Z Follower [vllm-0-1] phase=Running ready=false
2026-02-07T18:07:37.9431838Z Follower [vllm-0-1] not Ready yet...
2026-02-07T18:07:38.0637149Z Leader [vllm-0] phase=Running ready=false
2026-02-07T18:07:38.0637475Z Leader not Ready yet...
2026-02-07T18:07:40.1875955Z Follower [vllm-0-1] phase=Running ready=false
2026-02-07T18:07:40.1876276Z Follower [vllm-0-1] not Ready yet...
2026-02-07T18:07:40.3097916Z Leader [vllm-0] phase=Running ready=false
2026-02-07T18:07:40.3098202Z Leader not Ready yet...
2026-02-07T18:07:42.4395846Z Follower [vllm-0-1] phase=Running ready=false
2026-02-07T18:07:42.4396129Z Follower [vllm-0-1] not Ready yet...
2026-02-07T18:07:42.5593897Z Leader [vllm-0] phase=Running ready=false
2026-02-07T18:07:42.5594176Z Leader not Ready yet...
2026-02-07T18:07:44.6825922Z Follower [vllm-0-1] phase=Running ready=false
2026-02-07T18:07:44.6826239Z Follower [vllm-0-1] not Ready yet...
2026-02-07T18:07:44.7985154Z Leader [vllm-0] phase=Running ready=false
2026-02-07T18:07:44.7985438Z Leader not Ready yet...
2026-02-07T18:07:46.9201256Z Follower [vllm-0-1] phase=Running ready=false
2026-02-07T18:07:46.9202096Z Follower [vllm-0-1] not Ready yet...
2026-02-07T18:07:47.0382909Z Leader [vllm-0] phase=Running ready=false
2026-02-07T18:07:47.0383224Z Leader not Ready yet...
2026-02-07T18:07:49.1573972Z Follower [vllm-0-1] phase=Running ready=false
2026-02-07T18:07:49.1574288Z Follower [vllm-0-1] not Ready yet...
2026-02-07T18:07:49.2874629Z Leader [vllm-0] phase=Running ready=false
2026-02-07T18:07:49.2874871Z Leader not Ready yet...
2026-02-07T18:07:51.4034848Z Follower [vllm-0-1] phase=Running ready=false
2026-02-07T18:07:51.4035145Z Follower [vllm-0-1] not Ready yet...
2026-02-07T18:07:51.5178354Z Leader [vllm-0] phase=Running ready=false
2026-02-07T18:07:51.5178634Z Leader not Ready yet...
2026-02-07T18:07:53.6333995Z Follower [vllm-0-1] phase=Running ready=false
2026-02-07T18:07:53.6334295Z Follower [vllm-0-1] not Ready yet...
2026-02-07T18:07:53.7551348Z Leader [vllm-0] phase=Running ready=false
2026-02-07T18:07:53.7551616Z Leader not Ready yet...
2026-02-07T18:07:55.8770280Z Follower [vllm-0-1] phase=Running ready=false
2026-02-07T18:07:55.8770575Z Follower [vllm-0-1] not Ready yet...
2026-02-07T18:07:55.9971955Z Leader [vllm-0] phase=Running ready=false
2026-02-07T18:07:55.9972287Z Leader not Ready yet...
2026-02-07T18:07:58.1173507Z Follower [vllm-0-1] phase=Running ready=false
2026-02-07T18:07:58.1173839Z Follower [vllm-0-1] not Ready yet...
2026-02-07T18:07:58.2294574Z Leader [vllm-0] phase=Running ready=false
2026-02-07T18:07:58.2294861Z Leader not Ready yet...
2026-02-07T18:08:00.3497056Z Follower [vllm-0-1] phase=Running ready=false
2026-02-07T18:08:00.3497419Z Follower [vllm-0-1] not Ready yet...
2026-02-07T18:08:00.4702385Z Leader [vllm-0] phase=Running ready=false
2026-02-07T18:08:00.4702695Z Leader not Ready yet...
2026-02-07T18:08:02.5875073Z Follower [vllm-0-1] phase=Running ready=false
2026-02-07T18:08:02.5875349Z Follower [vllm-0-1] not Ready yet...
2026-02-07T18:08:02.7035900Z Leader [vllm-0] phase=Running ready=false
2026-02-07T18:08:02.7036141Z Leader not Ready yet...
2026-02-07T18:08:04.8329796Z Follower [vllm-0-1] phase=Running ready=false
2026-02-07T18:08:04.8330062Z Follower [vllm-0-1] not Ready yet...
2026-02-07T18:08:04.9530681Z Leader [vllm-0] phase=Running ready=false
2026-02-07T18:08:04.9530906Z Leader not Ready yet...
2026-02-07T18:08:07.0734608Z Follower [vllm-0-1] phase=Running ready=false
2026-02-07T18:08:07.0734875Z Follower [vllm-0-1] not Ready yet...
2026-02-07T18:08:07.1916515Z Leader [vllm-0] phase=Running ready=false
2026-02-07T18:08:07.1916735Z Leader not Ready yet...
2026-02-07T18:08:09.3116385Z Follower [vllm-0-1] phase=Running ready=false
2026-02-07T18:08:09.3116657Z Follower [vllm-0-1] not Ready yet...
2026-02-07T18:08:09.4228918Z Leader [vllm-0] phase=Running ready=false
2026-02-07T18:08:09.4229191Z Leader not Ready yet...
2026-02-07T18:08:11.5464794Z Follower [vllm-0-1] phase=Running ready=false
2026-02-07T18:08:11.5465102Z Follower [vllm-0-1] not Ready yet...
2026-02-07T18:08:11.6758308Z Leader [vllm-0] phase=Running ready=false
2026-02-07T18:08:11.6758627Z Leader not Ready yet...
2026-02-07T18:08:13.7936756Z Follower [vllm-0-1] phase=Running ready=false
2026-02-07T18:08:13.7937030Z Follower [vllm-0-1] not Ready yet...
2026-02-07T18:08:13.9117790Z Leader [vllm-0] phase=Running ready=false
2026-02-07T18:08:13.9118065Z Leader not Ready yet...
2026-02-07T18:08:16.0321724Z Follower [vllm-0-1] phase=Running ready=false
2026-02-07T18:08:16.0322135Z Follower [vllm-0-1] not Ready yet...
2026-02-07T18:08:16.1481926Z Leader [vllm-0] phase=Running ready=false
2026-02-07T18:08:16.1482335Z Leader not Ready yet...
2026-02-07T18:08:18.2778819Z Follower [vllm-0-1] phase=Running ready=false
2026-02-07T18:08:18.2779108Z Follower [vllm-0-1] not Ready yet...
2026-02-07T18:08:18.3934210Z Leader [vllm-0] phase=Running ready=false
2026-02-07T18:08:18.3934444Z Leader not Ready yet...
2026-02-07T18:08:20.5020870Z Follower [vllm-0-1] phase=Running ready=false
2026-02-07T18:08:20.5021200Z Follower [vllm-0-1] not Ready yet...
2026-02-07T18:08:20.6195871Z Leader [vllm-0] phase=Running ready=false
2026-02-07T18:08:20.6196094Z Leader not Ready yet...
2026-02-07T18:08:22.7390752Z Follower [vllm-0-1] phase=Running ready=false
2026-02-07T18:08:22.7391031Z Follower [vllm-0-1] not Ready yet...
2026-02-07T18:08:22.8479408Z Leader [vllm-0] phase=Running ready=false
2026-02-07T18:08:22.8479670Z Leader not Ready yet...
2026-02-07T18:08:24.9725373Z Follower [vllm-0-1] phase=Running ready=false
2026-02-07T18:08:24.9725644Z Follower [vllm-0-1] not Ready yet...
2026-02-07T18:08:25.0944378Z Leader [vllm-0] phase=Running ready=false
2026-02-07T18:08:25.0944609Z Leader not Ready yet...
2026-02-07T18:08:27.2197667Z Follower [vllm-0-1] phase=Running ready=false
2026-02-07T18:08:27.2197931Z Follower [vllm-0-1] not Ready yet...
2026-02-07T18:08:27.3384248Z Leader [vllm-0] phase=Running ready=false
2026-02-07T18:08:27.3384467Z Leader not Ready yet...
2026-02-07T18:08:29.4550713Z Follower [vllm-0-1] phase=Running ready=false
2026-02-07T18:08:29.4550997Z Follower [vllm-0-1] not Ready yet...
2026-02-07T18:08:29.5669101Z Leader [vllm-0] phase=Running ready=false
2026-02-07T18:08:29.5669362Z Leader not Ready yet...
2026-02-07T18:08:31.6918838Z Follower [vllm-0-1] phase=Running ready=false
2026-02-07T18:08:31.6919196Z Follower [vllm-0-1] not Ready yet...
2026-02-07T18:08:31.8194660Z Leader [vllm-0] phase=Running ready=false
2026-02-07T18:08:31.8194910Z Leader not Ready yet...
2026-02-07T18:08:33.9306080Z Follower [vllm-0-1] phase=Running ready=false
2026-02-07T18:08:33.9306364Z Follower [vllm-0-1] not Ready yet...
2026-02-07T18:08:34.0449990Z Leader [vllm-0] phase=Running ready=false
2026-02-07T18:08:34.0450256Z Leader not Ready yet...
2026-02-07T18:08:36.1655286Z Follower [vllm-0-1] phase=Running ready=false
2026-02-07T18:08:36.1655572Z Follower [vllm-0-1] not Ready yet...
2026-02-07T18:08:36.2824016Z Leader [vllm-0] phase=Running ready=false
2026-02-07T18:08:36.2824288Z Leader not Ready yet...
2026-02-07T18:08:38.4007738Z Follower [vllm-0-1] phase=Running ready=false
2026-02-07T18:08:38.4008033Z Follower [vllm-0-1] not Ready yet...
2026-02-07T18:08:38.5237563Z Leader [vllm-0] phase=Running ready=false
2026-02-07T18:08:38.5237790Z Leader not Ready yet...
2026-02-07T18:08:40.6445804Z Follower [vllm-0-1] phase=Running ready=false
2026-02-07T18:08:40.6446058Z Follower [vllm-0-1] not Ready yet...
2026-02-07T18:08:40.7643535Z Leader [vllm-0] phase=Running ready=false
2026-02-07T18:08:40.7643755Z Leader not Ready yet...
2026-02-07T18:08:42.8927668Z Follower [vllm-0-1] phase=Running ready=false
2026-02-07T18:08:42.8927939Z Follower [vllm-0-1] not Ready yet...
2026-02-07T18:08:43.0124226Z Leader [vllm-0] phase=Running ready=false
2026-02-07T18:08:43.0124478Z Leader not Ready yet...
2026-02-07T18:08:45.1332545Z Follower [vllm-0-1] phase=Running ready=false
2026-02-07T18:08:45.1332902Z Follower [vllm-0-1] not Ready yet...
2026-02-07T18:08:45.2557058Z Leader [vllm-0] phase=Running ready=false
2026-02-07T18:08:45.2557293Z Leader not Ready yet...
2026-02-07T18:08:47.3816389Z Follower [vllm-0-1] phase=Running ready=false
2026-02-07T18:08:47.3816698Z Follower [vllm-0-1] not Ready yet...
2026-02-07T18:08:47.5090440Z Leader [vllm-0] phase=Running ready=false
2026-02-07T18:08:47.5090713Z Leader not Ready yet...
2026-02-07T18:08:49.6300678Z Follower [vllm-0-1] phase=Running ready=false
2026-02-07T18:08:49.6300959Z Follower [vllm-0-1] not Ready yet...
2026-02-07T18:08:49.7437495Z Leader [vllm-0] phase=Running ready=false
2026-02-07T18:08:49.7437719Z Leader not Ready yet...
2026-02-07T18:08:51.8691786Z Follower [vllm-0-1] phase=Running ready=false
2026-02-07T18:08:51.8692157Z Follower [vllm-0-1] not Ready yet...
2026-02-07T18:08:51.9972068Z Leader [vllm-0] phase=Running ready=false
2026-02-07T18:08:51.9972348Z Leader not Ready yet...
2026-02-07T18:08:54.1240387Z Follower [vllm-0-1] phase=Running ready=false
2026-02-07T18:08:54.1240686Z Follower [vllm-0-1] not Ready yet...
2026-02-07T18:08:54.2420428Z Leader [vllm-0] phase=Running ready=false
2026-02-07T18:08:54.2420712Z Leader not Ready yet...
2026-02-07T18:08:56.3589021Z Follower [vllm-0-1] phase=Running ready=false
2026-02-07T18:08:56.3589349Z Follower [vllm-0-1] not Ready yet...
2026-02-07T18:08:56.4792507Z Leader [vllm-0] phase=Running ready=false
2026-02-07T18:08:56.4792745Z Leader not Ready yet...
2026-02-07T18:08:58.6002898Z Follower [vllm-0-1] phase=Running ready=false
2026-02-07T18:08:58.6003221Z Follower [vllm-0-1] not Ready yet...
2026-02-07T18:08:58.7146333Z Leader [vllm-0] phase=Running ready=false
2026-02-07T18:08:58.7146607Z Leader not Ready yet...
2026-02-07T18:09:00.8347421Z Follower [vllm-0-1] phase=Running ready=false
2026-02-07T18:09:00.8347693Z Follower [vllm-0-1] not Ready yet...
2026-02-07T18:09:00.9474180Z Leader [vllm-0] phase=Running ready=false
2026-02-07T18:09:00.9474443Z Leader not Ready yet...
2026-02-07T18:09:03.0698805Z Follower [vllm-0-1] phase=Running ready=false
2026-02-07T18:09:03.0699085Z Follower [vllm-0-1] not Ready yet...
2026-02-07T18:09:03.1893660Z Leader [vllm-0] phase=Running ready=false
2026-02-07T18:09:03.1893917Z Leader not Ready yet...
2026-02-07T18:09:05.3098858Z Follower [vllm-0-1] phase=Running ready=false
2026-02-07T18:09:05.3099180Z Follower [vllm-0-1] not Ready yet...
2026-02-07T18:09:05.4305205Z Leader [vllm-0] phase=Running ready=false
2026-02-07T18:09:05.4305428Z Leader not Ready yet...
2026-02-07T18:09:07.5492166Z Follower [vllm-0-1] phase=Running ready=false
2026-02-07T18:09:07.5492443Z Follower [vllm-0-1] not Ready yet...
2026-02-07T18:09:07.6649104Z Leader [vllm-0] phase=Running ready=false
2026-02-07T18:09:07.6649342Z Leader not Ready yet...
2026-02-07T18:09:09.7770250Z Follower [vllm-0-1] phase=Running ready=false
2026-02-07T18:09:09.7770537Z Follower [vllm-0-1] not Ready yet...
2026-02-07T18:09:09.8909243Z Leader [vllm-0] phase=Running ready=false
2026-02-07T18:09:09.8909485Z Leader not Ready yet...
2026-02-07T18:09:12.0130403Z Follower [vllm-0-1] phase=Running ready=false
2026-02-07T18:09:12.0132535Z Follower [vllm-0-1] not Ready yet...
2026-02-07T18:09:12.1251492Z Leader [vllm-0] phase=Running ready=false
2026-02-07T18:09:12.1251743Z Leader not Ready yet...
2026-02-07T18:09:14.2445016Z Follower [vllm-0-1] phase=Running ready=false
2026-02-07T18:09:14.2445287Z Follower [vllm-0-1] not Ready yet...
2026-02-07T18:09:14.3715646Z Leader [vllm-0] phase=Running ready=false
2026-02-07T18:09:14.3715890Z Leader not Ready yet...
2026-02-07T18:09:16.4903142Z Follower [vllm-0-1] phase=Running ready=false
2026-02-07T18:09:16.4903404Z Follower [vllm-0-1] not Ready yet...
2026-02-07T18:09:16.6047646Z Leader [vllm-0] phase=Running ready=false
2026-02-07T18:09:16.6047958Z Leader not Ready yet...
2026-02-07T18:09:18.7240348Z Follower [vllm-0-1] phase=Running ready=false
2026-02-07T18:09:18.7240616Z Follower [vllm-0-1] not Ready yet...
2026-02-07T18:09:18.8369321Z Leader [vllm-0] phase=Running ready=false
2026-02-07T18:09:18.8369539Z Leader not Ready yet...
2026-02-07T18:09:20.9691434Z Follower [vllm-0-1] phase=Running ready=false
2026-02-07T18:09:20.9691738Z Follower [vllm-0-1] not Ready yet...
2026-02-07T18:09:21.0888801Z Leader [vllm-0] phase=Running ready=false
2026-02-07T18:09:21.0889032Z Leader not Ready yet...
2026-02-07T18:09:23.2153097Z Follower [vllm-0-1] phase=Running ready=false
2026-02-07T18:09:23.2153376Z Follower [vllm-0-1] not Ready yet...
2026-02-07T18:09:23.3427763Z Leader [vllm-0] phase=Running ready=false
2026-02-07T18:09:23.3428047Z Leader not Ready yet...
2026-02-07T18:09:25.4671072Z Follower [vllm-0-1] phase=Running ready=false
2026-02-07T18:09:25.4671348Z Follower [vllm-0-1] not Ready yet...
2026-02-07T18:09:25.5957017Z Leader [vllm-0] phase=Running ready=false
2026-02-07T18:09:25.5957282Z Leader not Ready yet...
2026-02-07T18:09:27.7153972Z Follower [vllm-0-1] phase=Running ready=false
2026-02-07T18:09:27.7154246Z Follower [vllm-0-1] not Ready yet...
2026-02-07T18:09:27.8316127Z Leader [vllm-0] phase=Running ready=false
2026-02-07T18:09:27.8316360Z Leader not Ready yet...
2026-02-07T18:09:29.9468507Z Follower [vllm-0-1] phase=Running ready=false
2026-02-07T18:09:29.9468814Z Follower [vllm-0-1] not Ready yet...
2026-02-07T18:09:30.0876215Z Leader [vllm-0] phase=Running ready=false
2026-02-07T18:09:30.0876470Z Leader not Ready yet...
2026-02-07T18:09:32.2208267Z Follower [vllm-0-1] phase=Running ready=false
2026-02-07T18:09:32.2208535Z Follower [vllm-0-1] not Ready yet...
2026-02-07T18:09:32.3354449Z Leader [vllm-0] phase=Running ready=false
2026-02-07T18:09:32.3354728Z Leader not Ready yet...
2026-02-07T18:09:34.4530689Z Follower [vllm-0-1] phase=Running ready=false
2026-02-07T18:09:34.4531046Z Follower [vllm-0-1] not Ready yet...
2026-02-07T18:09:34.5684434Z Leader [vllm-0] phase=Running ready=false
2026-02-07T18:09:34.5684667Z Leader not Ready yet...
2026-02-07T18:09:36.6896630Z Follower [vllm-0-1] phase=Running ready=false
2026-02-07T18:09:36.6896922Z Follower [vllm-0-1] not Ready yet...
2026-02-07T18:09:36.8036712Z Leader [vllm-0] phase=Running ready=false
2026-02-07T18:09:36.8036994Z Leader not Ready yet...
2026-02-07T18:09:38.9218123Z Follower [vllm-0-1] phase=Running ready=false
2026-02-07T18:09:38.9218416Z Follower [vllm-0-1] not Ready yet...
2026-02-07T18:09:39.0393051Z Leader [vllm-0] phase=Running ready=false
2026-02-07T18:09:39.0393341Z Leader not Ready yet...
2026-02-07T18:09:41.1529611Z Follower [vllm-0-1] phase=Running ready=false
2026-02-07T18:09:41.1529938Z Follower [vllm-0-1] not Ready yet...
2026-02-07T18:09:41.2747578Z Leader [vllm-0] phase=Running ready=false
2026-02-07T18:09:41.2747860Z Leader not Ready yet...
2026-02-07T18:09:43.3971526Z Follower [vllm-0-1] phase=Running ready=false
2026-02-07T18:09:43.3971833Z Follower [vllm-0-1] not Ready yet...
2026-02-07T18:09:43.5145645Z Leader [vllm-0] phase=Running ready=false
2026-02-07T18:09:43.5145905Z Leader not Ready yet...
2026-02-07T18:09:45.6329977Z Follower [vllm-0-1] phase=Running ready=false
2026-02-07T18:09:45.6330246Z Follower [vllm-0-1] not Ready yet...
2026-02-07T18:09:45.7554619Z Leader [vllm-0] phase=Running ready=false
2026-02-07T18:09:45.7555324Z Leader not Ready yet...
2026-02-07T18:09:47.8721119Z Follower [vllm-0-1] phase=Running ready=false
2026-02-07T18:09:47.8721425Z Follower [vllm-0-1] not Ready yet...
2026-02-07T18:09:47.9865676Z Leader [vllm-0] phase=Running ready=false
2026-02-07T18:09:47.9865931Z Leader not Ready yet...
2026-02-07T18:09:50.1092785Z Follower [vllm-0-1] phase=Running ready=false
2026-02-07T18:09:50.1093067Z Follower [vllm-0-1] not Ready yet...
2026-02-07T18:09:50.2349154Z Leader [vllm-0] phase=Running ready=false
2026-02-07T18:09:50.2349382Z Leader not Ready yet...
2026-02-07T18:09:52.3478901Z Follower [vllm-0-1] phase=Running ready=false
2026-02-07T18:09:52.3479208Z Follower [vllm-0-1] not Ready yet...
2026-02-07T18:09:52.4578994Z Leader [vllm-0] phase=Running ready=false
2026-02-07T18:09:52.4579253Z Leader not Ready yet...
2026-02-07T18:09:54.5743184Z Follower [vllm-0-1] phase=Running ready=false
2026-02-07T18:09:54.5743475Z Follower [vllm-0-1] not Ready yet...
2026-02-07T18:09:54.6956815Z Leader [vllm-0] phase=Running ready=false
2026-02-07T18:09:54.6957097Z Leader not Ready yet...
2026-02-07T18:09:56.8062552Z Follower [vllm-0-1] phase=Running ready=false
2026-02-07T18:09:56.8062835Z Follower [vllm-0-1] not Ready yet...
2026-02-07T18:09:56.9281426Z Leader [vllm-0] phase=Running ready=false
2026-02-07T18:09:56.9281639Z Leader not Ready yet...
2026-02-07T18:09:59.0464951Z Follower [vllm-0-1] phase=Running ready=false
2026-02-07T18:09:59.0465255Z Follower [vllm-0-1] not Ready yet...
2026-02-07T18:09:59.1734045Z Leader [vllm-0] phase=Running ready=false
2026-02-07T18:09:59.1734274Z Leader not Ready yet...
2026-02-07T18:10:01.3238902Z Follower [vllm-0-1] phase=Running ready=false
2026-02-07T18:10:01.3239176Z Follower [vllm-0-1] not Ready yet...
2026-02-07T18:10:01.4465128Z Leader [vllm-0] phase=Running ready=false
2026-02-07T18:10:01.4465356Z Leader not Ready yet...
2026-02-07T18:10:03.8087292Z Follower [vllm-0-1] phase=Running ready=false
2026-02-07T18:10:03.8087569Z Follower [vllm-0-1] not Ready yet...
2026-02-07T18:10:03.9244367Z Leader [vllm-0] phase=Running ready=false
2026-02-07T18:10:03.9244626Z Leader not Ready yet...
2026-02-07T18:10:06.0520031Z Follower [vllm-0-1] phase=Running ready=false
2026-02-07T18:10:06.0520341Z Follower [vllm-0-1] not Ready yet...
2026-02-07T18:10:06.1663136Z Leader [vllm-0] phase=Running ready=false
2026-02-07T18:10:06.1663442Z Leader not Ready yet...
2026-02-07T18:10:08.2989636Z Follower [vllm-0-1] phase=Running ready=false
2026-02-07T18:10:08.2989900Z Follower [vllm-0-1] not Ready yet...
2026-02-07T18:10:08.4190319Z Leader [vllm-0] phase=Running ready=false
2026-02-07T18:10:08.4190596Z Leader not Ready yet...
2026-02-07T18:10:10.5399656Z Follower [vllm-0-1] phase=Running ready=false
2026-02-07T18:10:10.5399924Z Follower [vllm-0-1] not Ready yet...
2026-02-07T18:10:10.6541520Z Leader [vllm-0] phase=Running ready=false
2026-02-07T18:10:10.6541778Z Leader not Ready yet...
2026-02-07T18:10:12.7793090Z Follower [vllm-0-1] phase=Running ready=false
2026-02-07T18:10:12.7793369Z Follower [vllm-0-1] not Ready yet...
2026-02-07T18:10:12.9035972Z Leader [vllm-0] phase=Running ready=false
2026-02-07T18:10:12.9036197Z Leader not Ready yet...
2026-02-07T18:10:15.0262595Z Follower [vllm-0-1] phase=Running ready=false
2026-02-07T18:10:15.0262880Z Follower [vllm-0-1] not Ready yet...
2026-02-07T18:10:15.1448710Z Leader [vllm-0] phase=Running ready=false
2026-02-07T18:10:15.1448944Z Leader not Ready yet...
2026-02-07T18:10:17.2594644Z Follower [vllm-0-1] phase=Running ready=false
2026-02-07T18:10:17.2594931Z Follower [vllm-0-1] not Ready yet...
2026-02-07T18:10:17.3756805Z Leader [vllm-0] phase=Running ready=false
2026-02-07T18:10:17.3757035Z Leader not Ready yet...
2026-02-07T18:10:19.4904043Z Follower [vllm-0-1] phase=Running ready=false
2026-02-07T18:10:19.4904321Z Follower [vllm-0-1] not Ready yet...
2026-02-07T18:10:19.6032510Z Leader [vllm-0] phase=Running ready=false
2026-02-07T18:10:19.6032734Z Leader not Ready yet...
2026-02-07T18:10:21.7204087Z Follower [vllm-0-1] phase=Running ready=false
2026-02-07T18:10:21.7204859Z Follower [vllm-0-1] not Ready yet...
2026-02-07T18:10:21.8410819Z Leader [vllm-0] phase=Running ready=false
2026-02-07T18:10:21.8411156Z Leader not Ready yet...
2026-02-07T18:10:23.9567515Z Follower [vllm-0-1] phase=Running ready=false
2026-02-07T18:10:23.9567792Z Follower [vllm-0-1] not Ready yet...
2026-02-07T18:10:24.0705353Z Leader [vllm-0] phase=Running ready=false
2026-02-07T18:10:24.0705610Z Leader not Ready yet...
2026-02-07T18:10:26.1858332Z Follower [vllm-0-1] phase=Running ready=false
2026-02-07T18:10:26.1858639Z Follower [vllm-0-1] not Ready yet...
2026-02-07T18:10:26.2999690Z Leader [vllm-0] phase=Running ready=false
2026-02-07T18:10:26.2999901Z Leader not Ready yet...
2026-02-07T18:10:28.4145374Z Follower [vllm-0-1] phase=Running ready=false
2026-02-07T18:10:28.4145650Z Follower [vllm-0-1] not Ready yet...
2026-02-07T18:10:28.5341325Z Leader [vllm-0] phase=Running ready=false
2026-02-07T18:10:28.5341604Z Leader not Ready yet...
2026-02-07T18:10:30.6466867Z Follower [vllm-0-1] phase=Running ready=false
2026-02-07T18:10:30.6467202Z Follower [vllm-0-1] not Ready yet...
2026-02-07T18:10:30.7638307Z Leader [vllm-0] phase=Running ready=false
2026-02-07T18:10:30.7638537Z Leader not Ready yet...
2026-02-07T18:10:32.8809503Z Follower [vllm-0-1] phase=Running ready=false
2026-02-07T18:10:32.8809773Z Follower [vllm-0-1] not Ready yet...
2026-02-07T18:10:32.9964481Z Leader [vllm-0] phase=Running ready=false
2026-02-07T18:10:32.9964712Z Leader not Ready yet...
2026-02-07T18:10:35.1101642Z Follower [vllm-0-1] phase=Running ready=false
2026-02-07T18:10:35.1101976Z Follower [vllm-0-1] not Ready yet...
2026-02-07T18:10:35.2262670Z Leader [vllm-0] phase=Running ready=false
2026-02-07T18:10:35.2262908Z Leader not Ready yet...
2026-02-07T18:10:37.3511500Z Follower [vllm-0-1] phase=Running ready=false
2026-02-07T18:10:37.3511783Z Follower [vllm-0-1] not Ready yet...
2026-02-07T18:10:37.4730200Z Leader [vllm-0] phase=Running ready=false
2026-02-07T18:10:37.4730427Z Leader not Ready yet...
2026-02-07T18:10:39.5916483Z Follower [vllm-0-1] phase=Running ready=false
2026-02-07T18:10:39.5916759Z Follower [vllm-0-1] not Ready yet...
2026-02-07T18:10:39.7063220Z Leader [vllm-0] phase=Running ready=false
2026-02-07T18:10:39.7063469Z Leader not Ready yet...
2026-02-07T18:10:41.8312818Z Follower [vllm-0-1] phase=Running ready=false
2026-02-07T18:10:41.8313111Z Follower [vllm-0-1] not Ready yet...
2026-02-07T18:10:41.9570984Z Leader [vllm-0] phase=Running ready=false
2026-02-07T18:10:41.9571228Z Leader not Ready yet...
2026-02-07T18:10:44.0760533Z Follower [vllm-0-1] phase=Running ready=false
2026-02-07T18:10:44.0760811Z Follower [vllm-0-1] not Ready yet...
2026-02-07T18:10:44.1917889Z Leader [vllm-0] phase=Running ready=false
2026-02-07T18:10:44.1918144Z Leader not Ready yet...
2026-02-07T18:10:46.3055729Z Follower [vllm-0-1] phase=Running ready=false
2026-02-07T18:10:46.3056007Z Follower [vllm-0-1] not Ready yet...
2026-02-07T18:10:46.4201746Z Leader [vllm-0] phase=Running ready=false
2026-02-07T18:10:46.4202096Z Leader not Ready yet...
2026-02-07T18:10:48.5363768Z Follower [vllm-0-1] phase=Running ready=false
2026-02-07T18:10:48.5364113Z Follower [vllm-0-1] not Ready yet...
2026-02-07T18:10:48.6499339Z Leader [vllm-0] phase=Running ready=false
2026-02-07T18:10:48.6499636Z Leader not Ready yet...
2026-02-07T18:10:50.7766472Z Follower [vllm-0-1] phase=Running ready=false
2026-02-07T18:10:50.7766765Z Follower [vllm-0-1] not Ready yet...
2026-02-07T18:10:50.8907484Z Leader [vllm-0] phase=Running ready=false
2026-02-07T18:10:50.8907765Z Leader not Ready yet...
2026-02-07T18:10:53.0079843Z Follower [vllm-0-1] phase=Running ready=false
2026-02-07T18:10:53.0080136Z Follower [vllm-0-1] not Ready yet...
2026-02-07T18:10:53.1247317Z Leader [vllm-0] phase=Running ready=false
2026-02-07T18:10:53.1247573Z Leader not Ready yet...
2026-02-07T18:10:55.2390359Z Follower [vllm-0-1] phase=Running ready=false
2026-02-07T18:10:55.2390655Z Follower [vllm-0-1] not Ready yet...
2026-02-07T18:10:55.3536203Z Leader [vllm-0] phase=Running ready=false
2026-02-07T18:10:55.3536690Z Leader not Ready yet...
2026-02-07T18:10:57.4695582Z Follower [vllm-0-1] phase=Running ready=false
2026-02-07T18:10:57.4695913Z Follower [vllm-0-1] not Ready yet...
2026-02-07T18:10:57.5853692Z Leader [vllm-0] phase=Running ready=false
2026-02-07T18:10:57.5853963Z Leader not Ready yet...
2026-02-07T18:10:59.7081716Z Follower [vllm-0-1] phase=Running ready=false
2026-02-07T18:10:59.7082082Z Follower [vllm-0-1] not Ready yet...
2026-02-07T18:10:59.8184458Z Leader [vllm-0] phase=Running ready=false
2026-02-07T18:10:59.8184672Z Leader not Ready yet...
2026-02-07T18:11:01.9439984Z Follower [vllm-0-1] phase=Running ready=false
2026-02-07T18:11:01.9440286Z Follower [vllm-0-1] not Ready yet...
2026-02-07T18:11:02.0545827Z Leader [vllm-0] phase=Running ready=false
2026-02-07T18:11:02.0546100Z Leader not Ready yet...
2026-02-07T18:11:04.1687411Z Follower [vllm-0-1] phase=Running ready=false
2026-02-07T18:11:04.1687690Z Follower [vllm-0-1] not Ready yet...
2026-02-07T18:11:04.2842499Z Leader [vllm-0] phase=Running ready=false
2026-02-07T18:11:04.2842796Z Leader not Ready yet...
2026-02-07T18:11:06.3961453Z Follower [vllm-0-1] phase=Running ready=false
2026-02-07T18:11:06.3961737Z Follower [vllm-0-1] not Ready yet...
2026-02-07T18:11:06.5066620Z Leader [vllm-0] phase=Running ready=false
2026-02-07T18:11:06.5066905Z Leader not Ready yet...
2026-02-07T18:11:08.6174923Z Follower [vllm-0-1] phase=Running ready=false
2026-02-07T18:11:08.6175193Z Follower [vllm-0-1] not Ready yet...
2026-02-07T18:11:08.7388061Z Leader [vllm-0] phase=Running ready=false
2026-02-07T18:11:08.7388438Z Leader not Ready yet...
2026-02-07T18:11:10.8623881Z Follower [vllm-0-1] phase=Running ready=false
2026-02-07T18:11:10.8624186Z Follower [vllm-0-1] not Ready yet...
2026-02-07T18:11:10.9801134Z Leader [vllm-0] phase=Running ready=false
2026-02-07T18:11:10.9801364Z Leader not Ready yet...
2026-02-07T18:11:13.1393606Z Follower [vllm-0-1] phase=Running ready=false
2026-02-07T18:11:13.1393893Z Follower [vllm-0-1] not Ready yet...
2026-02-07T18:11:13.2597024Z Leader [vllm-0] phase=Running ready=false
2026-02-07T18:11:13.2597315Z Leader not Ready yet...
2026-02-07T18:11:15.3761925Z Follower [vllm-0-1] phase=Running ready=false
2026-02-07T18:11:15.3762316Z Follower [vllm-0-1] not Ready yet...
2026-02-07T18:11:15.4964810Z Leader [vllm-0] phase=Running ready=false
2026-02-07T18:11:15.4965085Z Leader not Ready yet...
2026-02-07T18:11:17.6201093Z Follower [vllm-0-1] phase=Running ready=false
2026-02-07T18:11:17.6201376Z Follower [vllm-0-1] not Ready yet...
2026-02-07T18:11:17.7413583Z Leader [vllm-0] phase=Running ready=false
2026-02-07T18:11:17.7413835Z Leader not Ready yet...
2026-02-07T18:11:19.8569397Z Follower [vllm-0-1] phase=Running ready=false
2026-02-07T18:11:19.8569741Z Follower [vllm-0-1] not Ready yet...
2026-02-07T18:11:19.9704162Z Leader [vllm-0] phase=Running ready=false
2026-02-07T18:11:19.9704434Z Leader not Ready yet...
2026-02-07T18:11:22.0979485Z Follower [vllm-0-1] phase=Running ready=false
2026-02-07T18:11:22.0979808Z Follower [vllm-0-1] not Ready yet...
2026-02-07T18:11:22.2123305Z Leader [vllm-0] phase=Running ready=false
2026-02-07T18:11:22.2123610Z Leader not Ready yet...
2026-02-07T18:11:24.3303547Z Follower [vllm-0-1] phase=Running ready=false
2026-02-07T18:11:24.3303831Z Follower [vllm-0-1] not Ready yet...
2026-02-07T18:11:24.4458080Z Leader [vllm-0] phase=Running ready=false
2026-02-07T18:11:24.4458323Z Leader not Ready yet...
2026-02-07T18:11:26.5643441Z Follower [vllm-0-1] phase=Running ready=false
2026-02-07T18:11:26.5643710Z Follower [vllm-0-1] not Ready yet...
2026-02-07T18:11:26.6780378Z Leader [vllm-0] phase=Running ready=false
2026-02-07T18:11:26.6780612Z Leader not Ready yet...
2026-02-07T18:11:28.7945632Z Follower [vllm-0-1] phase=Running ready=false
2026-02-07T18:11:28.7945903Z Follower [vllm-0-1] not Ready yet...
2026-02-07T18:11:28.9130885Z Leader [vllm-0] phase=Running ready=false
2026-02-07T18:11:28.9133062Z Leader not Ready yet...
2026-02-07T18:11:31.0314637Z Follower [vllm-0-1] phase=Running ready=false
2026-02-07T18:11:31.0315458Z Follower [vllm-0-1] not Ready yet...
2026-02-07T18:11:31.1532298Z Leader [vllm-0] phase=Running ready=false
2026-02-07T18:11:31.1532642Z Leader not Ready yet...
2026-02-07T18:11:33.2735938Z Follower [vllm-0-1] phase=Running ready=false
2026-02-07T18:11:33.2736230Z Follower [vllm-0-1] not Ready yet...
2026-02-07T18:11:33.3979630Z Leader [vllm-0] phase=Running ready=false
2026-02-07T18:11:33.3979894Z Leader not Ready yet...
2026-02-07T18:11:35.5187869Z Follower [vllm-0-1] phase=Running ready=false
2026-02-07T18:11:35.5188249Z Follower [vllm-0-1] not Ready yet...
2026-02-07T18:11:35.6369130Z Leader [vllm-0] phase=Running ready=false
2026-02-07T18:11:35.6369399Z Leader not Ready yet...
2026-02-07T18:11:37.7665982Z Follower [vllm-0-1] phase=Running ready=false
2026-02-07T18:11:37.7666280Z Follower [vllm-0-1] not Ready yet...
2026-02-07T18:11:37.8841594Z Leader [vllm-0] phase=Running ready=false
2026-02-07T18:11:37.8841831Z Leader not Ready yet...
2026-02-07T18:11:40.0025267Z Follower [vllm-0-1] phase=Running ready=false
2026-02-07T18:11:40.0025561Z Follower [vllm-0-1] not Ready yet...
2026-02-07T18:11:40.1221947Z Leader [vllm-0] phase=Running ready=false
2026-02-07T18:11:40.1222283Z Leader not Ready yet...
2026-02-07T18:11:42.2540671Z Follower [vllm-0-1] phase=Running ready=false
2026-02-07T18:11:42.2540948Z Follower [vllm-0-1] not Ready yet...
2026-02-07T18:11:42.3729849Z Leader [vllm-0] phase=Running ready=false
2026-02-07T18:11:42.3730068Z Leader not Ready yet...
2026-02-07T18:11:44.4994573Z Follower [vllm-0-1] phase=Running ready=false
2026-02-07T18:11:44.4994865Z Follower [vllm-0-1] not Ready yet...
2026-02-07T18:11:44.6233435Z Leader [vllm-0] phase=Running ready=false
2026-02-07T18:11:44.6233670Z Leader not Ready yet...
2026-02-07T18:11:46.7428135Z Follower [vllm-0-1] phase=Running ready=false
2026-02-07T18:11:46.7428472Z Follower [vllm-0-1] not Ready yet...
2026-02-07T18:11:46.8552158Z Leader [vllm-0] phase=Running ready=false
2026-02-07T18:11:46.8552412Z Leader not Ready yet...
2026-02-07T18:11:48.9745790Z Follower [vllm-0-1] phase=Running ready=false
2026-02-07T18:11:48.9746638Z Follower [vllm-0-1] not Ready yet...
2026-02-07T18:11:49.0932909Z Leader [vllm-0] phase=Running ready=false
2026-02-07T18:11:49.0933193Z Leader not Ready yet...
2026-02-07T18:11:51.2105095Z Follower [vllm-0-1] phase=Running ready=false
2026-02-07T18:11:51.2105489Z Follower [vllm-0-1] not Ready yet...
2026-02-07T18:11:51.3306316Z Leader [vllm-0] phase=Running ready=false
2026-02-07T18:11:51.3306559Z Leader not Ready yet...
2026-02-07T18:11:53.4461504Z Follower [vllm-0-1] phase=Running ready=false
2026-02-07T18:11:53.4461783Z Follower [vllm-0-1] not Ready yet...
2026-02-07T18:11:53.5745835Z Leader [vllm-0] phase=Running ready=false
2026-02-07T18:11:53.5746113Z Leader not Ready yet...
2026-02-07T18:11:55.6992818Z Follower [vllm-0-1] phase=Running ready=false
2026-02-07T18:11:55.6993099Z Follower [vllm-0-1] not Ready yet...
2026-02-07T18:11:55.8252656Z Leader [vllm-0] phase=Running ready=false
2026-02-07T18:11:55.8252980Z Leader not Ready yet...
2026-02-07T18:11:57.9401156Z Follower [vllm-0-1] phase=Running ready=false
2026-02-07T18:11:57.9401499Z Follower [vllm-0-1] not Ready yet...
2026-02-07T18:11:58.0588493Z Leader [vllm-0] phase=Running ready=false
2026-02-07T18:11:58.0588728Z Leader not Ready yet...
2026-02-07T18:12:00.1796523Z Follower [vllm-0-1] phase=Running ready=false
2026-02-07T18:12:00.1796783Z Follower [vllm-0-1] not Ready yet...
2026-02-07T18:12:00.2959276Z Leader [vllm-0] phase=Running ready=false
2026-02-07T18:12:00.2959542Z Leader not Ready yet...
2026-02-07T18:12:02.4154507Z Follower [vllm-0-1] phase=Running ready=false
2026-02-07T18:12:02.4154801Z Follower [vllm-0-1] not Ready yet...
2026-02-07T18:12:02.5343217Z Leader [vllm-0] phase=Running ready=false
2026-02-07T18:12:02.5343538Z Leader not Ready yet...
2026-02-07T18:12:04.6621238Z Follower [vllm-0-1] phase=Running ready=false
2026-02-07T18:12:04.6621527Z Follower [vllm-0-1] not Ready yet...
2026-02-07T18:12:04.7744334Z Leader [vllm-0] phase=Running ready=false
2026-02-07T18:12:04.7745119Z Leader not Ready yet...
2026-02-07T18:12:06.8900285Z Follower [vllm-0-1] phase=Running ready=false
2026-02-07T18:12:06.8900568Z Follower [vllm-0-1] not Ready yet...
2026-02-07T18:12:07.0101800Z Leader [vllm-0] phase=Running ready=false
2026-02-07T18:12:09.1361774Z Leader not Ready yet...
2026-02-07T18:12:09.1362165Z Follower [vllm-0-1] phase=Running ready=false
2026-02-07T18:12:09.1362411Z Follower [vllm-0-1] not Ready yet...
2026-02-07T18:12:09.2555017Z Leader [vllm-0] phase=Running ready=false
2026-02-07T18:12:09.2555254Z Leader not Ready yet...
2026-02-07T18:12:11.3801622Z Follower [vllm-0-1] phase=Running ready=false
2026-02-07T18:12:11.3801895Z Follower [vllm-0-1] not Ready yet...
2026-02-07T18:12:11.4980806Z Leader [vllm-0] phase=Running ready=false
2026-02-07T18:12:11.4981048Z Leader not Ready yet...
2026-02-07T18:12:13.6126103Z Follower [vllm-0-1] phase=Running ready=false
2026-02-07T18:12:13.6126392Z Follower [vllm-0-1] not Ready yet...
2026-02-07T18:12:13.7322100Z Leader [vllm-0] phase=Running ready=false
2026-02-07T18:12:13.7322384Z Leader not Ready yet...
2026-02-07T18:12:15.8504838Z Follower [vllm-0-1] phase=Running ready=false
2026-02-07T18:12:15.8505152Z Follower [vllm-0-1] not Ready yet...
2026-02-07T18:12:15.9682841Z Leader [vllm-0] phase=Running ready=false
2026-02-07T18:12:15.9683114Z Leader not Ready yet...
2026-02-07T18:12:18.0946500Z Follower [vllm-0-1] phase=Running ready=false
2026-02-07T18:12:18.0946793Z Follower [vllm-0-1] not Ready yet...
2026-02-07T18:12:18.2083112Z Leader [vllm-0] phase=Running ready=false
2026-02-07T18:12:18.2083383Z Leader not Ready yet...
2026-02-07T18:12:20.3285258Z Follower [vllm-0-1] phase=Running ready=false
2026-02-07T18:12:20.3285529Z Follower [vllm-0-1] not Ready yet...
2026-02-07T18:12:20.4458481Z Leader [vllm-0] phase=Running ready=false
2026-02-07T18:12:20.4458763Z Leader not Ready yet...
2026-02-07T18:12:22.5738443Z Follower [vllm-0-1] phase=Running ready=false
2026-02-07T18:12:22.5738731Z Follower [vllm-0-1] not Ready yet...
2026-02-07T18:12:22.6882802Z Leader [vllm-0] phase=Running ready=false
2026-02-07T18:12:22.6883486Z Leader not Ready yet...
2026-02-07T18:12:24.7988402Z Follower [vllm-0-1] phase=Running ready=false
2026-02-07T18:12:24.7988715Z Follower [vllm-0-1] not Ready yet...
2026-02-07T18:12:24.9191253Z Leader [vllm-0] phase=Running ready=false
2026-02-07T18:12:24.9191528Z Leader not Ready yet...
2026-02-07T18:12:27.0388196Z Follower [vllm-0-1] phase=Running ready=false
2026-02-07T18:12:27.1506492Z Follower [vllm-0-1] not Ready yet...
2026-02-07T18:12:27.1506746Z Leader [vllm-0] phase=Running ready=false
2026-02-07T18:12:27.1506962Z Leader not Ready yet...
2026-02-07T18:12:29.2698686Z Follower [vllm-0-1] phase=Running ready=false
2026-02-07T18:12:29.2698954Z Follower [vllm-0-1] not Ready yet...
2026-02-07T18:12:29.3844957Z Leader [vllm-0] phase=Running ready=false
2026-02-07T18:12:29.3845180Z Leader not Ready yet...
2026-02-07T18:12:31.5015237Z Follower [vllm-0-1] phase=Running ready=false
2026-02-07T18:12:31.5015556Z Follower [vllm-0-1] not Ready yet...
2026-02-07T18:12:31.6127563Z Leader [vllm-0] phase=Running ready=false
2026-02-07T18:12:31.6127912Z Leader not Ready yet...
2026-02-07T18:12:33.7365915Z Follower [vllm-0-1] phase=Running ready=false
2026-02-07T18:12:33.7366193Z Follower [vllm-0-1] not Ready yet...
2026-02-07T18:12:33.8504854Z Leader [vllm-0] phase=Running ready=false
2026-02-07T18:12:33.8505094Z Leader not Ready yet...
2026-02-07T18:12:35.9718189Z Follower [vllm-0-1] phase=Running ready=false
2026-02-07T18:12:35.9718450Z Follower [vllm-0-1] not Ready yet...
2026-02-07T18:12:36.0835532Z Leader [vllm-0] phase=Running ready=false
2026-02-07T18:12:36.0835740Z Leader not Ready yet...
2026-02-07T18:12:38.2081828Z Follower [vllm-0-1] phase=Running ready=false
2026-02-07T18:12:38.2082242Z Follower [vllm-0-1] not Ready yet...
2026-02-07T18:12:38.3269515Z Leader [vllm-0] phase=Running ready=false
2026-02-07T18:12:38.3269779Z Leader not Ready yet...
2026-02-07T18:12:40.4444317Z Follower [vllm-0-1] phase=Running ready=false
2026-02-07T18:12:40.4445065Z Follower [vllm-0-1] not Ready yet...
2026-02-07T18:12:40.5670758Z Leader [vllm-0] phase=Running ready=false
2026-02-07T18:12:40.5671019Z Leader not Ready yet...
2026-02-07T18:12:42.6916016Z Follower [vllm-0-1] phase=Running ready=false
2026-02-07T18:12:42.6916311Z Follower [vllm-0-1] not Ready yet...
2026-02-07T18:12:42.8103967Z Leader [vllm-0] phase=Running ready=false
2026-02-07T18:12:42.8104232Z Leader not Ready yet...
2026-02-07T18:12:44.9279775Z Follower [vllm-0-1] phase=Running ready=false
2026-02-07T18:12:44.9280050Z Follower [vllm-0-1] not Ready yet...
2026-02-07T18:12:45.0426822Z Leader [vllm-0] phase=Running ready=false
2026-02-07T18:12:45.0427075Z Leader not Ready yet...
2026-02-07T18:12:47.1644993Z Follower [vllm-0-1] phase=Running ready=false
2026-02-07T18:12:47.1645285Z Follower [vllm-0-1] not Ready yet...
2026-02-07T18:12:47.2812180Z Leader [vllm-0] phase=Running ready=false
2026-02-07T18:12:47.2812419Z Leader not Ready yet...
2026-02-07T18:12:49.4031816Z Follower [vllm-0-1] phase=Running ready=false
2026-02-07T18:12:49.4032215Z Follower [vllm-0-1] not Ready yet...
2026-02-07T18:12:49.5188405Z Leader [vllm-0] phase=Running ready=false
2026-02-07T18:12:49.5188628Z Leader not Ready yet...
2026-02-07T18:12:51.6411911Z Follower [vllm-0-1] phase=Running ready=false
2026-02-07T18:12:51.6412319Z Follower [vllm-0-1] not Ready yet...
2026-02-07T18:12:51.7601938Z Leader [vllm-0] phase=Running ready=false
2026-02-07T18:12:51.7602261Z Leader not Ready yet...
2026-02-07T18:12:53.8834197Z Follower [vllm-0-1] phase=Running ready=false
2026-02-07T18:12:53.8834505Z Follower [vllm-0-1] not Ready yet...
2026-02-07T18:12:53.9965536Z Leader [vllm-0] phase=Running ready=false
2026-02-07T18:12:53.9965811Z Leader not Ready yet...
2026-02-07T18:12:56.1086157Z Follower [vllm-0-1] phase=Running ready=false
2026-02-07T18:12:56.1086446Z Follower [vllm-0-1] not Ready yet...
2026-02-07T18:12:56.2260886Z Leader [vllm-0] phase=Running ready=false
2026-02-07T18:12:56.2261173Z Leader not Ready yet...
2026-02-07T18:12:58.3426794Z Follower [vllm-0-1] phase=Running ready=false
2026-02-07T18:12:58.3427543Z Follower [vllm-0-1] not Ready yet...
2026-02-07T18:12:58.4578103Z Leader [vllm-0] phase=Running ready=false
2026-02-07T18:12:58.4578330Z Leader not Ready yet...
2026-02-07T18:13:00.5718092Z Follower [vllm-0-1] phase=Running ready=false
2026-02-07T18:13:00.5718362Z Follower [vllm-0-1] not Ready yet...
2026-02-07T18:13:00.6903285Z Leader [vllm-0] phase=Running ready=false
2026-02-07T18:13:00.6903558Z Leader not Ready yet...
2026-02-07T18:13:02.8051517Z Follower [vllm-0-1] phase=Running ready=false
2026-02-07T18:13:02.8051800Z Follower [vllm-0-1] not Ready yet...
2026-02-07T18:13:02.9167089Z Leader [vllm-0] phase=Running ready=false
2026-02-07T18:13:02.9167344Z Leader not Ready yet...
2026-02-07T18:13:05.0336165Z Follower [vllm-0-1] phase=Running ready=false
2026-02-07T18:13:05.0336437Z Follower [vllm-0-1] not Ready yet...
2026-02-07T18:13:05.1460746Z Leader [vllm-0] phase=Running ready=false
2026-02-07T18:13:05.1461053Z Leader not Ready yet...
2026-02-07T18:13:07.2652780Z Follower [vllm-0-1] phase=Running ready=false
2026-02-07T18:13:07.2653085Z Follower [vllm-0-1] not Ready yet...
2026-02-07T18:13:07.3843845Z Leader [vllm-0] phase=Running ready=false
2026-02-07T18:13:07.3844077Z Leader not Ready yet...
2026-02-07T18:13:09.5001836Z Follower [vllm-0-1] phase=Running ready=false
2026-02-07T18:13:09.5002224Z Follower [vllm-0-1] not Ready yet...
2026-02-07T18:13:09.6193295Z Leader [vllm-0] phase=Running ready=false
2026-02-07T18:13:09.6193526Z Leader not Ready yet...
2026-02-07T18:13:11.7368591Z Follower [vllm-0-1] phase=Running ready=false
2026-02-07T18:13:11.7368906Z Follower [vllm-0-1] not Ready yet...
2026-02-07T18:13:11.8564541Z Leader [vllm-0] phase=Running ready=false
2026-02-07T18:13:11.8564809Z Leader not Ready yet...
2026-02-07T18:13:13.9801763Z Follower [vllm-0-1] phase=Running ready=false
2026-02-07T18:13:13.9802181Z Follower [vllm-0-1] not Ready yet...
2026-02-07T18:13:14.0991851Z Leader [vllm-0] phase=Running ready=false
2026-02-07T18:13:14.0992253Z Leader not Ready yet...
2026-02-07T18:13:16.2161577Z Follower [vllm-0-1] phase=Running ready=false
2026-02-07T18:13:16.2161864Z Follower [vllm-0-1] not Ready yet...
2026-02-07T18:13:16.3311778Z Leader [vllm-0] phase=Running ready=false
2026-02-07T18:13:16.3312169Z Leader not Ready yet...
2026-02-07T18:13:18.4459103Z Follower [vllm-0-1] phase=Running ready=false
2026-02-07T18:13:18.4459400Z Follower [vllm-0-1] not Ready yet...
2026-02-07T18:13:18.5627373Z Leader [vllm-0] phase=Running ready=false
2026-02-07T18:13:18.5627644Z Leader not Ready yet...
2026-02-07T18:13:20.6791233Z Follower [vllm-0-1] phase=Running ready=false
2026-02-07T18:13:20.6791531Z Follower [vllm-0-1] not Ready yet...
2026-02-07T18:13:20.7980975Z Leader [vllm-0] phase=Running ready=false
2026-02-07T18:13:20.7981226Z Leader not Ready yet...
2026-02-07T18:13:22.9121384Z Follower [vllm-0-1] phase=Running ready=false
2026-02-07T18:13:22.9121690Z Follower [vllm-0-1] not Ready yet...
2026-02-07T18:13:23.0355419Z Leader [vllm-0] phase=Running ready=false
2026-02-07T18:13:23.0355667Z Leader not Ready yet...
2026-02-07T18:13:25.1530481Z Follower [vllm-0-1] phase=Running ready=false
2026-02-07T18:13:25.1530764Z Follower [vllm-0-1] not Ready yet...
2026-02-07T18:13:25.2798287Z Leader [vllm-0] phase=Running ready=false
2026-02-07T18:13:27.3966859Z Leader not Ready yet...
2026-02-07T18:13:27.3967155Z Follower [vllm-0-1] phase=Running ready=false
2026-02-07T18:13:27.3967411Z Follower [vllm-0-1] not Ready yet...
2026-02-07T18:13:27.5144022Z Leader [vllm-0] phase=Running ready=false
2026-02-07T18:13:27.5144343Z Leader not Ready yet...
2026-02-07T18:13:29.6265828Z Follower [vllm-0-1] phase=Running ready=false
2026-02-07T18:13:29.6266115Z Follower [vllm-0-1] not Ready yet...
2026-02-07T18:13:29.7419565Z Leader [vllm-0] phase=Running ready=false
2026-02-07T18:13:29.7419837Z Leader not Ready yet...
2026-02-07T18:13:31.8562564Z Follower [vllm-0-1] phase=Running ready=false
2026-02-07T18:13:31.8562919Z Follower [vllm-0-1] not Ready yet...
2026-02-07T18:13:31.9717468Z Leader [vllm-0] phase=Running ready=false
2026-02-07T18:13:31.9718216Z Leader not Ready yet...
2026-02-07T18:13:34.0968006Z Follower [vllm-0-1] phase=Running ready=false
2026-02-07T18:13:34.0968307Z Follower [vllm-0-1] not Ready yet...
2026-02-07T18:13:34.2082344Z Leader [vllm-0] phase=Running ready=false
2026-02-07T18:13:34.2082619Z Leader not Ready yet...
2026-02-07T18:13:36.3225844Z Follower [vllm-0-1] phase=Running ready=false
2026-02-07T18:13:36.3227432Z Follower [vllm-0-1] not Ready yet...
2026-02-07T18:13:36.4478797Z Leader [vllm-0] phase=Running ready=false
2026-02-07T18:13:36.4479055Z Leader not Ready yet...
2026-02-07T18:13:38.5704136Z Follower [vllm-0-1] phase=Running ready=false
2026-02-07T18:13:38.5704455Z Follower [vllm-0-1] not Ready yet...
2026-02-07T18:13:38.6865746Z Leader [vllm-0] phase=Running ready=false
2026-02-07T18:13:38.6866007Z Leader not Ready yet...
2026-02-07T18:13:40.8051408Z Follower [vllm-0-1] phase=Running ready=false
2026-02-07T18:13:40.8051740Z Follower [vllm-0-1] not Ready yet...
2026-02-07T18:13:40.9217561Z Leader [vllm-0] phase=Running ready=false
2026-02-07T18:13:40.9217906Z Leader not Ready yet...
2026-02-07T18:13:43.0373335Z Follower [vllm-0-1] phase=Running ready=false
2026-02-07T18:13:43.0373628Z Follower [vllm-0-1] not Ready yet...
2026-02-07T18:13:43.1508616Z Leader [vllm-0] phase=Running ready=false
2026-02-07T18:13:43.1508916Z Leader not Ready yet...
2026-02-07T18:13:45.2735746Z Follower [vllm-0-1] phase=Running ready=false
2026-02-07T18:13:45.2736026Z Follower [vllm-0-1] not Ready yet...
2026-02-07T18:13:45.3963668Z Leader [vllm-0] phase=Running ready=false
2026-02-07T18:13:45.3963939Z Leader not Ready yet...
2026-02-07T18:13:47.5181312Z Follower [vllm-0-1] phase=Running ready=false
2026-02-07T18:13:47.5181620Z Follower [vllm-0-1] not Ready yet...
2026-02-07T18:13:47.6431437Z Leader [vllm-0] phase=Running ready=false
2026-02-07T18:13:47.6431747Z Leader not Ready yet...
2026-02-07T18:13:49.7697336Z Follower [vllm-0-1] phase=Running ready=false
2026-02-07T18:13:49.7697636Z Follower [vllm-0-1] not Ready yet...
2026-02-07T18:13:49.8930168Z Leader [vllm-0] phase=Running ready=false
2026-02-07T18:13:49.8930511Z Leader not Ready yet...
2026-02-07T18:13:52.0120652Z Follower [vllm-0-1] phase=Running ready=false
2026-02-07T18:13:52.0121036Z Follower [vllm-0-1] not Ready yet...
2026-02-07T18:13:52.1373776Z Leader [vllm-0] phase=Running ready=false
2026-02-07T18:13:52.1374020Z Leader not Ready yet...
2026-02-07T18:13:54.2599737Z Follower [vllm-0-1] phase=Running ready=false
2026-02-07T18:13:54.2600026Z Follower [vllm-0-1] not Ready yet...
2026-02-07T18:13:54.3823476Z Leader [vllm-0] phase=Running ready=false
2026-02-07T18:13:54.3823701Z Leader not Ready yet...
2026-02-07T18:13:56.4981513Z Follower [vllm-0-1] phase=Running ready=false
2026-02-07T18:13:56.4981790Z Follower [vllm-0-1] not Ready yet...
2026-02-07T18:13:56.6097409Z Leader [vllm-0] phase=Running ready=false
2026-02-07T18:13:56.6097695Z Leader not Ready yet...
2026-02-07T18:13:58.7319649Z Follower [vllm-0-1] phase=Running ready=false
2026-02-07T18:13:58.7319970Z Follower [vllm-0-1] not Ready yet...
2026-02-07T18:13:58.8636817Z Leader [vllm-0] phase=Running ready=false
2026-02-07T18:13:58.8637059Z Leader not Ready yet...
2026-02-07T18:14:00.9845178Z Follower [vllm-0-1] phase=Running ready=false
2026-02-07T18:14:00.9845480Z Follower [vllm-0-1] not Ready yet...
2026-02-07T18:14:01.1087167Z Leader [vllm-0] phase=Running ready=false
2026-02-07T18:14:01.1087392Z Leader not Ready yet...
2026-02-07T18:14:03.2300295Z Follower [vllm-0-1] phase=Running ready=false
2026-02-07T18:14:03.2300604Z Follower [vllm-0-1] not Ready yet...
2026-02-07T18:14:03.3477804Z Leader [vllm-0] phase=Running ready=false
2026-02-07T18:14:03.3478080Z Leader not Ready yet...
2026-02-07T18:14:05.4830516Z Follower [vllm-0-1] phase=Running ready=false
2026-02-07T18:14:05.4830788Z Follower [vllm-0-1] not Ready yet...
2026-02-07T18:14:05.5984367Z Leader [vllm-0] phase=Running ready=false
2026-02-07T18:14:05.5984699Z Leader not Ready yet...
2026-02-07T18:14:07.7117697Z Follower [vllm-0-1] phase=Running ready=false
2026-02-07T18:14:07.7118465Z Follower [vllm-0-1] not Ready yet...
2026-02-07T18:14:07.8350574Z Leader [vllm-0] phase=Running ready=false
2026-02-07T18:14:07.8350834Z Leader not Ready yet...
2026-02-07T18:14:09.9545406Z Follower [vllm-0-1] phase=Running ready=false
2026-02-07T18:14:09.9545760Z Follower [vllm-0-1] not Ready yet...
2026-02-07T18:14:10.0621844Z Leader [vllm-0] phase=Running ready=false
2026-02-07T18:14:10.0622185Z Leader not Ready yet...
2026-02-07T18:14:12.1825672Z Follower [vllm-0-1] phase=Running ready=false
2026-02-07T18:14:12.1825966Z Follower [vllm-0-1] not Ready yet...
2026-02-07T18:14:12.2964004Z Leader [vllm-0] phase=Running ready=false
2026-02-07T18:14:12.2964257Z Leader not Ready yet...
2026-02-07T18:14:14.4319176Z Follower [vllm-0-1] phase=Running ready=false
2026-02-07T18:14:14.4319460Z Follower [vllm-0-1] not Ready yet...
2026-02-07T18:14:14.5504731Z Leader [vllm-0] phase=Running ready=false
2026-02-07T18:14:14.5504988Z Leader not Ready yet...
2026-02-07T18:14:16.6644172Z Follower [vllm-0-1] phase=Running ready=false
2026-02-07T18:14:16.6644461Z Follower [vllm-0-1] not Ready yet...
2026-02-07T18:14:16.7906034Z Leader [vllm-0] phase=Running ready=false
2026-02-07T18:14:16.7906317Z Leader not Ready yet...
2026-02-07T18:14:18.9063355Z Follower [vllm-0-1] phase=Running ready=false
2026-02-07T18:14:18.9063622Z Follower [vllm-0-1] not Ready yet...
2026-02-07T18:14:19.0180059Z Leader [vllm-0] phase=Running ready=false
2026-02-07T18:14:19.0180301Z Leader not Ready yet...
2026-02-07T18:14:21.1386879Z Follower [vllm-0-1] phase=Running ready=false
2026-02-07T18:14:21.1387166Z Follower [vllm-0-1] not Ready yet...
2026-02-07T18:14:21.2486771Z Leader [vllm-0] phase=Running ready=false
2026-02-07T18:14:21.2487065Z Leader not Ready yet...
2026-02-07T18:14:23.3756670Z Follower [vllm-0-1] phase=Running ready=false
2026-02-07T18:14:23.3756959Z Follower [vllm-0-1] not Ready yet...
2026-02-07T18:14:23.4941127Z Leader [vllm-0] phase=Running ready=false
2026-02-07T18:14:23.4941411Z Leader not Ready yet...
2026-02-07T18:14:25.6129079Z Follower [vllm-0-1] phase=Running ready=false
2026-02-07T18:14:25.6129355Z Follower [vllm-0-1] not Ready yet...
2026-02-07T18:14:25.7307434Z Leader [vllm-0] phase=Running ready=false
2026-02-07T18:14:25.7307657Z Leader not Ready yet...
2026-02-07T18:14:27.8466584Z Follower [vllm-0-1] phase=Running ready=false
2026-02-07T18:14:27.8466860Z Follower [vllm-0-1] not Ready yet...
2026-02-07T18:14:27.9601828Z Leader [vllm-0] phase=Running ready=false
2026-02-07T18:14:27.9602198Z Leader not Ready yet...
2026-02-07T18:14:30.0925001Z Follower [vllm-0-1] phase=Running ready=false
2026-02-07T18:14:30.0925310Z Follower [vllm-0-1] not Ready yet...
2026-02-07T18:14:30.2151598Z Leader [vllm-0] phase=Running ready=false
2026-02-07T18:14:30.2151842Z Leader not Ready yet...
2026-02-07T18:14:32.3622246Z Follower [vllm-0-1] phase=Running ready=false
2026-02-07T18:14:32.3622564Z Follower [vllm-0-1] not Ready yet...
2026-02-07T18:14:32.4840096Z Leader [vllm-0] phase=Running ready=false
2026-02-07T18:14:32.4840414Z Leader not Ready yet...
2026-02-07T18:14:34.6033183Z Follower [vllm-0-1] phase=Running ready=false
2026-02-07T18:14:34.6033476Z Follower [vllm-0-1] not Ready yet...
2026-02-07T18:14:34.7327797Z Leader [vllm-0] phase=Running ready=false
2026-02-07T18:14:34.7328082Z Leader not Ready yet...
2026-02-07T18:14:36.8494201Z Follower [vllm-0-1] phase=Running ready=false
2026-02-07T18:14:36.8494482Z Follower [vllm-0-1] not Ready yet...
2026-02-07T18:14:36.9724386Z Leader [vllm-0] phase=Running ready=false
2026-02-07T18:14:36.9724614Z Leader not Ready yet...
2026-02-07T18:14:39.0871096Z Follower [vllm-0-1] phase=Running ready=false
2026-02-07T18:14:39.0871387Z Follower [vllm-0-1] not Ready yet...
2026-02-07T18:14:39.2018492Z Leader [vllm-0] phase=Running ready=false
2026-02-07T18:14:39.2018751Z Leader not Ready yet...
2026-02-07T18:14:41.3201811Z Follower [vllm-0-1] phase=Running ready=false
2026-02-07T18:14:41.3202209Z Follower [vllm-0-1] not Ready yet...
2026-02-07T18:14:41.4334769Z Leader [vllm-0] phase=Running ready=false
2026-02-07T18:14:41.4335094Z Leader not Ready yet...
2026-02-07T18:14:43.5528434Z Follower [vllm-0-1] phase=Running ready=false
2026-02-07T18:14:43.5528707Z Follower [vllm-0-1] not Ready yet...
2026-02-07T18:14:43.6705930Z Leader [vllm-0] phase=Running ready=false
2026-02-07T18:14:43.6706209Z Leader not Ready yet...
2026-02-07T18:14:45.7844173Z Follower [vllm-0-1] phase=Running ready=false
2026-02-07T18:14:45.7844463Z Follower [vllm-0-1] not Ready yet...
2026-02-07T18:14:45.8976620Z Leader [vllm-0] phase=Running ready=false
2026-02-07T18:14:45.8976858Z Leader not Ready yet...
2026-02-07T18:14:48.0135694Z Follower [vllm-0-1] phase=Running ready=false
2026-02-07T18:14:48.0135973Z Follower [vllm-0-1] not Ready yet...
2026-02-07T18:14:48.1270940Z Leader [vllm-0] phase=Running ready=false
2026-02-07T18:14:48.1271205Z Leader not Ready yet...
2026-02-07T18:14:50.2566548Z Follower [vllm-0-1] phase=Running ready=false
2026-02-07T18:14:50.2566912Z Follower [vllm-0-1] not Ready yet...
2026-02-07T18:14:50.3681135Z Leader [vllm-0] phase=Running ready=false
2026-02-07T18:14:50.3681397Z Leader not Ready yet...
2026-02-07T18:14:52.4986274Z Follower [vllm-0-1] phase=Running ready=false
2026-02-07T18:14:52.4986547Z Follower [vllm-0-1] not Ready yet...
2026-02-07T18:14:52.6201018Z Leader [vllm-0] phase=Running ready=false
2026-02-07T18:14:52.6201283Z Leader not Ready yet...
2026-02-07T18:14:54.7425286Z Follower [vllm-0-1] phase=Running ready=false
2026-02-07T18:14:54.7425555Z Follower [vllm-0-1] not Ready yet...
2026-02-07T18:14:54.8646084Z Leader [vllm-0] phase=Running ready=false
2026-02-07T18:14:54.8646370Z Leader not Ready yet...
2026-02-07T18:14:56.9826973Z Follower [vllm-0-1] phase=Running ready=false
2026-02-07T18:14:56.9827239Z Follower [vllm-0-1] not Ready yet...
2026-02-07T18:14:57.1078011Z Leader [vllm-0] phase=Running ready=false
2026-02-07T18:14:57.1078232Z Leader not Ready yet...
2026-02-07T18:14:59.2330244Z Follower [vllm-0-1] phase=Running ready=false
2026-02-07T18:14:59.2330561Z Follower [vllm-0-1] not Ready yet...
2026-02-07T18:14:59.3521161Z Leader [vllm-0] phase=Running ready=false
2026-02-07T18:14:59.3521399Z Leader not Ready yet...
2026-02-07T18:15:01.7348684Z Follower [vllm-0-1] phase=Running ready=false
2026-02-07T18:15:01.7348980Z Follower [vllm-0-1] not Ready yet...
2026-02-07T18:15:01.8697270Z Leader [vllm-0] phase=Running ready=false
2026-02-07T18:15:01.8697536Z Leader not Ready yet...
2026-02-07T18:15:03.9992247Z Follower [vllm-0-1] phase=Running ready=false
2026-02-07T18:15:03.9992531Z Follower [vllm-0-1] not Ready yet...
2026-02-07T18:15:04.1216404Z Leader [vllm-0] phase=Running ready=false
2026-02-07T18:15:04.1216646Z Leader not Ready yet...
2026-02-07T18:15:06.2368170Z Follower [vllm-0-1] phase=Running ready=false
2026-02-07T18:15:06.2368453Z Follower [vllm-0-1] not Ready yet...
2026-02-07T18:15:06.3468547Z Leader [vllm-0] phase=Running ready=false
2026-02-07T18:15:06.3468796Z Leader not Ready yet...
2026-02-07T18:15:08.4765890Z Follower [vllm-0-1] phase=Running ready=false
2026-02-07T18:15:08.4766199Z Follower [vllm-0-1] not Ready yet...
2026-02-07T18:15:08.5986815Z Leader [vllm-0] phase=Running ready=false
2026-02-07T18:15:08.5987082Z Leader not Ready yet...
2026-02-07T18:15:10.7097573Z Follower [vllm-0-1] phase=Running ready=false
2026-02-07T18:15:10.7097854Z Follower [vllm-0-1] not Ready yet...
2026-02-07T18:15:10.8360143Z Leader [vllm-0] phase=Running ready=false
2026-02-07T18:15:10.8360425Z Leader not Ready yet...
2026-02-07T18:15:12.9515028Z Follower [vllm-0-1] phase=Running ready=false
2026-02-07T18:15:12.9515303Z Follower [vllm-0-1] not Ready yet...
2026-02-07T18:15:13.0672629Z Leader [vllm-0] phase=Running ready=false
2026-02-07T18:15:13.0672932Z Leader not Ready yet...
2026-02-07T18:15:15.1786985Z Follower [vllm-0-1] phase=Running ready=false
2026-02-07T18:15:15.1787267Z Follower [vllm-0-1] not Ready yet...
2026-02-07T18:15:15.3187405Z Leader [vllm-0] phase=Running ready=false
2026-02-07T18:15:15.3187686Z Leader not Ready yet...
2026-02-07T18:15:17.4383302Z Follower [vllm-0-1] phase=Running ready=false
2026-02-07T18:15:17.4383609Z Follower [vllm-0-1] not Ready yet...
2026-02-07T18:15:17.5502385Z Leader [vllm-0] phase=Running ready=false
2026-02-07T18:15:17.5502653Z Leader not Ready yet...
2026-02-07T18:15:19.6689739Z Follower [vllm-0-1] phase=Running ready=false
2026-02-07T18:15:19.6690021Z Follower [vllm-0-1] not Ready yet...
2026-02-07T18:15:19.7903819Z Leader [vllm-0] phase=Running ready=false
2026-02-07T18:15:19.7904042Z Leader not Ready yet...
2026-02-07T18:15:21.9165064Z Follower [vllm-0-1] phase=Running ready=false
2026-02-07T18:15:21.9165429Z Follower [vllm-0-1] not Ready yet...
2026-02-07T18:15:22.0439179Z Leader [vllm-0] phase=Running ready=false
2026-02-07T18:15:22.0439400Z Leader not Ready yet...
2026-02-07T18:15:24.1692220Z Follower [vllm-0-1] phase=Running ready=false
2026-02-07T18:15:24.1692503Z Follower [vllm-0-1] not Ready yet...
2026-02-07T18:15:24.2817452Z Leader [vllm-0] phase=Running ready=false
2026-02-07T18:15:24.2817707Z Leader not Ready yet...
2026-02-07T18:15:26.4022116Z Follower [vllm-0-1] phase=Running ready=false
2026-02-07T18:15:26.4022416Z Follower [vllm-0-1] not Ready yet...
2026-02-07T18:15:26.5333164Z Leader [vllm-0] phase=Running ready=false
2026-02-07T18:15:26.5333388Z Leader not Ready yet...
2026-02-07T18:15:28.6503235Z Follower [vllm-0-1] phase=Running ready=false
2026-02-07T18:15:28.6503500Z Follower [vllm-0-1] not Ready yet...
2026-02-07T18:15:28.7806430Z Leader [vllm-0] phase=Running ready=false
2026-02-07T18:15:28.7806701Z Leader not Ready yet...
2026-02-07T18:15:30.9008742Z Follower [vllm-0-1] phase=Running ready=false
2026-02-07T18:15:30.9009017Z Follower [vllm-0-1] not Ready yet...
2026-02-07T18:15:31.0142521Z Leader [vllm-0] phase=Running ready=false
2026-02-07T18:15:31.0142728Z Leader not Ready yet...
2026-02-07T18:15:33.1429114Z Follower [vllm-0-1] phase=Running ready=false
2026-02-07T18:15:33.1429389Z Follower [vllm-0-1] not Ready yet...
2026-02-07T18:15:33.2571702Z Leader [vllm-0] phase=Running ready=false
2026-02-07T18:15:33.2572070Z Leader not Ready yet...
2026-02-07T18:15:35.3831107Z Follower [vllm-0-1] phase=Running ready=false
2026-02-07T18:15:35.3831394Z Follower [vllm-0-1] not Ready yet...
2026-02-07T18:15:35.5123090Z Leader [vllm-0] phase=Running ready=false
2026-02-07T18:15:35.5123318Z Leader not Ready yet...
2026-02-07T18:15:37.6337222Z Follower [vllm-0-1] phase=Running ready=false
2026-02-07T18:15:37.6337494Z Follower [vllm-0-1] not Ready yet...
2026-02-07T18:15:37.7523120Z Leader [vllm-0] phase=Running ready=false
2026-02-07T18:15:37.7523363Z Leader not Ready yet...
2026-02-07T18:15:39.8847756Z Follower [vllm-0-1] phase=Running ready=false
2026-02-07T18:15:39.8848023Z Follower [vllm-0-1] not Ready yet...
2026-02-07T18:15:40.0009287Z Leader [vllm-0] phase=Running ready=false
2026-02-07T18:15:40.0009505Z Leader not Ready yet...
2026-02-07T18:15:42.1247465Z Follower [vllm-0-1] phase=Running ready=false
2026-02-07T18:15:42.1247765Z Follower [vllm-0-1] not Ready yet...
2026-02-07T18:15:42.2383218Z Leader [vllm-0] phase=Running ready=false
2026-02-07T18:15:42.2383490Z Leader not Ready yet...
2026-02-07T18:15:44.3914441Z Follower [vllm-0-1] phase=Running ready=false
2026-02-07T18:15:44.3914712Z Follower [vllm-0-1] not Ready yet...
2026-02-07T18:15:44.5094410Z Leader [vllm-0] phase=Running ready=false
2026-02-07T18:15:44.5094632Z Leader not Ready yet...
2026-02-07T18:15:46.6235409Z Follower [vllm-0-1] phase=Running ready=false
2026-02-07T18:15:46.6235664Z Follower [vllm-0-1] not Ready yet...
2026-02-07T18:15:46.7421557Z Leader [vllm-0] phase=Running ready=false
2026-02-07T18:15:46.7421783Z Leader not Ready yet...
2026-02-07T18:15:48.8578702Z Follower [vllm-0-1] phase=Running ready=false
2026-02-07T18:15:48.8578965Z Follower [vllm-0-1] not Ready yet...
2026-02-07T18:15:48.9767956Z Leader [vllm-0] phase=Running ready=false
2026-02-07T18:15:48.9768186Z Leader not Ready yet...
2026-02-07T18:15:51.0941134Z Follower [vllm-0-1] phase=Running ready=false
2026-02-07T18:15:51.0941422Z Follower [vllm-0-1] not Ready yet...
2026-02-07T18:15:51.2080465Z Leader [vllm-0] phase=Running ready=false
2026-02-07T18:15:51.2080740Z Leader not Ready yet...
2026-02-07T18:15:53.3212931Z Follower [vllm-0-1] phase=Running ready=false
2026-02-07T18:15:53.3213202Z Follower [vllm-0-1] not Ready yet...
2026-02-07T18:15:53.4475562Z Leader [vllm-0] phase=Running ready=false
2026-02-07T18:15:53.4475776Z Leader not Ready yet...
2026-02-07T18:15:55.5789519Z Follower [vllm-0-1] phase=Running ready=false
2026-02-07T18:15:55.5789799Z Follower [vllm-0-1] not Ready yet...
2026-02-07T18:15:55.6977502Z Leader [vllm-0] phase=Running ready=false
2026-02-07T18:15:55.6977748Z Leader not Ready yet...
2026-02-07T18:15:57.8216721Z Follower [vllm-0-1] phase=Running ready=false
2026-02-07T18:15:57.8217001Z Follower [vllm-0-1] not Ready yet...
2026-02-07T18:15:57.9520010Z Leader [vllm-0] phase=Running ready=false
2026-02-07T18:15:57.9520230Z Leader not Ready yet...
2026-02-07T18:16:00.0843619Z Follower [vllm-0-1] phase=Running ready=false
2026-02-07T18:16:00.0843884Z Follower [vllm-0-1] not Ready yet...
2026-02-07T18:16:00.2116591Z Leader [vllm-0] phase=Running ready=false
2026-02-07T18:16:00.2116829Z Leader not Ready yet...
2026-02-07T18:16:02.3409983Z Follower [vllm-0-1] phase=Running ready=false
2026-02-07T18:16:02.3410256Z Follower [vllm-0-1] not Ready yet...
2026-02-07T18:16:02.4607425Z Leader [vllm-0] phase=Running ready=false
2026-02-07T18:16:02.4607669Z Leader not Ready yet...
2026-02-07T18:16:04.5835145Z Follower [vllm-0-1] phase=Running ready=false
2026-02-07T18:16:04.5835421Z Follower [vllm-0-1] not Ready yet...
2026-02-07T18:16:04.6984984Z Leader [vllm-0] phase=Running ready=false
2026-02-07T18:16:04.6985243Z Leader not Ready yet...
2026-02-07T18:16:06.8246106Z Follower [vllm-0-1] phase=Running ready=false
2026-02-07T18:16:06.8246374Z Follower [vllm-0-1] not Ready yet...
2026-02-07T18:16:06.9396465Z Leader [vllm-0] phase=Running ready=false
2026-02-07T18:16:06.9396903Z Leader not Ready yet...
2026-02-07T18:16:09.0507531Z Follower [vllm-0-1] phase=Running ready=false
2026-02-07T18:16:09.0507813Z Follower [vllm-0-1] not Ready yet...
2026-02-07T18:16:09.1686935Z Leader [vllm-0] phase=Running ready=false
2026-02-07T18:16:09.1687171Z Leader not Ready yet...
2026-02-07T18:16:11.2956912Z Follower [vllm-0-1] phase=Running ready=false
2026-02-07T18:16:11.2957189Z Follower [vllm-0-1] not Ready yet...
2026-02-07T18:16:11.4562589Z Leader [vllm-0] phase=Running ready=false
2026-02-07T18:16:11.4562850Z Leader not Ready yet...
2026-02-07T18:16:13.5754860Z Follower [vllm-0-1] phase=Running ready=false
2026-02-07T18:16:13.5755143Z Follower [vllm-0-1] not Ready yet...
2026-02-07T18:16:13.6950456Z Leader [vllm-0] phase=Running ready=false
2026-02-07T18:16:13.6950781Z Leader not Ready yet...
2026-02-07T18:16:15.8279613Z Follower [vllm-0-1] phase=Running ready=false
2026-02-07T18:16:15.8287430Z Follower [vllm-0-1] not Ready yet...
2026-02-07T18:16:15.9461110Z Leader [vllm-0] phase=Running ready=false
2026-02-07T18:16:15.9461402Z Leader not Ready yet...
2026-02-07T18:16:18.0769164Z Follower [vllm-0-1] phase=Running ready=false
2026-02-07T18:16:18.0769452Z Follower [vllm-0-1] not Ready yet...
2026-02-07T18:16:18.1919447Z Leader [vllm-0] phase=Running ready=false
2026-02-07T18:16:18.1919700Z Leader not Ready yet...
2026-02-07T18:16:20.3062806Z Follower [vllm-0-1] phase=Running ready=false
2026-02-07T18:16:20.3063065Z Follower [vllm-0-1] not Ready yet...
2026-02-07T18:16:20.4311545Z Leader [vllm-0] phase=Running ready=false
2026-02-07T18:16:20.4311772Z Leader not Ready yet...
2026-02-07T18:16:22.5496658Z Follower [vllm-0-1] phase=Running ready=false
2026-02-07T18:16:22.5496930Z Follower [vllm-0-1] not Ready yet...
2026-02-07T18:16:22.6703706Z Leader [vllm-0] phase=Running ready=false
2026-02-07T18:16:22.6703917Z Leader not Ready yet...
2026-02-07T18:16:24.7838337Z Follower [vllm-0-1] phase=Running ready=false
2026-02-07T18:16:24.7838618Z Follower [vllm-0-1] not Ready yet...
2026-02-07T18:16:24.9000553Z Leader [vllm-0] phase=Running ready=false
2026-02-07T18:16:24.9000821Z Leader not Ready yet...
2026-02-07T18:16:27.0143972Z Follower [vllm-0-1] phase=Running ready=false
2026-02-07T18:16:27.0144248Z Follower [vllm-0-1] not Ready yet...
2026-02-07T18:16:27.1323830Z Leader [vllm-0] phase=Running ready=false
2026-02-07T18:16:27.1324057Z Leader not Ready yet...
2026-02-07T18:16:29.2525014Z Follower [vllm-0-1] phase=Running ready=false
2026-02-07T18:16:29.2525282Z Follower [vllm-0-1] not Ready yet...
2026-02-07T18:16:29.3723118Z Leader [vllm-0] phase=Running ready=false
2026-02-07T18:16:29.3723374Z Leader not Ready yet...
2026-02-07T18:16:31.4865751Z Follower [vllm-0-1] phase=Running ready=false
2026-02-07T18:16:31.4866017Z Follower [vllm-0-1] not Ready yet...
2026-02-07T18:16:31.5966568Z Leader [vllm-0] phase=Running ready=false
2026-02-07T18:16:31.5966838Z Leader not Ready yet...
2026-02-07T18:16:33.7209257Z Follower [vllm-0-1] phase=Running ready=false
2026-02-07T18:16:33.7209527Z Follower [vllm-0-1] not Ready yet...
2026-02-07T18:16:33.8484349Z Leader [vllm-0] phase=Running ready=false
2026-02-07T18:16:33.8484597Z Leader not Ready yet...
2026-02-07T18:16:35.9651599Z Follower [vllm-0-1] phase=Running ready=false
2026-02-07T18:16:35.9651864Z Follower [vllm-0-1] not Ready yet...
2026-02-07T18:16:36.0822992Z Leader [vllm-0] phase=Running ready=false
2026-02-07T18:16:36.0823230Z Leader not Ready yet...
2026-02-07T18:16:38.2183966Z Follower [vllm-0-1] phase=Running ready=false
2026-02-07T18:16:38.2184228Z Follower [vllm-0-1] not Ready yet...
2026-02-07T18:16:38.3403042Z Leader [vllm-0] phase=Running ready=false
2026-02-07T18:16:38.3403404Z Leader not Ready yet...
2026-02-07T18:16:40.4570917Z Follower [vllm-0-1] phase=Running ready=false
2026-02-07T18:16:40.4571238Z Follower [vllm-0-1] not Ready yet...
2026-02-07T18:16:40.5941967Z Leader [vllm-0] phase=Running ready=false
2026-02-07T18:16:40.5942490Z Leader not Ready yet...
2026-02-07T18:16:42.7180052Z Follower [vllm-0-1] phase=Running ready=false
2026-02-07T18:16:42.7180830Z Follower [vllm-0-1] not Ready yet...
2026-02-07T18:16:42.8368480Z Leader [vllm-0] phase=Running ready=false
2026-02-07T18:16:42.8368836Z Leader not Ready yet...
2026-02-07T18:16:44.9652175Z Follower [vllm-0-1] phase=Running ready=false
2026-02-07T18:16:44.9652505Z Follower [vllm-0-1] not Ready yet...
2026-02-07T18:16:45.0826512Z Leader [vllm-0] phase=Running ready=false
2026-02-07T18:16:45.0826820Z Leader not Ready yet...
2026-02-07T18:16:47.2016337Z Follower [vllm-0-1] phase=Running ready=false
2026-02-07T18:16:47.2016729Z Follower [vllm-0-1] not Ready yet...
2026-02-07T18:16:47.3242264Z Leader [vllm-0] phase=Running ready=false
2026-02-07T18:16:47.3242614Z Leader not Ready yet...
2026-02-07T18:16:49.4404719Z Follower [vllm-0-1] phase=Running ready=false
2026-02-07T18:16:49.4405143Z Follower [vllm-0-1] not Ready yet...
2026-02-07T18:16:49.5613892Z Leader [vllm-0] phase=Running ready=false
2026-02-07T18:16:49.5614282Z Leader not Ready yet...
2026-02-07T18:16:51.6833130Z Follower [vllm-0-1] phase=Running ready=false
2026-02-07T18:16:51.6833506Z Follower [vllm-0-1] not Ready yet...
2026-02-07T18:16:51.7985170Z Leader [vllm-0] phase=Running ready=false
2026-02-07T18:16:51.7985539Z Leader not Ready yet...
2026-02-07T18:16:53.9149047Z Follower [vllm-0-1] phase=Running ready=false
2026-02-07T18:16:53.9149435Z Follower [vllm-0-1] not Ready yet...
2026-02-07T18:16:54.0398257Z Leader [vllm-0] phase=Running ready=false
2026-02-07T18:16:54.0398547Z Leader not Ready yet...
2026-02-07T18:16:56.1554705Z Follower [vllm-0-1] phase=Running ready=false
2026-02-07T18:16:56.1555149Z Follower [vllm-0-1] not Ready yet...
2026-02-07T18:16:56.2797131Z Leader [vllm-0] phase=Running ready=false
2026-02-07T18:16:56.2797441Z Leader not Ready yet...
2026-02-07T18:16:58.4062398Z Follower [vllm-0-1] phase=Running ready=false
2026-02-07T18:16:58.4062818Z Follower [vllm-0-1] not Ready yet...
2026-02-07T18:16:58.5317047Z Leader [vllm-0] phase=Running ready=false
2026-02-07T18:16:58.5317358Z Leader not Ready yet...
2026-02-07T18:17:00.6474131Z Follower [vllm-0-1] phase=Running ready=false
2026-02-07T18:17:00.6474555Z Follower [vllm-0-1] not Ready yet...
2026-02-07T18:17:00.7555630Z Leader [vllm-0] phase=Running ready=false
2026-02-07T18:17:00.7555969Z Leader not Ready yet...
2026-02-07T18:17:02.8732470Z Follower [vllm-0-1] phase=Running ready=false
2026-02-07T18:17:02.8732887Z Follower [vllm-0-1] not Ready yet...
2026-02-07T18:17:02.9833221Z Leader [vllm-0] phase=Running ready=false
2026-02-07T18:17:02.9833538Z Leader not Ready yet...
2026-02-07T18:17:05.1012273Z Follower [vllm-0-1] phase=Running ready=false
2026-02-07T18:17:05.1012680Z Follower [vllm-0-1] not Ready yet...
2026-02-07T18:17:05.2284734Z Leader [vllm-0] phase=Running ready=false
2026-02-07T18:17:05.2285167Z Leader not Ready yet...
2026-02-07T18:17:07.3474153Z Follower [vllm-0-1] phase=Running ready=false
2026-02-07T18:17:07.3474497Z Follower [vllm-0-1] not Ready yet...
2026-02-07T18:17:07.4595890Z Leader [vllm-0] phase=Running ready=false
2026-02-07T18:17:07.4596315Z Leader not Ready yet...
2026-02-07T18:17:09.5796333Z Follower [vllm-0-1] phase=Running ready=false
2026-02-07T18:17:09.5796821Z Follower [vllm-0-1] not Ready yet...
2026-02-07T18:17:09.7014500Z Leader [vllm-0] phase=Running ready=false
2026-02-07T18:17:09.7014891Z Leader not Ready yet...
2026-02-07T18:17:11.8277157Z Follower [vllm-0-1] phase=Running ready=false
2026-02-07T18:17:11.8277491Z Follower [vllm-0-1] not Ready yet...
2026-02-07T18:17:11.9525580Z Leader [vllm-0] phase=Running ready=false
2026-02-07T18:17:11.9525905Z Leader not Ready yet...
2026-02-07T18:17:14.0752338Z Follower [vllm-0-1] phase=Running ready=false
2026-02-07T18:17:14.0752888Z Follower [vllm-0-1] not Ready yet...
2026-02-07T18:17:14.2118609Z Leader [vllm-0] phase=Running ready=false
2026-02-07T18:17:14.2119026Z Leader not Ready yet...
2026-02-07T18:17:16.3386857Z Follower [vllm-0-1] phase=Running ready=false
2026-02-07T18:17:16.3387230Z Follower [vllm-0-1] not Ready yet...
2026-02-07T18:17:16.4506003Z Leader [vllm-0] phase=Running ready=false
2026-02-07T18:17:16.4506696Z Leader not Ready yet...
2026-02-07T18:17:18.5671607Z Follower [vllm-0-1] phase=Running ready=false
2026-02-07T18:17:18.5672174Z Follower [vllm-0-1] not Ready yet...
2026-02-07T18:17:18.6842288Z Leader [vllm-0] phase=Running ready=false
2026-02-07T18:17:18.6842564Z Leader not Ready yet...
2026-02-07T18:17:20.7970827Z Follower [vllm-0-1] phase=Running ready=false
2026-02-07T18:17:20.7971254Z Follower [vllm-0-1] not Ready yet...
2026-02-07T18:17:20.9147287Z Leader [vllm-0] phase=Running ready=false
2026-02-07T18:17:20.9147635Z Leader not Ready yet...
2026-02-07T18:17:23.0506693Z Follower [vllm-0-1] phase=Running ready=false
2026-02-07T18:17:23.0507037Z Follower [vllm-0-1] not Ready yet...
2026-02-07T18:17:23.1644112Z Leader [vllm-0] phase=Running ready=false
2026-02-07T18:17:23.1644521Z Leader not Ready yet...
2026-02-07T18:17:25.2920104Z Follower [vllm-0-1] phase=Running ready=false
2026-02-07T18:17:25.2920439Z Follower [vllm-0-1] not Ready yet...
2026-02-07T18:17:25.3991844Z Leader [vllm-0] phase=Running ready=false
2026-02-07T18:17:25.3992416Z Leader not Ready yet...
2026-02-07T18:17:27.5102960Z Follower [vllm-0-1] phase=Running ready=false
2026-02-07T18:17:27.5103471Z Follower [vllm-0-1] not Ready yet...
2026-02-07T18:17:27.6283644Z Leader [vllm-0] phase=Running ready=false
2026-02-07T18:17:27.6283957Z Leader not Ready yet...
2026-02-07T18:17:29.7381471Z Follower [vllm-0-1] phase=Running ready=false
2026-02-07T18:17:29.7381787Z Follower [vllm-0-1] not Ready yet...
2026-02-07T18:17:29.8451789Z Leader [vllm-0] phase=Running ready=false
2026-02-07T18:17:29.8452214Z Leader not Ready yet...
2026-02-07T18:17:31.9604606Z Follower [vllm-0-1] phase=Running ready=false
2026-02-07T18:17:31.9605088Z Follower [vllm-0-1] not Ready yet...
2026-02-07T18:17:32.0863864Z Leader [vllm-0] phase=Running ready=false
2026-02-07T18:17:32.0864219Z Leader not Ready yet...
2026-02-07T18:17:34.2076107Z Follower [vllm-0-1] phase=Running ready=false
2026-02-07T18:17:34.2076438Z Follower [vllm-0-1] not Ready yet...
2026-02-07T18:17:34.3304896Z Leader [vllm-0] phase=Running ready=false
2026-02-07T18:17:34.3305245Z Leader not Ready yet...
2026-02-07T18:17:36.4413926Z Follower [vllm-0-1] phase=Running ready=false
2026-02-07T18:17:36.4414263Z Follower [vllm-0-1] not Ready yet...
2026-02-07T18:17:36.5526595Z Leader [vllm-0] phase=Running ready=false
2026-02-07T18:17:36.5526945Z Leader not Ready yet...
2026-02-07T18:17:38.6724888Z Follower [vllm-0-1] phase=Running ready=false
2026-02-07T18:17:38.6725285Z Follower [vllm-0-1] not Ready yet...
2026-02-07T18:17:38.7886898Z Leader [vllm-0] phase=Running ready=false
2026-02-07T18:17:38.7887303Z Leader not Ready yet...
2026-02-07T18:17:40.9055958Z Follower [vllm-0-1] phase=Running ready=false
2026-02-07T18:17:40.9056342Z Follower [vllm-0-1] not Ready yet...
2026-02-07T18:17:41.0199802Z Leader [vllm-0] phase=Running ready=false
2026-02-07T18:17:41.0200098Z Leader not Ready yet...
2026-02-07T18:17:43.1453921Z Follower [vllm-0-1] phase=Running ready=false
2026-02-07T18:17:43.1454355Z Follower [vllm-0-1] not Ready yet...
2026-02-07T18:17:43.2739726Z Leader [vllm-0] phase=Running ready=false
2026-02-07T18:17:43.2740155Z Leader not Ready yet...
2026-02-07T18:17:45.3969352Z Follower [vllm-0-1] phase=Running ready=false
2026-02-07T18:17:45.3969841Z Follower [vllm-0-1] not Ready yet...
2026-02-07T18:17:45.5157075Z Leader [vllm-0] phase=Running ready=false
2026-02-07T18:17:45.5157542Z Leader not Ready yet...
2026-02-07T18:17:47.6294262Z Follower [vllm-0-1] phase=Running ready=false
2026-02-07T18:17:47.6294758Z Follower [vllm-0-1] not Ready yet...
2026-02-07T18:17:47.7398329Z Leader [vllm-0] phase=Running ready=false
2026-02-07T18:17:47.7398651Z Leader not Ready yet...
2026-02-07T18:17:49.8598863Z Follower [vllm-0-1] phase=Running ready=false
2026-02-07T18:17:49.8599236Z Follower [vllm-0-1] not Ready yet...
2026-02-07T18:17:49.9864241Z Leader [vllm-0] phase=Running ready=false
2026-02-07T18:17:49.9864555Z Leader not Ready yet...
2026-02-07T18:17:52.1020252Z Follower [vllm-0-1] phase=Running ready=false
2026-02-07T18:17:52.1020963Z Follower [vllm-0-1] not Ready yet...
2026-02-07T18:17:52.2281346Z Leader [vllm-0] phase=Running ready=false
2026-02-07T18:17:52.2281809Z Leader not Ready yet...
2026-02-07T18:17:54.3510546Z Follower [vllm-0-1] phase=Running ready=false
2026-02-07T18:17:54.3510873Z Follower [vllm-0-1] not Ready yet...
2026-02-07T18:17:54.4747792Z Leader [vllm-0] phase=Running ready=false
2026-02-07T18:17:54.4748083Z Leader not Ready yet...
2026-02-07T18:17:56.6009324Z Follower [vllm-0-1] phase=Running ready=false
2026-02-07T18:17:56.6009737Z Follower [vllm-0-1] not Ready yet...
2026-02-07T18:17:56.7221078Z Leader [vllm-0] phase=Running ready=false
2026-02-07T18:17:56.7221346Z Leader not Ready yet...
2026-02-07T18:17:58.8385426Z Follower [vllm-0-1] phase=Running ready=false
2026-02-07T18:17:58.8385794Z Follower [vllm-0-1] not Ready yet...
2026-02-07T18:17:58.9650892Z Leader [vllm-0] phase=Running ready=false
2026-02-07T18:17:58.9651266Z Leader not Ready yet...
2026-02-07T18:18:01.0746115Z Follower [vllm-0-1] phase=Running ready=false
2026-02-07T18:18:01.0746487Z Follower [vllm-0-1] not Ready yet...
2026-02-07T18:18:01.1915966Z Leader [vllm-0] phase=Running ready=false
2026-02-07T18:18:01.1916322Z Leader not Ready yet...
2026-02-07T18:18:03.3042285Z Follower [vllm-0-1] phase=Running ready=false
2026-02-07T18:18:03.3042737Z Follower [vllm-0-1] not Ready yet...
2026-02-07T18:18:03.4281544Z Leader [vllm-0] phase=Running ready=false
2026-02-07T18:18:03.4281850Z Leader not Ready yet...
2026-02-07T18:18:05.5482882Z Follower [vllm-0-1] phase=Running ready=false
2026-02-07T18:18:05.5483197Z Follower [vllm-0-1] not Ready yet...
2026-02-07T18:18:05.6717755Z Leader [vllm-0] phase=Running ready=false
2026-02-07T18:18:05.6718118Z Leader not Ready yet...
2026-02-07T18:18:07.7894061Z Follower [vllm-0-1] phase=Running ready=false
2026-02-07T18:18:07.7894462Z Follower [vllm-0-1] not Ready yet...
2026-02-07T18:18:07.9099922Z Leader [vllm-0] phase=Running ready=false
2026-02-07T18:18:07.9100412Z Leader not Ready yet...
2026-02-07T18:18:10.0346950Z Follower [vllm-0-1] phase=Running ready=false
2026-02-07T18:18:10.0347316Z Follower [vllm-0-1] not Ready yet...
2026-02-07T18:18:10.1482299Z Leader [vllm-0] phase=Running ready=false
2026-02-07T18:18:10.1482788Z Leader not Ready yet...
2026-02-07T18:18:12.2707483Z Follower [vllm-0-1] phase=Running ready=false
2026-02-07T18:18:12.2707833Z Follower [vllm-0-1] not Ready yet...
2026-02-07T18:18:12.4044536Z Leader [vllm-0] phase=Running ready=false
2026-02-07T18:18:12.4044870Z Leader not Ready yet...
2026-02-07T18:18:14.5256438Z Follower [vllm-0-1] phase=Running ready=false
2026-02-07T18:18:14.5256966Z Follower [vllm-0-1] not Ready yet...
2026-02-07T18:18:14.6495135Z Leader [vllm-0] phase=Running ready=false
2026-02-07T18:18:14.6495426Z Leader not Ready yet...
2026-02-07T18:18:16.7736132Z Follower [vllm-0-1] phase=Running ready=false
2026-02-07T18:18:16.7736483Z Follower [vllm-0-1] not Ready yet...
2026-02-07T18:18:16.8945637Z Leader [vllm-0] phase=Running ready=false
2026-02-07T18:18:16.8945972Z Leader not Ready yet...
2026-02-07T18:18:19.0168668Z Follower [vllm-0-1] phase=Running ready=false
2026-02-07T18:18:19.0169121Z Follower [vllm-0-1] not Ready yet...
2026-02-07T18:18:19.1373274Z Leader [vllm-0] phase=Running ready=false
2026-02-07T18:18:19.1373661Z Leader not Ready yet...
2026-02-07T18:18:21.2618081Z Follower [vllm-0-1] phase=Running ready=false
2026-02-07T18:18:21.2618450Z Follower [vllm-0-1] not Ready yet...
2026-02-07T18:18:21.3883912Z Leader [vllm-0] phase=Running ready=false
2026-02-07T18:18:21.3884243Z Leader not Ready yet...
2026-02-07T18:18:23.5128046Z Follower [vllm-0-1] phase=Running ready=false
2026-02-07T18:18:23.5128463Z Follower [vllm-0-1] not Ready yet...
2026-02-07T18:18:23.6403796Z Leader [vllm-0] phase=Running ready=false
2026-02-07T18:18:23.6404338Z Leader not Ready yet...
2026-02-07T18:18:25.7677468Z Follower [vllm-0-1] phase=Running ready=false
2026-02-07T18:18:25.7677859Z Follower [vllm-0-1] not Ready yet...
2026-02-07T18:18:25.8735194Z Leader [vllm-0] phase=Running ready=false
2026-02-07T18:18:25.8736002Z Leader not Ready yet...
2026-02-07T18:18:27.9907530Z Follower [vllm-0-1] phase=Running ready=false
2026-02-07T18:18:27.9907867Z Follower [vllm-0-1] not Ready yet...
2026-02-07T18:18:28.1038938Z Leader [vllm-0] phase=Running ready=false
2026-02-07T18:18:28.1039257Z Leader not Ready yet...
2026-02-07T18:18:30.2358862Z Follower [vllm-0-1] phase=Running ready=false
2026-02-07T18:18:30.2359268Z Follower [vllm-0-1] not Ready yet...
2026-02-07T18:18:30.3534670Z Leader [vllm-0] phase=Running ready=false
2026-02-07T18:18:30.3535043Z Leader not Ready yet...
2026-02-07T18:18:32.4699608Z Follower [vllm-0-1] phase=Running ready=false
2026-02-07T18:18:32.4700026Z Follower [vllm-0-1] not Ready yet...
2026-02-07T18:18:32.5953958Z Leader [vllm-0] phase=Running ready=false
2026-02-07T18:18:32.5954292Z Leader not Ready yet...
2026-02-07T18:18:34.7155246Z Follower [vllm-0-1] phase=Running ready=false
2026-02-07T18:18:34.7155594Z Follower [vllm-0-1] not Ready yet...
2026-02-07T18:18:34.8376951Z Leader [vllm-0] phase=Running ready=false
2026-02-07T18:18:34.8377483Z Leader not Ready yet...
2026-02-07T18:18:36.9766866Z Follower [vllm-0-1] phase=Running ready=false
2026-02-07T18:18:36.9767340Z Follower [vllm-0-1] not Ready yet...
2026-02-07T18:18:37.0877397Z Leader [vllm-0] phase=Running ready=false
2026-02-07T18:18:37.0877788Z Leader not Ready yet...
2026-02-07T18:18:39.2103117Z Follower [vllm-0-1] phase=Running ready=false
2026-02-07T18:18:39.2103567Z Follower [vllm-0-1] not Ready yet...
2026-02-07T18:18:39.3357741Z Leader [vllm-0] phase=Running ready=false
2026-02-07T18:18:39.3358044Z Leader not Ready yet...
2026-02-07T18:18:41.4523212Z Follower [vllm-0-1] phase=Running ready=false
2026-02-07T18:18:41.4523562Z Follower [vllm-0-1] not Ready yet...
2026-02-07T18:18:41.5730402Z Leader [vllm-0] phase=Running ready=false
2026-02-07T18:18:41.5730721Z Leader not Ready yet...
2026-02-07T18:18:43.6958237Z Follower [vllm-0-1] phase=Running ready=false
2026-02-07T18:18:43.6958664Z Follower [vllm-0-1] not Ready yet...
2026-02-07T18:18:43.8184374Z Leader [vllm-0] phase=Running ready=false
2026-02-07T18:18:43.8184991Z Leader not Ready yet...
2026-02-07T18:18:45.9334286Z Follower [vllm-0-1] phase=Running ready=false
2026-02-07T18:18:45.9334622Z Follower [vllm-0-1] not Ready yet...
2026-02-07T18:18:46.0439138Z Leader [vllm-0] phase=Running ready=false
2026-02-07T18:18:46.0439535Z Leader not Ready yet...
2026-02-07T18:18:48.1679687Z Follower [vllm-0-1] phase=Running ready=false
2026-02-07T18:18:48.1680059Z Follower [vllm-0-1] not Ready yet...
2026-02-07T18:18:48.2862454Z Leader [vllm-0] phase=Running ready=false
2026-02-07T18:18:48.2862832Z Leader not Ready yet...
2026-02-07T18:18:50.4039349Z Follower [vllm-0-1] phase=Running ready=false
2026-02-07T18:18:50.4039729Z Follower [vllm-0-1] not Ready yet...
2026-02-07T18:18:50.5247026Z Leader [vllm-0] phase=Running ready=false
2026-02-07T18:18:50.5247453Z Leader not Ready yet...
2026-02-07T18:18:52.6548982Z Follower [vllm-0-1] phase=Running ready=false
2026-02-07T18:18:52.6549552Z Follower [vllm-0-1] not Ready yet...
2026-02-07T18:18:52.7705268Z Leader [vllm-0] phase=Running ready=false
2026-02-07T18:18:52.7705648Z Leader not Ready yet...
2026-02-07T18:18:54.8925103Z Follower [vllm-0-1] phase=Running ready=false
2026-02-07T18:18:54.8925497Z Follower [vllm-0-1] not Ready yet...
2026-02-07T18:18:55.0157250Z Leader [vllm-0] phase=Running ready=false
2026-02-07T18:18:55.0157530Z Leader not Ready yet...
2026-02-07T18:18:57.1355860Z Follower [vllm-0-1] phase=Running ready=false
2026-02-07T18:18:57.1356264Z Follower [vllm-0-1] not Ready yet...
2026-02-07T18:18:57.2529023Z Leader [vllm-0] phase=Running ready=false
2026-02-07T18:18:57.2529458Z Leader not Ready yet...
2026-02-07T18:18:59.3752597Z Follower [vllm-0-1] phase=Running ready=false
2026-02-07T18:18:59.3752955Z Follower [vllm-0-1] not Ready yet...
2026-02-07T18:18:59.4892744Z Leader [vllm-0] phase=Running ready=false
2026-02-07T18:18:59.4893127Z Leader not Ready yet...
2026-02-07T18:19:01.6151450Z Follower [vllm-0-1] phase=Running ready=false
2026-02-07T18:19:01.6152256Z Follower [vllm-0-1] not Ready yet...
2026-02-07T18:19:01.7358332Z Leader [vllm-0] phase=Running ready=false
2026-02-07T18:19:01.7358774Z Leader not Ready yet...
2026-02-07T18:19:03.8607242Z Follower [vllm-0-1] phase=Running ready=false
2026-02-07T18:19:03.8607705Z Follower [vllm-0-1] not Ready yet...
2026-02-07T18:19:03.9831818Z Leader [vllm-0] phase=Running ready=false
2026-02-07T18:19:03.9832206Z Leader not Ready yet...
2026-02-07T18:19:06.1127633Z Follower [vllm-0-1] phase=Running ready=false
2026-02-07T18:19:06.1128062Z Follower [vllm-0-1] not Ready yet...
2026-02-07T18:19:06.2310912Z Leader [vllm-0] phase=Running ready=false
2026-02-07T18:19:06.2311271Z Leader not Ready yet...
2026-02-07T18:19:08.3554925Z Follower [vllm-0-1] phase=Running ready=false
2026-02-07T18:19:08.3555245Z Follower [vllm-0-1] not Ready yet...
2026-02-07T18:19:08.4829107Z Leader [vllm-0] phase=Running ready=false
2026-02-07T18:19:08.4829553Z Leader not Ready yet...
2026-02-07T18:19:10.5978089Z Follower [vllm-0-1] phase=Running ready=false
2026-02-07T18:19:10.5978440Z Follower [vllm-0-1] not Ready yet...
2026-02-07T18:19:10.7172677Z Leader [vllm-0] phase=Running ready=false
2026-02-07T18:19:10.7172964Z Leader not Ready yet...
2026-02-07T18:19:12.8793273Z Follower [vllm-0-1] phase=Running ready=false
2026-02-07T18:19:12.8793691Z Follower [vllm-0-1] not Ready yet...
2026-02-07T18:19:12.9913778Z Leader [vllm-0] phase=Running ready=false
2026-02-07T18:19:12.9914355Z Leader not Ready yet...
2026-02-07T18:19:15.1086390Z Follower [vllm-0-1] phase=Running ready=false
2026-02-07T18:19:15.1086835Z Follower [vllm-0-1] not Ready yet...
2026-02-07T18:19:15.2341402Z Leader [vllm-0] phase=Running ready=false
2026-02-07T18:19:15.2341725Z Leader not Ready yet...
2026-02-07T18:19:17.3509602Z Follower [vllm-0-1] phase=Running ready=false
2026-02-07T18:19:17.3509976Z Follower [vllm-0-1] not Ready yet...
2026-02-07T18:19:17.4714581Z Leader [vllm-0] phase=Running ready=false
2026-02-07T18:19:17.4714907Z Leader not Ready yet...
2026-02-07T18:19:19.5957254Z Follower [vllm-0-1] phase=Running ready=false
2026-02-07T18:19:19.5957945Z Follower [vllm-0-1] not Ready yet...
2026-02-07T18:19:19.7125075Z Leader [vllm-0] phase=Running ready=false
2026-02-07T18:19:19.7125373Z Leader not Ready yet...
2026-02-07T18:19:21.8295026Z Follower [vllm-0-1] phase=Running ready=false
2026-02-07T18:19:21.8295355Z Follower [vllm-0-1] not Ready yet...
2026-02-07T18:19:21.9476201Z Leader [vllm-0] phase=Running ready=false
2026-02-07T18:19:21.9476546Z Leader not Ready yet...
2026-02-07T18:19:24.0702569Z Follower [vllm-0-1] phase=Running ready=false
2026-02-07T18:19:24.0702893Z Follower [vllm-0-1] not Ready yet...
2026-02-07T18:19:24.1893871Z Leader [vllm-0] phase=Running ready=false
2026-02-07T18:19:24.1894271Z Leader not Ready yet...
2026-02-07T18:19:26.3057138Z Follower [vllm-0-1] phase=Running ready=false
2026-02-07T18:19:26.3057624Z Follower [vllm-0-1] not Ready yet...
2026-02-07T18:19:26.4185776Z Leader [vllm-0] phase=Running ready=false
2026-02-07T18:19:26.4186133Z Leader not Ready yet...
2026-02-07T18:19:28.5474902Z Follower [vllm-0-1] phase=Running ready=false
2026-02-07T18:19:28.5475310Z Follower [vllm-0-1] not Ready yet...
2026-02-07T18:19:28.6601393Z Leader [vllm-0] phase=Running ready=false
2026-02-07T18:19:28.6601854Z Leader not Ready yet...
2026-02-07T18:19:30.7799313Z Follower [vllm-0-1] phase=Running ready=false
2026-02-07T18:19:30.7799744Z Follower [vllm-0-1] not Ready yet...
2026-02-07T18:19:30.9042391Z Leader [vllm-0] phase=Running ready=false
2026-02-07T18:19:30.9042771Z Leader not Ready yet...
2026-02-07T18:19:33.0337971Z Follower [vllm-0-1] phase=Running ready=false
2026-02-07T18:19:33.0338353Z Follower [vllm-0-1] not Ready yet...
2026-02-07T18:19:33.1514219Z Leader [vllm-0] phase=Running ready=false
2026-02-07T18:19:33.1514578Z Leader not Ready yet...
2026-02-07T18:19:35.2702394Z Follower [vllm-0-1] phase=Running ready=false
2026-02-07T18:19:35.2702741Z Follower [vllm-0-1] not Ready yet...
2026-02-07T18:19:35.3802331Z Leader [vllm-0] phase=Running ready=false
2026-02-07T18:19:37.5149893Z Leader not Ready yet...
2026-02-07T18:19:37.5150279Z Follower [vllm-0-1] phase=Running ready=false
2026-02-07T18:19:37.5150641Z Follower [vllm-0-1] not Ready yet...
2026-02-07T18:19:37.6444350Z Leader [vllm-0] phase=Running ready=false
2026-02-07T18:19:37.6444652Z Leader not Ready yet...
2026-02-07T18:19:39.7774049Z Follower [vllm-0-1] phase=Running ready=false
2026-02-07T18:19:39.7774414Z Follower [vllm-0-1] not Ready yet...
2026-02-07T18:19:39.8983957Z Leader [vllm-0] phase=Running ready=false
2026-02-07T18:19:39.8984284Z Leader not Ready yet...
2026-02-07T18:19:42.0148534Z Follower [vllm-0-1] phase=Running ready=false
2026-02-07T18:19:42.0148850Z Follower [vllm-0-1] not Ready yet...
2026-02-07T18:19:42.1733590Z Leader [vllm-0] phase=Running ready=false
2026-02-07T18:19:42.1733950Z Leader not Ready yet...
2026-02-07T18:19:44.2949619Z Follower [vllm-0-1] phase=Running ready=false
2026-02-07T18:19:44.2949958Z Follower [vllm-0-1] not Ready yet...
2026-02-07T18:19:44.4234310Z Leader [vllm-0] phase=Running ready=false
2026-02-07T18:19:44.4234691Z Leader not Ready yet...
2026-02-07T18:19:46.5408733Z Follower [vllm-0-1] phase=Running ready=false
2026-02-07T18:19:46.5409088Z Follower [vllm-0-1] not Ready yet...
2026-02-07T18:19:46.6565105Z Leader [vllm-0] phase=Running ready=false
2026-02-07T18:19:46.6565559Z Leader not Ready yet...
2026-02-07T18:19:48.7759213Z Follower [vllm-0-1] phase=Running ready=false
2026-02-07T18:19:48.7759540Z Follower [vllm-0-1] not Ready yet...
2026-02-07T18:19:48.9031061Z Leader [vllm-0] phase=Running ready=false
2026-02-07T18:19:48.9031429Z Leader not Ready yet...
2026-02-07T18:19:51.0187953Z Follower [vllm-0-1] phase=Running ready=false
2026-02-07T18:19:51.0188348Z Follower [vllm-0-1] not Ready yet...
2026-02-07T18:19:51.1373791Z Leader [vllm-0] phase=Running ready=false
2026-02-07T18:19:51.1374123Z Leader not Ready yet...
2026-02-07T18:19:53.2558448Z Follower [vllm-0-1] phase=Running ready=false
2026-02-07T18:19:53.2558923Z Follower [vllm-0-1] not Ready yet...
2026-02-07T18:19:53.3703108Z Leader [vllm-0] phase=Running ready=false
2026-02-07T18:19:53.3703714Z Leader not Ready yet...
2026-02-07T18:19:55.4908969Z Follower [vllm-0-1] phase=Running ready=false
2026-02-07T18:19:55.4909364Z Follower [vllm-0-1] not Ready yet...
2026-02-07T18:19:55.6080847Z Leader [vllm-0] phase=Running ready=false
2026-02-07T18:19:55.6081198Z Leader not Ready yet...
2026-02-07T18:19:57.7216970Z Follower [vllm-0-1] phase=Running ready=false
2026-02-07T18:19:57.7217305Z Follower [vllm-0-1] not Ready yet...
2026-02-07T18:19:57.8353545Z Leader [vllm-0] phase=Running ready=false
2026-02-07T18:19:57.8353938Z Leader not Ready yet...
2026-02-07T18:19:59.9567046Z Follower [vllm-0-1] phase=Running ready=false
2026-02-07T18:19:59.9567505Z Follower [vllm-0-1] not Ready yet...
2026-02-07T18:20:00.0708276Z Leader [vllm-0] phase=Running ready=false
2026-02-07T18:20:00.0708689Z Leader not Ready yet...
2026-02-07T18:20:02.4404456Z Follower [vllm-0-1] phase=Running ready=false
2026-02-07T18:20:02.4404879Z Follower [vllm-0-1] not Ready yet...
2026-02-07T18:20:02.5570763Z Leader [vllm-0] phase=Running ready=false
2026-02-07T18:20:02.5571101Z Leader not Ready yet...
2026-02-07T18:20:04.6730913Z Follower [vllm-0-1] phase=Running ready=false
2026-02-07T18:20:04.6731246Z Follower [vllm-0-1] not Ready yet...
2026-02-07T18:20:04.7929004Z Leader [vllm-0] phase=Running ready=false
2026-02-07T18:20:04.7929471Z Leader not Ready yet...
2026-02-07T18:20:06.9118842Z Follower [vllm-0-1] phase=Running ready=false
2026-02-07T18:20:06.9119264Z Follower [vllm-0-1] not Ready yet...
2026-02-07T18:20:07.0452289Z Leader [vllm-0] phase=Running ready=false
2026-02-07T18:20:07.0452744Z Leader not Ready yet...
2026-02-07T18:20:09.1620178Z Follower [vllm-0-1] phase=Running ready=false
2026-02-07T18:20:09.1620657Z Follower [vllm-0-1] not Ready yet...
2026-02-07T18:20:09.2732560Z Leader [vllm-0] phase=Running ready=false
2026-02-07T18:20:09.2732905Z Leader not Ready yet...
2026-02-07T18:20:11.4063470Z Follower [vllm-0-1] phase=Running ready=false
2026-02-07T18:20:11.4063848Z Follower [vllm-0-1] not Ready yet...
2026-02-07T18:20:11.5189914Z Leader [vllm-0] phase=Running ready=false
2026-02-07T18:20:11.5190307Z Leader not Ready yet...
2026-02-07T18:20:13.6476241Z Follower [vllm-0-1] phase=Running ready=false
2026-02-07T18:20:13.6476708Z Follower [vllm-0-1] not Ready yet...
2026-02-07T18:20:13.7692846Z Leader [vllm-0] phase=Running ready=false
2026-02-07T18:20:13.7693165Z Leader not Ready yet...
2026-02-07T18:20:15.8936757Z Follower [vllm-0-1] phase=Running ready=false
2026-02-07T18:20:15.8937117Z Follower [vllm-0-1] not Ready yet...
2026-02-07T18:20:16.0068234Z Leader [vllm-0] phase=Running ready=false
2026-02-07T18:20:16.0068575Z Leader not Ready yet...
2026-02-07T18:20:18.1407039Z Follower [vllm-0-1] phase=Running ready=false
2026-02-07T18:20:18.1407502Z Follower [vllm-0-1] not Ready yet...
2026-02-07T18:20:18.2538574Z Leader [vllm-0] phase=Running ready=false
2026-02-07T18:20:18.2538868Z Leader not Ready yet...
2026-02-07T18:20:20.3794527Z Follower [vllm-0-1] phase=Running ready=false
2026-02-07T18:20:20.3794914Z Follower [vllm-0-1] not Ready yet...
2026-02-07T18:20:20.4990714Z Leader [vllm-0] phase=Running ready=false
2026-02-07T18:20:20.4991122Z Leader not Ready yet...
2026-02-07T18:20:22.6151928Z Follower [vllm-0-1] phase=Running ready=false
2026-02-07T18:20:22.6152425Z Follower [vllm-0-1] not Ready yet...
2026-02-07T18:20:22.7337256Z Leader [vllm-0] phase=Running ready=false
2026-02-07T18:20:22.7337662Z Leader not Ready yet...
2026-02-07T18:20:24.8541874Z Follower [vllm-0-1] phase=Running ready=false
2026-02-07T18:20:24.8542457Z Follower [vllm-0-1] not Ready yet...
2026-02-07T18:20:24.9732104Z Leader [vllm-0] phase=Running ready=false
2026-02-07T18:20:24.9732462Z Leader not Ready yet...
2026-02-07T18:20:27.0891917Z Follower [vllm-0-1] phase=Running ready=false
2026-02-07T18:20:27.0892366Z Follower [vllm-0-1] not Ready yet...
2026-02-07T18:20:27.2057871Z Leader [vllm-0] phase=Running ready=false
2026-02-07T18:20:27.2058385Z Leader not Ready yet...
2026-02-07T18:20:29.3226149Z Follower [vllm-0-1] phase=Running ready=false
2026-02-07T18:20:29.3227101Z Follower [vllm-0-1] not Ready yet...
2026-02-07T18:20:29.4382422Z Leader [vllm-0] phase=Running ready=false
2026-02-07T18:20:29.4382713Z Leader not Ready yet...
2026-02-07T18:20:31.5544115Z Follower [vllm-0-1] phase=Running ready=false
2026-02-07T18:20:31.5544484Z Follower [vllm-0-1] not Ready yet...
2026-02-07T18:20:31.6853762Z Leader [vllm-0] phase=Running ready=false
2026-02-07T18:20:31.6854194Z Leader not Ready yet...
2026-02-07T18:20:33.8076816Z Follower [vllm-0-1] phase=Running ready=false
2026-02-07T18:20:33.8077306Z Follower [vllm-0-1] not Ready yet...
2026-02-07T18:20:33.9255081Z Leader [vllm-0] phase=Running ready=false
2026-02-07T18:20:33.9255403Z Leader not Ready yet...
2026-02-07T18:20:36.0438793Z Follower [vllm-0-1] phase=Running ready=false
2026-02-07T18:20:36.0439166Z Follower [vllm-0-1] not Ready yet...
2026-02-07T18:20:36.1577220Z Leader [vllm-0] phase=Running ready=false
2026-02-07T18:20:36.1577694Z Leader not Ready yet...
2026-02-07T18:20:38.2890271Z Follower [vllm-0-1] phase=Running ready=false
2026-02-07T18:20:38.2890750Z Follower [vllm-0-1] not Ready yet...
2026-02-07T18:20:38.4041664Z Leader [vllm-0] phase=Running ready=false
2026-02-07T18:20:38.4042213Z Leader not Ready yet...
2026-02-07T18:20:40.5170041Z Follower [vllm-0-1] phase=Running ready=false
2026-02-07T18:20:40.5170471Z Follower [vllm-0-1] not Ready yet...
2026-02-07T18:20:40.6427541Z Leader [vllm-0] phase=Running ready=false
2026-02-07T18:20:40.6427867Z Leader not Ready yet...
2026-02-07T18:20:42.7550953Z Follower [vllm-0-1] phase=Running ready=false
2026-02-07T18:20:42.7551291Z Follower [vllm-0-1] not Ready yet...
2026-02-07T18:20:42.8725731Z Leader [vllm-0] phase=Running ready=false
2026-02-07T18:20:42.8726107Z Leader not Ready yet...
2026-02-07T18:20:44.9935666Z Follower [vllm-0-1] phase=Running ready=false
2026-02-07T18:20:44.9936013Z Follower [vllm-0-1] not Ready yet...
2026-02-07T18:20:45.1156772Z Leader [vllm-0] phase=Running ready=false
2026-02-07T18:20:45.1157117Z Leader not Ready yet...
2026-02-07T18:20:47.2484181Z Follower [vllm-0-1] phase=Running ready=false
2026-02-07T18:20:47.2484771Z Follower [vllm-0-1] not Ready yet...
2026-02-07T18:20:47.3711512Z Leader [vllm-0] phase=Running ready=false
2026-02-07T18:20:47.3711793Z Leader not Ready yet...
2026-02-07T18:20:49.4887852Z Follower [vllm-0-1] phase=Running ready=false
2026-02-07T18:20:49.4888214Z Follower [vllm-0-1] not Ready yet...
2026-02-07T18:20:49.6021504Z Leader [vllm-0] phase=Running ready=false
2026-02-07T18:20:49.6021787Z Leader not Ready yet...
2026-02-07T18:20:51.7326191Z Follower [vllm-0-1] phase=Running ready=false
2026-02-07T18:20:51.7326527Z Follower [vllm-0-1] not Ready yet...
2026-02-07T18:20:51.8766664Z Leader [vllm-0] phase=Running ready=false
2026-02-07T18:20:51.8767100Z Leader not Ready yet...
2026-02-07T18:20:53.9895356Z Follower [vllm-0-1] phase=Running ready=false
2026-02-07T18:20:53.9895820Z Follower [vllm-0-1] not Ready yet...
2026-02-07T18:20:54.1176235Z Leader [vllm-0] phase=Running ready=false
2026-02-07T18:20:54.1176521Z Leader not Ready yet...
2026-02-07T18:20:56.2432381Z Follower [vllm-0-1] phase=Running ready=false
2026-02-07T18:20:56.2432737Z Follower [vllm-0-1] not Ready yet...
2026-02-07T18:20:56.3650246Z Leader [vllm-0] phase=Running ready=false
2026-02-07T18:20:56.3650586Z Leader not Ready yet...
2026-02-07T18:20:58.4715109Z Follower [vllm-0-1] phase=Running ready=false
2026-02-07T18:20:58.4715478Z Follower [vllm-0-1] not Ready yet...
2026-02-07T18:20:58.5866893Z Leader [vllm-0] phase=Running ready=false
2026-02-07T18:20:58.5867243Z Leader not Ready yet...
2026-02-07T18:21:00.7128607Z Follower [vllm-0-1] phase=Running ready=false
2026-02-07T18:21:00.7129166Z Follower [vllm-0-1] not Ready yet...
2026-02-07T18:21:00.8353975Z Leader [vllm-0] phase=Running ready=false
2026-02-07T18:21:00.8354285Z Leader not Ready yet...
2026-02-07T18:21:02.9485764Z Follower [vllm-0-1] phase=Running ready=false
2026-02-07T18:21:02.9486182Z Follower [vllm-0-1] not Ready yet...
2026-02-07T18:21:03.0727415Z Leader [vllm-0] phase=Running ready=false
2026-02-07T18:21:03.0727990Z Leader not Ready yet...
2026-02-07T18:21:05.1958045Z Follower [vllm-0-1] phase=Running ready=false
2026-02-07T18:21:05.1958393Z Follower [vllm-0-1] not Ready yet...
2026-02-07T18:21:05.3106353Z Leader [vllm-0] phase=Running ready=false
2026-02-07T18:21:05.3106713Z Leader not Ready yet...
2026-02-07T18:21:07.4312537Z Follower [vllm-0-1] phase=Running ready=false
2026-02-07T18:21:07.4313041Z Follower [vllm-0-1] not Ready yet...
2026-02-07T18:21:07.5521810Z Leader [vllm-0] phase=Running ready=false
2026-02-07T18:21:07.5522326Z Leader not Ready yet...
2026-02-07T18:21:09.6779426Z Follower [vllm-0-1] phase=Running ready=false
2026-02-07T18:21:09.6779931Z Follower [vllm-0-1] not Ready yet...
2026-02-07T18:21:09.8023560Z Leader [vllm-0] phase=Running ready=false
2026-02-07T18:21:09.8023868Z Leader not Ready yet...
2026-02-07T18:21:11.9295458Z Follower [vllm-0-1] phase=Running ready=false
2026-02-07T18:21:11.9295870Z Follower [vllm-0-1] not Ready yet...
2026-02-07T18:21:12.0396670Z Leader [vllm-0] phase=Running ready=false
2026-02-07T18:21:12.0397015Z Leader not Ready yet...
2026-02-07T18:21:14.1683680Z Follower [vllm-0-1] phase=Running ready=false
2026-02-07T18:21:14.1684181Z Follower [vllm-0-1] not Ready yet...
2026-02-07T18:21:14.2895421Z Leader [vllm-0] phase=Running ready=false
2026-02-07T18:21:14.2895761Z Leader not Ready yet...
2026-02-07T18:21:16.4231703Z Follower [vllm-0-1] phase=Running ready=false
2026-02-07T18:21:16.4232128Z Follower [vllm-0-1] not Ready yet...
2026-02-07T18:21:16.5423783Z Leader [vllm-0] phase=Running ready=false
2026-02-07T18:21:16.5424145Z Leader not Ready yet...
2026-02-07T18:21:18.6572306Z Follower [vllm-0-1] phase=Running ready=false
2026-02-07T18:21:18.6572642Z Follower [vllm-0-1] not Ready yet...
2026-02-07T18:21:18.7695522Z Leader [vllm-0] phase=Running ready=false
2026-02-07T18:21:18.7696012Z Leader not Ready yet...
2026-02-07T18:21:20.9030410Z Follower [vllm-0-1] phase=Running ready=false
2026-02-07T18:21:20.9030741Z Follower [vllm-0-1] not Ready yet...
2026-02-07T18:21:21.0187782Z Leader [vllm-0] phase=Running ready=false
2026-02-07T18:21:21.0188144Z Leader not Ready yet...
2026-02-07T18:21:23.1393689Z Follower [vllm-0-1] phase=Running ready=false
2026-02-07T18:21:23.1394080Z Follower [vllm-0-1] not Ready yet...
2026-02-07T18:21:23.2562420Z Leader [vllm-0] phase=Running ready=false
2026-02-07T18:21:23.2562866Z Leader not Ready yet...
2026-02-07T18:21:25.3719937Z Follower [vllm-0-1] phase=Running ready=false
2026-02-07T18:21:25.3720418Z Follower [vllm-0-1] not Ready yet...
2026-02-07T18:21:25.6299671Z Leader [vllm-0] phase=Running ready=false
2026-02-07T18:21:25.6299997Z Leader not Ready yet...
2026-02-07T18:21:27.7545551Z Follower [vllm-0-1] phase=Running ready=false
2026-02-07T18:21:27.7545963Z Follower [vllm-0-1] not Ready yet...
2026-02-07T18:21:27.8668141Z Leader [vllm-0] phase=Running ready=false
2026-02-07T18:21:27.8668449Z Leader not Ready yet...
2026-02-07T18:21:29.9813184Z Follower [vllm-0-1] phase=Running ready=false
2026-02-07T18:21:29.9813609Z Follower [vllm-0-1] not Ready yet...
2026-02-07T18:21:30.1128181Z Leader [vllm-0] phase=Running ready=false
2026-02-07T18:21:30.1128563Z Leader not Ready yet...
2026-02-07T18:21:32.2420913Z Follower [vllm-0-1] phase=Running ready=false
2026-02-07T18:21:32.2421429Z Follower [vllm-0-1] not Ready yet...
2026-02-07T18:21:32.3753147Z Leader [vllm-0] phase=Running ready=false
2026-02-07T18:21:32.3753543Z Leader not Ready yet...
2026-02-07T18:21:34.5017528Z Follower [vllm-0-1] phase=Running ready=false
2026-02-07T18:21:34.5018015Z Follower [vllm-0-1] not Ready yet...
2026-02-07T18:21:34.6190276Z Leader [vllm-0] phase=Running ready=false
2026-02-07T18:21:36.7420023Z Leader not Ready yet...
2026-02-07T18:21:36.7420544Z Follower [vllm-0-1] phase=Running ready=false
2026-02-07T18:21:36.7420832Z Follower [vllm-0-1] not Ready yet...
2026-02-07T18:21:36.8656925Z Leader [vllm-0] phase=Running ready=false
2026-02-07T18:21:36.8657413Z Leader not Ready yet...
2026-02-07T18:21:38.9968259Z Follower [vllm-0-1] phase=Running ready=false
2026-02-07T18:21:38.9968769Z Follower [vllm-0-1] not Ready yet...
2026-02-07T18:21:39.1171974Z Leader [vllm-0] phase=Running ready=false
2026-02-07T18:21:39.1172487Z Leader not Ready yet...
2026-02-07T18:21:41.2496190Z Follower [vllm-0-1] phase=Running ready=false
2026-02-07T18:21:41.2496530Z Follower [vllm-0-1] not Ready yet...
2026-02-07T18:21:41.3675979Z Leader [vllm-0] phase=Running ready=false
2026-02-07T18:21:41.3676355Z Leader not Ready yet...
2026-02-07T18:21:43.4924829Z Follower [vllm-0-1] phase=Running ready=false
2026-02-07T18:21:43.4925172Z Follower [vllm-0-1] not Ready yet...
2026-02-07T18:21:43.6081278Z Leader [vllm-0] phase=Running ready=false
2026-02-07T18:21:43.6081699Z Leader not Ready yet...
2026-02-07T18:21:45.7273351Z Follower [vllm-0-1] phase=Running ready=false
2026-02-07T18:21:45.7273906Z Follower [vllm-0-1] not Ready yet...
2026-02-07T18:21:45.8456070Z Leader [vllm-0] phase=Running ready=false
2026-02-07T18:21:45.8456423Z Leader not Ready yet...
2026-02-07T18:21:47.9653443Z Follower [vllm-0-1] phase=Running ready=false
2026-02-07T18:21:47.9653842Z Follower [vllm-0-1] not Ready yet...
2026-02-07T18:21:48.0906378Z Leader [vllm-0] phase=Running ready=false
2026-02-07T18:21:48.0906697Z Leader not Ready yet...
2026-02-07T18:21:50.2084171Z Follower [vllm-0-1] phase=Running ready=false
2026-02-07T18:21:50.2084527Z Follower [vllm-0-1] not Ready yet...
2026-02-07T18:21:50.3174150Z Leader [vllm-0] phase=Running ready=false
2026-02-07T18:21:50.3174501Z Leader not Ready yet...
2026-02-07T18:21:52.4341384Z Follower [vllm-0-1] phase=Running ready=false
2026-02-07T18:21:52.4341811Z Follower [vllm-0-1] not Ready yet...
2026-02-07T18:21:52.5445773Z Leader [vllm-0] phase=Running ready=false
2026-02-07T18:21:52.5446150Z Leader not Ready yet...
2026-02-07T18:21:54.6554949Z Follower [vllm-0-1] phase=Running ready=false
2026-02-07T18:21:54.6555330Z Follower [vllm-0-1] not Ready yet...
2026-02-07T18:21:54.7771283Z Leader [vllm-0] phase=Running ready=false
2026-02-07T18:21:54.7771659Z Leader not Ready yet...
2026-02-07T18:21:56.9063126Z Follower [vllm-0-1] phase=Running ready=false
2026-02-07T18:21:56.9063485Z Follower [vllm-0-1] not Ready yet...
2026-02-07T18:21:57.0185406Z Leader [vllm-0] phase=Running ready=false
2026-02-07T18:21:57.0185776Z Leader not Ready yet...
2026-02-07T18:21:59.1373311Z Follower [vllm-0-1] phase=Running ready=false
2026-02-07T18:21:59.1373726Z Follower [vllm-0-1] not Ready yet...
2026-02-07T18:21:59.2480896Z Leader [vllm-0] phase=Running ready=false
2026-02-07T18:21:59.2481180Z Leader not Ready yet...
2026-02-07T18:22:01.3734472Z Follower [vllm-0-1] phase=Running ready=false
2026-02-07T18:22:01.3734974Z Follower [vllm-0-1] not Ready yet...
2026-02-07T18:22:01.4884273Z Leader [vllm-0] phase=Running ready=false
2026-02-07T18:22:01.4884608Z Leader not Ready yet...
2026-02-07T18:22:03.6081206Z Follower [vllm-0-1] phase=Running ready=false
2026-02-07T18:22:03.6081547Z Follower [vllm-0-1] not Ready yet...
2026-02-07T18:22:03.7406275Z Leader [vllm-0] phase=Running ready=false
2026-02-07T18:22:03.7406620Z Leader not Ready yet...
2026-02-07T18:22:05.8603657Z Follower [vllm-0-1] phase=Running ready=false
2026-02-07T18:22:05.8604054Z Follower [vllm-0-1] not Ready yet...
2026-02-07T18:22:05.9770416Z Leader [vllm-0] phase=Running ready=false
2026-02-07T18:22:05.9770900Z Leader not Ready yet...
2026-02-07T18:22:08.1044490Z Follower [vllm-0-1] phase=Running ready=false
2026-02-07T18:22:08.1045081Z Follower [vllm-0-1] not Ready yet...
2026-02-07T18:22:08.2136362Z Leader [vllm-0] phase=Running ready=false
2026-02-07T18:22:10.3358023Z Leader not Ready yet...
2026-02-07T18:22:10.3358480Z Follower [vllm-0-1] phase=Running ready=false
2026-02-07T18:22:10.3358776Z Follower [vllm-0-1] not Ready yet...
2026-02-07T18:22:10.4486223Z Leader [vllm-0] phase=Running ready=false
2026-02-07T18:22:10.4486680Z Leader not Ready yet...
2026-02-07T18:22:12.5797506Z Follower [vllm-0-1] phase=Running ready=false
2026-02-07T18:22:12.5798001Z Follower [vllm-0-1] not Ready yet...
2026-02-07T18:22:12.7201959Z Leader [vllm-0] phase=Running ready=false
2026-02-07T18:22:12.7202356Z Leader not Ready yet...
2026-02-07T18:22:14.8339345Z Follower [vllm-0-1] phase=Running ready=false
2026-02-07T18:22:14.8339672Z Follower [vllm-0-1] not Ready yet...
2026-02-07T18:22:14.9459275Z Leader [vllm-0] phase=Running ready=false
2026-02-07T18:22:14.9459621Z Leader not Ready yet...
2026-02-07T18:22:17.0610446Z Follower [vllm-0-1] phase=Running ready=false
2026-02-07T18:22:17.0610941Z Follower [vllm-0-1] not Ready yet...
2026-02-07T18:22:17.1776044Z Leader [vllm-0] phase=Running ready=false
2026-02-07T18:22:17.1780058Z Leader not Ready yet...
2026-02-07T18:22:19.2913723Z Follower [vllm-0-1] phase=Running ready=true
2026-02-07T18:22:19.4091679Z Leader [vllm-0] phase=Running ready=false
2026-02-07T18:22:19.4092206Z Leader not Ready yet...
2026-02-07T18:22:21.5266552Z Follower [vllm-0-1] phase=Running ready=false
2026-02-07T18:22:21.5267156Z Follower [vllm-0-1] not Ready yet...
2026-02-07T18:22:21.6409203Z Leader [vllm-0] phase=Running ready=false
2026-02-07T18:22:21.6409723Z Leader not Ready yet...
2026-02-07T18:22:23.7785861Z Follower [vllm-0-1] phase=Running ready=false
2026-02-07T18:22:23.7786274Z Follower [vllm-0-1] not Ready yet...
2026-02-07T18:22:23.9001499Z Leader [vllm-0] phase=Running ready=false
2026-02-07T18:22:23.9001811Z Leader not Ready yet...
2026-02-07T18:22:26.0175370Z Follower [vllm-0-1] phase=Running ready=false
2026-02-07T18:22:26.0175721Z Follower [vllm-0-1] not Ready yet...
2026-02-07T18:22:26.1466954Z Leader [vllm-0] phase=Running ready=false
2026-02-07T18:22:26.1467308Z Leader not Ready yet...
2026-02-07T18:22:28.2621726Z Follower [vllm-0-1] phase=Running ready=false
2026-02-07T18:22:28.2622134Z Follower [vllm-0-1] not Ready yet...
2026-02-07T18:22:28.3807846Z Leader [vllm-0] phase=Running ready=false
2026-02-07T18:22:28.3808301Z Leader not Ready yet...
2026-02-07T18:22:30.5077112Z Follower [vllm-0-1] phase=Running ready=false
2026-02-07T18:22:30.5077774Z Follower [vllm-0-1] not Ready yet...
2026-02-07T18:22:30.6295612Z Leader [vllm-0] phase=Running ready=false
2026-02-07T18:22:30.6295939Z Leader not Ready yet...
2026-02-07T18:22:32.7543977Z Follower [vllm-0-1] phase=Running ready=false
2026-02-07T18:22:32.7544326Z Follower [vllm-0-1] not Ready yet...
2026-02-07T18:22:32.8795089Z Leader [vllm-0] phase=Running ready=false
2026-02-07T18:22:32.8795442Z Leader not Ready yet...
2026-02-07T18:22:34.9987872Z Follower [vllm-0-1] phase=Running ready=false
2026-02-07T18:22:34.9988254Z Follower [vllm-0-1] not Ready yet...
2026-02-07T18:22:35.1109363Z Leader [vllm-0] phase=Running ready=false
2026-02-07T18:22:35.1109667Z Leader not Ready yet...
2026-02-07T18:22:37.2235474Z Follower [vllm-0-1] phase=Running ready=false
2026-02-07T18:22:37.2235806Z Follower [vllm-0-1] not Ready yet...
2026-02-07T18:22:37.3324912Z Leader [vllm-0] phase=Running ready=false
2026-02-07T18:22:37.3325344Z Leader not Ready yet...
2026-02-07T18:22:39.4518339Z Follower [vllm-0-1] phase=Running ready=false
2026-02-07T18:22:39.4518780Z Follower [vllm-0-1] not Ready yet...
2026-02-07T18:22:39.5807133Z Leader [vllm-0] phase=Running ready=false
2026-02-07T18:22:39.5807479Z Leader not Ready yet...
2026-02-07T18:22:41.6982428Z Follower [vllm-0-1] phase=Running ready=false
2026-02-07T18:22:41.6982814Z Follower [vllm-0-1] not Ready yet...
2026-02-07T18:22:41.8211212Z Leader [vllm-0] phase=Running ready=false
2026-02-07T18:22:41.8211653Z Leader not Ready yet...
2026-02-07T18:22:43.9519668Z Follower [vllm-0-1] phase=Running ready=false
2026-02-07T18:22:43.9520125Z Follower [vllm-0-1] not Ready yet...
2026-02-07T18:22:44.0773715Z Leader [vllm-0] phase=Running ready=false
2026-02-07T18:22:44.0774028Z Leader not Ready yet...
2026-02-07T18:22:46.1983020Z Follower [vllm-0-1] phase=Running ready=false
2026-02-07T18:22:46.1983380Z Follower [vllm-0-1] not Ready yet...
2026-02-07T18:22:46.3128311Z Leader [vllm-0] phase=Running ready=false
2026-02-07T18:22:46.3128653Z Leader not Ready yet...
2026-02-07T18:22:48.4336427Z Follower [vllm-0-1] phase=Running ready=false
2026-02-07T18:22:48.4337239Z Follower [vllm-0-1] not Ready yet...
2026-02-07T18:22:48.5470975Z Leader [vllm-0] phase=Running ready=false
2026-02-07T18:22:48.5471294Z Leader not Ready yet...
2026-02-07T18:22:50.6624210Z Follower [vllm-0-1] phase=Running ready=false
2026-02-07T18:22:50.6624570Z Follower [vllm-0-1] not Ready yet...
2026-02-07T18:22:50.7801105Z Leader [vllm-0] phase=Running ready=false
2026-02-07T18:22:50.7801446Z Leader not Ready yet...
2026-02-07T18:22:52.8971840Z Follower [vllm-0-1] phase=Running ready=false
2026-02-07T18:22:52.8972480Z Follower [vllm-0-1] not Ready yet...
2026-02-07T18:22:53.0086439Z Leader [vllm-0] phase=Running ready=false
2026-02-07T18:22:53.0086845Z Leader not Ready yet...
2026-02-07T18:22:55.1293587Z Follower [vllm-0-1] phase=Running ready=false
2026-02-07T18:22:55.1294007Z Follower [vllm-0-1] not Ready yet...
2026-02-07T18:22:55.2525985Z Leader [vllm-0] phase=Running ready=false
2026-02-07T18:22:55.2526325Z Leader not Ready yet...
2026-02-07T18:22:57.3702139Z Follower [vllm-0-1] phase=Running ready=false
2026-02-07T18:22:57.3702500Z Follower [vllm-0-1] not Ready yet...
2026-02-07T18:22:57.4852566Z Leader [vllm-0] phase=Running ready=false
2026-02-07T18:22:57.4853048Z Leader not Ready yet...
2026-02-07T18:22:59.6054720Z Follower [vllm-0-1] phase=Running ready=false
2026-02-07T18:22:59.6055207Z Follower [vllm-0-1] not Ready yet...
2026-02-07T18:22:59.7239593Z Leader [vllm-0] phase=Running ready=false
2026-02-07T18:22:59.7239936Z Leader not Ready yet...
2026-02-07T18:23:01.8520087Z Follower [vllm-0-1] phase=Running ready=false
2026-02-07T18:23:01.8520448Z Follower [vllm-0-1] not Ready yet...
2026-02-07T18:23:01.9728894Z Leader [vllm-0] phase=Running ready=false
2026-02-07T18:23:01.9729314Z Leader not Ready yet...
2026-02-07T18:23:04.0914138Z Follower [vllm-0-1] phase=Running ready=false
2026-02-07T18:23:04.0914574Z Follower [vllm-0-1] not Ready yet...
2026-02-07T18:23:04.2224009Z Leader [vllm-0] phase=Running ready=false
2026-02-07T18:23:04.2224410Z Leader not Ready yet...
2026-02-07T18:23:06.3400372Z Follower [vllm-0-1] phase=Running ready=false
2026-02-07T18:23:06.3400838Z Follower [vllm-0-1] not Ready yet...
2026-02-07T18:23:06.4526827Z Leader [vllm-0] phase=Running ready=false
2026-02-07T18:23:06.4527188Z Leader not Ready yet...
2026-02-07T18:23:08.5756394Z Follower [vllm-0-1] phase=Running ready=false
2026-02-07T18:23:08.5756710Z Follower [vllm-0-1] not Ready yet...
2026-02-07T18:23:08.6968288Z Leader [vllm-0] phase=Running ready=false
2026-02-07T18:23:08.6968563Z Leader not Ready yet...
2026-02-07T18:23:10.8213103Z Follower [vllm-0-1] phase=Running ready=false
2026-02-07T18:23:10.8213590Z Follower [vllm-0-1] not Ready yet...
2026-02-07T18:23:10.9407952Z Leader [vllm-0] phase=Running ready=false
2026-02-07T18:23:10.9408255Z Leader not Ready yet...
2026-02-07T18:23:13.0617740Z Follower [vllm-0-1] phase=Running ready=false
2026-02-07T18:23:13.0618082Z Follower [vllm-0-1] not Ready yet...
2026-02-07T18:23:13.1832493Z Leader [vllm-0] phase=Running ready=false
2026-02-07T18:23:13.1832816Z Leader not Ready yet...
2026-02-07T18:23:15.3131599Z Follower [vllm-0-1] phase=Running ready=false
2026-02-07T18:23:15.3131941Z Follower [vllm-0-1] not Ready yet...
2026-02-07T18:23:15.4404975Z Leader [vllm-0] phase=Running ready=false
2026-02-07T18:23:15.4405382Z Leader not Ready yet...
2026-02-07T18:23:17.5622719Z Follower [vllm-0-1] phase=Running ready=false
2026-02-07T18:23:17.5623086Z Follower [vllm-0-1] not Ready yet...
2026-02-07T18:23:17.6830868Z Leader [vllm-0] phase=Running ready=false
2026-02-07T18:23:17.6831250Z Leader not Ready yet...
2026-02-07T18:23:19.7995636Z Follower [vllm-0-1] phase=Running ready=false
2026-02-07T18:23:19.7996052Z Follower [vllm-0-1] not Ready yet...
2026-02-07T18:23:19.9118546Z Leader [vllm-0] phase=Running ready=false
2026-02-07T18:23:19.9118828Z Leader not Ready yet...
2026-02-07T18:23:22.0381205Z Follower [vllm-0-1] phase=Running ready=false
2026-02-07T18:23:22.0381578Z Follower [vllm-0-1] not Ready yet...
2026-02-07T18:23:22.1626358Z Leader [vllm-0] phase=Running ready=false
2026-02-07T18:23:22.1626880Z Leader not Ready yet...
2026-02-07T18:23:24.2821670Z Follower [vllm-0-1] phase=Running ready=false
2026-02-07T18:23:24.2822175Z Follower [vllm-0-1] not Ready yet...
2026-02-07T18:23:24.4017073Z Leader [vllm-0] phase=Running ready=false
2026-02-07T18:23:24.4017434Z Leader not Ready yet...
2026-02-07T18:23:26.5314619Z Follower [vllm-0-1] phase=Running ready=false
2026-02-07T18:23:26.5314923Z Follower [vllm-0-1] not Ready yet...
2026-02-07T18:23:26.6556847Z Leader [vllm-0] phase=Running ready=false
2026-02-07T18:23:26.6557149Z Leader not Ready yet...
2026-02-07T18:23:28.7791671Z Follower [vllm-0-1] phase=Running ready=false
2026-02-07T18:23:28.7792099Z Follower [vllm-0-1] not Ready yet...
2026-02-07T18:23:28.8956470Z Leader [vllm-0] phase=Running ready=false
2026-02-07T18:23:28.8956792Z Leader not Ready yet...
2026-02-07T18:23:31.0100939Z Follower [vllm-0-1] phase=Running ready=false
2026-02-07T18:23:31.0101393Z Follower [vllm-0-1] not Ready yet...
2026-02-07T18:23:31.1270331Z Leader [vllm-0] phase=Running ready=false
2026-02-07T18:23:31.1270738Z Leader not Ready yet...
2026-02-07T18:23:33.2451334Z Follower [vllm-0-1] phase=Running ready=false
2026-02-07T18:23:33.2451722Z Follower [vllm-0-1] not Ready yet...
2026-02-07T18:23:33.3590076Z Leader [vllm-0] phase=Running ready=false
2026-02-07T18:23:33.3590398Z Leader not Ready yet...
2026-02-07T18:23:35.4766126Z Follower [vllm-0-1] phase=Running ready=false
2026-02-07T18:23:35.4766465Z Follower [vllm-0-1] not Ready yet...
2026-02-07T18:23:35.5986545Z Leader [vllm-0] phase=Running ready=false
2026-02-07T18:23:35.5986853Z Leader not Ready yet...
2026-02-07T18:23:37.7381788Z Follower [vllm-0-1] phase=Running ready=false
2026-02-07T18:23:37.7382270Z Follower [vllm-0-1] not Ready yet...
2026-02-07T18:23:37.8539397Z Leader [vllm-0] phase=Running ready=false
2026-02-07T18:23:37.8539742Z Leader not Ready yet...
2026-02-07T18:23:39.9827656Z Follower [vllm-0-1] phase=Running ready=false
2026-02-07T18:23:39.9828051Z Follower [vllm-0-1] not Ready yet...
2026-02-07T18:23:40.1020151Z Leader [vllm-0] phase=Running ready=false
2026-02-07T18:23:40.1020439Z Leader not Ready yet...
2026-02-07T18:23:42.2277896Z Follower [vllm-0-1] phase=Running ready=false
2026-02-07T18:23:42.2278231Z Follower [vllm-0-1] not Ready yet...
2026-02-07T18:23:42.3426758Z Leader [vllm-0] phase=Running ready=false
2026-02-07T18:23:42.3427128Z Leader not Ready yet...
2026-02-07T18:23:44.4755143Z Follower [vllm-0-1] phase=Running ready=false
2026-02-07T18:23:44.4755495Z Follower [vllm-0-1] not Ready yet...
2026-02-07T18:23:44.5894188Z Leader [vllm-0] phase=Running ready=false
2026-02-07T18:23:44.5894453Z Leader not Ready yet...
2026-02-07T18:23:46.7055692Z Follower [vllm-0-1] phase=Running ready=false
2026-02-07T18:23:46.7056040Z Follower [vllm-0-1] not Ready yet...
2026-02-07T18:23:46.8255703Z Leader [vllm-0] phase=Running ready=false
2026-02-07T18:23:46.8256118Z Leader not Ready yet...
2026-02-07T18:23:48.9656873Z Follower [vllm-0-1] phase=Running ready=false
2026-02-07T18:23:48.9657295Z Follower [vllm-0-1] not Ready yet...
2026-02-07T18:23:49.1239642Z Leader [vllm-0] phase=Running ready=false
2026-02-07T18:23:49.1240007Z Leader not Ready yet...
2026-02-07T18:23:51.2412458Z Follower [vllm-0-1] phase=Running ready=false
2026-02-07T18:23:51.2412761Z Follower [vllm-0-1] not Ready yet...
2026-02-07T18:23:51.3602100Z Leader [vllm-0] phase=Running ready=false
2026-02-07T18:23:51.3602552Z Leader not Ready yet...
2026-02-07T18:23:53.4797298Z Follower [vllm-0-1] phase=Running ready=false
2026-02-07T18:23:53.4797618Z Follower [vllm-0-1] not Ready yet...
2026-02-07T18:23:53.5999009Z Leader [vllm-0] phase=Running ready=false
2026-02-07T18:23:53.5999490Z Leader not Ready yet...
2026-02-07T18:23:55.7174963Z Follower [vllm-0-1] phase=Running ready=false
2026-02-07T18:23:55.7175366Z Follower [vllm-0-1] not Ready yet...
2026-02-07T18:23:55.8286118Z Leader [vllm-0] phase=Running ready=false
2026-02-07T18:23:55.8286444Z Leader not Ready yet...
2026-02-07T18:23:57.9433541Z Follower [vllm-0-1] phase=Running ready=false
2026-02-07T18:23:57.9434265Z Follower [vllm-0-1] not Ready yet...
2026-02-07T18:23:58.0689499Z Leader [vllm-0] phase=Running ready=false
2026-02-07T18:23:58.0690117Z Leader not Ready yet...
2026-02-07T18:24:00.2197521Z Follower [vllm-0-1] phase=Running ready=false
2026-02-07T18:24:00.2197901Z Follower [vllm-0-1] not Ready yet...
2026-02-07T18:24:00.3508110Z Leader [vllm-0] phase=Running ready=false
2026-02-07T18:24:00.3508568Z Leader not Ready yet...
2026-02-07T18:24:02.4681245Z Follower [vllm-0-1] phase=Running ready=false
2026-02-07T18:24:02.4681569Z Follower [vllm-0-1] not Ready yet...
2026-02-07T18:24:02.5900530Z Leader [vllm-0] phase=Running ready=false
2026-02-07T18:24:02.5900900Z Leader not Ready yet...
2026-02-07T18:24:04.7120500Z Follower [vllm-0-1] phase=Running ready=false
2026-02-07T18:24:04.7120882Z Follower [vllm-0-1] not Ready yet...
2026-02-07T18:24:04.8271770Z Leader [vllm-0] phase=Running ready=false
2026-02-07T18:24:04.8272229Z Leader not Ready yet...
2026-02-07T18:24:06.9541031Z Follower [vllm-0-1] phase=Running ready=false
2026-02-07T18:24:06.9541434Z Follower [vllm-0-1] not Ready yet...
2026-02-07T18:24:07.0773977Z Leader [vllm-0] phase=Running ready=false
2026-02-07T18:24:07.0774288Z Leader not Ready yet...
2026-02-07T18:24:09.2027576Z Follower [vllm-0-1] phase=Running ready=false
2026-02-07T18:24:09.2027951Z Follower [vllm-0-1] not Ready yet...
2026-02-07T18:24:09.3179440Z Leader [vllm-0] phase=Running ready=false
2026-02-07T18:24:09.3179752Z Leader not Ready yet...
2026-02-07T18:24:11.4401105Z Follower [vllm-0-1] phase=Running ready=false
2026-02-07T18:24:11.4401489Z Follower [vllm-0-1] not Ready yet...
2026-02-07T18:24:11.5530290Z Leader [vllm-0] phase=Running ready=false
2026-02-07T18:24:11.5530677Z Leader not Ready yet...
2026-02-07T18:24:13.6639302Z Follower [vllm-0-1] phase=Running ready=false
2026-02-07T18:24:13.6639669Z Follower [vllm-0-1] not Ready yet...
2026-02-07T18:24:13.7796109Z Leader [vllm-0] phase=Running ready=false
2026-02-07T18:24:15.8997469Z Leader not Ready yet...
2026-02-07T18:24:15.8997872Z Follower [vllm-0-1] phase=Running ready=false
2026-02-07T18:24:15.8998224Z Follower [vllm-0-1] not Ready yet...
2026-02-07T18:24:16.0323161Z Leader [vllm-0] phase=Running ready=false
2026-02-07T18:24:16.0323518Z Leader not Ready yet...
2026-02-07T18:24:18.1506715Z Follower [vllm-0-1] phase=Running ready=false
2026-02-07T18:24:18.1507169Z Follower [vllm-0-1] not Ready yet...
2026-02-07T18:24:18.2750507Z Leader [vllm-0] phase=Running ready=false
2026-02-07T18:24:18.2750838Z Leader not Ready yet...
2026-02-07T18:24:20.4053048Z Follower [vllm-0-1] phase=Running ready=false
2026-02-07T18:24:20.4053496Z Follower [vllm-0-1] not Ready yet...
2026-02-07T18:24:20.5225648Z Leader [vllm-0] phase=Running ready=false
2026-02-07T18:24:20.5225954Z Leader not Ready yet...
2026-02-07T18:24:22.6331699Z Follower [vllm-0-1] phase=Running ready=false
2026-02-07T18:24:22.6332230Z Follower [vllm-0-1] not Ready yet...
2026-02-07T18:24:22.7490989Z Leader [vllm-0] phase=Running ready=false
2026-02-07T18:24:22.7491306Z Leader not Ready yet...
2026-02-07T18:24:24.8698332Z Follower [vllm-0-1] phase=Running ready=false
2026-02-07T18:24:24.8698650Z Follower [vllm-0-1] not Ready yet...
2026-02-07T18:24:24.9908347Z Leader [vllm-0] phase=Running ready=false
2026-02-07T18:24:24.9908721Z Leader not Ready yet...
2026-02-07T18:24:27.1149551Z Follower [vllm-0-1] phase=Running ready=false
2026-02-07T18:24:27.1149879Z Follower [vllm-0-1] not Ready yet...
2026-02-07T18:24:27.2256101Z Leader [vllm-0] phase=Running ready=false
2026-02-07T18:24:27.2256486Z Leader not Ready yet...
2026-02-07T18:24:29.3491503Z Follower [vllm-0-1] phase=Running ready=false
2026-02-07T18:24:29.3491907Z Follower [vllm-0-1] not Ready yet...
2026-02-07T18:24:29.4671179Z Leader [vllm-0] phase=Running ready=false
2026-02-07T18:24:29.4671486Z Leader not Ready yet...
2026-02-07T18:24:31.5875892Z Follower [vllm-0-1] phase=Running ready=false
2026-02-07T18:24:31.5876250Z Follower [vllm-0-1] not Ready yet...
2026-02-07T18:24:31.7057772Z Leader [vllm-0] phase=Running ready=false
2026-02-07T18:24:31.7058329Z Leader not Ready yet...
2026-02-07T18:24:33.8367556Z Follower [vllm-0-1] phase=Running ready=false
2026-02-07T18:24:33.8367933Z Follower [vllm-0-1] not Ready yet...
2026-02-07T18:24:33.9520906Z Leader [vllm-0] phase=Running ready=false
2026-02-07T18:24:33.9521255Z Leader not Ready yet...
2026-02-07T18:24:36.0759126Z Follower [vllm-0-1] phase=Running ready=false
2026-02-07T18:24:36.0759449Z Follower [vllm-0-1] not Ready yet...
2026-02-07T18:24:36.1889083Z Leader [vllm-0] phase=Running ready=false
2026-02-07T18:24:36.1889349Z Leader not Ready yet...
2026-02-07T18:24:38.3088426Z Follower [vllm-0-1] phase=Running ready=false
2026-02-07T18:24:38.3088769Z Follower [vllm-0-1] not Ready yet...
2026-02-07T18:24:38.4229165Z Leader [vllm-0] phase=Running ready=false
2026-02-07T18:24:38.4229441Z Leader not Ready yet...
2026-02-07T18:24:40.5496102Z Follower [vllm-0-1] phase=Running ready=false
2026-02-07T18:24:40.5496557Z Follower [vllm-0-1] not Ready yet...
2026-02-07T18:24:40.6630694Z Leader [vllm-0] phase=Running ready=false
2026-02-07T18:24:40.6631059Z Leader not Ready yet...
2026-02-07T18:24:42.8544171Z Follower [vllm-0-1] phase=Running ready=false
2026-02-07T18:24:42.8544522Z Follower [vllm-0-1] not Ready yet...
2026-02-07T18:24:42.9734789Z Leader [vllm-0] phase=Running ready=false
2026-02-07T18:24:42.9735107Z Leader not Ready yet...
2026-02-07T18:24:45.0935838Z Follower [vllm-0-1] phase=Running ready=false
2026-02-07T18:24:45.0936202Z Follower [vllm-0-1] not Ready yet...
2026-02-07T18:24:45.2286647Z Leader [vllm-0] phase=Running ready=false
2026-02-07T18:24:45.2286984Z Leader not Ready yet...
2026-02-07T18:24:47.3499086Z Follower [vllm-0-1] phase=Running ready=false
2026-02-07T18:24:47.3499445Z Follower [vllm-0-1] not Ready yet...
2026-02-07T18:24:47.4660133Z Leader [vllm-0] phase=Running ready=false
2026-02-07T18:24:47.4661924Z Leader not Ready yet...
2026-02-07T18:24:49.5872678Z Follower [vllm-0-1] phase=Running ready=false
2026-02-07T18:24:49.5873038Z Follower [vllm-0-1] not Ready yet...
2026-02-07T18:24:49.7034038Z Leader [vllm-0] phase=Running ready=false
2026-02-07T18:24:49.7034457Z Leader not Ready yet...
2026-02-07T18:24:51.8171077Z Follower [vllm-0-1] phase=Running ready=false
2026-02-07T18:24:51.8171429Z Follower [vllm-0-1] not Ready yet...
2026-02-07T18:24:51.9311177Z Leader [vllm-0] phase=Running ready=false
2026-02-07T18:24:51.9311523Z Leader not Ready yet...
2026-02-07T18:24:54.0444504Z Follower [vllm-0-1] phase=Running ready=false
2026-02-07T18:24:54.0444832Z Follower [vllm-0-1] not Ready yet...
2026-02-07T18:24:54.1619738Z Leader [vllm-0] phase=Running ready=false
2026-02-07T18:24:54.1620035Z Leader not Ready yet...
2026-02-07T18:24:56.2780629Z Follower [vllm-0-1] phase=Running ready=false
2026-02-07T18:24:56.2780982Z Follower [vllm-0-1] not Ready yet...
2026-02-07T18:24:56.3921318Z Leader [vllm-0] phase=Running ready=false
2026-02-07T18:24:56.3921664Z Leader not Ready yet...
2026-02-07T18:24:58.5035481Z Follower [vllm-0-1] phase=Running ready=false
2026-02-07T18:24:58.5035887Z Follower [vllm-0-1] not Ready yet...
2026-02-07T18:24:58.6148488Z Leader [vllm-0] phase=Running ready=false
2026-02-07T18:24:58.6148828Z Leader not Ready yet...
2026-02-07T18:25:00.7318731Z Follower [vllm-0-1] phase=Running ready=false
2026-02-07T18:25:00.7319110Z Follower [vllm-0-1] not Ready yet...
2026-02-07T18:25:00.8700630Z Leader [vllm-0] phase=Running ready=false
2026-02-07T18:25:00.8701092Z Leader not Ready yet...
2026-02-07T18:25:03.2383890Z Follower [vllm-0-1] phase=Running ready=false
2026-02-07T18:25:03.2384205Z Follower [vllm-0-1] not Ready yet...
2026-02-07T18:25:03.3593280Z Leader [vllm-0] phase=Running ready=false
2026-02-07T18:25:03.3593675Z Leader not Ready yet...
2026-02-07T18:25:05.4844044Z Follower [vllm-0-1] phase=Running ready=false
2026-02-07T18:25:05.4844391Z Follower [vllm-0-1] not Ready yet...
2026-02-07T18:25:05.6054490Z Leader [vllm-0] phase=Running ready=false
2026-02-07T18:25:05.6054838Z Leader not Ready yet...
2026-02-07T18:25:07.7305360Z Follower [vllm-0-1] phase=Running ready=false
2026-02-07T18:25:07.7305713Z Follower [vllm-0-1] not Ready yet...
2026-02-07T18:25:07.8700804Z Leader [vllm-0] phase=Running ready=false
2026-02-07T18:25:07.8701179Z Leader not Ready yet...
2026-02-07T18:25:09.9902173Z Follower [vllm-0-1] phase=Running ready=false
2026-02-07T18:25:09.9902484Z Follower [vllm-0-1] not Ready yet...
2026-02-07T18:25:10.1135658Z Leader [vllm-0] phase=Running ready=false
2026-02-07T18:25:10.1135989Z Leader not Ready yet...
2026-02-07T18:25:12.2368939Z Follower [vllm-0-1] phase=Running ready=false
2026-02-07T18:25:12.2369955Z Follower [vllm-0-1] not Ready yet...
2026-02-07T18:25:12.3555228Z Leader [vllm-0] phase=Running ready=false
2026-02-07T18:25:12.3555536Z Leader not Ready yet...
2026-02-07T18:25:14.4876390Z Follower [vllm-0-1] phase=Running ready=false
2026-02-07T18:25:14.4876728Z Follower [vllm-0-1] not Ready yet...
2026-02-07T18:25:14.6031081Z Leader [vllm-0] phase=Running ready=false
2026-02-07T18:25:14.6031413Z Leader not Ready yet...
2026-02-07T18:25:16.7215070Z Follower [vllm-0-1] phase=Running ready=false
2026-02-07T18:25:16.7215469Z Follower [vllm-0-1] not Ready yet...
2026-02-07T18:25:16.8426895Z Leader [vllm-0] phase=Running ready=false
2026-02-07T18:25:16.8427301Z Leader not Ready yet...
2026-02-07T18:25:18.9620441Z Follower [vllm-0-1] phase=Running ready=false
2026-02-07T18:25:18.9620844Z Follower [vllm-0-1] not Ready yet...
2026-02-07T18:25:19.0765319Z Leader [vllm-0] phase=Running ready=false
2026-02-07T18:25:19.0765588Z Leader not Ready yet...
2026-02-07T18:25:21.2135721Z Follower [vllm-0-1] phase=Running ready=false
2026-02-07T18:25:21.2136072Z Follower [vllm-0-1] not Ready yet...
2026-02-07T18:25:21.3486092Z Leader [vllm-0] phase=Running ready=false
2026-02-07T18:25:21.3486525Z Leader not Ready yet...
2026-02-07T18:25:23.4726774Z Follower [vllm-0-1] phase=Running ready=false
2026-02-07T18:25:23.4727262Z Follower [vllm-0-1] not Ready yet...
2026-02-07T18:25:23.5911557Z Leader [vllm-0] phase=Running ready=false
2026-02-07T18:25:23.5911877Z Leader not Ready yet...
2026-02-07T18:25:25.7080867Z Follower [vllm-0-1] phase=Running ready=false
2026-02-07T18:25:25.7081209Z Follower [vllm-0-1] not Ready yet...
2026-02-07T18:25:25.8324551Z Leader [vllm-0] phase=Running ready=false
2026-02-07T18:25:25.8324840Z Leader not Ready yet...
2026-02-07T18:25:27.9538999Z Follower [vllm-0-1] phase=Running ready=false
2026-02-07T18:25:27.9539383Z Follower [vllm-0-1] not Ready yet...
2026-02-07T18:25:28.0683635Z Leader [vllm-0] phase=Running ready=false
2026-02-07T18:25:28.0684047Z Leader not Ready yet...
2026-02-07T18:25:30.1951319Z Follower [vllm-0-1] phase=Running ready=false
2026-02-07T18:25:30.1951636Z Follower [vllm-0-1] not Ready yet...
2026-02-07T18:25:30.3347952Z Leader [vllm-0] phase=Running ready=false
2026-02-07T18:25:30.3348284Z Leader not Ready yet...
2026-02-07T18:25:32.4548486Z Follower [vllm-0-1] phase=Running ready=false
2026-02-07T18:25:32.4548877Z Follower [vllm-0-1] not Ready yet...
2026-02-07T18:25:32.5690047Z Leader [vllm-0] phase=Running ready=false
2026-02-07T18:25:32.5690447Z Leader not Ready yet...
2026-02-07T18:25:34.6888016Z Follower [vllm-0-1] phase=Running ready=false
2026-02-07T18:25:34.6888581Z Follower [vllm-0-1] not Ready yet...
2026-02-07T18:25:34.8254023Z Leader [vllm-0] phase=Running ready=false
2026-02-07T18:25:34.8254395Z Leader not Ready yet...
2026-02-07T18:25:36.9411503Z Follower [vllm-0-1] phase=Running ready=false
2026-02-07T18:25:36.9411881Z Follower [vllm-0-1] not Ready yet...
2026-02-07T18:25:37.0594024Z Leader [vllm-0] phase=Running ready=false
2026-02-07T18:25:37.0594352Z Leader not Ready yet...
2026-02-07T18:25:39.1706644Z Follower [vllm-0-1] phase=Running ready=false
2026-02-07T18:25:39.1707023Z Follower [vllm-0-1] not Ready yet...
2026-02-07T18:25:39.2826358Z Leader [vllm-0] phase=Running ready=false
2026-02-07T18:25:39.2826657Z Leader not Ready yet...
2026-02-07T18:25:41.4005196Z Follower [vllm-0-1] phase=Running ready=false
2026-02-07T18:25:41.4005575Z Follower [vllm-0-1] not Ready yet...
2026-02-07T18:25:41.5117596Z Leader [vllm-0] phase=Running ready=false
2026-02-07T18:25:41.5117978Z Leader not Ready yet...
2026-02-07T18:25:43.6317610Z Follower [vllm-0-1] phase=Running ready=false
2026-02-07T18:25:43.6317996Z Follower [vllm-0-1] not Ready yet...
2026-02-07T18:25:43.7622450Z Leader [vllm-0] phase=Running ready=false
2026-02-07T18:25:43.7623036Z Leader not Ready yet...
2026-02-07T18:25:45.8784239Z Follower [vllm-0-1] phase=Running ready=false
2026-02-07T18:25:45.8784741Z Follower [vllm-0-1] not Ready yet...
2026-02-07T18:25:45.9894524Z Leader [vllm-0] phase=Running ready=false
2026-02-07T18:25:45.9894869Z Leader not Ready yet...
2026-02-07T18:25:48.1191375Z Follower [vllm-0-1] phase=Running ready=false
2026-02-07T18:25:48.1191736Z Follower [vllm-0-1] not Ready yet...
2026-02-07T18:25:48.2319111Z Leader [vllm-0] phase=Running ready=false
2026-02-07T18:25:48.2319426Z Leader not Ready yet...
2026-02-07T18:25:50.3592303Z Follower [vllm-0-1] phase=Running ready=false
2026-02-07T18:25:50.3592689Z Follower [vllm-0-1] not Ready yet...
2026-02-07T18:25:50.4690113Z Leader [vllm-0] phase=Running ready=false
2026-02-07T18:25:50.4690574Z Leader not Ready yet...
2026-02-07T18:25:52.5828725Z Follower [vllm-0-1] phase=Running ready=false
2026-02-07T18:25:52.5829194Z Follower [vllm-0-1] not Ready yet...
2026-02-07T18:25:52.6926673Z Leader [vllm-0] phase=Running ready=false
2026-02-07T18:25:52.6927095Z Leader not Ready yet...
2026-02-07T18:25:54.8160513Z Follower [vllm-0-1] phase=Running ready=false
2026-02-07T18:25:54.8160972Z Follower [vllm-0-1] not Ready yet...
2026-02-07T18:25:54.9278549Z Leader [vllm-0] phase=Running ready=false
2026-02-07T18:25:54.9278966Z Leader not Ready yet...
2026-02-07T18:25:57.0503340Z Follower [vllm-0-1] phase=Running ready=false
2026-02-07T18:25:57.0503719Z Follower [vllm-0-1] not Ready yet...
2026-02-07T18:25:57.1650365Z Leader [vllm-0] phase=Running ready=false
2026-02-07T18:25:57.1651133Z Leader not Ready yet...
2026-02-07T18:25:59.2869396Z Follower [vllm-0-1] phase=Running ready=false
2026-02-07T18:25:59.2869823Z Follower [vllm-0-1] not Ready yet...
2026-02-07T18:25:59.3955170Z Leader [vllm-0] phase=Running ready=false
2026-02-07T18:25:59.3955521Z Leader not Ready yet...
2026-02-07T18:26:01.5101036Z Follower [vllm-0-1] phase=Running ready=false
2026-02-07T18:26:01.5101398Z Follower [vllm-0-1] not Ready yet...
2026-02-07T18:26:01.6297388Z Leader [vllm-0] phase=Running ready=false
2026-02-07T18:26:01.6297876Z Leader not Ready yet...
2026-02-07T18:26:03.7521655Z Follower [vllm-0-1] phase=Running ready=false
2026-02-07T18:26:03.7522076Z Follower [vllm-0-1] not Ready yet...
2026-02-07T18:26:03.8652682Z Leader [vllm-0] phase=Running ready=false
2026-02-07T18:26:03.8653165Z Leader not Ready yet...
2026-02-07T18:26:05.9901087Z Follower [vllm-0-1] phase=Running ready=false
2026-02-07T18:26:05.9901447Z Follower [vllm-0-1] not Ready yet...
2026-02-07T18:26:06.1054238Z Leader [vllm-0] phase=Running ready=false
2026-02-07T18:26:06.1054572Z Leader not Ready yet...
2026-02-07T18:26:08.2236240Z Follower [vllm-0-1] phase=Running ready=false
2026-02-07T18:26:08.2236609Z Follower [vllm-0-1] not Ready yet...
2026-02-07T18:26:08.3382435Z Leader [vllm-0] phase=Running ready=false
2026-02-07T18:26:08.3382844Z Leader not Ready yet...
2026-02-07T18:26:10.4606210Z Follower [vllm-0-1] phase=Running ready=false
2026-02-07T18:26:10.4606532Z Follower [vllm-0-1] not Ready yet...
2026-02-07T18:26:10.5948230Z Leader [vllm-0] phase=Running ready=false
2026-02-07T18:26:10.5948588Z Leader not Ready yet...
2026-02-07T18:26:12.7186734Z Follower [vllm-0-1] phase=Running ready=false
2026-02-07T18:26:12.7187117Z Follower [vllm-0-1] not Ready yet...
2026-02-07T18:26:12.8351398Z Leader [vllm-0] phase=Running ready=false
2026-02-07T18:26:12.8351891Z Leader not Ready yet...
2026-02-07T18:26:14.9580166Z Follower [vllm-0-1] phase=Running ready=false
2026-02-07T18:26:14.9580614Z Follower [vllm-0-1] not Ready yet...
2026-02-07T18:26:15.0814849Z Leader [vllm-0] phase=Running ready=false
2026-02-07T18:26:15.0815185Z Leader not Ready yet...
2026-02-07T18:26:17.2014541Z Follower [vllm-0-1] phase=Running ready=false
2026-02-07T18:26:17.2014952Z Follower [vllm-0-1] not Ready yet...
2026-02-07T18:26:17.3144485Z Leader [vllm-0] phase=Running ready=false
2026-02-07T18:26:17.3144807Z Leader not Ready yet...
2026-02-07T18:26:19.4359502Z Follower [vllm-0-1] phase=Running ready=false
2026-02-07T18:26:19.4359833Z Follower [vllm-0-1] not Ready yet...
2026-02-07T18:26:19.5487768Z Leader [vllm-0] phase=Running ready=false
2026-02-07T18:26:19.5488161Z Leader not Ready yet...
2026-02-07T18:26:21.6665799Z Follower [vllm-0-1] phase=Running ready=false
2026-02-07T18:26:21.6666191Z Follower [vllm-0-1] not Ready yet...
2026-02-07T18:26:21.7786692Z Leader [vllm-0] phase=Running ready=false
2026-02-07T18:26:21.7787017Z Leader not Ready yet...
2026-02-07T18:26:23.8927571Z Follower [vllm-0-1] phase=Running ready=false
2026-02-07T18:26:23.8927900Z Follower [vllm-0-1] not Ready yet...
2026-02-07T18:26:24.0125067Z Leader [vllm-0] phase=Running ready=false
2026-02-07T18:26:24.0125466Z Leader not Ready yet...
2026-02-07T18:26:26.1428774Z Follower [vllm-0-1] phase=Running ready=false
2026-02-07T18:26:26.1429302Z Follower [vllm-0-1] not Ready yet...
2026-02-07T18:26:26.2602689Z Leader [vllm-0] phase=Running ready=false
2026-02-07T18:26:26.2603125Z Leader not Ready yet...
2026-02-07T18:26:28.3744924Z Follower [vllm-0-1] phase=Running ready=false
2026-02-07T18:26:28.3745424Z Follower [vllm-0-1] not Ready yet...
2026-02-07T18:26:28.4846229Z Leader [vllm-0] phase=Running ready=false
2026-02-07T18:26:28.4846577Z Leader not Ready yet...
2026-02-07T18:26:30.6017054Z Follower [vllm-0-1] phase=Running ready=false
2026-02-07T18:26:30.6017385Z Follower [vllm-0-1] not Ready yet...
2026-02-07T18:26:30.7361493Z Leader [vllm-0] phase=Running ready=false
2026-02-07T18:26:30.7361852Z Leader not Ready yet...
2026-02-07T18:26:32.8569481Z Follower [vllm-0-1] phase=Running ready=false
2026-02-07T18:26:32.8570502Z Follower [vllm-0-1] not Ready yet...
2026-02-07T18:26:32.9778319Z Leader [vllm-0] phase=Running ready=false
2026-02-07T18:26:32.9778672Z Leader not Ready yet...
2026-02-07T18:26:35.1130313Z Follower [vllm-0-1] phase=Running ready=false
2026-02-07T18:26:35.1130809Z Follower [vllm-0-1] not Ready yet...
2026-02-07T18:26:35.2334532Z Leader [vllm-0] phase=Running ready=false
2026-02-07T18:26:35.2334888Z Leader not Ready yet...
2026-02-07T18:26:37.3589366Z Follower [vllm-0-1] phase=Running ready=false
2026-02-07T18:26:37.3589679Z Follower [vllm-0-1] not Ready yet...
2026-02-07T18:26:37.4899658Z Leader [vllm-0] phase=Running ready=false
2026-02-07T18:26:37.4900014Z Leader not Ready yet...
2026-02-07T18:26:39.6092384Z Follower [vllm-0-1] phase=Running ready=false
2026-02-07T18:26:39.6092769Z Follower [vllm-0-1] not Ready yet...
2026-02-07T18:26:39.7375456Z Leader [vllm-0] phase=Running ready=false
2026-02-07T18:26:39.7375791Z Leader not Ready yet...
2026-02-07T18:26:41.8722236Z Follower [vllm-0-1] phase=Running ready=false
2026-02-07T18:26:41.8722773Z Follower [vllm-0-1] not Ready yet...
2026-02-07T18:26:41.9868522Z Leader [vllm-0] phase=Running ready=false
2026-02-07T18:26:41.9868851Z Leader not Ready yet...
2026-02-07T18:26:43.9891129Z Timeout reached after 1200s
2026-02-07T18:26:43.9891519Z Dumping pod status for debugging:
2026-02-07T18:26:44.0472134Z NAME                                             READY   STATUS             RESTARTS        AGE
2026-02-07T18:26:44.0472680Z linux-aarch64-a3-0-wgt9d-runner-flwzp            1/1     Running            0               24m
2026-02-07T18:26:44.0473252Z linux-aarch64-a3-0-wgt9d-runner-flwzp-workflow   1/1     Running            0               24m
2026-02-07T18:26:44.0473689Z vllm-0                                           0/1     CrashLoopBackOff   8 (4m36s ago)   20m
2026-02-07T18:26:44.0474093Z vllm-0-1                                         0/1     CrashLoopBackOff   8 (4m26s ago)   20m
2026-02-07T18:26:44.1457671Z Name:             vllm-0
2026-02-07T18:26:44.1458220Z Namespace:        vllm-project
2026-02-07T18:26:44.1458557Z Priority:         0
2026-02-07T18:26:44.1458799Z Service Account:  default
2026-02-07T18:26:44.1459470Z Node:             172.22.5.165/172.22.5.165
2026-02-07T18:26:44.1459805Z Start Time:       Sat, 07 Feb 2026 18:06:20 +0000
2026-02-07T18:26:44.1460139Z Labels:           apps.kubernetes.io/pod-index=0
2026-02-07T18:26:44.1460443Z                   controller-revision-hash=vllm-5b6dfb7656
2026-02-07T18:26:44.1460795Z                   leaderworkerset.sigs.k8s.io/group-index=0
2026-02-07T18:26:44.1461227Z                   leaderworkerset.sigs.k8s.io/group-key=25e9b5ff19e8f82d5e17dacd84730be69a447a94
2026-02-07T18:26:44.1461671Z                   leaderworkerset.sigs.k8s.io/name=vllm
2026-02-07T18:26:44.1462154Z                   leaderworkerset.sigs.k8s.io/template-revision-hash=bf9955647
2026-02-07T18:26:44.1462559Z                   leaderworkerset.sigs.k8s.io/worker-index=0
2026-02-07T18:26:44.1462833Z                   role=leader
2026-02-07T18:26:44.1463156Z                   statefulset.kubernetes.io/pod-name=vllm-0
2026-02-07T18:26:44.1463540Z Annotations:      cce.kubectl.kubernetes.io/ascend-1980-configuration:
2026-02-07T18:26:44.1464079Z                     {"pod_name":"vllm-0","server_id":"172.22.5.165","devices":[{"device_id":"0","device_ip":"40.130.174.116","super_device_id":"4194304","tor_...
2026-02-07T18:26:44.1464571Z                   huawei.com/AscendReal:
2026-02-07T18:26:44.1465159Z                     Ascend910-14,Ascend910-8,Ascend910-2,Ascend910-7,Ascend910-4,Ascend910-1,Ascend910-6,Ascend910-0,Ascend910-15,Ascend910-5,Ascend910-12,Asc...
2026-02-07T18:26:44.1465722Z                   huawei.com/kltDev:
2026-02-07T18:26:44.1466302Z                     Ascend910-14,Ascend910-8,Ascend910-2,Ascend910-7,Ascend910-4,Ascend910-1,Ascend910-6,Ascend910-0,Ascend910-15,Ascend910-5,Ascend910-12,Asc...
2026-02-07T18:26:44.1466903Z                   leaderworkerset.sigs.k8s.io/size: 2
2026-02-07T18:26:44.1467199Z                   localdns.cce.io/servers: ["169.254.20.10"]
2026-02-07T18:26:44.1467660Z                   node-local-dns-webhook.k8s.io/status: injected
2026-02-07T18:26:44.1467982Z Status:           Running
2026-02-07T18:26:44.1468199Z IP:               10.0.0.55
2026-02-07T18:26:44.1468458Z IPs:
2026-02-07T18:26:44.1468672Z   IP:           10.0.0.55
2026-02-07T18:26:44.1468980Z Controlled By:  StatefulSet/vllm
2026-02-07T18:26:44.1469266Z Containers:
2026-02-07T18:26:44.1469456Z   vllm-leader:
2026-02-07T18:26:44.1469877Z     Container ID:  docker://8d9da157d210a80cc63f96d46c6d9b41be74e8299fa24211fbc823e238dc20d4
2026-02-07T18:26:44.1470530Z     Image:         swr.cn-southwest-2.myhuaweicloud.com/base_image/ascend-ci/vllm-ascend:nightly-a3
2026-02-07T18:26:44.1471295Z     Image ID:      docker-pullable://swr.cn-southwest-2.myhuaweicloud.com/base_image/ascend-ci/vllm-ascend@sha256:de926884a32d9d031a8375815e18ac4b293cc9f02f187d8e8f68204e1b48a672
2026-02-07T18:26:44.1471883Z     Port:          8080/TCP
2026-02-07T18:26:44.1472244Z     Host Port:     0/TCP
2026-02-07T18:26:44.1472446Z     Command:
2026-02-07T18:26:44.1472729Z       sh
2026-02-07T18:26:44.1472952Z       -c
2026-02-07T18:26:44.1473139Z       bash /root/.cache/tests/run.sh
2026-02-07T18:26:44.1473393Z       
2026-02-07T18:26:44.1473611Z     State:          Waiting
2026-02-07T18:26:44.1473821Z       Reason:       CrashLoopBackOff
2026-02-07T18:26:44.1474079Z     Last State:     Terminated
2026-02-07T18:26:44.1474335Z       Reason:       Error
2026-02-07T18:26:44.1474539Z       Exit Code:    1
2026-02-07T18:26:44.1474786Z       Started:      Sat, 07 Feb 2026 18:22:08 +0000
2026-02-07T18:26:44.1475171Z       Finished:     Sat, 07 Feb 2026 18:22:08 +0000
2026-02-07T18:26:44.1475499Z     Ready:          False
2026-02-07T18:26:44.1475736Z     Restart Count:  8
2026-02-07T18:26:44.1475967Z     Limits:
2026-02-07T18:26:44.1476159Z       ephemeral-storage:       100Gi
2026-02-07T18:26:44.1476432Z       huawei.com/ascend-1980:  16
2026-02-07T18:26:44.1476690Z       memory:                  512Gi
2026-02-07T18:26:44.1476910Z     Requests:
2026-02-07T18:26:44.1477134Z       cpu:                     125
2026-02-07T18:26:44.1477457Z       ephemeral-storage:       100Gi
2026-02-07T18:26:44.1477736Z       huawei.com/ascend-1980:  16
2026-02-07T18:26:44.1478231Z       memory:                  512Gi
2026-02-07T18:26:44.1480150Z     Environment:
2026-02-07T18:26:44.1480387Z       LWS_LEADER_ADDRESS:  vllm-0.vllm.vllm-project
2026-02-07T18:26:44.1480682Z       LWS_GROUP_SIZE:      2
2026-02-07T18:26:44.1480893Z       LWS_WORKER_INDEX:    0
2026-02-07T18:26:44.1481210Z       CONFIG_YAML_PATH:    DeepSeek-V3_2-W8A8-A3-dual-nodes.yaml
2026-02-07T18:26:44.1481539Z       WORKSPACE:           /vllm-workspace
2026-02-07T18:26:44.1481829Z       FAIL_TAG:            FAIL_TAG_DeepSeek-V3_2-W8A8-A3-dual-nodes.yaml
2026-02-07T18:26:44.1482310Z     Mounts:
2026-02-07T18:26:44.1482534Z       /dev/shm from dshm (rw)
2026-02-07T18:26:44.1482762Z       /root/.cache from shared-volume (rw)
2026-02-07T18:26:44.1483103Z       /usr/local/Ascend/driver/tools from driver-tools (rw)
2026-02-07T18:26:44.1483508Z       /var/run/secrets/kubernetes.io/serviceaccount from kube-api-access-496dl (ro)
2026-02-07T18:26:44.1483836Z Conditions:
2026-02-07T18:26:44.1484144Z   Type                        Status
2026-02-07T18:26:44.1484413Z   PodReadyToStartContainers   True 
2026-02-07T18:26:44.1484646Z   Initialized                 True 
2026-02-07T18:26:44.1484912Z   Ready                       False 
2026-02-07T18:26:44.1485138Z   ContainersReady             False 
2026-02-07T18:26:44.1485387Z   PodScheduled                True 
2026-02-07T18:26:44.1485645Z Volumes:
2026-02-07T18:26:44.1485816Z   dshm:
2026-02-07T18:26:44.1486099Z     Type:       EmptyDir (a temporary directory that shares a pod's lifetime)
2026-02-07T18:26:44.1486441Z     Medium:     Memory
2026-02-07T18:26:44.1486640Z     SizeLimit:  15Gi
2026-02-07T18:26:44.1486870Z   shared-volume:
2026-02-07T18:26:44.1487318Z     Type:       PersistentVolumeClaim (a reference to a PersistentVolumeClaim in the same namespace)
2026-02-07T18:26:44.1487830Z     ClaimName:  nv-action-vllm-benchmarks-v2
2026-02-07T18:26:44.1488109Z     ReadOnly:   false
2026-02-07T18:26:44.1488320Z   driver-tools:
2026-02-07T18:26:44.1488575Z     Type:          HostPath (bare host directory volume)
2026-02-07T18:26:44.1488992Z     Path:          /usr/local/Ascend/driver/tools
2026-02-07T18:26:44.1489257Z     HostPathType:  
2026-02-07T18:26:44.1489500Z   kube-api-access-496dl:
2026-02-07T18:26:44.1489840Z     Type:                    Projected (a volume that contains injected data from multiple sources)
2026-02-07T18:26:44.1490195Z     TokenExpirationSeconds:  3607
2026-02-07T18:26:44.1490480Z     ConfigMapName:           kube-root-ca.crt
2026-02-07T18:26:44.1490822Z     Optional:                false
2026-02-07T18:26:44.1491061Z     DownwardAPI:             true
2026-02-07T18:26:44.1491318Z QoS Class:                   Burstable
2026-02-07T18:26:44.1491570Z Node-Selectors:              <none>
2026-02-07T18:26:44.1491901Z Tolerations:                 node.kubernetes.io/not-ready:NoExecute op=Exists for 300s
2026-02-07T18:26:44.1492441Z                              node.kubernetes.io/unreachable:NoExecute op=Exists for 300s
2026-02-07T18:26:44.1492768Z Events:
2026-02-07T18:26:44.1493009Z   Type     Reason                 Age                 From               Message
2026-02-07T18:26:44.1493371Z   ----     ------                 ----                ----               -------
2026-02-07T18:26:44.1493808Z   Normal   Scheduled              20m                 default-scheduler  Successfully assigned vllm-project/vllm-0 to 172.22.5.165
2026-02-07T18:26:44.1494793Z   Normal   Pulled                 20m                 kubelet            spec.containers{vllm-leader}: Successfully pulled image "swr.cn-southwest-2.myhuaweicloud.com/base_image/ascend-ci/vllm-ascend:nightly-a3" in 107ms (107ms including waiting). Image size: 16693450676 bytes.
2026-02-07T18:26:44.1495889Z   Normal   SuccessfulMountVolume  20m (x2 over 20m)   kubelet            Successfully mounted volumes for pod "vllm-0_vllm-project(732d8dba-e900-4561-a6c8-de20ceb7d76b)"
2026-02-07T18:26:44.1497112Z   Normal   Pulled                 20m                 kubelet            spec.containers{vllm-leader}: Successfully pulled image "swr.cn-southwest-2.myhuaweicloud.com/base_image/ascend-ci/vllm-ascend:nightly-a3" in 46ms (46ms including waiting). Image size: 16693450676 bytes.
2026-02-07T18:26:44.1498227Z   Normal   Pulling                20m (x3 over 20m)   kubelet            spec.containers{vllm-leader}: Pulling image "swr.cn-southwest-2.myhuaweicloud.com/base_image/ascend-ci/vllm-ascend:nightly-a3"
2026-02-07T18:26:44.1499054Z   Normal   SuccessfulCreate       20m (x3 over 20m)   kubelet            spec.containers{vllm-leader}: Created container: vllm-leader
2026-02-07T18:26:44.1500007Z   Normal   Pulled                 20m                 kubelet            spec.containers{vllm-leader}: Successfully pulled image "swr.cn-southwest-2.myhuaweicloud.com/base_image/ascend-ci/vllm-ascend:nightly-a3" in 105ms (105ms including waiting). Image size: 16693450676 bytes.
2026-02-07T18:26:44.1500951Z   Normal   Started                20m (x3 over 20m)   kubelet            spec.containers{vllm-leader}: Started container vllm-leader
2026-02-07T18:26:44.1501570Z   Warning  BackOffStart           20m (x3 over 20m)   kubelet            spec.containers{vllm-leader}: Back-off restarting failed container
2026-02-07T18:26:44.1502301Z   Warning  BackOffStart           19m (x4 over 20m)   kubelet            spec.containers{vllm-leader}: the failed container exited with ExitCode: 1
2026-02-07T18:26:44.1503187Z   Warning  BackOffStart           17s (x94 over 20m)  kubelet            spec.containers{vllm-leader}: Back-off restarting failed container vllm-leader in pod vllm-0_vllm-project(732d8dba-e900-4561-a6c8-de20ceb7d76b)
2026-02-07T18:26:44.2794336Z ##[error]Error: failed to run script step: Error: command terminated with non-zero exit code: command terminated with exit code 1
2026-02-07T18:26:44.2832100Z ##[error]Process completed with exit code 1.
2026-02-07T18:26:44.2926524Z ##[error]Executing the custom container implementation failed. Please contact your self hosted runner administrator.
2026-02-07T18:26:44.3430339Z ##[group]Run actions/upload-artifact@v6
2026-02-07T18:26:44.3430600Z with:
2026-02-07T18:26:44.3430866Z   name: DeepSeek-V3_2-W8A8-A3-dual-nodes.yaml-pod-logs
2026-02-07T18:26:44.3431190Z   path: /tmp/vllm*_logs.txt
2026-02-07T18:26:44.3431411Z   retention-days: 7
2026-02-07T18:26:44.3431639Z   if-no-files-found: warn
2026-02-07T18:26:44.3431866Z   compression-level: 6
2026-02-07T18:26:44.3432232Z   overwrite: false
2026-02-07T18:26:44.3432500Z   include-hidden-files: false
2026-02-07T18:26:44.3432731Z env:
2026-02-07T18:26:44.3432997Z   FAIL_TAG: FAIL_TAG_DeepSeek-V3_2-W8A8-A3-dual-nodes.yaml
2026-02-07T18:26:44.3433297Z ##[endgroup]
2026-02-07T18:26:44.3459004Z ##[group]Run '/home/runner/k8s/index.js'
2026-02-07T18:26:44.3459828Z shell: /home/runner/externals/node20/bin/node {0}
2026-02-07T18:26:44.3460097Z ##[endgroup]
2026-02-07T18:26:44.7023786Z (node:10391) [DEP0005] DeprecationWarning: Buffer() is deprecated due to security and usability issues. Please use the Buffer.alloc(), Buffer.allocUnsafe(), or Buffer.from() methods instead.
2026-02-07T18:26:44.7024519Z (Use `node --trace-deprecation ...` to show where the warning was created)
2026-02-07T18:27:03.5526990Z ##[warning]No files were found with the provided path: /tmp/vllm*_logs.txt. No artifacts will be uploaded.
2026-02-07T18:27:21.8733879Z ##[group]Run kubectl get pods -n "$NAMESPACE" --ignore-not-found=true
2026-02-07T18:27:21.8734248Z [36;1mkubectl get pods -n "$NAMESPACE" --ignore-not-found=true[0m
2026-02-07T18:27:21.8734573Z [36;1mkubectl delete -f ./lws.yaml --ignore-not-found=true || true[0m
2026-02-07T18:27:21.8734900Z shell: bash -el {0}
2026-02-07T18:27:21.8735040Z env:
2026-02-07T18:27:21.8735228Z   FAIL_TAG: FAIL_TAG_DeepSeek-V3_2-W8A8-A3-dual-nodes.yaml
2026-02-07T18:27:21.8735454Z ##[endgroup]
2026-02-07T18:27:21.8821279Z ##[group]Run '/home/runner/k8s/index.js'
2026-02-07T18:27:21.8821952Z shell: /home/runner/externals/node20/bin/node {0}
2026-02-07T18:27:21.8822307Z ##[endgroup]
2026-02-07T18:27:22.2357070Z (node:11862) [DEP0005] DeprecationWarning: Buffer() is deprecated due to security and usability issues. Please use the Buffer.alloc(), Buffer.allocUnsafe(), or Buffer.from() methods instead.
2026-02-07T18:27:22.2357873Z (Use `node --trace-deprecation ...` to show where the warning was created)
2026-02-07T18:27:40.9018047Z NAME                                             READY   STATUS             RESTARTS        AGE
2026-02-07T18:27:40.9018501Z linux-aarch64-a3-0-wgt9d-runner-flwzp            1/1     Running            0               25m
2026-02-07T18:27:40.9018963Z linux-aarch64-a3-0-wgt9d-runner-flwzp-workflow   1/1     Running            0               25m
2026-02-07T18:27:40.9019382Z vllm-0                                           0/1     CrashLoopBackOff   9 (20s ago)     21m
2026-02-07T18:27:40.9019732Z vllm-0-1                                         0/1     Error              9 (5m22s ago)   21m
2026-02-07T18:27:40.9646837Z leaderworkerset.leaderworkerset.x-k8s.io "vllm" deleted from vllm-project namespace
2026-02-07T18:27:40.9871136Z service "vllm-leader" deleted from vllm-project namespace
2026-02-07T18:27:59.3689981Z Post job cleanup.
2026-02-07T18:27:59.3712751Z ##[group]Run '/home/runner/k8s/index.js'
2026-02-07T18:27:59.3713518Z shell: /home/runner/externals/node20/bin/node {0}
2026-02-07T18:27:59.3713784Z ##[endgroup]
2026-02-07T18:27:59.7275493Z (node:13515) [DEP0005] DeprecationWarning: Buffer() is deprecated due to security and usability issues. Please use the Buffer.alloc(), Buffer.allocUnsafe(), or Buffer.from() methods instead.
2026-02-07T18:27:59.7276159Z (Use `node --trace-deprecation ...` to show where the warning was created)
2026-02-07T18:28:18.3846616Z [command]/usr/bin/git version
2026-02-07T18:28:18.4054860Z git version 2.34.1
2026-02-07T18:28:18.4088521Z Copying '/root/.gitconfig' to '/__w/_temp/56e74e69-3aae-40a2-9345-c794db34168a/.gitconfig'
2026-02-07T18:28:18.4097459Z Temporarily overriding HOME='/__w/_temp/56e74e69-3aae-40a2-9345-c794db34168a' before making global git config changes
2026-02-07T18:28:18.4097997Z Adding repository directory to the temporary git global config as a safe directory
2026-02-07T18:28:18.4100420Z [command]/usr/bin/git config --global --add safe.directory /__w/vllm-ascend/vllm-ascend
2026-02-07T18:28:18.4150294Z Removing SSH command configuration
2026-02-07T18:28:18.4154627Z [command]/usr/bin/git config --local --name-only --get-regexp core\.sshCommand
2026-02-07T18:28:18.4209390Z [command]/usr/bin/git submodule foreach --recursive sh -c "git config --local --name-only --get-regexp 'core\.sshCommand' && git config --local --unset-all 'core.sshCommand' || :"
2026-02-07T18:28:18.4689210Z Removing HTTP extra header
2026-02-07T18:28:18.4689550Z [command]/usr/bin/git config --local --name-only --get-regexp http\.https\:\/\/github\.com\/\.extraheader
2026-02-07T18:28:18.4737665Z [command]/usr/bin/git submodule foreach --recursive sh -c "git config --local --name-only --get-regexp 'http\.https\:\/\/github\.com\/\.extraheader' && git config --local --unset-all 'http.https://github.com/.extraheader' || :"
2026-02-07T18:28:18.4885133Z Removing includeIf entries pointing to credentials config files
2026-02-07T18:28:18.4889837Z [command]/usr/bin/git config --local --name-only --get-regexp ^includeIf\.gitdir:
2026-02-07T18:28:18.4907963Z includeif.gitdir:/__w/vllm-ascend/vllm-ascend/.git.path
2026-02-07T18:28:18.4908286Z includeif.gitdir:/__w/vllm-ascend/vllm-ascend/.git/worktrees/*.path
2026-02-07T18:28:18.4908579Z includeif.gitdir:/github/workspace/.git.path
2026-02-07T18:28:18.4908835Z includeif.gitdir:/github/workspace/.git/worktrees/*.path
2026-02-07T18:28:18.4916210Z [command]/usr/bin/git config --local --get-all includeif.gitdir:/__w/vllm-ascend/vllm-ascend/.git.path
2026-02-07T18:28:18.4933900Z /__w/_temp/git-credentials-dcbc5423-9342-4bab-b9d5-3b7ff8f75eb8.config
2026-02-07T18:28:18.4941169Z [command]/usr/bin/git config --local --unset includeif.gitdir:/__w/vllm-ascend/vllm-ascend/.git.path /__w/_temp/git-credentials-dcbc5423-9342-4bab-b9d5-3b7ff8f75eb8.config
2026-02-07T18:28:18.4967901Z [command]/usr/bin/git config --local --get-all includeif.gitdir:/__w/vllm-ascend/vllm-ascend/.git/worktrees/*.path
2026-02-07T18:28:18.4985200Z /__w/_temp/git-credentials-dcbc5423-9342-4bab-b9d5-3b7ff8f75eb8.config
2026-02-07T18:28:18.4992405Z [command]/usr/bin/git config --local --unset includeif.gitdir:/__w/vllm-ascend/vllm-ascend/.git/worktrees/*.path /__w/_temp/git-credentials-dcbc5423-9342-4bab-b9d5-3b7ff8f75eb8.config
2026-02-07T18:28:18.5024013Z [command]/usr/bin/git config --local --get-all includeif.gitdir:/github/workspace/.git.path
2026-02-07T18:28:18.5041122Z /github/runner_temp/git-credentials-dcbc5423-9342-4bab-b9d5-3b7ff8f75eb8.config
2026-02-07T18:28:18.5048135Z [command]/usr/bin/git config --local --unset includeif.gitdir:/github/workspace/.git.path /github/runner_temp/git-credentials-dcbc5423-9342-4bab-b9d5-3b7ff8f75eb8.config
2026-02-07T18:28:18.5073518Z [command]/usr/bin/git config --local --get-all includeif.gitdir:/github/workspace/.git/worktrees/*.path
2026-02-07T18:28:18.5091157Z /github/runner_temp/git-credentials-dcbc5423-9342-4bab-b9d5-3b7ff8f75eb8.config
2026-02-07T18:28:18.5097295Z [command]/usr/bin/git config --local --unset includeif.gitdir:/github/workspace/.git/worktrees/*.path /github/runner_temp/git-credentials-dcbc5423-9342-4bab-b9d5-3b7ff8f75eb8.config
2026-02-07T18:28:18.5124835Z [command]/usr/bin/git submodule foreach --recursive git config --local --show-origin --name-only --get-regexp remote.origin.url
2026-02-07T18:28:18.5298487Z Removing credentials config '/__w/_temp/git-credentials-dcbc5423-9342-4bab-b9d5-3b7ff8f75eb8.config'
2026-02-07T18:28:36.9257993Z ##[group]Run '/home/runner/k8s/index.js'
2026-02-07T18:28:36.9258649Z shell: /home/runner/externals/node20/bin/node {0}
2026-02-07T18:28:36.9258874Z ##[endgroup]
2026-02-07T18:28:37.3243570Z Cleaning up orphan processes
