# Run ID: 21404933189
# Commit: c498cea22d1aeff9ddfa376db728c616e553628a
# Job: single-node (deepseek3_2-w8a8, linux-aarch64-a3-16, tests/e2e/nightly/single_node/models/test_dee... / tests/e2e/nightly/single_node/models/test_deepseek_v3_2_w8a8.py
# Date: 2026-01-27
============================================================

ï»¿2026-01-27T22:23:08.6076493Z Current runner version: '2.330.0'
2026-01-27T22:23:08.6083773Z Runner name: 'linux-aarch64-a3-16-r8zc8-runner-9nz9z'
2026-01-27T22:23:08.6084828Z Runner group name: 'Default'
2026-01-27T22:23:08.6086051Z Machine name: 'linux-aarch64-a3-16-r8zc8-runner-9nz9z'
2026-01-27T22:23:08.6091325Z ##[group]GITHUB_TOKEN Permissions
2026-01-27T22:23:08.6093955Z Actions: write
2026-01-27T22:23:08.6094622Z ArtifactMetadata: write
2026-01-27T22:23:08.6095382Z Attestations: write
2026-01-27T22:23:08.6096020Z Checks: write
2026-01-27T22:23:08.6096567Z Contents: write
2026-01-27T22:23:08.6097145Z Deployments: write
2026-01-27T22:23:08.6097745Z Discussions: write
2026-01-27T22:23:08.6098300Z Issues: write
2026-01-27T22:23:08.6099037Z Metadata: read
2026-01-27T22:23:08.6099541Z Models: read
2026-01-27T22:23:08.6100124Z Packages: write
2026-01-27T22:23:08.6100654Z Pages: write
2026-01-27T22:23:08.6101206Z PullRequests: write
2026-01-27T22:23:08.6101795Z RepositoryProjects: write
2026-01-27T22:23:08.6102626Z SecurityEvents: write
2026-01-27T22:23:08.6103306Z Statuses: write
2026-01-27T22:23:08.6103882Z ##[endgroup]
2026-01-27T22:23:08.6106391Z Secret source: Actions
2026-01-27T22:23:08.6107244Z Prepare workflow directory
2026-01-27T22:23:08.7097476Z Prepare all required actions
2026-01-27T22:23:08.7202437Z Uses: vllm-project/vllm-ascend/.github/workflows/_e2e_nightly_single_node.yaml@refs/heads/main (c498cea22d1aeff9ddfa376db728c616e553628a)
2026-01-27T22:23:08.7211282Z ##[group] Inputs
2026-01-27T22:23:08.7211954Z   vllm: v0.14.1
2026-01-27T22:23:08.7212523Z   runner: linux-aarch64-a3-16
2026-01-27T22:23:08.7213615Z   image: swr.cn-southwest-2.myhuaweicloud.com/base_image/ascend-ci/vllm-ascend:nightly-a3
2026-01-27T22:23:08.7215018Z   tests: tests/e2e/nightly/single_node/models/test_deepseek_v3_2_w8a8.py
2026-01-27T22:23:08.7216134Z   name: deepseek3_2-w8a8
2026-01-27T22:23:08.7216752Z ##[endgroup]
2026-01-27T22:23:08.7219173Z Complete job name: single-node (deepseek3_2-w8a8, linux-aarch64-a3-16, tests/e2e/nightly/single_node/models/test_dee... / tests/e2e/nightly/single_node/models/test_deepseek_v3_2_w8a8.py
2026-01-27T22:23:08.8101801Z ##[group]Run '/home/runner/k8s/index.js'
2026-01-27T22:23:08.8112247Z shell: /home/runner/externals/node20/bin/node {0}
2026-01-27T22:23:08.8113624Z ##[endgroup]
2026-01-27T22:25:40.7747397Z (node:52) [DEP0005] DeprecationWarning: Buffer() is deprecated due to security and usability issues. Please use the Buffer.alloc(), Buffer.allocUnsafe(), or Buffer.from() methods instead.
2026-01-27T22:25:40.7748719Z (Use `node --trace-deprecation ...` to show where the warning was created)
2026-01-27T22:25:58.5422537Z ##[group]Run npu-smi info
2026-01-27T22:25:58.5422965Z [36;1mnpu-smi info[0m
2026-01-27T22:25:58.5423512Z [36;1mcat /usr/local/Ascend/ascend-toolkit/latest/"$(uname -i)"-linux/ascend_toolkit_install.info[0m
2026-01-27T22:25:58.5424320Z shell: bash -el {0}
2026-01-27T22:25:58.5424567Z env:
2026-01-27T22:25:58.5424783Z   TRANSFORMERS_OFFLINE: 1
2026-01-27T22:25:58.5425218Z   VLLM_USE_MODELSCOPE: true
2026-01-27T22:25:58.5425497Z ##[endgroup]
2026-01-27T22:25:58.5572539Z ##[group]Run '/home/runner/k8s/index.js'
2026-01-27T22:25:58.5573632Z shell: /home/runner/externals/node20/bin/node {0}
2026-01-27T22:25:58.5573993Z ##[endgroup]
2026-01-27T22:25:59.1336121Z (node:303) [DEP0005] DeprecationWarning: Buffer() is deprecated due to security and usability issues. Please use the Buffer.alloc(), Buffer.allocUnsafe(), or Buffer.from() methods instead.
2026-01-27T22:25:59.1337304Z (Use `node --trace-deprecation ...` to show where the warning was created)
2026-01-27T22:26:18.7579709Z +------------------------------------------------------------------------------------------------+
2026-01-27T22:26:18.7580404Z | npu-smi 25.5.0                   Version: 25.5.0                                               |
2026-01-27T22:26:18.7581007Z +---------------------------+---------------+----------------------------------------------------+
2026-01-27T22:26:18.7581624Z | NPU   Name                | Health        | Power(W)    Temp(C)           Hugepages-Usage(page)|
2026-01-27T22:26:18.7582751Z | Chip  Phy-ID              | Bus-Id        | AICore(%)   Memory-Usage(MB)  HBM-Usage(MB)        |
2026-01-27T22:26:18.7583294Z +===========================+===============+====================================================+
2026-01-27T22:26:18.7583793Z | 0     Ascend910           | OK            | 165.3       36                0    / 0             |
2026-01-27T22:26:18.7584323Z | 0     0                   | 0000:9D:00.0  | 0           0    / 0          2901 / 65536         |
2026-01-27T22:26:18.7584960Z +------------------------------------------------------------------------------------------------+
2026-01-27T22:26:18.7585561Z | 0     Ascend910           | OK            | -           36                0    / 0             |
2026-01-27T22:26:18.7586079Z | 1     1                   | 0000:9F:00.0  | 0           0    / 0          2882 / 65536         |
2026-01-27T22:26:18.7586555Z +===========================+===============+====================================================+
2026-01-27T22:26:18.7587071Z | 1     Ascend910           | OK            | 162.9       34                0    / 0             |
2026-01-27T22:26:18.7587591Z | 0     2                   | 0000:99:00.0  | 0           0    / 0          2913 / 65536         |
2026-01-27T22:26:18.7588256Z +------------------------------------------------------------------------------------------------+
2026-01-27T22:26:18.7588880Z | 1     Ascend910           | OK            | -           34                0    / 0             |
2026-01-27T22:26:18.7589387Z | 1     3                   | 0000:9B:00.0  | 0           0    / 0          2870 / 65536         |
2026-01-27T22:26:18.7589866Z +===========================+===============+====================================================+
2026-01-27T22:26:18.7590361Z | 2     Ascend910           | OK            | 160.9       34                0    / 0             |
2026-01-27T22:26:18.7590894Z | 0     4                   | 0000:95:00.0  | 0           0    / 0          2902 / 65536         |
2026-01-27T22:26:18.7591446Z +------------------------------------------------------------------------------------------------+
2026-01-27T22:26:18.7591994Z | 2     Ascend910           | OK            | -           35                0    / 0             |
2026-01-27T22:26:18.7592503Z | 1     5                   | 0000:97:00.0  | 0           0    / 0          2882 / 65536         |
2026-01-27T22:26:18.7593089Z +===========================+===============+====================================================+
2026-01-27T22:26:18.7593786Z | 3     Ascend910           | OK            | 164.4       34                0    / 0             |
2026-01-27T22:26:18.7594318Z | 0     6                   | 0000:91:00.0  | 0           0    / 0          2913 / 65536         |
2026-01-27T22:26:18.7595018Z +------------------------------------------------------------------------------------------------+
2026-01-27T22:26:18.7595590Z | 3     Ascend910           | OK            | -           34                0    / 0             |
2026-01-27T22:26:18.7596135Z | 1     7                   | 0000:93:00.0  | 0           0    / 0          2870 / 65536         |
2026-01-27T22:26:18.7596599Z +===========================+===============+====================================================+
2026-01-27T22:26:18.7597103Z | 4     Ascend910           | OK            | 167.1       34                0    / 0             |
2026-01-27T22:26:18.7597612Z | 0     8                   | 0000:8D:00.0  | 0           0    / 0          2901 / 65536         |
2026-01-27T22:26:18.7598281Z +------------------------------------------------------------------------------------------------+
2026-01-27T22:26:18.7598848Z | 4     Ascend910           | OK            | -           36                0    / 0             |
2026-01-27T22:26:18.7599352Z | 1     9                   | 0000:8F:00.0  | 0           0    / 0          2883 / 65536         |
2026-01-27T22:26:18.7599831Z +===========================+===============+====================================================+
2026-01-27T22:26:18.7600434Z | 5     Ascend910           | OK            | 166.4       34                0    / 0             |
2026-01-27T22:26:18.7600957Z | 0     10                  | 0000:89:00.0  | 0           0    / 0          2901 / 65536         |
2026-01-27T22:26:18.7601496Z +------------------------------------------------------------------------------------------------+
2026-01-27T22:26:18.7602061Z | 5     Ascend910           | OK            | -           37                0    / 0             |
2026-01-27T22:26:18.7602582Z | 1     11                  | 0000:8B:00.0  | 0           0    / 0          2882 / 65536         |
2026-01-27T22:26:19.0606601Z +===========================+===============+====================================================+
2026-01-27T22:26:19.0607224Z | 6     Ascend910           | OK            | 162.0       36                0    / 0             |
2026-01-27T22:26:19.0608053Z | 0     12                  | 0000:85:00.0  | 0           0    / 0          2901 / 65536         |
2026-01-27T22:26:19.0608657Z +------------------------------------------------------------------------------------------------+
2026-01-27T22:26:19.0609225Z | 6     Ascend910           | OK            | -           36                0    / 0             |
2026-01-27T22:26:19.0609756Z | 1     13                  | 0000:87:00.0  | 0           0    / 0          2882 / 65536         |
2026-01-27T22:26:19.0610233Z +===========================+===============+====================================================+
2026-01-27T22:26:19.0610747Z | 7     Ascend910           | OK            | 157.8       34                0    / 0             |
2026-01-27T22:26:19.0611253Z | 0     14                  | 0000:81:00.0  | 0           0    / 0          2913 / 65536         |
2026-01-27T22:26:19.0611813Z +------------------------------------------------------------------------------------------------+
2026-01-27T22:26:19.0612363Z | 7     Ascend910           | OK            | -           36                0    / 0             |
2026-01-27T22:26:19.0612891Z | 1     15                  | 0000:83:00.0  | 0           0    / 0          2870 / 65536         |
2026-01-27T22:26:19.0613354Z +===========================+===============+====================================================+
2026-01-27T22:26:19.0613881Z +---------------------------+---------------+----------------------------------------------------+
2026-01-27T22:26:19.0614499Z | NPU     Chip              | Process id    | Process name             | Process memory(MB)      |
2026-01-27T22:26:19.0615513Z +===========================+===============+====================================================+
2026-01-27T22:26:19.0616068Z | No running processes found in NPU 0                                                            |
2026-01-27T22:26:19.0616599Z +===========================+===============+====================================================+
2026-01-27T22:26:19.0617151Z | No running processes found in NPU 1                                                            |
2026-01-27T22:26:19.0617978Z +===========================+===============+====================================================+
2026-01-27T22:26:19.0618513Z | No running processes found in NPU 2                                                            |
2026-01-27T22:26:19.0619192Z +===========================+===============+====================================================+
2026-01-27T22:26:19.0619722Z | No running processes found in NPU 3                                                            |
2026-01-27T22:26:19.0620470Z +===========================+===============+====================================================+
2026-01-27T22:26:19.0621017Z | No running processes found in NPU 4                                                            |
2026-01-27T22:26:19.0621617Z +===========================+===============+====================================================+
2026-01-27T22:26:19.0622478Z | No running processes found in NPU 5                                                            |
2026-01-27T22:26:19.0623657Z +===========================+===============+====================================================+
2026-01-27T22:26:19.0624708Z | No running processes found in NPU 6                                                            |
2026-01-27T22:26:19.0626547Z +===========================+===============+====================================================+
2026-01-27T22:26:19.0627967Z | No running processes found in NPU 7                                                            |
2026-01-27T22:26:19.0628995Z +===========================+===============+====================================================+
2026-01-27T22:26:19.0670258Z package_name=Ascend-cann-toolkit
2026-01-27T22:26:19.0671227Z version=8.5.0
2026-01-27T22:26:19.0671822Z innerversion=V100R001C25SPC001B232
2026-01-27T22:26:19.0673014Z compatible_version=[V100R001C15],[V100R001C18],[V100R001C19],[V100R001C20],[V100R001C21],[V100R001C23]
2026-01-27T22:26:19.0674186Z arch=aarch64
2026-01-27T22:26:19.0674644Z os=linux
2026-01-27T22:26:19.0675555Z path=/usr/local/Ascend/cann-8.5.0
2026-01-27T22:26:36.7190626Z ##[group]Run echo "Installed vLLM-related Python packages:"
2026-01-27T22:26:36.7191201Z [36;1mecho "Installed vLLM-related Python packages:"[0m
2026-01-27T22:26:36.7191671Z [36;1mpip list | grep vllm || echo "No vllm packages found."[0m
2026-01-27T22:26:36.7192050Z [36;1m[0m
2026-01-27T22:26:36.7192263Z [36;1mecho ""[0m
2026-01-27T22:26:36.7192500Z [36;1mecho "============================"[0m
2026-01-27T22:26:36.7192839Z [36;1mecho "vLLM Git information"[0m
2026-01-27T22:26:36.7193149Z [36;1mecho "============================"[0m
2026-01-27T22:26:36.7193455Z [36;1mcd vllm[0m
2026-01-27T22:26:36.7193699Z [36;1mif [ -d .git ]; then[0m
2026-01-27T22:26:36.7194054Z [36;1m  echo "Branch:      $(git rev-parse --abbrev-ref HEAD)"[0m
2026-01-27T22:26:36.7194501Z [36;1m  echo "Commit hash: $(git rev-parse HEAD)"[0m
2026-01-27T22:26:36.7195063Z [36;1m  echo "Author:      $(git log -1 --pretty=format:'%an <%ae>')"[0m
2026-01-27T22:26:36.7195663Z [36;1m  echo "Date:        $(git log -1 --pretty=format:'%ad' --date=iso)"[0m
2026-01-27T22:26:36.7196171Z [36;1m  echo "Message:     $(git log -1 --pretty=format:'%s')"[0m
2026-01-27T22:26:36.7196659Z [36;1m  echo "Tags:        $(git tag --points-at HEAD || echo 'None')"[0m
2026-01-27T22:26:36.7197122Z [36;1m  echo "Remote:      $(git remote -v | head -n1)"[0m
2026-01-27T22:26:36.7197486Z [36;1m  echo ""[0m
2026-01-27T22:26:36.7197838Z [36;1melse[0m
2026-01-27T22:26:36.7198092Z [36;1m  echo "No .git directory found in vllm"[0m
2026-01-27T22:26:36.7198428Z [36;1mfi[0m
2026-01-27T22:26:36.7198627Z [36;1mcd ..[0m
2026-01-27T22:26:36.7198843Z [36;1m[0m
2026-01-27T22:26:36.7199036Z [36;1mecho ""[0m
2026-01-27T22:26:36.7199291Z [36;1mecho "============================"[0m
2026-01-27T22:26:36.7199624Z [36;1mecho "vLLM-Ascend Git information"[0m
2026-01-27T22:26:36.7199973Z [36;1mecho "============================"[0m
2026-01-27T22:26:36.7200300Z [36;1mcd vllm-ascend[0m
2026-01-27T22:26:36.7200578Z [36;1mif [ -d .git ]; then[0m
2026-01-27T22:26:36.7200941Z [36;1m  echo "Branch:      $(git rev-parse --abbrev-ref HEAD)"[0m
2026-01-27T22:26:36.7201374Z [36;1m  echo "Commit hash: $(git rev-parse HEAD)"[0m
2026-01-27T22:26:36.7201825Z [36;1m  echo "Author:      $(git log -1 --pretty=format:'%an <%ae>')"[0m
2026-01-27T22:26:36.7202331Z [36;1m  echo "Date:        $(git log -1 --pretty=format:'%ad' --date=iso)"[0m
2026-01-27T22:26:36.7202835Z [36;1m  echo "Message:     $(git log -1 --pretty=format:'%s')"[0m
2026-01-27T22:26:36.7203322Z [36;1m  echo "Tags:        $(git tag --points-at HEAD || echo 'None')"[0m
2026-01-27T22:26:36.7203785Z [36;1m  echo "Remote:      $(git remote -v | head -n1)"[0m
2026-01-27T22:26:36.7204142Z [36;1m  echo ""[0m
2026-01-27T22:26:36.7204363Z [36;1melse[0m
2026-01-27T22:26:36.7204650Z [36;1m  echo "No .git directory found in vllm-ascend"[0m
2026-01-27T22:26:36.7205283Z [36;1mfi[0m
2026-01-27T22:26:36.7205503Z [36;1mcd ..[0m
2026-01-27T22:26:36.7205879Z shell: bash -el {0}
2026-01-27T22:26:36.7206103Z env:
2026-01-27T22:26:36.7206332Z   TRANSFORMERS_OFFLINE: 1
2026-01-27T22:26:36.7206595Z   VLLM_USE_MODELSCOPE: true
2026-01-27T22:26:36.7206863Z ##[endgroup]
2026-01-27T22:26:36.7378628Z ##[group]Run '/home/runner/k8s/index.js'
2026-01-27T22:26:36.7379678Z shell: /home/runner/externals/node20/bin/node {0}
2026-01-27T22:26:36.7380017Z ##[endgroup]
2026-01-27T22:26:37.2853269Z (node:729) [DEP0005] DeprecationWarning: Buffer() is deprecated due to security and usability issues. Please use the Buffer.alloc(), Buffer.allocUnsafe(), or Buffer.from() methods instead.
2026-01-27T22:26:37.2854352Z (Use `node --trace-deprecation ...` to show where the warning was created)
2026-01-27T22:26:55.7242799Z Installed vLLM-related Python packages:
2026-01-27T22:26:56.5899167Z ais_bench_benchmark               3.0.20250930               /vllm-workspace/vllm-ascend/benchmark
2026-01-27T22:26:56.5899807Z vllm                              0.14.1+empty               /vllm-workspace/vllm
2026-01-27T22:26:56.5900899Z vllm_ascend                       0.14.0rc2.dev18+g21b6779a3 /vllm-workspace/vllm-ascend
2026-01-27T22:26:56.5901395Z 
2026-01-27T22:26:56.5901760Z ============================
2026-01-27T22:26:56.5910734Z vLLM Git information
2026-01-27T22:26:56.5911107Z ============================
2026-01-27T22:26:56.6109992Z Branch:      HEAD
2026-01-27T22:26:56.6129405Z Commit hash: d7de043d55d1dd629554467e23874097e1c48993
2026-01-27T22:26:56.6184423Z Author:      Shengqi Chen <harry-chen@outlook.com>
2026-01-27T22:26:56.6205439Z Date:        2026-01-23 14:21:49 -0800
2026-01-27T22:26:56.6226878Z Message:     [CI] fix version comparsion and exclusion patterns in upload-release-wheels.sh (#32971)
2026-01-27T22:26:56.6249818Z Tags:        v0.14.1
2026-01-27T22:26:56.6280735Z Remote:      origin	https://gh-proxy.test.osinfra.cn/https://github.com/vllm-project/vllm.git (fetch)
2026-01-27T22:26:56.6281297Z 
2026-01-27T22:26:56.6281302Z 
2026-01-27T22:26:56.6281396Z ============================
2026-01-27T22:26:56.6281712Z vLLM-Ascend Git information
2026-01-27T22:26:56.6281977Z ============================
2026-01-27T22:26:56.6330266Z Branch:      main
2026-01-27T22:26:56.6349430Z Commit hash: 21b6779a33d953ec902b345ced8546f81f8decd8
2026-01-27T22:26:56.6441600Z Author:      pu-zhe <zpuaa@outlook.com>
2026-01-27T22:26:56.6459100Z Date:        2026-01-27 16:31:51 +0800
2026-01-27T22:26:56.6482245Z Message:     [UT]: refactoring 310p ops ut (#6296)
2026-01-27T22:26:56.6778261Z Tags:        
2026-01-27T22:26:56.6803921Z Remote:      origin	https://gh-proxy.test.osinfra.cn/https://github.com/vllm-project/vllm-ascend (fetch)
2026-01-27T22:26:56.6804435Z 
2026-01-27T22:27:14.7163197Z ##[group]Run apt-get update && apt-get -y install clang-15
2026-01-27T22:27:14.7163969Z [36;1mapt-get update && apt-get -y install clang-15[0m
2026-01-27T22:27:14.7164548Z [36;1mupdate-alternatives --install /usr/bin/clang clang /usr/bin/clang-15 20[0m
2026-01-27T22:27:14.7165442Z [36;1mupdate-alternatives --install /usr/bin/clang++ clang++ /usr/bin/clang++-15 20[0m
2026-01-27T22:27:14.7166083Z shell: bash -l {0}
2026-01-27T22:27:14.7166306Z env:
2026-01-27T22:27:14.7166532Z   TRANSFORMERS_OFFLINE: 1
2026-01-27T22:27:14.7166796Z   VLLM_USE_MODELSCOPE: true
2026-01-27T22:27:14.7167063Z ##[endgroup]
2026-01-27T22:27:14.7242306Z ##[group]Run '/home/runner/k8s/index.js'
2026-01-27T22:27:14.7243319Z shell: /home/runner/externals/node20/bin/node {0}
2026-01-27T22:27:14.7243658Z ##[endgroup]
2026-01-27T22:27:15.2721698Z (node:1331) [DEP0005] DeprecationWarning: Buffer() is deprecated due to security and usability issues. Please use the Buffer.alloc(), Buffer.allocUnsafe(), or Buffer.from() methods instead.
2026-01-27T22:27:15.2722813Z (Use `node --trace-deprecation ...` to show where the warning was created)
2026-01-27T22:27:34.4251476Z Get:1 http://ports.ubuntu.com/ubuntu-ports jammy InRelease [270 kB]
2026-01-27T22:27:35.6658406Z Get:2 http://ports.ubuntu.com/ubuntu-ports jammy-updates InRelease [128 kB]
2026-01-27T22:27:35.9736308Z Get:3 http://ports.ubuntu.com/ubuntu-ports jammy-backports InRelease [127 kB]
2026-01-27T22:27:36.2797379Z Get:4 http://ports.ubuntu.com/ubuntu-ports jammy-security InRelease [129 kB]
2026-01-27T22:27:36.5884202Z Get:5 http://ports.ubuntu.com/ubuntu-ports jammy/restricted arm64 Packages [24.2 kB]
2026-01-27T22:27:36.6109345Z Get:6 http://ports.ubuntu.com/ubuntu-ports jammy/main arm64 Packages [1758 kB]
2026-01-27T22:27:37.2905601Z Get:7 http://ports.ubuntu.com/ubuntu-ports jammy/multiverse arm64 Packages [224 kB]
2026-01-27T22:27:37.3266963Z Get:8 http://ports.ubuntu.com/ubuntu-ports jammy/universe arm64 Packages [17.2 MB]
2026-01-27T22:27:38.6366635Z Get:9 http://ports.ubuntu.com/ubuntu-ports jammy-updates/universe arm64 Packages [1637 kB]
2026-01-27T22:27:38.7661553Z Get:10 http://ports.ubuntu.com/ubuntu-ports jammy-updates/multiverse arm64 Packages [47.7 kB]
2026-01-27T22:27:38.7685971Z Get:11 http://ports.ubuntu.com/ubuntu-ports jammy-updates/main arm64 Packages [3727 kB]
2026-01-27T22:27:39.0385986Z Get:12 http://ports.ubuntu.com/ubuntu-ports jammy-updates/restricted arm64 Packages [6188 kB]
2026-01-27T22:27:39.4864275Z Get:13 http://ports.ubuntu.com/ubuntu-ports jammy-backports/main arm64 Packages [83.5 kB]
2026-01-27T22:27:39.4925935Z Get:14 http://ports.ubuntu.com/ubuntu-ports jammy-backports/universe arm64 Packages [35.3 kB]
2026-01-27T22:27:39.4949534Z Get:15 http://ports.ubuntu.com/ubuntu-ports jammy-security/multiverse arm64 Packages [40.2 kB]
2026-01-27T22:27:39.4968289Z Get:16 http://ports.ubuntu.com/ubuntu-ports jammy-security/main arm64 Packages [3409 kB]
2026-01-27T22:27:39.7440441Z Get:17 http://ports.ubuntu.com/ubuntu-ports jammy-security/universe arm64 Packages [1334 kB]
2026-01-27T22:27:39.8433726Z Get:18 http://ports.ubuntu.com/ubuntu-ports jammy-security/restricted arm64 Packages [5886 kB]
2026-01-27T22:27:40.4924106Z Fetched 42.3 MB in 7s (6430 kB/s)
2026-01-27T22:27:41.3607933Z Reading package lists...
2026-01-27T22:27:42.2884836Z Reading package lists...
2026-01-27T22:27:42.5141912Z Building dependency tree...
2026-01-27T22:27:42.5142292Z Reading state information...
2026-01-27T22:27:42.8052484Z clang-15 is already the newest version (1:15.0.7-0ubuntu0.22.04.3).
2026-01-27T22:27:42.8053117Z The following packages were automatically installed and are no longer required:
2026-01-27T22:27:42.8055034Z   autoconf automake autotools-dev file javascript-common libboost-atomic-dev
2026-01-27T22:27:42.8055663Z   libboost-atomic1.74-dev libboost-atomic1.74.0 libboost-chrono-dev
2026-01-27T22:27:42.8056234Z   libboost-chrono1.74-dev libboost-chrono1.74.0 libboost-container-dev
2026-01-27T22:27:42.8057282Z   libboost-container1.74-dev libboost-container1.74.0 libboost-context-dev
2026-01-27T22:27:42.8058018Z   libboost-context1.74-dev libboost-context1.74.0 libboost-coroutine-dev
2026-01-27T22:27:42.8058648Z   libboost-coroutine1.74-dev libboost-coroutine1.74.0 libboost-date-time-dev
2026-01-27T22:27:42.8059252Z   libboost-date-time1.74-dev libboost-date-time1.74.0 libboost-dev
2026-01-27T22:27:42.8059831Z   libboost-exception-dev libboost-exception1.74-dev libboost-fiber-dev
2026-01-27T22:27:42.8060419Z   libboost-fiber1.74-dev libboost-fiber1.74.0 libboost-filesystem-dev
2026-01-27T22:27:42.8061010Z   libboost-filesystem1.74-dev libboost-filesystem1.74.0 libboost-graph-dev
2026-01-27T22:27:42.8061608Z   libboost-graph-parallel-dev libboost-graph-parallel1.74-dev
2026-01-27T22:27:42.8062189Z   libboost-graph-parallel1.74.0 libboost-graph1.74-dev libboost-graph1.74.0
2026-01-27T22:27:42.8062844Z   libboost-iostreams-dev libboost-iostreams1.74-dev libboost-iostreams1.74.0
2026-01-27T22:27:42.8063597Z   libboost-locale-dev libboost-locale1.74-dev libboost-locale1.74.0
2026-01-27T22:27:42.8064355Z   libboost-log-dev libboost-log1.74-dev libboost-log1.74.0 libboost-math-dev
2026-01-27T22:27:42.8065226Z   libboost-math1.74-dev libboost-math1.74.0 libboost-mpi1.74.0
2026-01-27T22:27:42.8065765Z   libboost-nowide-dev libboost-nowide1.74-dev libboost-nowide1.74.0
2026-01-27T22:27:42.8066549Z   libboost-numpy-dev libboost-numpy1.74-dev libboost-numpy1.74.0
2026-01-27T22:27:42.8067093Z   libboost-program-options-dev libboost-program-options1.74-dev
2026-01-27T22:27:42.8067709Z   libboost-program-options1.74.0 libboost-python-dev libboost-python1.74-dev
2026-01-27T22:27:42.8068414Z   libboost-python1.74.0 libboost-random-dev libboost-random1.74-dev
2026-01-27T22:27:42.8068960Z   libboost-random1.74.0 libboost-regex-dev libboost-regex1.74-dev
2026-01-27T22:27:42.8069544Z   libboost-regex1.74.0 libboost-serialization-dev
2026-01-27T22:27:42.8070197Z   libboost-serialization1.74-dev libboost-serialization1.74.0
2026-01-27T22:27:42.8070704Z   libboost-stacktrace-dev libboost-stacktrace1.74-dev
2026-01-27T22:27:42.8071217Z   libboost-stacktrace1.74.0 libboost-system-dev libboost-system1.74-dev
2026-01-27T22:27:42.8071793Z   libboost-system1.74.0 libboost-test-dev libboost-test1.74-dev
2026-01-27T22:27:42.8072325Z   libboost-test1.74.0 libboost-thread-dev libboost-thread1.74-dev
2026-01-27T22:27:42.8072859Z   libboost-thread1.74.0 libboost-timer-dev libboost-timer1.74-dev
2026-01-27T22:27:42.8073547Z   libboost-timer1.74.0 libboost-tools-dev libboost-type-erasure-dev
2026-01-27T22:27:42.8074153Z   libboost-type-erasure1.74-dev libboost-type-erasure1.74.0 libboost-wave-dev
2026-01-27T22:27:42.8074737Z   libboost-wave1.74-dev libboost-wave1.74.0 libboost1.74-dev
2026-01-27T22:27:42.8075390Z   libboost1.74-tools-dev libcaf-openmpi-3 libcoarrays-dev libevent-2.1-7
2026-01-27T22:27:42.8076011Z   libevent-core-2.1-7 libevent-dev libevent-extra-2.1-7 libevent-openssl-2.1-7
2026-01-27T22:27:42.8076625Z   libevent-pthreads-2.1-7 libhwloc-dev libjs-jquery libjs-jquery-ui
2026-01-27T22:27:42.8077224Z   libjs-sphinxdoc libjs-underscore libltdl-dev libltdl7 libmagic-mgc libmagic1
2026-01-27T22:27:42.8077931Z   libopenmpi3 libpmix-dev libpmix2 libsigsegv2 libtool libucx0 m4
2026-01-27T22:27:42.8078505Z   openmpi-common python3-dev python3-distutils python3-lib2to3 python3.10-dev
2026-01-27T22:27:42.8079017Z Use 'apt autoremove' to remove them.
2026-01-27T22:27:42.8367211Z 0 upgraded, 0 newly installed, 0 to remove and 8 not upgraded.
2026-01-27T22:28:01.2583629Z ##[group]Run # ignore test_dispatch_ffn_combine until the test is fixed
2026-01-27T22:28:01.2584259Z [36;1m# ignore test_dispatch_ffn_combine until the test is fixed[0m
2026-01-27T22:28:01.2584988Z [36;1mpytest -sv tests/e2e/nightly/single_node/models/test_deepseek_v3_2_w8a8.py \[0m
2026-01-27T22:28:01.2585670Z [36;1m--ignore=tests/e2e/nightly/single_node/ops/singlecard_ops/test_fused_moe.py[0m
2026-01-27T22:28:01.2586282Z shell: bash -el {0}
2026-01-27T22:28:01.2586529Z env:
2026-01-27T22:28:01.2586744Z   TRANSFORMERS_OFFLINE: 1
2026-01-27T22:28:01.2587023Z   VLLM_USE_MODELSCOPE: true
2026-01-27T22:28:01.2587319Z   VLLM_WORKER_MULTIPROC_METHOD: spawn
2026-01-27T22:28:01.2587636Z   VLLM_CI_RUNNER: linux-aarch64-a3-16
2026-01-27T22:28:01.2588126Z   BENCHMARK_HOME: /vllm-workspace/vllm-ascend/benchmark
2026-01-27T22:28:01.2588498Z ##[endgroup]
2026-01-27T22:28:01.2734554Z ##[group]Run '/home/runner/k8s/index.js'
2026-01-27T22:28:01.2735842Z shell: /home/runner/externals/node20/bin/node {0}
2026-01-27T22:28:01.2736296Z ##[endgroup]
2026-01-27T22:28:01.8746211Z (node:2119) [DEP0005] DeprecationWarning: Buffer() is deprecated due to security and usability issues. Please use the Buffer.alloc(), Buffer.allocUnsafe(), or Buffer.from() methods instead.
2026-01-27T22:28:01.8747323Z (Use `node --trace-deprecation ...` to show where the warning was created)
2026-01-27T22:28:31.0122097Z INFO 01-27 22:28:31 [__init__.py:43] Available plugins for group vllm.platform_plugins:
2026-01-27T22:28:31.0122735Z INFO 01-27 22:28:31 [__init__.py:45] - ascend -> vllm_ascend:register
2026-01-27T22:28:31.0123454Z INFO 01-27 22:28:31 [__init__.py:48] All plugins in this group will be loaded. Set `VLLM_PLUGINS` to control which plugins to load.
2026-01-27T22:28:31.0588589Z INFO 01-27 22:28:31 [__init__.py:217] Platform plugin ascend is activated
2026-01-27T22:28:36.4593574Z ============================= test session starts ==============================
2026-01-27T22:28:36.4594278Z platform linux -- Python 3.11.14, pytest-8.4.2, pluggy-1.6.0 -- /usr/local/python3.11.14/bin/python3
2026-01-27T22:28:36.4594833Z cachedir: .pytest_cache
2026-01-27T22:28:36.4595192Z rootdir: /vllm-workspace/vllm-ascend
2026-01-27T22:28:36.4595536Z configfile: pyproject.toml
2026-01-27T22:28:36.4595891Z plugins: cov-7.0.0, mock-3.15.1, asyncio-1.3.0, anyio-4.12.1
2026-01-27T22:28:36.4596610Z asyncio: mode=Mode.STRICT, debug=False, asyncio_default_fixture_loop_scope=None, asyncio_default_test_loop_scope=function
2026-01-27T22:28:36.7874660Z collecting ... collected 1 item
2026-01-27T22:28:36.7891917Z [2026-01-27 22:28:36] INFO conftest.py:231: Starting server with command: vllm serve vllm-ascend/DeepSeek-V3.2-W8A8 --enable-expert-parallel --tensor-parallel-size 8 --data-parallel-size 2 --port 34151 --max-model-len 8192 --max-num-batched-tokens 8192 --max-num-seqs 4 --trust-remote-code --quantization ascend --gpu-memory-utilization 0.92 --compilation-config {"cudagraph_capture_sizes":[3, 6, 9, 12], "cudagraph_mode":"FULL_DECODE_ONLY"} --speculative-config {"num_speculative_tokens": 2, "method":"deepseek_mtp"} --additional-config {"layer_sharding": ["q_b_proj", "o_proj"]} --reasoning-parser deepseek_v3 --tokenizer_mode deepseek_v32
2026-01-27T22:28:36.7894758Z 
2026-01-27T22:28:41.1222575Z tests/e2e/nightly/single_node/models/test_deepseek_v3_2_w8a8.py::test_models[2-8-vllm-ascend/DeepSeek-V3.2-W8A8] INFO 01-27 22:28:41 [__init__.py:43] Available plugins for group vllm.platform_plugins:
2026-01-27T22:28:41.1223702Z INFO 01-27 22:28:41 [__init__.py:45] - ascend -> vllm_ascend:register
2026-01-27T22:28:41.1224427Z INFO 01-27 22:28:41 [__init__.py:48] All plugins in this group will be loaded. Set `VLLM_PLUGINS` to control which plugins to load.
2026-01-27T22:28:41.1286068Z INFO 01-27 22:28:41 [__init__.py:217] Platform plugin ascend is activated
2026-01-27T22:28:46.8534326Z 2026-01-27 22:28:46,852 - 3875 - vllmProfiler - INFO - VLLM_USE_V1 not set, auto-detected via vLLM 0.14.1+empty: default 1
2026-01-27T22:28:46.8808610Z INFO 01-27 22:28:46 [__init__.py:108] Registered model loader `<class 'vllm_ascend.model_loader.netloader.netloader.ModelNetLoaderElastic'>` with load format `netloader`
2026-01-27T22:28:47.1323666Z [0;36m(APIServer pid=3875)[0;0m INFO 01-27 22:28:47 [api_server.py:1272] vLLM API server version 0.14.1
2026-01-27T22:28:47.1331458Z [0;36m(APIServer pid=3875)[0;0m INFO 01-27 22:28:47 [utils.py:263] non-default args: {'model_tag': 'vllm-ascend/DeepSeek-V3.2-W8A8', 'port': 34151, 'model': 'vllm-ascend/DeepSeek-V3.2-W8A8', 'tokenizer_mode': 'deepseek_v32', 'trust_remote_code': True, 'max_model_len': 8192, 'quantization': 'ascend', 'reasoning_parser': 'deepseek_v3', 'tensor_parallel_size': 8, 'data_parallel_size': 2, 'enable_expert_parallel': True, 'gpu_memory_utilization': 0.92, 'max_num_batched_tokens': 8192, 'max_num_seqs': 4, 'speculative_config': {'num_speculative_tokens': 2, 'method': 'deepseek_mtp'}, 'compilation_config': {'level': None, 'mode': None, 'debug_dump_path': None, 'cache_dir': '', 'compile_cache_save_format': 'binary', 'backend': 'vllm_ascend.compilation.compiler_interface.AscendCompiler', 'custom_ops': [], 'splitting_ops': None, 'compile_mm_encoder': False, 'compile_sizes': None, 'compile_ranges_split_points': None, 'inductor_compile_config': {'enable_auto_functionalized_v2': False, 'combo_kernels': True, 'benchmark_combo_kernel': True}, 'inductor_passes': {}, 'cudagraph_mode': <CUDAGraphMode.FULL_DECODE_ONLY: (2, 0)>, 'cudagraph_num_of_warmups': 0, 'cudagraph_capture_sizes': [3, 6, 9, 12], 'cudagraph_copy_inputs': False, 'cudagraph_specialize_lora': True, 'use_inductor_graph_partition': None, 'pass_config': {}, 'max_cudagraph_capture_size': None, 'dynamic_shapes_config': {'type': <DynamicShapesType.BACKED: 'backed'>, 'evaluate_guards': False, 'assume_32_bit_indexing': True}, 'local_cache_dir': None}, 'additional_config': {'layer_sharding': ['q_b_proj', 'o_proj']}}
2026-01-27T22:28:47.1454055Z [0;36m(APIServer pid=3875)[0;0m INFO 01-27 22:28:47 [arg_utils.py:603] HF_HUB_OFFLINE is True, replace model_id [vllm-ascend/DeepSeek-V3.2-W8A8] to model_path [/root/.cache/modelscope/hub/models/vllm-ascend/DeepSeek-V3___2-W8A8]
2026-01-27T22:28:47.1458756Z [0;36m(APIServer pid=3875)[0;0m 2026-01-27 22:28:47,127 - modelscope - WARNING - We can not confirm the cached file is for revision: master
2026-01-27T22:28:47.1459904Z [0;36m(APIServer pid=3875)[0;0m The argument `trust_remote_code` is to be used with Auto classes. It has no effect here and is ignored.
2026-01-27T22:28:47.1461297Z [0;36m(APIServer pid=3875)[0;0m [2026-01-27 22:28:47] WARNING configuration_utils.py:697: The argument `trust_remote_code` is to be used with Auto classes. It has no effect here and is ignored.
2026-01-27T22:28:47.1462633Z [0;36m(APIServer pid=3875)[0;0m The argument `trust_remote_code` is to be used with Auto classes. It has no effect here and is ignored.
2026-01-27T22:28:47.1464035Z [0;36m(APIServer pid=3875)[0;0m [2026-01-27 22:28:47] WARNING configuration_utils.py:697: The argument `trust_remote_code` is to be used with Auto classes. It has no effect here and is ignored.
2026-01-27T22:28:47.1465417Z [0;36m(APIServer pid=3875)[0;0m The argument `trust_remote_code` is to be used with Auto classes. It has no effect here and is ignored.
2026-01-27T22:28:47.1466805Z [0;36m(APIServer pid=3875)[0;0m [2026-01-27 22:28:47] WARNING configuration_utils.py:697: The argument `trust_remote_code` is to be used with Auto classes. It has no effect here and is ignored.
2026-01-27T22:28:47.1468511Z [0;36m(APIServer pid=3875)[0;0m You are using a model of type deepseek_v32 to instantiate a model of type deepseek_v3. This is not supported for all configurations of models and can yield errors.
2026-01-27T22:28:47.1470409Z [0;36m(APIServer pid=3875)[0;0m [2026-01-27 22:28:47] WARNING configuration_utils.py:635: You are using a model of type deepseek_v32 to instantiate a model of type deepseek_v3. This is not supported for all configurations of models and can yield errors.
2026-01-27T22:28:47.2084559Z [0;36m(APIServer pid=3875)[0;0m INFO 01-27 22:28:47 [model.py:530] Resolved architecture: DeepseekV32ForCausalLM
2026-01-27T22:28:47.2085536Z [0;36m(APIServer pid=3875)[0;0m INFO 01-27 22:28:47 [model.py:1545] Using max model len 8192
2026-01-27T22:28:47.3042002Z [0;36m(APIServer pid=3875)[0;0m The argument `trust_remote_code` is to be used with Auto classes. It has no effect here and is ignored.
2026-01-27T22:28:47.3043557Z [0;36m(APIServer pid=3875)[0;0m [2026-01-27 22:28:47] WARNING configuration_utils.py:697: The argument `trust_remote_code` is to be used with Auto classes. It has no effect here and is ignored.
2026-01-27T22:28:47.3049448Z [0;36m(APIServer pid=3875)[0;0m WARNING 01-27 22:28:47 [speculative.py:254] method `deepseek_mtp` is deprecated and replaced with mtp.
2026-01-27T22:28:47.3051610Z [0;36m(APIServer pid=3875)[0;0m The argument `trust_remote_code` is to be used with Auto classes. It has no effect here and is ignored.
2026-01-27T22:28:47.3053058Z [0;36m(APIServer pid=3875)[0;0m [2026-01-27 22:28:47] WARNING configuration_utils.py:697: The argument `trust_remote_code` is to be used with Auto classes. It has no effect here and is ignored.
2026-01-27T22:28:47.3054680Z [0;36m(APIServer pid=3875)[0;0m You are using a model of type deepseek_v32 to instantiate a model of type deepseek_v3. This is not supported for all configurations of models and can yield errors.
2026-01-27T22:28:47.3056725Z [0;36m(APIServer pid=3875)[0;0m [2026-01-27 22:28:47] WARNING configuration_utils.py:635: You are using a model of type deepseek_v32 to instantiate a model of type deepseek_v3. This is not supported for all configurations of models and can yield errors.
2026-01-27T22:28:47.3088267Z [0;36m(APIServer pid=3875)[0;0m INFO 01-27 22:28:47 [model.py:530] Resolved architecture: DeepSeekMTPModel
2026-01-27T22:28:47.3091206Z [0;36m(APIServer pid=3875)[0;0m INFO 01-27 22:28:47 [model.py:1545] Using max model len 163840
2026-01-27T22:28:47.3092844Z [0;36m(APIServer pid=3875)[0;0m WARNING 01-27 22:28:47 [speculative.py:372] Enabling num_speculative_tokens > 1 will runmultiple times of forward on same MTP layer,which may result in lower acceptance rate
2026-01-27T22:28:47.3094249Z [0;36m(APIServer pid=3875)[0;0m INFO 01-27 22:28:47 [scheduler.py:229] Chunked prefill is enabled with max_num_batched_tokens=8192.
2026-01-27T22:28:47.6433162Z [0;36m(APIServer pid=3875)[0;0m INFO 01-27 22:28:47 [vllm.py:630] Asynchronous scheduling is enabled.
2026-01-27T22:28:47.6434217Z [0;36m(APIServer pid=3875)[0;0m INFO 01-27 22:28:47 [vllm.py:637] Disabling NCCL for DP synchronization when using async scheduling.
2026-01-27T22:28:47.6435896Z [0;36m(APIServer pid=3875)[0;0m WARNING 01-27 22:28:47 [platform.py:716] Speculative quantization is set but Ascend automatically uses the main model's quantization method. Resetting to None.
2026-01-27T22:28:47.6438816Z [0;36m(APIServer pid=3875)[0;0m INFO 01-27 22:28:47 [ascend_config.py:55] Linear layer sharding enabled with config: ['q_b_proj', 'o_proj']. Note: This feature works optimally with FLASHCOMM2 and DSA-CP enabled; using it without these features may result in significant performance degradation.
2026-01-27T22:28:47.6441235Z [0;36m(APIServer pid=3875)[0;0m WARNING 01-27 22:28:47 [vllm.py:1054] Batch sizes [3, 6, 9, 12] are removed because they are not multiple of tp_size 8 when sequence parallelism is enabled
2026-01-27T22:28:47.6458175Z [0;36m(APIServer pid=3875)[0;0m Traceback (most recent call last):
2026-01-27T22:28:47.6458915Z [0;36m(APIServer pid=3875)[0;0m   File "/usr/local/python3.11.14/bin/vllm", line 7, in <module>
2026-01-27T22:28:47.6459558Z [0;36m(APIServer pid=3875)[0;0m     sys.exit(main())
2026-01-27T22:28:47.6460005Z [0;36m(APIServer pid=3875)[0;0m              ^^^^^^
2026-01-27T22:28:47.6460715Z [0;36m(APIServer pid=3875)[0;0m   File "/vllm-workspace/vllm/vllm/entrypoints/cli/main.py", line 73, in main
2026-01-27T22:28:47.6461461Z [0;36m(APIServer pid=3875)[0;0m     args.dispatch_function(args)
2026-01-27T22:28:47.6462599Z [0;36m(APIServer pid=3875)[0;0m   File "/vllm-workspace/vllm/vllm/entrypoints/cli/serve.py", line 60, in cmd
2026-01-27T22:28:47.6463350Z [0;36m(APIServer pid=3875)[0;0m     uvloop.run(run_server(args))
2026-01-27T22:28:47.6464204Z [0;36m(APIServer pid=3875)[0;0m   File "/usr/local/python3.11.14/lib/python3.11/site-packages/uvloop/__init__.py", line 92, in run
2026-01-27T22:28:47.6465128Z [0;36m(APIServer pid=3875)[0;0m     return runner.run(wrapper())
2026-01-27T22:28:47.6465664Z [0;36m(APIServer pid=3875)[0;0m            ^^^^^^^^^^^^^^^^^^^^^
2026-01-27T22:28:47.6466459Z [0;36m(APIServer pid=3875)[0;0m   File "/usr/local/python3.11.14/lib/python3.11/asyncio/runners.py", line 118, in run
2026-01-27T22:28:47.6468804Z [0;36m(APIServer pid=3875)[0;0m     return self._loop.run_until_complete(task)
2026-01-27T22:28:47.6469432Z [0;36m(APIServer pid=3875)[0;0m            ^^^^^^^^^^^^^^^^^^^^^^^^^^^^^^^^^^^
2026-01-27T22:28:47.6470211Z [0;36m(APIServer pid=3875)[0;0m   File "uvloop/loop.pyx", line 1518, in uvloop.loop.Loop.run_until_complete
2026-01-27T22:28:47.6472271Z [0;36m(APIServer pid=3875)[0;0m   File "/usr/local/python3.11.14/lib/python3.11/site-packages/uvloop/__init__.py", line 48, in wrapper
2026-01-27T22:28:47.6473055Z [0;36m(APIServer pid=3875)[0;0m     return await main
2026-01-27T22:28:47.6473512Z [0;36m(APIServer pid=3875)[0;0m            ^^^^^^^^^^
2026-01-27T22:28:47.6474299Z [0;36m(APIServer pid=3875)[0;0m   File "/vllm-workspace/vllm/vllm/entrypoints/openai/api_server.py", line 1319, in run_server
2026-01-27T22:28:47.6475376Z [0;36m(APIServer pid=3875)[0;0m     await run_server_worker(listen_address, sock, args, **uvicorn_kwargs)
2026-01-27T22:28:47.6476401Z [0;36m(APIServer pid=3875)[0;0m   File "/vllm-workspace/vllm/vllm/entrypoints/openai/api_server.py", line 1338, in run_server_worker
2026-01-27T22:28:47.6477261Z [0;36m(APIServer pid=3875)[0;0m     async with build_async_engine_client(
2026-01-27T22:28:47.6478380Z [0;36m(APIServer pid=3875)[0;0m   File "/usr/local/python3.11.14/lib/python3.11/contextlib.py", line 210, in __aenter__
2026-01-27T22:28:47.6484198Z [0;36m(APIServer pid=3875)[0;0m     return await anext(self.gen)
2026-01-27T22:28:47.6484752Z [0;36m(APIServer pid=3875)[0;0m            ^^^^^^^^^^^^^^^^^^^^^
2026-01-27T22:28:47.6485799Z [0;36m(APIServer pid=3875)[0;0m   File "/vllm-workspace/vllm/vllm/entrypoints/openai/api_server.py", line 173, in build_async_engine_client
2026-01-27T22:28:47.6486763Z [0;36m(APIServer pid=3875)[0;0m     async with build_async_engine_client_from_engine_args(
2026-01-27T22:28:47.6487661Z [0;36m(APIServer pid=3875)[0;0m   File "/usr/local/python3.11.14/lib/python3.11/contextlib.py", line 210, in __aenter__
2026-01-27T22:28:47.6488636Z [0;36m(APIServer pid=3875)[0;0m     return await anext(self.gen)
2026-01-27T22:28:47.6489177Z [0;36m(APIServer pid=3875)[0;0m            ^^^^^^^^^^^^^^^^^^^^^
2026-01-27T22:28:47.6490169Z [0;36m(APIServer pid=3875)[0;0m   File "/vllm-workspace/vllm/vllm/entrypoints/openai/api_server.py", line 199, in build_async_engine_client_from_engine_args
2026-01-27T22:28:47.6491290Z [0;36m(APIServer pid=3875)[0;0m     vllm_config = engine_args.create_engine_config(usage_context=usage_context)
2026-01-27T22:28:47.6492119Z [0;36m(APIServer pid=3875)[0;0m                   ^^^^^^^^^^^^^^^^^^^^^^^^^^^^^^^^^^^^^^^^^^^^^^^^^^^^^^^^^^^^^
2026-01-27T22:28:47.6493015Z [0;36m(APIServer pid=3875)[0;0m   File "/vllm-workspace/vllm/vllm/engine/arg_utils.py", line 1748, in create_engine_config
2026-01-27T22:28:47.6493766Z [0;36m(APIServer pid=3875)[0;0m     config = VllmConfig(
2026-01-27T22:28:47.6494244Z [0;36m(APIServer pid=3875)[0;0m              ^^^^^^^^^^^
2026-01-27T22:28:47.6495231Z [0;36m(APIServer pid=3875)[0;0m   File "/usr/local/python3.11.14/lib/python3.11/site-packages/pydantic/_internal/_dataclasses.py", line 121, in __init__
2026-01-27T22:28:47.6496392Z [0;36m(APIServer pid=3875)[0;0m     s.__pydantic_validator__.validate_python(ArgsKwargs(args, kwargs), self_instance=s)
2026-01-27T22:28:47.6524050Z [0;36m(APIServer pid=3875)[0;0m pydantic_core._pydantic_core.ValidationError: 1 validation error for VllmConfig
2026-01-27T22:28:47.6525799Z [0;36m(APIServer pid=3875)[0;0m   Assertion failed, cudagraph_capture_sizes [3, 6, 9, 12] does not containvalues that are multiples of tp_size 8 [type=assertion_error, input_value=ArgsKwargs((), {'model_co...timizationLevel.O2: 2>}), input_type=ArgsKwargs]
2026-01-27T22:28:47.6527405Z [0;36m(APIServer pid=3875)[0;0m     For further information visit https://errors.pydantic.dev/2.12/v/assertion_error
2026-01-27T22:28:47.9547578Z [0;36m(APIServer pid=3875)[0;0m [ERROR] 2026-01-27-22:28:47 (PID:3875, Device:-1, RankID:-1) ERR99999 UNKNOWN applicaiton exception
2026-01-27T22:28:48.2123669Z [0;36m(APIServer pid=3875)[0;0m sys:1: DeprecationWarning: builtin type swigvarlink has no __module__ attribute
2026-01-27T22:28:53.0822872Z FAILED
2026-01-27T22:28:53.0823134Z 
2026-01-27T22:28:53.0823343Z =================================== FAILURES ===================================
2026-01-27T22:28:53.0823908Z _______________ test_models[2-8-vllm-ascend/DeepSeek-V3.2-W8A8] ________________
2026-01-27T22:28:53.0824274Z 
2026-01-27T22:28:53.0824476Z model = 'vllm-ascend/DeepSeek-V3.2-W8A8', tp_size = 8, dp_size = 2
2026-01-27T22:28:53.0824791Z 
2026-01-27T22:28:53.0824973Z     @pytest.mark.asyncio
2026-01-27T22:28:53.0825302Z     @pytest.mark.parametrize("model", MODELS)
2026-01-27T22:28:53.0825724Z     @pytest.mark.parametrize("tp_size", TENSOR_PARALLELS)
2026-01-27T22:28:53.0826167Z     @pytest.mark.parametrize("dp_size", DATA_PARALLELS)
2026-01-27T22:28:53.0826676Z     async def test_models(model: str, tp_size: int, dp_size: int) -> None:
2026-01-27T22:28:53.0827111Z         port = get_open_port()
2026-01-27T22:28:53.0827388Z         env_dict = {
2026-01-27T22:28:53.0827642Z             "HCCL_OP_EXPANSION_MODE": "AIV",
2026-01-27T22:28:53.0828590Z             "OMP_PROC_BIND": "false",
2026-01-27T22:28:53.0828890Z             "OMP_NUM_THREADS": "1",
2026-01-27T22:28:53.0829200Z             "HCCL_BUFFSIZE": "1024",
2026-01-27T22:28:53.0829528Z             "VLLM_ASCEND_ENABLE_MLAPO": "1",
2026-01-27T22:28:53.0829946Z             "PYTORCH_NPU_ALLOC_CONF": "expandable_segments:True",
2026-01-27T22:28:53.0830362Z             "VLLM_ASCEND_ENABLE_FLASHCOMM1": "1",
2026-01-27T22:28:53.0830672Z         }
2026-01-27T22:28:53.0830874Z     
2026-01-27T22:28:53.0831069Z         server_args = [
2026-01-27T22:28:53.0831414Z             "--enable-expert-parallel", "--tensor-parallel-size",
2026-01-27T22:28:53.0831828Z             str(tp_size), "--data-parallel-size",
2026-01-27T22:28:53.0832176Z             str(dp_size), "--port",
2026-01-27T22:28:53.0832579Z             str(port), "--max-model-len", "8192", "--max-num-batched-tokens",
2026-01-27T22:28:53.0833113Z             "8192", "--max-num-seqs", "4", "--trust-remote-code", "--quantization",
2026-01-27T22:28:53.0833686Z             "ascend", "--gpu-memory-utilization", "0.92", "--compilation-config",
2026-01-27T22:28:53.0834287Z             '{"cudagraph_capture_sizes":[3, 6, 9, 12], "cudagraph_mode":"FULL_DECODE_ONLY"}',
2026-01-27T22:28:53.0834779Z             "--speculative-config",
2026-01-27T22:28:53.0835236Z             '{"num_speculative_tokens": 2, "method":"deepseek_mtp"}',
2026-01-27T22:28:53.0835638Z             "--additional-config",
2026-01-27T22:28:53.0835979Z             '{"layer_sharding": ["q_b_proj", "o_proj"]}',
2026-01-27T22:28:53.0836457Z             "--reasoning-parser", "deepseek_v3", "--tokenizer_mode", "deepseek_v32"
2026-01-27T22:28:53.0836920Z         ]
2026-01-27T22:28:53.0837156Z         request_keyword_args: dict[str, Any] = {
2026-01-27T22:28:53.0837496Z             **api_keyword_args,
2026-01-27T22:28:53.0837753Z         }
2026-01-27T22:28:53.0838112Z >       with RemoteOpenAIServer(model,
2026-01-27T22:28:53.0838476Z                                 server_args,
2026-01-27T22:28:53.0838800Z                                 server_port=port,
2026-01-27T22:28:53.0839143Z                                 env_dict=env_dict,
2026-01-27T22:28:53.0839670Z                                 auto_port=False) as server:
2026-01-27T22:28:53.0839935Z 
2026-01-27T22:28:53.0840154Z tests/e2e/nightly/single_node/models/test_deepseek_v3_2_w8a8.py:95: 
2026-01-27T22:28:53.0840641Z _ _ _ _ _ _ _ _ _ _ _ _ _ _ _ _ _ _ _ _ _ _ _ _ _ _ _ _ _ _ _ _ _ _ _ _ _ _ _ _ 
2026-01-27T22:28:53.0841057Z tests/e2e/conftest.py:296: in __init__
2026-01-27T22:28:53.0841388Z     self._wait_for_multiple_servers(
2026-01-27T22:28:53.0841742Z _ _ _ _ _ _ _ _ _ _ _ _ _ _ _ _ _ _ _ _ _ _ _ _ _ _ _ _ _ _ _ _ _ _ _ _ _ _ _ _ 
2026-01-27T22:28:53.0842022Z 
2026-01-27T22:28:53.0842276Z self = <tests.e2e.conftest.RemoteOpenAIServer object at 0xffff2eb3fcd0>
2026-01-27T22:28:53.0842851Z targets = [('0.0.0.0', 'http://0.0.0.0:34151/health')], timeout = 2800
2026-01-27T22:28:53.0843267Z log_interval = 30.0
2026-01-27T22:28:53.0843416Z 
2026-01-27T22:28:53.0843530Z     def _wait_for_multiple_servers(self,
2026-01-27T22:28:53.0843851Z                                    targets,
2026-01-27T22:28:53.0844180Z                                    timeout: float,
2026-01-27T22:28:53.0844529Z                                    log_interval: float = 30.0):
2026-01-27T22:28:53.0844950Z         """
2026-01-27T22:28:53.0845172Z         targets: List[(node_ip, url)]
2026-01-27T22:28:53.0845477Z         log_interval
2026-01-27T22:28:53.0845700Z         """
2026-01-27T22:28:53.0845922Z         start = time.time()
2026-01-27T22:28:53.0846177Z         client = requests
2026-01-27T22:28:53.0846422Z     
2026-01-27T22:28:53.0846671Z         ready = {node_ip: False for node_ip, _ in targets}
2026-01-27T22:28:53.0847016Z     
2026-01-27T22:28:53.0847226Z         last_log_time = 0.0
2026-01-27T22:28:53.0847464Z     
2026-01-27T22:28:53.0847690Z         while True:
2026-01-27T22:28:53.0848081Z             now = time.time()
2026-01-27T22:28:53.0848359Z             all_ready = True
2026-01-27T22:28:53.0848915Z             should_log = (now - last_log_time) >= log_interval
2026-01-27T22:28:53.0849257Z     
2026-01-27T22:28:53.0849487Z             for node_ip, url in targets:
2026-01-27T22:28:53.0849792Z                 if ready[node_ip]:
2026-01-27T22:28:53.0850079Z                     continue
2026-01-27T22:28:53.0850318Z     
2026-01-27T22:28:53.0850518Z                 try:
2026-01-27T22:28:53.0850759Z                     resp = client.get(url)
2026-01-27T22:28:53.0851098Z                     if resp.status_code == 200:
2026-01-27T22:28:53.0851428Z                         ready[node_ip] = True
2026-01-27T22:28:53.0851811Z                         logger.info(f"[READY] Node {node_ip} is ready.")
2026-01-27T22:28:53.0852212Z                 except RequestException:
2026-01-27T22:28:53.0852529Z                     all_ready = False
2026-01-27T22:28:53.0852829Z                     if should_log:
2026-01-27T22:28:53.0853169Z                         logger.debug(f"[WAIT] {url}: connection failed")
2026-01-27T22:28:53.0853545Z     
2026-01-27T22:28:53.0853755Z                     # check unexpected exit
2026-01-27T22:28:53.0854087Z                     result = self._poll()
2026-01-27T22:28:53.0854426Z                     if result is not None and result != 0:
2026-01-27T22:28:53.0854791Z >                       raise RuntimeError(
2026-01-27T22:28:53.0855253Z                             f"Server at {node_ip} exited unexpectedly."
2026-01-27T22:28:53.0855622Z                         ) from None
2026-01-27T22:28:53.0856001Z E                       RuntimeError: Server at 0.0.0.0 exited unexpectedly.
2026-01-27T22:28:53.0856306Z 
2026-01-27T22:28:53.0856422Z tests/e2e/conftest.py:389: RuntimeError
2026-01-27T22:28:53.0856849Z ------------------------------ Captured log call -------------------------------
2026-01-27T22:28:53.0860007Z INFO     tests.e2e.conftest:conftest.py:231 Starting server with command: vllm serve vllm-ascend/DeepSeek-V3.2-W8A8 --enable-expert-parallel --tensor-parallel-size 8 --data-parallel-size 2 --port 34151 --max-model-len 8192 --max-num-batched-tokens 8192 --max-num-seqs 4 --trust-remote-code --quantization ascend --gpu-memory-utilization 0.92 --compilation-config {"cudagraph_capture_sizes":[3, 6, 9, 12], "cudagraph_mode":"FULL_DECODE_ONLY"} --speculative-config {"num_speculative_tokens": 2, "method":"deepseek_mtp"} --additional-config {"layer_sharding": ["q_b_proj", "o_proj"]} --reasoning-parser deepseek_v3 --tokenizer_mode deepseek_v32
2026-01-27T22:28:53.0862870Z =============================== warnings summary ===============================
2026-01-27T22:28:53.0863283Z <frozen importlib._bootstrap>:241
2026-01-27T22:28:53.0863883Z   <frozen importlib._bootstrap>:241: DeprecationWarning: builtin type SwigPyPacked has no __module__ attribute
2026-01-27T22:28:53.0864393Z 
2026-01-27T22:28:53.0864503Z <frozen importlib._bootstrap>:241
2026-01-27T22:28:53.0865322Z   <frozen importlib._bootstrap>:241: DeprecationWarning: builtin type SwigPyObject has no __module__ attribute
2026-01-27T22:28:53.0865838Z 
2026-01-27T22:28:53.0866076Z -- Docs: https://docs.pytest.org/en/stable/how-to/capture-warnings.html
2026-01-27T22:28:53.0866608Z =========================== short test summary info ============================
2026-01-27T22:28:53.0867592Z FAILED tests/e2e/nightly/single_node/models/test_deepseek_v3_2_w8a8.py::test_models[2-8-vllm-ascend/DeepSeek-V3.2-W8A8] - RuntimeError: Server at 0.0.0.0 exited unexpectedly.
2026-01-27T22:28:53.0868615Z ======================== 1 failed, 2 warnings in 15.46s ========================
2026-01-27T22:28:54.8386494Z ##[error]Error: failed to run script step: Error: command terminated with non-zero exit code: command terminated with exit code 1
2026-01-27T22:28:54.8451626Z ##[error]Process completed with exit code 1.
2026-01-27T22:28:54.8543727Z ##[error]Executing the custom container implementation failed. Please contact your self hosted runner administrator.
2026-01-27T22:28:54.8603533Z ##[group]Run '/home/runner/k8s/index.js'
2026-01-27T22:28:54.8604822Z shell: /home/runner/externals/node20/bin/node {0}
2026-01-27T22:28:54.8605757Z ##[endgroup]
2026-01-27T22:28:55.4603164Z Cleaning up orphan processes
