# Run ID: 22070488769
# Commit: f0caeeadcb37261beebd4a6e32934fa9f460db98
# Job: single-node (deepseek3_2-w8a8, linux-aarch64-a3-16, tests/e2e/nightly/single_node/models/test_dee... / tests/e2e/nightly/single_node/models/test_deepseek_v3_2_w8a8.py
# Date: 2026-02-16
============================================================

ï»¿2026-02-16T20:04:10.2802093Z Current runner version: '2.330.0'
2026-02-16T20:04:10.2809310Z Runner name: 'linux-aarch64-a3-16-jl5bl-runner-59ns2'
2026-02-16T20:04:10.2810352Z Runner group name: 'Default'
2026-02-16T20:04:10.2811422Z Machine name: 'linux-aarch64-a3-16-jl5bl-runner-59ns2'
2026-02-16T20:04:10.2816938Z ##[group]GITHUB_TOKEN Permissions
2026-02-16T20:04:10.2819581Z Actions: write
2026-02-16T20:04:10.2820275Z ArtifactMetadata: write
2026-02-16T20:04:10.2820893Z Attestations: write
2026-02-16T20:04:10.2821512Z Checks: write
2026-02-16T20:04:10.2822030Z Contents: write
2026-02-16T20:04:10.2822663Z Deployments: write
2026-02-16T20:04:10.2823317Z Discussions: write
2026-02-16T20:04:10.2823900Z Issues: write
2026-02-16T20:04:10.2824433Z Metadata: read
2026-02-16T20:04:10.2825160Z Models: read
2026-02-16T20:04:10.2825731Z Packages: write
2026-02-16T20:04:10.2826271Z Pages: write
2026-02-16T20:04:10.2826840Z PullRequests: write
2026-02-16T20:04:10.2827393Z RepositoryProjects: write
2026-02-16T20:04:10.2828247Z SecurityEvents: write
2026-02-16T20:04:10.2828901Z Statuses: write
2026-02-16T20:04:10.2829481Z ##[endgroup]
2026-02-16T20:04:10.2831840Z Secret source: Actions
2026-02-16T20:04:10.2832542Z Prepare workflow directory
2026-02-16T20:04:10.3743528Z Prepare all required actions
2026-02-16T20:04:10.3824182Z Uses: vllm-project/vllm-ascend/.github/workflows/_e2e_nightly_single_node.yaml@refs/heads/main (f0caeeadcb37261beebd4a6e32934fa9f460db98)
2026-02-16T20:04:10.3830525Z ##[group] Inputs
2026-02-16T20:04:10.3831222Z   runner: linux-aarch64-a3-16
2026-02-16T20:04:10.3832265Z   image: swr.cn-southwest-2.myhuaweicloud.com/base_image/ascend-ci/vllm-ascend:nightly-a3
2026-02-16T20:04:10.3833652Z   tests: tests/e2e/nightly/single_node/models/test_deepseek_v3_2_w8a8.py
2026-02-16T20:04:10.3834608Z   name: deepseek3_2-w8a8
2026-02-16T20:04:10.3835494Z ##[endgroup]
2026-02-16T20:04:10.3837018Z Complete job name: single-node (deepseek3_2-w8a8, linux-aarch64-a3-16, tests/e2e/nightly/single_node/models/test_dee... / tests/e2e/nightly/single_node/models/test_deepseek_v3_2_w8a8.py
2026-02-16T20:04:10.4660002Z ##[group]Run '/home/runner/k8s/index.js'
2026-02-16T20:04:10.4670498Z shell: /home/runner/externals/node20/bin/node {0}
2026-02-16T20:04:10.4671920Z ##[endgroup]
2026-02-16T20:14:03.1012879Z (node:52) [DEP0005] DeprecationWarning: Buffer() is deprecated due to security and usability issues. Please use the Buffer.alloc(), Buffer.allocUnsafe(), or Buffer.from() methods instead.
2026-02-16T20:14:03.1014150Z (Use `node --trace-deprecation ...` to show where the warning was created)
2026-02-16T20:14:03.6224324Z ##[group]Run npu-smi info
2026-02-16T20:14:03.6224755Z [36;1mnpu-smi info[0m
2026-02-16T20:14:03.6225459Z [36;1mcat /usr/local/Ascend/ascend-toolkit/latest/"$(uname -i)"-linux/ascend_toolkit_install.info[0m
2026-02-16T20:14:03.6226344Z shell: bash -el {0}
2026-02-16T20:14:03.6226577Z env:
2026-02-16T20:14:03.6226799Z   HF_HUB_OFFLINE: 1
2026-02-16T20:14:03.6227040Z   VLLM_USE_MODELSCOPE: true
2026-02-16T20:14:03.6227320Z ##[endgroup]
2026-02-16T20:14:03.6368094Z ##[group]Run '/home/runner/k8s/index.js'
2026-02-16T20:14:03.6369291Z shell: /home/runner/externals/node20/bin/node {0}
2026-02-16T20:14:03.6369666Z ##[endgroup]
2026-02-16T20:14:04.2026244Z (node:161) [DEP0005] DeprecationWarning: Buffer() is deprecated due to security and usability issues. Please use the Buffer.alloc(), Buffer.allocUnsafe(), or Buffer.from() methods instead.
2026-02-16T20:14:04.2027765Z (Use `node --trace-deprecation ...` to show where the warning was created)
2026-02-16T20:14:06.7916861Z +------------------------------------------------------------------------------------------------+
2026-02-16T20:14:06.7917637Z | npu-smi 25.5.0                   Version: 25.5.0                                               |
2026-02-16T20:14:06.7918291Z +---------------------------+---------------+----------------------------------------------------+
2026-02-16T20:14:06.7919019Z | NPU   Name                | Health        | Power(W)    Temp(C)           Hugepages-Usage(page)|
2026-02-16T20:14:06.7920223Z | Chip  Phy-ID              | Bus-Id        | AICore(%)   Memory-Usage(MB)  HBM-Usage(MB)        |
2026-02-16T20:14:06.7920822Z +===========================+===============+====================================================+
2026-02-16T20:14:06.7921398Z | 0     Ascend910           | OK            | 162.6       36                0    / 0             |
2026-02-16T20:14:06.7921997Z | 0     0                   | 0000:9D:00.0  | 0           0    / 0          3143 / 65536         |
2026-02-16T20:14:06.7922602Z +------------------------------------------------------------------------------------------------+
2026-02-16T20:14:06.7923272Z | 0     Ascend910           | OK            | -           36                0    / 0             |
2026-02-16T20:14:06.7923956Z | 1     1                   | 0000:9F:00.0  | 0           0    / 0          2889 / 65536         |
2026-02-16T20:14:06.7924484Z +===========================+===============+====================================================+
2026-02-16T20:14:06.7925141Z | 1     Ascend910           | OK            | 164.5       34                0    / 0             |
2026-02-16T20:14:06.7925700Z | 0     2                   | 0000:99:00.0  | 0           0    / 0          3159 / 65536         |
2026-02-16T20:14:06.7926360Z +------------------------------------------------------------------------------------------------+
2026-02-16T20:14:06.7927018Z | 1     Ascend910           | OK            | -           37                0    / 0             |
2026-02-16T20:14:06.7927590Z | 1     3                   | 0000:9B:00.0  | 0           0    / 0          2877 / 65536         |
2026-02-16T20:14:06.7928117Z +===========================+===============+====================================================+
2026-02-16T20:14:06.7928651Z | 2     Ascend910           | OK            | 163.3       37                0    / 0             |
2026-02-16T20:14:06.7929215Z | 0     4                   | 0000:95:00.0  | 0           0    / 0          3160 / 65536         |
2026-02-16T20:14:06.7929803Z +------------------------------------------------------------------------------------------------+
2026-02-16T20:14:06.7930416Z | 2     Ascend910           | OK            | -           36                0    / 0             |
2026-02-16T20:14:06.7930977Z | 1     5                   | 0000:97:00.0  | 0           0    / 0          2880 / 65536         |
2026-02-16T20:14:06.7931482Z +===========================+===============+====================================================+
2026-02-16T20:14:06.7932248Z | 3     Ascend910           | OK            | 167.3       36                0    / 0             |
2026-02-16T20:14:06.7932810Z | 0     6                   | 0000:91:00.0  | 0           0    / 0          3159 / 65536         |
2026-02-16T20:14:06.7933412Z +------------------------------------------------------------------------------------------------+
2026-02-16T20:14:06.7934124Z | 3     Ascend910           | OK            | -           37                0    / 0             |
2026-02-16T20:14:06.7934706Z | 1     7                   | 0000:93:00.0  | 0           0    / 0          2878 / 65536         |
2026-02-16T20:14:06.7935309Z +===========================+===============+====================================================+
2026-02-16T20:14:06.7935841Z | 4     Ascend910           | OK            | 161.7       36                0    / 0             |
2026-02-16T20:14:06.7936410Z | 0     8                   | 0000:8D:00.0  | 0           0    / 0          3159 / 65536         |
2026-02-16T20:14:06.7937012Z +------------------------------------------------------------------------------------------------+
2026-02-16T20:14:06.7937615Z | 4     Ascend910           | OK            | -           36                0    / 0             |
2026-02-16T20:14:06.7938176Z | 1     9                   | 0000:8F:00.0  | 0           0    / 0          2878 / 65536         |
2026-02-16T20:14:06.7938687Z +===========================+===============+====================================================+
2026-02-16T20:14:06.7939353Z | 5     Ascend910           | OK            | 161.9       37                0    / 0             |
2026-02-16T20:14:06.7939928Z | 0     10                  | 0000:89:00.0  | 0           0    / 0          3146 / 65536         |
2026-02-16T20:14:06.7940513Z +------------------------------------------------------------------------------------------------+
2026-02-16T20:14:06.7941123Z | 5     Ascend910           | OK            | -           37                0    / 0             |
2026-02-16T20:14:06.7941679Z | 1     11                  | 0000:8B:00.0  | 0           0    / 0          2890 / 65536         |
2026-02-16T20:14:07.0934213Z +===========================+===============+====================================================+
2026-02-16T20:14:07.0934931Z | 6     Ascend910           | OK            | 158.7       36                0    / 0             |
2026-02-16T20:14:07.0935482Z | 0     12                  | 0000:85:00.0  | 0           0    / 0          3145 / 65536         |
2026-02-16T20:14:07.0936104Z +------------------------------------------------------------------------------------------------+
2026-02-16T20:14:07.0936688Z | 6     Ascend910           | OK            | -           36                0    / 0             |
2026-02-16T20:14:07.0937225Z | 1     13                  | 0000:87:00.0  | 0           0    / 0          2889 / 65536         |
2026-02-16T20:14:07.0937717Z +===========================+===============+====================================================+
2026-02-16T20:14:07.0938236Z | 7     Ascend910           | OK            | 163.9       37                0    / 0             |
2026-02-16T20:14:07.0938778Z | 0     14                  | 0000:81:00.0  | 0           0    / 0          3150 / 65536         |
2026-02-16T20:14:07.0939332Z +------------------------------------------------------------------------------------------------+
2026-02-16T20:14:07.0939916Z | 7     Ascend910           | OK            | -           37                0    / 0             |
2026-02-16T20:14:07.0940451Z | 1     15                  | 0000:83:00.0  | 0           0    / 0          2874 / 65536         |
2026-02-16T20:14:07.0940928Z +===========================+===============+====================================================+
2026-02-16T20:14:07.0941468Z +---------------------------+---------------+----------------------------------------------------+
2026-02-16T20:14:07.0942109Z | NPU     Chip              | Process id    | Process name             | Process memory(MB)      |
2026-02-16T20:14:07.0942986Z +===========================+===============+====================================================+
2026-02-16T20:14:07.0943565Z | No running processes found in NPU 0                                                            |
2026-02-16T20:14:07.0944207Z +===========================+===============+====================================================+
2026-02-16T20:14:07.0944774Z | No running processes found in NPU 1                                                            |
2026-02-16T20:14:07.0945398Z +===========================+===============+====================================================+
2026-02-16T20:14:07.0945958Z | No running processes found in NPU 2                                                            |
2026-02-16T20:14:07.0946517Z +===========================+===============+====================================================+
2026-02-16T20:14:07.0947191Z | No running processes found in NPU 3                                                            |
2026-02-16T20:14:07.0947755Z +===========================+===============+====================================================+
2026-02-16T20:14:07.0948343Z | No running processes found in NPU 4                                                            |
2026-02-16T20:14:07.0948954Z +===========================+===============+====================================================+
2026-02-16T20:14:07.0949515Z | No running processes found in NPU 5                                                            |
2026-02-16T20:14:07.0950206Z +===========================+===============+====================================================+
2026-02-16T20:14:07.0950769Z | No running processes found in NPU 6                                                            |
2026-02-16T20:14:07.0951398Z +===========================+===============+====================================================+
2026-02-16T20:14:07.0952073Z | No running processes found in NPU 7                                                            |
2026-02-16T20:14:07.0952633Z +===========================+===============+====================================================+
2026-02-16T20:14:07.0986955Z package_name=Ascend-cann-toolkit
2026-02-16T20:14:07.0987285Z version=8.5.0
2026-02-16T20:14:07.0987524Z innerversion=V100R001C25SPC001B232
2026-02-16T20:14:07.0988078Z compatible_version=[V100R001C15],[V100R001C18],[V100R001C19],[V100R001C20],[V100R001C21],[V100R001C23]
2026-02-16T20:14:07.0988644Z arch=aarch64
2026-02-16T20:14:07.0988851Z os=linux
2026-02-16T20:14:07.0989096Z path=/usr/local/Ascend/cann-8.5.0
2026-02-16T20:14:07.4941715Z ##[group]Run echo "Installed vLLM-related Python packages:"
2026-02-16T20:14:07.4942320Z [36;1mecho "Installed vLLM-related Python packages:"[0m
2026-02-16T20:14:07.4942809Z [36;1mpip list | grep vllm || echo "No vllm packages found."[0m
2026-02-16T20:14:07.4943195Z [36;1m[0m
2026-02-16T20:14:07.4943413Z [36;1mecho ""[0m
2026-02-16T20:14:07.4943659Z [36;1mecho "============================"[0m
2026-02-16T20:14:07.4944092Z [36;1mecho "vLLM Git information"[0m
2026-02-16T20:14:07.4944407Z [36;1mecho "============================"[0m
2026-02-16T20:14:07.4944724Z [36;1mcd vllm[0m
2026-02-16T20:14:07.4945077Z [36;1mif [ -d .git ]; then[0m
2026-02-16T20:14:07.4945444Z [36;1m  echo "Branch:      $(git rev-parse --abbrev-ref HEAD)"[0m
2026-02-16T20:14:07.4945918Z [36;1m  echo "Commit hash: $(git rev-parse HEAD)"[0m
2026-02-16T20:14:07.4946371Z [36;1m  echo "Author:      $(git log -1 --pretty=format:'%an <%ae>')"[0m
2026-02-16T20:14:07.4946985Z [36;1m  echo "Date:        $(git log -1 --pretty=format:'%ad' --date=iso)"[0m
2026-02-16T20:14:07.4947492Z [36;1m  echo "Message:     $(git log -1 --pretty=format:'%s')"[0m
2026-02-16T20:14:07.4947990Z [36;1m  echo "Tags:        $(git tag --points-at HEAD || echo 'None')"[0m
2026-02-16T20:14:07.4948466Z [36;1m  echo "Remote:      $(git remote -v | head -n1)"[0m
2026-02-16T20:14:07.4948837Z [36;1m  echo ""[0m
2026-02-16T20:14:07.4949074Z [36;1melse[0m
2026-02-16T20:14:07.4949330Z [36;1m  echo "No .git directory found in vllm"[0m
2026-02-16T20:14:07.4949666Z [36;1mfi[0m
2026-02-16T20:14:07.4949866Z [36;1mcd ..[0m
2026-02-16T20:14:07.4950083Z [36;1m[0m
2026-02-16T20:14:07.4950275Z [36;1mecho ""[0m
2026-02-16T20:14:07.4950525Z [36;1mecho "============================"[0m
2026-02-16T20:14:07.4950868Z [36;1mecho "vLLM-Ascend Git information"[0m
2026-02-16T20:14:07.4951220Z [36;1mecho "============================"[0m
2026-02-16T20:14:07.4951540Z [36;1mcd vllm-ascend[0m
2026-02-16T20:14:07.4951818Z [36;1mif [ -d .git ]; then[0m
2026-02-16T20:14:07.4952188Z [36;1m  echo "Branch:      $(git rev-parse --abbrev-ref HEAD)"[0m
2026-02-16T20:14:07.4952632Z [36;1m  echo "Commit hash: $(git rev-parse HEAD)"[0m
2026-02-16T20:14:07.4953096Z [36;1m  echo "Author:      $(git log -1 --pretty=format:'%an <%ae>')"[0m
2026-02-16T20:14:07.4953615Z [36;1m  echo "Date:        $(git log -1 --pretty=format:'%ad' --date=iso)"[0m
2026-02-16T20:14:07.4954223Z [36;1m  echo "Message:     $(git log -1 --pretty=format:'%s')"[0m
2026-02-16T20:14:07.4954721Z [36;1m  echo "Tags:        $(git tag --points-at HEAD || echo 'None')"[0m
2026-02-16T20:14:07.4955282Z [36;1m  echo "Remote:      $(git remote -v | head -n1)"[0m
2026-02-16T20:14:07.4955652Z [36;1m  echo ""[0m
2026-02-16T20:14:07.4955875Z [36;1melse[0m
2026-02-16T20:14:07.4956171Z [36;1m  echo "No .git directory found in vllm-ascend"[0m
2026-02-16T20:14:07.4956523Z [36;1mfi[0m
2026-02-16T20:14:07.4956743Z [36;1mcd ..[0m
2026-02-16T20:14:07.4957338Z shell: bash -el {0}
2026-02-16T20:14:07.4957564Z env:
2026-02-16T20:14:07.4957789Z   HF_HUB_OFFLINE: 1
2026-02-16T20:14:07.4958032Z   VLLM_USE_MODELSCOPE: true
2026-02-16T20:14:07.4958312Z ##[endgroup]
2026-02-16T20:14:07.5057733Z ##[group]Run '/home/runner/k8s/index.js'
2026-02-16T20:14:07.5058816Z shell: /home/runner/externals/node20/bin/node {0}
2026-02-16T20:14:07.5059160Z ##[endgroup]
2026-02-16T20:14:08.0460357Z (node:195) [DEP0005] DeprecationWarning: Buffer() is deprecated due to security and usability issues. Please use the Buffer.alloc(), Buffer.allocUnsafe(), or Buffer.from() methods instead.
2026-02-16T20:14:08.0461903Z (Use `node --trace-deprecation ...` to show where the warning was created)
2026-02-16T20:14:08.8334987Z Installed vLLM-related Python packages:
2026-02-16T20:14:09.7067268Z ais_bench_benchmark               3.0.20250930                /vllm-workspace/vllm-ascend/benchmark
2026-02-16T20:14:09.7067897Z vllm                              0.15.0+empty                /vllm-workspace/vllm
2026-02-16T20:14:09.7069017Z vllm_ascend                       0.14.0rc2.dev171+gf0caeeadc /vllm-workspace/vllm-ascend
2026-02-16T20:14:09.7069612Z 
2026-02-16T20:14:09.7069720Z ============================
2026-02-16T20:14:09.7069982Z vLLM Git information
2026-02-16T20:14:09.7070230Z ============================
2026-02-16T20:14:09.7312381Z Branch:      HEAD
2026-02-16T20:14:09.7332638Z Commit hash: f176443446f659dbab5315e056e605d8984fd976
2026-02-16T20:14:09.7412703Z Author:      TJian <tunjian.tan@embeddedllm.com>
2026-02-16T20:14:09.7434849Z Date:        2026-01-29 14:45:42 +0800
2026-02-16T20:14:09.7458560Z Message:     [Release] [CI] Optim release pipeline (#33156)
2026-02-16T20:14:09.7482357Z Tags:        v0.15.0
2026-02-16T20:14:09.7510792Z Remote:      origin	https://gh-proxy.test.osinfra.cn/https://github.com/vllm-project/vllm.git (fetch)
2026-02-16T20:14:09.7511301Z 
2026-02-16T20:14:09.7511368Z 
2026-02-16T20:14:09.7511475Z ============================
2026-02-16T20:14:09.7511777Z vLLM-Ascend Git information
2026-02-16T20:14:09.7512062Z ============================
2026-02-16T20:14:09.7574400Z Branch:      main
2026-02-16T20:14:09.7595506Z Commit hash: f0caeeadcb37261beebd4a6e32934fa9f460db98
2026-02-16T20:14:09.7679618Z Author:      Nengjun Ma <nengjunma@outlook.com>
2026-02-16T20:14:09.7703248Z Date:        2026-02-14 18:54:04 +0800
2026-02-16T20:14:09.7727749Z Message:     [CI] unlock when load model (#6771)
2026-02-16T20:14:09.7995940Z Tags:        
2026-02-16T20:14:09.8025399Z Remote:      origin	https://gh-proxy.test.osinfra.cn/https://github.com/vllm-project/vllm-ascend (fetch)
2026-02-16T20:14:09.8025929Z 
2026-02-16T20:14:10.2115270Z ##[group]Run apt-get update && apt-get -y install clang-15
2026-02-16T20:14:10.2115793Z [36;1mapt-get update && apt-get -y install clang-15[0m
2026-02-16T20:14:10.2116354Z [36;1mupdate-alternatives --install /usr/bin/clang clang /usr/bin/clang-15 20[0m
2026-02-16T20:14:10.2117048Z [36;1mupdate-alternatives --install /usr/bin/clang++ clang++ /usr/bin/clang++-15 20[0m
2026-02-16T20:14:10.2117690Z shell: bash -l {0}
2026-02-16T20:14:10.2117923Z env:
2026-02-16T20:14:10.2118127Z   HF_HUB_OFFLINE: 1
2026-02-16T20:14:10.2118378Z   VLLM_USE_MODELSCOPE: true
2026-02-16T20:14:10.2118638Z ##[endgroup]
2026-02-16T20:14:10.2297681Z ##[group]Run '/home/runner/k8s/index.js'
2026-02-16T20:14:10.2299436Z shell: /home/runner/externals/node20/bin/node {0}
2026-02-16T20:14:10.2300062Z ##[endgroup]
2026-02-16T20:14:10.7589943Z (node:237) [DEP0005] DeprecationWarning: Buffer() is deprecated due to security and usability issues. Please use the Buffer.alloc(), Buffer.allocUnsafe(), or Buffer.from() methods instead.
2026-02-16T20:14:10.7591357Z (Use `node --trace-deprecation ...` to show where the warning was created)
2026-02-16T20:14:12.5312477Z Get:1 http://ports.ubuntu.com/ubuntu-ports jammy InRelease [270 kB]
2026-02-16T20:14:14.1660205Z Get:2 http://ports.ubuntu.com/ubuntu-ports jammy-updates InRelease [128 kB]
2026-02-16T20:14:14.5627702Z Get:3 http://ports.ubuntu.com/ubuntu-ports jammy-backports InRelease [127 kB]
2026-02-16T20:14:14.9592413Z Get:4 http://ports.ubuntu.com/ubuntu-ports jammy-security InRelease [129 kB]
2026-02-16T20:14:15.3590011Z Get:5 http://ports.ubuntu.com/ubuntu-ports jammy/restricted arm64 Packages [24.2 kB]
2026-02-16T20:14:15.3860917Z Get:6 http://ports.ubuntu.com/ubuntu-ports jammy/multiverse arm64 Packages [224 kB]
2026-02-16T20:14:15.5638865Z Get:7 http://ports.ubuntu.com/ubuntu-ports jammy/main arm64 Packages [1758 kB]
2026-02-16T20:14:16.3156854Z Get:8 http://ports.ubuntu.com/ubuntu-ports jammy/universe arm64 Packages [17.2 MB]
2026-02-16T20:14:18.0122357Z Get:9 http://ports.ubuntu.com/ubuntu-ports jammy-updates/restricted arm64 Packages [6450 kB]
2026-02-16T20:14:18.6191879Z Get:10 http://ports.ubuntu.com/ubuntu-ports jammy-updates/universe arm64 Packages [1651 kB]
2026-02-16T20:14:18.7768268Z Get:11 http://ports.ubuntu.com/ubuntu-ports jammy-updates/multiverse arm64 Packages [47.7 kB]
2026-02-16T20:14:18.7800899Z Get:12 http://ports.ubuntu.com/ubuntu-ports jammy-updates/main arm64 Packages [3820 kB]
2026-02-16T20:14:19.1258303Z Get:13 http://ports.ubuntu.com/ubuntu-ports jammy-backports/universe arm64 Packages [35.3 kB]
2026-02-16T20:14:19.1316154Z Get:14 http://ports.ubuntu.com/ubuntu-ports jammy-backports/main arm64 Packages [83.5 kB]
2026-02-16T20:14:19.1336286Z Get:15 http://ports.ubuntu.com/ubuntu-ports jammy-security/universe arm64 Packages [1348 kB]
2026-02-16T20:14:19.2823788Z Get:16 http://ports.ubuntu.com/ubuntu-ports jammy-security/restricted arm64 Packages [6258 kB]
2026-02-16T20:14:19.8694740Z Get:17 http://ports.ubuntu.com/ubuntu-ports jammy-security/main arm64 Packages [3503 kB]
2026-02-16T20:14:20.1968935Z Get:18 http://ports.ubuntu.com/ubuntu-ports jammy-security/multiverse arm64 Packages [41.2 kB]
2026-02-16T20:14:20.3398710Z Fetched 43.1 MB in 9s (4986 kB/s)
2026-02-16T20:14:21.2263212Z Reading package lists...
2026-02-16T20:14:22.1526156Z Reading package lists...
2026-02-16T20:14:22.3383754Z Building dependency tree...
2026-02-16T20:14:22.3390760Z Reading state information...
2026-02-16T20:14:22.5717810Z clang-15 is already the newest version (1:15.0.7-0ubuntu0.22.04.3).
2026-02-16T20:14:22.5718453Z The following packages were automatically installed and are no longer required:
2026-02-16T20:14:22.5719809Z   autoconf automake autotools-dev file javascript-common libboost-atomic-dev
2026-02-16T20:14:22.5720421Z   libboost-atomic1.74-dev libboost-atomic1.74.0 libboost-chrono-dev
2026-02-16T20:14:22.5721018Z   libboost-chrono1.74-dev libboost-chrono1.74.0 libboost-container-dev
2026-02-16T20:14:22.5722081Z   libboost-container1.74-dev libboost-container1.74.0 libboost-context-dev
2026-02-16T20:14:22.5722706Z   libboost-context1.74-dev libboost-context1.74.0 libboost-coroutine-dev
2026-02-16T20:14:22.5723345Z   libboost-coroutine1.74-dev libboost-coroutine1.74.0 libboost-date-time-dev
2026-02-16T20:14:22.5724036Z   libboost-date-time1.74-dev libboost-date-time1.74.0 libboost-dev
2026-02-16T20:14:22.5724653Z   libboost-exception-dev libboost-exception1.74-dev libboost-fiber-dev
2026-02-16T20:14:22.5725331Z   libboost-fiber1.74-dev libboost-fiber1.74.0 libboost-filesystem-dev
2026-02-16T20:14:22.5725953Z   libboost-filesystem1.74-dev libboost-filesystem1.74.0 libboost-graph-dev
2026-02-16T20:14:22.5726560Z   libboost-graph-parallel-dev libboost-graph-parallel1.74-dev
2026-02-16T20:14:22.5727155Z   libboost-graph-parallel1.74.0 libboost-graph1.74-dev libboost-graph1.74.0
2026-02-16T20:14:22.5727823Z   libboost-iostreams-dev libboost-iostreams1.74-dev libboost-iostreams1.74.0
2026-02-16T20:14:22.5728441Z   libboost-locale-dev libboost-locale1.74-dev libboost-locale1.74.0
2026-02-16T20:14:22.5729053Z   libboost-log-dev libboost-log1.74-dev libboost-log1.74.0 libboost-math-dev
2026-02-16T20:14:22.5729634Z   libboost-math1.74-dev libboost-math1.74.0 libboost-mpi1.74.0
2026-02-16T20:14:22.5730183Z   libboost-nowide-dev libboost-nowide1.74-dev libboost-nowide1.74.0
2026-02-16T20:14:22.5730746Z   libboost-numpy-dev libboost-numpy1.74-dev libboost-numpy1.74.0
2026-02-16T20:14:22.5731429Z   libboost-program-options-dev libboost-program-options1.74-dev
2026-02-16T20:14:22.5732049Z   libboost-program-options1.74.0 libboost-python-dev libboost-python1.74-dev
2026-02-16T20:14:22.5732661Z   libboost-python1.74.0 libboost-random-dev libboost-random1.74-dev
2026-02-16T20:14:22.5733225Z   libboost-random1.74.0 libboost-regex-dev libboost-regex1.74-dev
2026-02-16T20:14:22.5733698Z   libboost-regex1.74.0 libboost-serialization-dev
2026-02-16T20:14:22.5734267Z   libboost-serialization1.74-dev libboost-serialization1.74.0
2026-02-16T20:14:22.5734769Z   libboost-stacktrace-dev libboost-stacktrace1.74-dev
2026-02-16T20:14:22.5735417Z   libboost-stacktrace1.74.0 libboost-system-dev libboost-system1.74-dev
2026-02-16T20:14:22.5735998Z   libboost-system1.74.0 libboost-test-dev libboost-test1.74-dev
2026-02-16T20:14:22.5736524Z   libboost-test1.74.0 libboost-thread-dev libboost-thread1.74-dev
2026-02-16T20:14:22.5737074Z   libboost-thread1.74.0 libboost-timer-dev libboost-timer1.74-dev
2026-02-16T20:14:22.5737627Z   libboost-timer1.74.0 libboost-tools-dev libboost-type-erasure-dev
2026-02-16T20:14:22.5738251Z   libboost-type-erasure1.74-dev libboost-type-erasure1.74.0 libboost-wave-dev
2026-02-16T20:14:22.5738846Z   libboost-wave1.74-dev libboost-wave1.74.0 libboost1.74-dev
2026-02-16T20:14:22.5739410Z   libboost1.74-tools-dev libcaf-openmpi-3 libcoarrays-dev libevent-2.1-7
2026-02-16T20:14:22.5740046Z   libevent-core-2.1-7 libevent-dev libevent-extra-2.1-7 libevent-openssl-2.1-7
2026-02-16T20:14:22.5740657Z   libevent-pthreads-2.1-7 libhwloc-dev libjs-jquery libjs-jquery-ui
2026-02-16T20:14:22.5741283Z   libjs-sphinxdoc libjs-underscore libltdl-dev libltdl7 libmagic-mgc libmagic1
2026-02-16T20:14:22.5741885Z   libopenmpi3 libpmix-dev libpmix2 libsigsegv2 libtool libucx0 m4
2026-02-16T20:14:22.5742489Z   openmpi-common python3-dev python3-distutils python3-lib2to3 python3.10-dev
2026-02-16T20:14:22.5743001Z Use 'apt autoremove' to remove them.
2026-02-16T20:14:22.6028487Z 0 upgraded, 0 newly installed, 0 to remove and 9 not upgraded.
2026-02-16T20:14:23.1031179Z ##[group]Run # ignore test_dispatch_ffn_combine until the test is fixed
2026-02-16T20:14:23.1031805Z [36;1m# ignore test_dispatch_ffn_combine until the test is fixed[0m
2026-02-16T20:14:23.1032436Z [36;1mpytest -sv tests/e2e/nightly/single_node/models/test_deepseek_v3_2_w8a8.py \[0m
2026-02-16T20:14:23.1033134Z [36;1m--ignore=tests/e2e/nightly/single_node/ops/singlecard_ops/test_fused_moe.py[0m
2026-02-16T20:14:23.1033776Z shell: bash -el {0}
2026-02-16T20:14:23.1034113Z env:
2026-02-16T20:14:23.1034315Z   HF_HUB_OFFLINE: 1
2026-02-16T20:14:23.1034569Z   VLLM_USE_MODELSCOPE: true
2026-02-16T20:14:23.1034961Z   VLLM_WORKER_MULTIPROC_METHOD: spawn
2026-02-16T20:14:23.1035307Z   VLLM_CI_RUNNER: linux-aarch64-a3-16
2026-02-16T20:14:23.1035701Z   BENCHMARK_HOME: /vllm-workspace/vllm-ascend/benchmark
2026-02-16T20:14:23.1036069Z ##[endgroup]
2026-02-16T20:14:23.1153227Z ##[group]Run '/home/runner/k8s/index.js'
2026-02-16T20:14:23.1154439Z shell: /home/runner/externals/node20/bin/node {0}
2026-02-16T20:14:23.1154799Z ##[endgroup]
2026-02-16T20:14:23.7179461Z (node:292) [DEP0005] DeprecationWarning: Buffer() is deprecated due to security and usability issues. Please use the Buffer.alloc(), Buffer.allocUnsafe(), or Buffer.from() methods instead.
2026-02-16T20:14:23.7180581Z (Use `node --trace-deprecation ...` to show where the warning was created)
2026-02-16T20:14:32.4446912Z INFO 02-16 20:14:32 [__init__.py:43] Available plugins for group vllm.platform_plugins:
2026-02-16T20:14:32.4447557Z INFO 02-16 20:14:32 [__init__.py:45] - ascend -> vllm_ascend:register
2026-02-16T20:14:32.4448323Z INFO 02-16 20:14:32 [__init__.py:48] All plugins in this group will be loaded. Set `VLLM_PLUGINS` to control which plugins to load.
2026-02-16T20:14:32.4925982Z INFO 02-16 20:14:32 [__init__.py:217] Platform plugin ascend is activated
2026-02-16T20:14:38.0552113Z ============================= test session starts ==============================
2026-02-16T20:14:38.0553237Z platform linux -- Python 3.11.14, pytest-8.4.2, pluggy-1.6.0 -- /usr/local/python3.11.14/bin/python3
2026-02-16T20:14:38.0553805Z cachedir: .pytest_cache
2026-02-16T20:14:38.0554202Z rootdir: /vllm-workspace/vllm-ascend
2026-02-16T20:14:38.0554533Z configfile: pyproject.toml
2026-02-16T20:14:38.0554961Z plugins: cov-7.0.0, mock-3.15.1, asyncio-1.3.0, anyio-4.12.1
2026-02-16T20:14:38.0555706Z asyncio: mode=Mode.STRICT, debug=False, asyncio_default_fixture_loop_scope=None, asyncio_default_test_loop_scope=function
2026-02-16T20:14:38.3912713Z collecting ... collected 1 item
2026-02-16T20:14:38.3912980Z 
2026-02-16T20:14:38.3932806Z [2026-02-16 20:14:38] INFO conftest.py:241: Starting server with command: vllm serve vllm-ascend/DeepSeek-V3.2-W8A8 --enable-expert-parallel --tensor-parallel-size 8 --data-parallel-size 2 --port 44005 --max-model-len 8192 --max-num-batched-tokens 8192 --max-num-seqs 4 --trust-remote-code --quantization ascend --gpu-memory-utilization 0.92 --compilation-config {"cudagraph_capture_sizes":[3, 6, 9, 12], "cudagraph_mode":"FULL_DECODE_ONLY"} --speculative-config {"num_speculative_tokens": 2, "method":"deepseek_mtp"} --additional-config {"layer_sharding": ["q_b_proj", "o_proj"]} --reasoning-parser deepseek_v3 --tokenizer_mode deepseek_v32
2026-02-16T20:14:42.7344252Z tests/e2e/nightly/single_node/models/test_deepseek_v3_2_w8a8.py::test_models[2-8-vllm-ascend/DeepSeek-V3.2-W8A8] INFO 02-16 20:14:42 [__init__.py:43] Available plugins for group vllm.platform_plugins:
2026-02-16T20:14:42.7345542Z INFO 02-16 20:14:42 [__init__.py:45] - ascend -> vllm_ascend:register
2026-02-16T20:14:42.7346303Z INFO 02-16 20:14:42 [__init__.py:48] All plugins in this group will be loaded. Set `VLLM_PLUGINS` to control which plugins to load.
2026-02-16T20:14:42.7409618Z INFO 02-16 20:14:42 [__init__.py:217] Platform plugin ascend is activated
2026-02-16T20:14:48.5263756Z 2026-02-16 20:14:48,525 - 980 - vllmProfiler - INFO - VLLM_USE_V1 not set, auto-detected via vLLM 0.15.0+empty: default 1
2026-02-16T20:14:48.5531017Z INFO 02-16 20:14:48 [__init__.py:108] Registered model loader `<class 'vllm_ascend.model_loader.netloader.netloader.ModelNetLoaderElastic'>` with load format `netloader`
2026-02-16T20:14:48.6958312Z INFO 02-16 20:14:48 [serve.py:100] Defaulting api_server_count to data_parallel_size (2).
2026-02-16T20:14:48.6958841Z INFO 02-16 20:14:48 [utils.py:325] 
2026-02-16T20:14:48.7059777Z INFO 02-16 20:14:48 [utils.py:325]        â–ˆ     â–ˆ     â–ˆâ–„   â–„â–ˆ
2026-02-16T20:14:48.7060594Z INFO 02-16 20:14:48 [utils.py:325]  â–„â–„ â–„â–ˆ â–ˆ     â–ˆ     â–ˆ â–€â–„â–€ â–ˆ  version 0.15.0
2026-02-16T20:14:48.7061340Z INFO 02-16 20:14:48 [utils.py:325]   â–ˆâ–„â–ˆâ–€ â–ˆ     â–ˆ     â–ˆ     â–ˆ  model   vllm-ascend/DeepSeek-V3.2-W8A8
2026-02-16T20:14:48.7062013Z INFO 02-16 20:14:48 [utils.py:325]    â–€â–€  â–€â–€â–€â–€â–€ â–€â–€â–€â–€â–€ â–€     â–€
2026-02-16T20:14:48.7062396Z INFO 02-16 20:14:48 [utils.py:325] 
2026-02-16T20:14:48.7069101Z INFO 02-16 20:14:48 [utils.py:261] non-default args: {'model_tag': 'vllm-ascend/DeepSeek-V3.2-W8A8', 'api_server_count': 2, 'port': 44005, 'model': 'vllm-ascend/DeepSeek-V3.2-W8A8', 'tokenizer_mode': 'deepseek_v32', 'trust_remote_code': True, 'max_model_len': 8192, 'quantization': 'ascend', 'reasoning_parser': 'deepseek_v3', 'tensor_parallel_size': 8, 'data_parallel_size': 2, 'enable_expert_parallel': True, 'gpu_memory_utilization': 0.92, 'max_num_batched_tokens': 8192, 'max_num_seqs': 4, 'speculative_config': {'num_speculative_tokens': 2, 'method': 'deepseek_mtp'}, 'compilation_config': {'level': None, 'mode': None, 'debug_dump_path': None, 'cache_dir': '', 'compile_cache_save_format': 'binary', 'backend': 'vllm_ascend.compilation.compiler_interface.AscendCompiler', 'custom_ops': [], 'splitting_ops': None, 'compile_mm_encoder': False, 'compile_sizes': None, 'compile_ranges_split_points': None, 'inductor_compile_config': {'enable_auto_functionalized_v2': False, 'combo_kernels': True, 'benchmark_combo_kernel': True}, 'inductor_passes': {}, 'cudagraph_mode': <CUDAGraphMode.FULL_DECODE_ONLY: (2, 0)>, 'cudagraph_num_of_warmups': 0, 'cudagraph_capture_sizes': [3, 6, 9, 12], 'cudagraph_copy_inputs': False, 'cudagraph_specialize_lora': True, 'use_inductor_graph_partition': None, 'pass_config': {}, 'max_cudagraph_capture_size': None, 'dynamic_shapes_config': {'type': <DynamicShapesType.BACKED: 'backed'>, 'evaluate_guards': False, 'assume_32_bit_indexing': True}, 'local_cache_dir': None}, 'additional_config': {'layer_sharding': ['q_b_proj', 'o_proj']}}
2026-02-16T20:14:48.7777487Z 2026-02-16 20:14:48,776 - modelscope - WARNING - We can not confirm the cached file is for revision: master
2026-02-16T20:14:48.7878049Z INFO 02-16 20:14:48 [arg_utils.py:602] HF_HUB_OFFLINE is True, replace model_id [vllm-ascend/DeepSeek-V3.2-W8A8] to model_path [/root/.cache/modelscope/hub/models/vllm-ascend/DeepSeek-V3___2-W8A8]
2026-02-16T20:14:48.7884614Z The argument `trust_remote_code` is to be used with Auto classes. It has no effect here and is ignored.
2026-02-16T20:14:48.7885764Z [2026-02-16 20:14:48] WARNING configuration_utils.py:697: The argument `trust_remote_code` is to be used with Auto classes. It has no effect here and is ignored.
2026-02-16T20:14:48.7962815Z The argument `trust_remote_code` is to be used with Auto classes. It has no effect here and is ignored.
2026-02-16T20:14:48.7963884Z [2026-02-16 20:14:48] WARNING configuration_utils.py:697: The argument `trust_remote_code` is to be used with Auto classes. It has no effect here and is ignored.
2026-02-16T20:14:48.7975298Z The argument `trust_remote_code` is to be used with Auto classes. It has no effect here and is ignored.
2026-02-16T20:14:48.7976322Z [2026-02-16 20:14:48] WARNING configuration_utils.py:697: The argument `trust_remote_code` is to be used with Auto classes. It has no effect here and is ignored.
2026-02-16T20:14:48.7987646Z You are using a model of type deepseek_v32 to instantiate a model of type deepseek_v3. This is not supported for all configurations of models and can yield errors.
2026-02-16T20:14:48.7989464Z [2026-02-16 20:14:48] WARNING configuration_utils.py:635: You are using a model of type deepseek_v32 to instantiate a model of type deepseek_v3. This is not supported for all configurations of models and can yield errors.
2026-02-16T20:14:48.8377485Z INFO 02-16 20:14:48 [model.py:541] Resolved architecture: DeepseekV32ForCausalLM
2026-02-16T20:14:48.8378027Z INFO 02-16 20:14:48 [model.py:1561] Using max model len 8192
2026-02-16T20:14:48.9485011Z WARNING 02-16 20:14:48 [speculative.py:270] method `deepseek_mtp` is deprecated and replaced with mtp.
2026-02-16T20:14:48.9486006Z The argument `trust_remote_code` is to be used with Auto classes. It has no effect here and is ignored.
2026-02-16T20:14:48.9487046Z [2026-02-16 20:14:48] WARNING configuration_utils.py:697: The argument `trust_remote_code` is to be used with Auto classes. It has no effect here and is ignored.
2026-02-16T20:14:48.9497961Z The argument `trust_remote_code` is to be used with Auto classes. It has no effect here and is ignored.
2026-02-16T20:14:48.9499020Z [2026-02-16 20:14:48] WARNING configuration_utils.py:697: The argument `trust_remote_code` is to be used with Auto classes. It has no effect here and is ignored.
2026-02-16T20:14:48.9523395Z You are using a model of type deepseek_v32 to instantiate a model of type deepseek_v3. This is not supported for all configurations of models and can yield errors.
2026-02-16T20:14:48.9525069Z [2026-02-16 20:14:48] WARNING configuration_utils.py:635: You are using a model of type deepseek_v32 to instantiate a model of type deepseek_v3. This is not supported for all configurations of models and can yield errors.
2026-02-16T20:14:48.9655868Z INFO 02-16 20:14:48 [model.py:541] Resolved architecture: DeepSeekMTPModel
2026-02-16T20:14:48.9656792Z INFO 02-16 20:14:48 [model.py:1561] Using max model len 163840
2026-02-16T20:14:48.9658407Z WARNING 02-16 20:14:48 [speculative.py:388] Enabling num_speculative_tokens > 1 will runmultiple times of forward on same MTP layer,which may result in lower acceptance rate
2026-02-16T20:14:48.9659698Z INFO 02-16 20:14:48 [scheduler.py:226] Chunked prefill is enabled with max_num_batched_tokens=8192.
2026-02-16T20:14:49.6186722Z INFO 02-16 20:14:49 [vllm.py:624] Asynchronous scheduling is enabled.
2026-02-16T20:14:49.6187410Z INFO 02-16 20:14:49 [vllm.py:634] Disabling NCCL for DP synchronization when using async scheduling.
2026-02-16T20:14:49.6188456Z WARNING 02-16 20:14:49 [platform.py:730] Speculative quantization is set but Ascend automatically uses the main model's quantization method. Resetting to None.
2026-02-16T20:14:49.6189845Z WARNING 02-16 20:14:49 [platform.py:771] Ignored parameter 'use_trtllm_ragged_deepseek_prefill'. This is a GPU-specific feature not supported on Ascend. Resetting to False.
2026-02-16T20:14:49.6190785Z INFO 02-16 20:14:49 [ascend_config.py:412] Dynamic EPLB is False
2026-02-16T20:14:49.6191327Z INFO 02-16 20:14:49 [ascend_config.py:413] The number of redundant experts is 0
2026-02-16T20:14:49.6192694Z INFO 02-16 20:14:49 [ascend_config.py:54] Linear layer sharding enabled with config: ['q_b_proj', 'o_proj']. Note: This feature works optimally with FLASHCOMM2 and DSA-CP enabled; using it without these features may result in significant performance degradation.
2026-02-16T20:14:49.6194453Z WARNING 02-16 20:14:49 [vllm.py:1062] Batch sizes [3, 6, 9, 12] are removed because they are not multiple of tp_size 8 when sequence parallelism is enabled
2026-02-16T20:14:49.6207751Z Traceback (most recent call last):
2026-02-16T20:14:49.6208152Z   File "/usr/local/python3.11.14/bin/vllm", line 7, in <module>
2026-02-16T20:14:49.6208562Z     sys.exit(main())
2026-02-16T20:14:49.6208803Z              ^^^^^^
2026-02-16T20:14:49.6209203Z   File "/vllm-workspace/vllm/vllm/entrypoints/cli/main.py", line 73, in main
2026-02-16T20:14:49.6209699Z     args.dispatch_function(args)
2026-02-16T20:14:49.6210146Z   File "/vllm-workspace/vllm/vllm/entrypoints/cli/serve.py", line 108, in cmd
2026-02-16T20:14:49.6210640Z     run_multi_api_server(args)
2026-02-16T20:14:49.6211164Z   File "/vllm-workspace/vllm/vllm/entrypoints/cli/serve.py", line 232, in run_multi_api_server
2026-02-16T20:14:49.6212203Z     vllm_config = engine_args.create_engine_config(usage_context=usage_context)
2026-02-16T20:14:49.6212733Z                   ^^^^^^^^^^^^^^^^^^^^^^^^^^^^^^^^^^^^^^^^^^^^^^^^^^^^^^^^^^^^^
2026-02-16T20:14:49.6213302Z   File "/vllm-workspace/vllm/vllm/engine/arg_utils.py", line 1754, in create_engine_config
2026-02-16T20:14:49.6216029Z     config = VllmConfig(
2026-02-16T20:14:49.6216308Z              ^^^^^^^^^^^
2026-02-16T20:14:49.6216902Z   File "/usr/local/python3.11.14/lib/python3.11/site-packages/pydantic/_internal/_dataclasses.py", line 121, in __init__
2026-02-16T20:14:49.6222827Z     s.__pydantic_validator__.validate_python(ArgsKwargs(args, kwargs), self_instance=s)
2026-02-16T20:14:49.6239575Z pydantic_core._pydantic_core.ValidationError: 1 validation error for VllmConfig
2026-02-16T20:14:49.6240849Z   Assertion failed, cudagraph_capture_sizes [3, 6, 9, 12] does not containvalues that are multiples of tp_size 8 [type=assertion_error, input_value=ArgsKwargs((), {'model_co...timizationLevel.O2: 2>}), input_type=ArgsKwargs]
2026-02-16T20:14:49.6242139Z     For further information visit https://errors.pydantic.dev/2.12/v/assertion_error
2026-02-16T20:14:49.6564821Z [ERROR] 2026-02-16-20:14:49 (PID:980, Device:-1, RankID:-1) ERR99999 UNKNOWN applicaiton exception
2026-02-16T20:14:49.9384839Z sys:1: DeprecationWarning: builtin type swigvarlink has no __module__ attribute
2026-02-16T20:14:54.8905419Z FAILED
2026-02-16T20:14:54.8905669Z 
2026-02-16T20:14:54.8905857Z =================================== FAILURES ===================================
2026-02-16T20:14:54.8906408Z _______________ test_models[2-8-vllm-ascend/DeepSeek-V3.2-W8A8] ________________
2026-02-16T20:14:54.8906772Z 
2026-02-16T20:14:54.8906979Z model = 'vllm-ascend/DeepSeek-V3.2-W8A8', tp_size = 8, dp_size = 2
2026-02-16T20:14:54.8907323Z 
2026-02-16T20:14:54.8907426Z     @pytest.mark.asyncio
2026-02-16T20:14:54.8907724Z     @pytest.mark.parametrize("model", MODELS)
2026-02-16T20:14:54.8908500Z     @pytest.mark.parametrize("tp_size", TENSOR_PARALLELS)
2026-02-16T20:14:54.8908980Z     @pytest.mark.parametrize("dp_size", DATA_PARALLELS)
2026-02-16T20:14:54.8909519Z     async def test_models(model: str, tp_size: int, dp_size: int) -> None:
2026-02-16T20:14:54.8909978Z         port = get_open_port()
2026-02-16T20:14:54.8910245Z         env_dict = {
2026-02-16T20:14:54.8910519Z             "HCCL_OP_EXPANSION_MODE": "AIV",
2026-02-16T20:14:54.8910846Z             "OMP_PROC_BIND": "false",
2026-02-16T20:14:54.8911164Z             "OMP_NUM_THREADS": "1",
2026-02-16T20:14:54.8911455Z             "HCCL_BUFFSIZE": "1024",
2026-02-16T20:14:54.8911775Z             "VLLM_ASCEND_ENABLE_MLAPO": "1",
2026-02-16T20:14:54.8912180Z             "PYTORCH_NPU_ALLOC_CONF": "expandable_segments:True",
2026-02-16T20:14:54.8912589Z             "VLLM_ASCEND_ENABLE_FLASHCOMM1": "1",
2026-02-16T20:14:54.8912913Z         }
2026-02-16T20:14:54.8913101Z     
2026-02-16T20:14:54.8913304Z         server_args = [
2026-02-16T20:14:54.8913646Z             "--enable-expert-parallel", "--tensor-parallel-size",
2026-02-16T20:14:54.8914179Z             str(tp_size), "--data-parallel-size",
2026-02-16T20:14:54.8914519Z             str(dp_size), "--port",
2026-02-16T20:14:54.8915005Z             str(port), "--max-model-len", "8192", "--max-num-batched-tokens",
2026-02-16T20:14:54.8915566Z             "8192", "--max-num-seqs", "4", "--trust-remote-code", "--quantization",
2026-02-16T20:14:54.8916136Z             "ascend", "--gpu-memory-utilization", "0.92", "--compilation-config",
2026-02-16T20:14:54.8916767Z             '{"cudagraph_capture_sizes":[3, 6, 9, 12], "cudagraph_mode":"FULL_DECODE_ONLY"}',
2026-02-16T20:14:54.8917285Z             "--speculative-config",
2026-02-16T20:14:54.8917854Z             '{"num_speculative_tokens": 2, "method":"deepseek_mtp"}',
2026-02-16T20:14:54.8918262Z             "--additional-config",
2026-02-16T20:14:54.8918612Z             '{"layer_sharding": ["q_b_proj", "o_proj"]}',
2026-02-16T20:14:54.8920554Z             "--reasoning-parser", "deepseek_v3", "--tokenizer_mode", "deepseek_v32"
2026-02-16T20:14:54.8921087Z         ]
2026-02-16T20:14:54.8921327Z         request_keyword_args: dict[str, Any] = {
2026-02-16T20:14:54.8921677Z             **api_keyword_args,
2026-02-16T20:14:54.8921938Z         }
2026-02-16T20:14:54.8922186Z >       with RemoteOpenAIServer(model,
2026-02-16T20:14:54.8922519Z                                 server_args,
2026-02-16T20:14:54.8922880Z                                 server_port=port,
2026-02-16T20:14:54.8923236Z                                 env_dict=env_dict,
2026-02-16T20:14:54.8923608Z                                 auto_port=False) as server:
2026-02-16T20:14:54.8923948Z 
2026-02-16T20:14:54.8924175Z tests/e2e/nightly/single_node/models/test_deepseek_v3_2_w8a8.py:95: 
2026-02-16T20:14:54.8924695Z _ _ _ _ _ _ _ _ _ _ _ _ _ _ _ _ _ _ _ _ _ _ _ _ _ _ _ _ _ _ _ _ _ _ _ _ _ _ _ _ 
2026-02-16T20:14:54.8925177Z tests/e2e/conftest.py:306: in __init__
2026-02-16T20:14:54.8925526Z     self._wait_for_multiple_servers(
2026-02-16T20:14:54.8925903Z _ _ _ _ _ _ _ _ _ _ _ _ _ _ _ _ _ _ _ _ _ _ _ _ _ _ _ _ _ _ _ _ _ _ _ _ _ _ _ _ 
2026-02-16T20:14:54.8926203Z 
2026-02-16T20:14:54.8926445Z self = <tests.e2e.conftest.RemoteOpenAIServer object at 0xffff045e5c50>
2026-02-16T20:14:54.8927160Z targets = [('0.0.0.0', 'http://0.0.0.0:44005/health')], timeout = 2800
2026-02-16T20:14:54.8927570Z log_interval = 30.0
2026-02-16T20:14:54.8927718Z 
2026-02-16T20:14:54.8927847Z     def _wait_for_multiple_servers(self,
2026-02-16T20:14:54.8928167Z                                    targets,
2026-02-16T20:14:54.8928499Z                                    timeout: float,
2026-02-16T20:14:54.8928858Z                                    log_interval: float = 30.0):
2026-02-16T20:14:54.8929199Z         """
2026-02-16T20:14:54.8929434Z         targets: List[(node_ip, url)]
2026-02-16T20:14:54.8929722Z         log_interval
2026-02-16T20:14:54.8929956Z         """
2026-02-16T20:14:54.8930395Z         start = time.time()
2026-02-16T20:14:54.8930670Z         client = requests
2026-02-16T20:14:54.8930911Z     
2026-02-16T20:14:54.8931179Z         ready = {node_ip: False for node_ip, _ in targets}
2026-02-16T20:14:54.8931524Z     
2026-02-16T20:14:54.8931733Z         last_log_time = 0.0
2026-02-16T20:14:54.8931977Z     
2026-02-16T20:14:54.8932204Z         while True:
2026-02-16T20:14:54.8932431Z             now = time.time()
2026-02-16T20:14:54.8932718Z             all_ready = True
2026-02-16T20:14:54.8933062Z             should_log = (now - last_log_time) >= log_interval
2026-02-16T20:14:54.8933411Z     
2026-02-16T20:14:54.8933632Z             for node_ip, url in targets:
2026-02-16T20:14:54.8934074Z                 if ready[node_ip]:
2026-02-16T20:14:54.8934505Z                     continue
2026-02-16T20:14:54.8934759Z     
2026-02-16T20:14:54.8935112Z                 try:
2026-02-16T20:14:54.8935360Z                     resp = client.get(url)
2026-02-16T20:14:54.8935702Z                     if resp.status_code == 200:
2026-02-16T20:14:54.8936054Z                         ready[node_ip] = True
2026-02-16T20:14:54.8936452Z                         logger.info(f"[READY] Node {node_ip} is ready.")
2026-02-16T20:14:54.8936867Z                 except RequestException:
2026-02-16T20:14:54.8937177Z                     all_ready = False
2026-02-16T20:14:54.8937483Z                     if should_log:
2026-02-16T20:14:54.8937832Z                         logger.debug(f"[WAIT] {url}: connection failed")
2026-02-16T20:14:54.8938209Z     
2026-02-16T20:14:54.8938418Z                     # check unexpected exit
2026-02-16T20:14:54.8938748Z                     result = self._poll()
2026-02-16T20:14:54.8939089Z                     if result is not None and result != 0:
2026-02-16T20:14:54.8939452Z >                       raise RuntimeError(
2026-02-16T20:14:54.8939831Z                             f"Server at {node_ip} exited unexpectedly."
2026-02-16T20:14:54.8940200Z                         ) from None
2026-02-16T20:14:54.8940739Z E                       RuntimeError: Server at 0.0.0.0 exited unexpectedly.
2026-02-16T20:14:54.8941058Z 
2026-02-16T20:14:54.8941173Z tests/e2e/conftest.py:399: RuntimeError
2026-02-16T20:14:54.8941612Z ------------------------------ Captured log call -------------------------------
2026-02-16T20:14:54.8944776Z INFO     tests.e2e.conftest:conftest.py:241 Starting server with command: vllm serve vllm-ascend/DeepSeek-V3.2-W8A8 --enable-expert-parallel --tensor-parallel-size 8 --data-parallel-size 2 --port 44005 --max-model-len 8192 --max-num-batched-tokens 8192 --max-num-seqs 4 --trust-remote-code --quantization ascend --gpu-memory-utilization 0.92 --compilation-config {"cudagraph_capture_sizes":[3, 6, 9, 12], "cudagraph_mode":"FULL_DECODE_ONLY"} --speculative-config {"num_speculative_tokens": 2, "method":"deepseek_mtp"} --additional-config {"layer_sharding": ["q_b_proj", "o_proj"]} --reasoning-parser deepseek_v3 --tokenizer_mode deepseek_v32
2026-02-16T20:14:54.8947890Z =============================== warnings summary ===============================
2026-02-16T20:14:54.8948300Z <frozen importlib._bootstrap>:241
2026-02-16T20:14:54.8948915Z   <frozen importlib._bootstrap>:241: DeprecationWarning: builtin type SwigPyPacked has no __module__ attribute
2026-02-16T20:14:54.8949438Z 
2026-02-16T20:14:54.8949547Z <frozen importlib._bootstrap>:241
2026-02-16T20:14:54.8950145Z   <frozen importlib._bootstrap>:241: DeprecationWarning: builtin type SwigPyObject has no __module__ attribute
2026-02-16T20:14:54.8950662Z 
2026-02-16T20:14:54.8951082Z ../../usr/local/python3.11.14/lib/python3.11/site-packages/transformers/models/auto/image_processing_auto.py:647
2026-02-16T20:14:54.8952750Z   /usr/local/python3.11.14/lib/python3.11/site-packages/transformers/models/auto/image_processing_auto.py:647: FutureWarning: The image_processor_class argument is deprecated and will be removed in v4.42. Please use `slow_image_processor_class`, or `fast_image_processor_class` instead
2026-02-16T20:14:54.8954202Z     warnings.warn(
2026-02-16T20:14:54.8954459Z 
2026-02-16T20:14:54.8954812Z ../../usr/local/python3.11.14/lib/python3.11/site-packages/torch_npu/dynamo/torchair/__init__.py:8
2026-02-16T20:14:54.8956191Z   /usr/local/python3.11.14/lib/python3.11/site-packages/torch_npu/dynamo/torchair/__init__.py:8: DeprecationWarning: pkg_resources is deprecated as an API. See https://setuptools.pypa.io/en/latest/pkg_resources.html
2026-02-16T20:14:54.8957266Z     import pkg_resources
2026-02-16T20:14:54.8957436Z 
2026-02-16T20:14:54.8957670Z -- Docs: https://docs.pytest.org/en/stable/how-to/capture-warnings.html
2026-02-16T20:14:54.8958208Z =========================== short test summary info ============================
2026-02-16T20:14:54.8959242Z FAILED tests/e2e/nightly/single_node/models/test_deepseek_v3_2_w8a8.py::test_models[2-8-vllm-ascend/DeepSeek-V3.2-W8A8] - RuntimeError: Server at 0.0.0.0 exited unexpectedly.
2026-02-16T20:14:54.8960206Z ======================== 1 failed, 4 warnings in 15.54s ========================
2026-02-16T20:14:56.8381168Z ##[error]Error: failed to run script step: Error: command terminated with non-zero exit code: command terminated with exit code 1
2026-02-16T20:14:56.8446297Z ##[error]Process completed with exit code 1.
2026-02-16T20:14:56.8548120Z ##[error]Executing the custom container implementation failed. Please contact your self hosted runner administrator.
2026-02-16T20:14:56.8606545Z ##[group]Run '/home/runner/k8s/index.js'
2026-02-16T20:14:56.8607604Z shell: /home/runner/externals/node20/bin/node {0}
2026-02-16T20:14:56.8607967Z ##[endgroup]
2026-02-16T20:14:57.4635349Z Cleaning up orphan processes
